Archive member included because of file (symbol)

c:/program files (x86)/atmel/atmel toolchain/avr8 gcc/native/3.5/bin/../lib/gcc/avr/4.8.1/avrxmega2\libgcc.a(_exit.o)
                              c:/program files (x86)/atmel/atmel toolchain/avr8 gcc/native/3.5/bin/../lib/gcc/avr/4.8.1/../../../../avr/lib/avrxmega2/crtx32a4u.o (exit)
c:/program files (x86)/atmel/atmel toolchain/avr8 gcc/native/3.5/bin/../lib/gcc/avr/4.8.1/avrxmega2\libgcc.a(_tablejump.o)
                              Bin/LED.o (__tablejump2__)
c:/program files (x86)/atmel/atmel toolchain/avr8 gcc/native/3.5/bin/../lib/gcc/avr/4.8.1/avrxmega2\libgcc.a(_copy_data.o)
                              Bin/Terminal.o (__do_copy_data)
c:/program files (x86)/atmel/atmel toolchain/avr8 gcc/native/3.5/bin/../lib/gcc/avr/4.8.1/avrxmega2\libgcc.a(_clear_bss.o)
                              Bin/Configuration.o (__do_clear_bss)
c:/program files (x86)/atmel/atmel toolchain/avr8 gcc/native/3.5/bin/../lib/gcc/avr/4.8.1/avrxmega2\libgcc.a(_mulshisi3.o)
                              Bin/Commands.o (__mulshisi3)
c:/program files (x86)/atmel/atmel toolchain/avr8 gcc/native/3.5/bin/../lib/gcc/avr/4.8.1/avrxmega2\libgcc.a(_muluhisi3.o)
                              c:/program files (x86)/atmel/atmel toolchain/avr8 gcc/native/3.5/bin/../lib/gcc/avr/4.8.1/avrxmega2\libgcc.a(_mulshisi3.o) (__muluhisi3)
c:/program files (x86)/atmel/atmel toolchain/avr8 gcc/native/3.5/bin/../lib/gcc/avr/4.8.1/avrxmega2\libgcc.a(_umulhisi3.o)
                              c:/program files (x86)/atmel/atmel toolchain/avr8 gcc/native/3.5/bin/../lib/gcc/avr/4.8.1/avrxmega2\libgcc.a(_muluhisi3.o) (__umulhisi3)
c:/program files (x86)/atmel/atmel toolchain/avr8 gcc/native/3.5/bin/../lib/gcc/avr/4.8.1/../../../../avr/lib/avrxmega2\libc.a(rand.o)
                              Bin/Random.o (rand)
c:/program files (x86)/atmel/atmel toolchain/avr8 gcc/native/3.5/bin/../lib/gcc/avr/4.8.1/../../../../avr/lib/avrxmega2\libc.a(memcpy_P.o)
                              Bin/Configuration.o (memcpy_P)
c:/program files (x86)/atmel/atmel toolchain/avr8 gcc/native/3.5/bin/../lib/gcc/avr/4.8.1/../../../../avr/lib/avrxmega2\libc.a(strcmp_P.o)
                              Bin/Button.o (strcmp_P)
c:/program files (x86)/atmel/atmel toolchain/avr8 gcc/native/3.5/bin/../lib/gcc/avr/4.8.1/../../../../avr/lib/avrxmega2\libc.a(strncat_P.o)
                              Bin/Log.o (strncat_P)
c:/program files (x86)/atmel/atmel toolchain/avr8 gcc/native/3.5/bin/../lib/gcc/avr/4.8.1/../../../../avr/lib/avrxmega2\libc.a(strncpy_P.o)
                              Bin/Button.o (strncpy_P)
c:/program files (x86)/atmel/atmel toolchain/avr8 gcc/native/3.5/bin/../lib/gcc/avr/4.8.1/../../../../avr/lib/avrxmega2\libc.a(memcmp.o)
                              Bin/HIDClassDevice.o (memcmp)
c:/program files (x86)/atmel/atmel toolchain/avr8 gcc/native/3.5/bin/../lib/gcc/avr/4.8.1/../../../../avr/lib/avrxmega2\libc.a(memcpy.o)
                              Bin/HIDClassDevice.o (memcpy)
c:/program files (x86)/atmel/atmel toolchain/avr8 gcc/native/3.5/bin/../lib/gcc/avr/4.8.1/../../../../avr/lib/avrxmega2\libc.a(memset.o)
                              Bin/Log.o (memset)
c:/program files (x86)/atmel/atmel toolchain/avr8 gcc/native/3.5/bin/../lib/gcc/avr/4.8.1/../../../../avr/lib/avrxmega2\libc.a(snprintf_p.o)
                              Bin/Commands.o (snprintf_P)
c:/program files (x86)/atmel/atmel toolchain/avr8 gcc/native/3.5/bin/../lib/gcc/avr/4.8.1/../../../../avr/lib/avrxmega2\libc.a(vfprintf_std.o)
                              c:/program files (x86)/atmel/atmel toolchain/avr8 gcc/native/3.5/bin/../lib/gcc/avr/4.8.1/../../../../avr/lib/avrxmega2\libc.a(snprintf_p.o) (vfprintf)
c:/program files (x86)/atmel/atmel toolchain/avr8 gcc/native/3.5/bin/../lib/gcc/avr/4.8.1/../../../../avr/lib/avrxmega2\libc.a(eerd_block_atxmega32a4u.o)
                              Bin/Settings.o (__eerd_block_x32a4u)
c:/program files (x86)/atmel/atmel toolchain/avr8 gcc/native/3.5/bin/../lib/gcc/avr/4.8.1/../../../../avr/lib/avrxmega2\libc.a(eerd_byte_atxmega32a4u.o)
                              Bin/EndpointStream_XMEGA.o (__eerd_byte_x32a4u)
c:/program files (x86)/atmel/atmel toolchain/avr8 gcc/native/3.5/bin/../lib/gcc/avr/4.8.1/../../../../avr/lib/avrxmega2\libc.a(eeupd_byte_atxmega32a4u.o)
                              Bin/EndpointStream_XMEGA.o (__eeupd_byte_x32a4u)
c:/program files (x86)/atmel/atmel toolchain/avr8 gcc/native/3.5/bin/../lib/gcc/avr/4.8.1/../../../../avr/lib/avrxmega2\libc.a(eewr_block_atxmega32a4u.o)
                              Bin/Settings.o (__eewr_block_x32a4u)
c:/program files (x86)/atmel/atmel toolchain/avr8 gcc/native/3.5/bin/../lib/gcc/avr/4.8.1/../../../../avr/lib/avrxmega2\libc.a(eewr_byte_atxmega32a4u.o)
[...]
Memory Configuration

Name             Origin             Length             Attributes
text             0x00000000         0x00100000         xr
data             0x00802000         0x0000ffa0         rw !x
eeprom           0x00810000         0x00010000         rw !x
fuse             0x00820000         0x00000400         rw !x
lock             0x00830000         0x00000400         rw !x
signature        0x00840000         0x00000400         rw !x
user_signatures  0x00850000         0x00000400         rw !x
*default*        0x00000000         0xffffffff

Linker script and memory map

LOAD c:/program files (x86)/atmel/atmel toolchain/avr8 gcc/native/3.5/bin/../lib/gcc/avr/4.8.1/../../../../avr/lib/avrxmega2/crtx32a4u.o
LOAD Bin/Chameleon-Mini.o
LOAD Bin/LUFADescriptors.o
LOAD Bin/System.o
LOAD Bin/Configuration.o
LOAD Bin/Random.o
LOAD Bin/Common.o
LOAD Bin/Memory.o
LOAD Bin/Button.o
LOAD Bin/Log.o
LOAD Bin/Settings.o
LOAD Bin/LED.o
LOAD Bin/Terminal.o
LOAD Bin/Commands.o
LOAD Bin/XModem.o
LOAD Bin/CommandLine.o
LOAD Bin/Codec.o
LOAD Bin/ISO14443-2A.o
LOAD Bin/MifareUltralight.o
LOAD Bin/MifareClassic.o
LOAD Bin/ISO14443-3A.o
LOAD Bin/Crypto1.o
LOAD Bin/HIDParser.o
LOAD Bin/ConfigDescriptors.o
LOAD Bin/DeviceStandardReq.o
LOAD Bin/Events.o
LOAD Bin/HostStandardReq.o
LOAD Bin/USBTask.o
LOAD Bin/Device_XMEGA.o
LOAD Bin/EndpointStream_XMEGA.o
LOAD Bin/Endpoint_XMEGA.o
LOAD Bin/Host_XMEGA.o
LOAD Bin/PipeStream_XMEGA.o
LOAD Bin/Pipe_XMEGA.o
LOAD Bin/USBController_XMEGA.o
LOAD Bin/USBInterrupt_XMEGA.o
LOAD Bin/AudioClassDevice.o
LOAD Bin/CDCClassDevice.o
LOAD Bin/HIDClassDevice.o
LOAD Bin/MassStorageClassDevice.o
LOAD Bin/MIDIClassDevice.o
LOAD Bin/PrinterClassDevice.o
LOAD Bin/RNDISClassDevice.o
LOAD Bin/AndroidAccessoryClassHost.o
LOAD Bin/AudioClassHost.o
LOAD Bin/CDCClassHost.o
LOAD Bin/HIDClassHost.o
LOAD Bin/MassStorageClassHost.o
LOAD Bin/MIDIClassHost.o
LOAD Bin/PrinterClassHost.o
LOAD Bin/RNDISClassHost.o
LOAD Bin/StillImageClassHost.o
LOAD c:/program files (x86)/atmel/atmel toolchain/avr8 gcc/native/3.5/bin/../lib/gcc/avr/4.8.1/../../../../avr/lib/avrxmega2\libm.a
START GROUP
LOAD c:/program files (x86)/atmel/atmel toolchain/avr8 gcc/native/3.5/bin/../lib/gcc/avr/4.8.1/avrxmega2\libgcc.a
LOAD c:/program files (x86)/atmel/atmel toolchain/avr8 gcc/native/3.5/bin/../lib/gcc/avr/4.8.1/../../../../avr/lib/avrxmega2\libm.a
LOAD c:/program files (x86)/atmel/atmel toolchain/avr8 gcc/native/3.5/bin/../lib/gcc/avr/4.8.1/../../../../avr/lib/avrxmega2\libc.a
END GROUP

.hash
 *(.hash)

.dynsym
 *(.dynsym)

.dynstr
 *(.dynstr)

.gnu.version
 *(.gnu.version)

.gnu.version_d
 *(.gnu.version_d)

.gnu.version_r
 *(.gnu.version_r)

.rel.init
 *(.rel.init)

.rela.init
 *(.rela.init)

.rel.text
 *(.rel.text)
 *(.rel.text.*)
 *(.rel.gnu.linkonce.t*)

.rela.text
 *(.rela.text)
 *(.rela.text.*)
 *(.rela.gnu.linkonce.t*)

.rel.fini
 *(.rel.fini)

.rela.fini
 *(.rela.fini)

.rel.rodata
 *(.rel.rodata)
 *(.rel.rodata.*)
 *(.rel.gnu.linkonce.r*)

.rela.rodata
 *(.rela.rodata)
 *(.rela.rodata.*)
 *(.rela.gnu.linkonce.r*)

.rel.data
 *(.rel.data)
 *(.rel.data.*)
 *(.rel.gnu.linkonce.d*)

.rela.data
 *(.rela.data)
 *(.rela.data.*)
 *(.rela.gnu.linkonce.d*)

.rel.ctors
 *(.rel.ctors)

.rela.ctors
 *(.rela.ctors)

.rel.dtors
 *(.rel.dtors)

.rela.dtors
 *(.rela.dtors)

.rel.got
 *(.rel.got)

.rela.got
 *(.rela.got)

.rel.bss
 *(.rel.bss)

.rela.bss
 *(.rela.bss)

.rel.plt
 *(.rel.plt)

.rela.plt
 *(.rela.plt)

.text           0x00000000     0x5eea
 *(.vectors)
 .vectors       0x00000000      0x1fc c:/program files (x86)/atmel/atmel toolchain/avr8 gcc/native/3.5/bin/../lib/gcc/avr/4.8.1/../../../../avr/lib/avrxmega2/crtx32a4u.o
                0x00000000                __vectors
 *(.vectors)
 *(.progmem.gcc*)
 .progmem.gcc_sw_table.LEDTick
                0x000001fc       0xa0 Bin/LED.o
 .progmem.gcc_sw_table.XModemProcessByte
                0x0000029c       0x12 Bin/XModem.o
 .progmem.gcc_sw_table.__vector_83
                0x000002ae       0x16 Bin/ISO14443-2A.o
 .progmem.gcc_sw_table.MifareClassicAppProcess
                0x000002c4       0x1a Bin/MifareClassic.o
 .progmem.gcc_sw_table.USB_Device_ProcessControlRequest
                0x000002de       0x14 Bin/DeviceStandardReq.o
                0x000002f2                . = ALIGN (0x2)
                0x000002f2                __trampolines_start = .
 *(.trampolines)
 .trampolines   0x000002f2        0x0 linker stubs
 *(.trampolines*)
                0x000002f2                __trampolines_end = .
 *(.progmem*)
 .progmem.data  0x000002f2       0x8c Bin/LUFADescriptors.o
                0x000002f2                ProductString
                0x00000310                ManufacturerString
                0x0000032a                LanguageString
                0x0000032e                ConfigurationDescriptor
                0x0000036c                DeviceDescriptor
 .progmem.data  0x0000037e       0xde Bin/Configuration.o
 .progmem.data  0x0000045c      0x120 Bin/Button.o
 .progmem.data  0x0000057c       0x32 Bin/Log.o
 .progmem.data  0x000005ae      0x100 Bin/LED.o
 .progmem.data  0x000006ae       0x89 Bin/Commands.o
 .progmem.data  0x00000737      0x29a Bin/CommandLine.o
                0x00000803                CommandTable
                0x000009d2                . = ALIGN (0x2)
 *fill*         0x000009d1        0x1 
 *(.jumptables)
 *(.jumptables*)
 *(.lowtext)
 *(.lowtext*)
                0x000009d2                __ctors_start = .
 *(.ctors)
                0x000009d2                __ctors_end = .
                0x000009d2                __dtors_start = .
 *(.dtors)
                0x000009d2                __dtors_end = .
 SORT(*)(.ctors)
 SORT(*)(.dtors)
 *(.init0)
 .init0         0x000009d2        0x0 c:/program files (x86)/atmel/atmel toolchain/avr8 gcc/native/3.5/bin/../lib/gcc/avr/4.8.1/../../../../avr/lib/avrxmega2/crtx32a4u.o
                0x000009d2                __init
 *(.init0)
 *(.init1)
 *(.init1)
 *(.init2)
 .init2         0x000009d2        0xc c:/program files (x86)/atmel/atmel toolchain/avr8 gcc/native/3.5/bin/../lib/gcc/avr/4.8.1/../../../../avr/lib/avrxmega2/crtx32a4u.o
 *(.init2)
 *(.init3)
 *(.init3)
 *(.init4)
 .init4         0x000009de       0x16 c:/program files (x86)/atmel/atmel toolchain/avr8 gcc/native/3.5/bin/../lib/gcc/avr/4.8.1/avrxmega2\libgcc.a(_copy_data.o)
                0x000009de                __do_copy_data
 .init4         0x000009f4       0x10 c:/program files (x86)/atmel/atmel toolchain/avr8 gcc/native/3.5/bin/../lib/gcc/avr/4.8.1/avrxmega2\libgcc.a(_clear_bss.o)
                0x000009f4                __do_clear_bss
 *(.init4)
 *(.init5)
 *(.init5)
 *(.init6)
 *(.init6)
 *(.init7)
 *(.init7)
 *(.init8)
 *(.init8)
 *(.init9)
 .init9         0x00000a04        0x6 c:/program files (x86)/atmel/atmel toolchain/avr8 gcc/native/3.5/bin/../lib/gcc/avr/4.8.1/../../../../avr/lib/avrxmega2/crtx32a4u.o
 *(.init9)
 *(.text)
 .text          0x00000a0a        0x2 c:/program files (x86)/atmel/atmel toolchain/avr8 gcc/native/3.5/bin/../lib/gcc/avr/4.8.1/../../../../avr/lib/avrxmega2/crtx32a4u.o
                0x00000a0a                __vector_38
                0x00000a0a                __vector_104
                0x00000a0a                __vector_63
                0x00000a0a                __vector_28
                0x00000a0a                __vector_67
                0x00000a0a                __vector_1
                0x00000a0a                __vector_119
                0x00000a0a                __vector_32
                0x00000a0a                __vector_75
                0x00000a0a                __vector_71
                0x00000a0a                __vector_91
                0x00000a0a                __vector_62
                0x00000a0a                __vector_77
                0x00000a0a                __vector_102
                0x00000a0a                __vector_24
                0x00000a0a                __vector_12
                0x00000a0a                __vector_55
                0x00000a0a                __vector_69
                0x00000a0a                __vector_81
                0x00000a0a                __vector_90
                0x00000a0a                __vector_46
                0x00000a0a                __bad_interrupt
                0x00000a0a                __vector_122
                0x00000a0a                __vector_72
                0x00000a0a                __vector_114
                0x00000a0a                __vector_6
                0x00000a0a                __vector_110
                0x00000a0a                __vector_31
                0x00000a0a                __vector_92
                0x00000a0a                __vector_35
                0x00000a0a                __vector_78
                0x00000a0a                __vector_74
                0x00000a0a                __vector_117
                0x00000a0a                __vector_39
                0x00000a0a                __vector_107
                0x00000a0a                __vector_3
                0x00000a0a                __vector_105
                0x00000a0a                __vector_98
                0x00000a0a                __vector_23
                0x00000a0a                __vector_68
                0x00000a0a                __vector_30
                0x00000a0a                __vector_73
                0x00000a0a                __vector_45
                0x00000a0a                __vector_25
                0x00000a0a                __vector_93
                0x00000a0a                __vector_61
                0x00000a0a                __vector_11
                0x00000a0a                __vector_54
                0x00000a0a                __vector_99
                0x00000a0a                __vector_13
                0x00000a0a                __vector_17
                0x00000a0a                __vector_19
                0x00000a0a                __vector_56
                0x00000a0a                __vector_7
                0x00000a0a                __vector_49
                0x00000a0a                __vector_123
                0x00000a0a                __vector_41
                0x00000a0a                __vector_86
                0x00000a0a                __vector_100
                0x00000a0a                __vector_101
                0x00000a0a                __vector_64
                0x00000a0a                __vector_88
                0x00000a0a                __vector_109
                0x00000a0a                __vector_43
                0x00000a0a                __vector_27
                0x00000a0a                __vector_5
                0x00000a0a                __vector_113
                0x00000a0a                __vector_33
                0x00000a0a                __vector_76
                0x00000a0a                __vector_115
                0x00000a0a                __vector_47
                0x00000a0a                __vector_52
                0x00000a0a                __vector_37
                0x00000a0a                __vector_95
                0x00000a0a                __vector_103
                0x00000a0a                __vector_96
                0x00000a0a                __vector_89
                0x00000a0a                __vector_108
                0x00000a0a                __vector_4
                0x00000a0a                __vector_44
                0x00000a0a                __vector_82
                0x00000a0a                __vector_106
                0x00000a0a                __vector_118
                0x00000a0a                __vector_51
                0x00000a0a                __vector_9
                0x00000a0a                __vector_2
                0x00000a0a                __vector_21
                0x00000a0a                __vector_15
                0x00000a0a                __vector_66
                0x00000a0a                __vector_36
                0x00000a0a                __vector_79
                0x00000a0a                __vector_58
                0x00000a0a                __vector_70
                0x00000a0a                __vector_29
                0x00000a0a                __vector_60
                0x00000a0a                __vector_121
                0x00000a0a                __vector_40
                0x00000a0a                __vector_85
                0x00000a0a                __vector_94
                0x00000a0a                __vector_126
                0x00000a0a                __vector_8
                0x00000a0a                __vector_26
                0x00000a0a                __vector_48
                0x00000a0a                __vector_124
                0x00000a0a                __vector_116
                0x00000a0a                __vector_112
                0x00000a0a                __vector_111
                0x00000a0a                __vector_80
                0x00000a0a                __vector_14
                0x00000a0a                __vector_84
                0x00000a0a                __vector_57
                0x00000a0a                __vector_53
                0x00000a0a                __vector_50
                0x00000a0a                __vector_16
                0x00000a0a                __vector_59
                0x00000a0a                __vector_18
                0x00000a0a                __vector_97
                0x00000a0a                __vector_20
                0x00000a0a                __vector_42
                0x00000a0a                __vector_87
                0x00000a0a                __vector_65
                0x00000a0a                __vector_120
                0x00000a0c                . = ALIGN (0x2)
 *(.text.*)
 .text.startup.main
                0x00000a0c       0x8c Bin/Chameleon-Mini.o
                0x00000a0c                main
 .text.CALLBACK_USB_GetDescriptor
                0x00000a98       0x7c Bin/LUFADescriptors.o
                0x00000a98                CALLBACK_USB_GetDescriptor
 .text.__vector_default
                0x00000b14        0xc Bin/System.o
                0x00000b14                __vector_default
 .text.__vector_10
                0x00000b20        0x2 Bin/System.o
                0x00000b20                __vector_10
 .text.SystemInit
                0x00000b22       0x86 Bin/System.o
                0x00000b22                SystemInit
 .text.SystemReset
                0x00000ba8        0xe Bin/System.o
                0x00000ba8                SystemReset
 .text.SystemEnterBootloader
                0x00000bb6        0xc Bin/System.o
                0x00000bb6                SystemEnterBootloader
 .text.SystemStartUSBClock
                0x00000bc2       0x3c Bin/System.o
                0x00000bc2                SystemStartUSBClock
 .text.SystemStopUSBClock
                0x00000bfe       0x26 Bin/System.o
                0x00000bfe                SystemStopUSBClock
 .text.SystemInterruptInit
                0x00000c24        0xc Bin/System.o
                0x00000c24                SystemInterruptInit
 .text.CodecInitDummy
                0x00000c30        0x2 Bin/Configuration.o
 .text.CodecTaskDummy
                0x00000c32        0x2 Bin/Configuration.o
 .text.ApplicationInitDummy
                0x00000c34        0x2 Bin/Configuration.o
 .text.ApplicationResetDummy
                0x00000c36        0x2 Bin/Configuration.o
 .text.ApplicationTaskDummy
                0x00000c38        0x2 Bin/Configuration.o
 .text.ApplicationProcessDummy
                0x00000c3a        0x6 Bin/Configuration.o
 .text.ApplicationGetUidDummy
                0x00000c40        0x2 Bin/Configuration.o
 .text.ApplicationSetUidDummy
                0x00000c42        0x2 Bin/Configuration.o
 .text.ConfigurationSetById
                0x00000c44       0x36 Bin/Configuration.o
                0x00000c44                ConfigurationSetById
 .text.ConfigurationInit
                0x00000c7a        0xc Bin/Configuration.o
                0x00000c7a                ConfigurationInit
 .text.ConfigurationSetByName
                0x00000c86       0x7a Bin/Configuration.o
                0x00000c86                ConfigurationSetByName
 .text.ConfigurationGetList
                0x00000d00       0x72 Bin/Configuration.o
                0x00000d00                ConfigurationGetList
 .text.RandomInit
                0x00000d72        0x2 Bin/Random.o
                0x00000d72                RandomInit
 .text.RandomGetByte
                0x00000d74        0x6 Bin/Random.o
                0x00000d74                RandomGetByte
 .text.RandomGetBuffer
                0x00000d7a       0x20 Bin/Random.o
                0x00000d7a                RandomGetBuffer
 .text.RandomTick
                0x00000d9a       0x10 Bin/Random.o
                0x00000d9a                RandomTick
 .text.BufferToHexString
                0x00000daa       0x86 Bin/Common.o
                0x00000daa                BufferToHexString
 .text.HexStringToBuffer
                0x00000e30       0x94 Bin/Common.o
                0x00000e30                HexStringToBuffer
 .text.MemoryReadBlock
                0x00000ec4       0x30 Bin/Memory.o
                0x00000ec4                MemoryReadBlock
 .text.MemoryWriteBlock
                0x00000ef4       0x34 Bin/Memory.o
                0x00000ef4                MemoryWriteBlock
 .text.MemoryClear
                0x00000f28       0x16 Bin/Memory.o
                0x00000f28                MemoryClear
 .text.MemoryRecall
                0x00000f3e       0xec Bin/Memory.o
                0x00000f3e                MemoryRecall
 .text.MemoryInit
                0x0000102a       0xfe Bin/Memory.o
                0x0000102a                MemoryInit
 .text.MemoryStore
                0x00001128      0x284 Bin/Memory.o
                0x00001128                MemoryStore
 .text.MemoryUploadBlock
                0x000013ac      0x336 Bin/Memory.o
                0x000013ac                MemoryUploadBlock
 .text.MemoryDownloadBlock
                0x000016e2       0x7a Bin/Memory.o
                0x000016e2                MemoryDownloadBlock
 .text.ExecuteButtonAction
                0x0000175c      0x19a Bin/Button.o
 .text.ButtonInit
                0x000018f6        0xe Bin/Button.o
                0x000018f6                ButtonInit
 .text.ButtonTick
                0x00001904       0x4a Bin/Button.o
                0x00001904                ButtonTick
 .text.ButtonGetActionList
                0x0000194e       0x72 Bin/Button.o
                0x0000194e                ButtonGetActionList
 .text.ButtonSetActionById
                0x000019c0       0x4e Bin/Button.o
                0x000019c0                ButtonSetActionById
 .text.ButtonGetActionByName
                0x00001a0e       0x38 Bin/Button.o
                0x00001a0e                ButtonGetActionByName
 .text.ButtonSetActionByName
                0x00001a46       0xc4 Bin/Button.o
                0x00001a46                ButtonSetActionByName
 .text.LogFuncOff
                0x00001b0a        0x2 Bin/Log.o
 .text.LogFuncTerminal
                0x00001b0c       0x2c Bin/Log.o
 .text.LogTick  0x00001b38        0x2 Bin/Log.o
                0x00001b38                LogTick
 .text.LogTask  0x00001b3a        0x2 Bin/Log.o
                0x00001b3a                LogTask
 .text.LogMemLoadBlock
                0x00001b3c       0x30 Bin/Log.o
                0x00001b3c                LogMemLoadBlock
 .text.LogMemClear
                0x00001b6c       0x2a Bin/Log.o
                0x00001b6c                LogMemClear
 .text.LogMemFree
                0x00001b96        0xa Bin/Log.o
                0x00001b96                LogMemFree
 .text.LogSetModeById
                0x00001ba0       0x40 Bin/Log.o
                0x00001ba0                LogSetModeById
 .text.LogInit  0x00001be0        0xe Bin/Log.o
                0x00001be0                LogInit
 .text.LogFuncMemory
                0x00001bee       0x6e Bin/Log.o
 .text.LogSetModeByName
                0x00001c5c       0x4a Bin/Log.o
                0x00001c5c                LogSetModeByName
 .text.LogGetModeByName
                0x00001ca6       0x1c Bin/Log.o
                0x00001ca6                LogGetModeByName
 .text.LogGetModeList
                0x00001cc2       0x50 Bin/Log.o
                0x00001cc2                LogGetModeList
 .text.SettingsLoad
                0x00001d12       0x10 Bin/Settings.o
                0x00001d12                SettingsLoad
 .text.SettingsSave
                0x00001d22       0x10 Bin/Settings.o
                0x00001d22                SettingsSave
 .text.SettingsSetActiveById
                0x00001d32       0x64 Bin/Settings.o
                0x00001d32                SettingsSetActiveById
 .text.SettingsCycle
                0x00001d96      0x120 Bin/Settings.o
                0x00001d96                SettingsCycle
 .text.SettingsGetActiveByName
                0x00001eb6        0xe Bin/Settings.o
                0x00001eb6                SettingsGetActiveByName
 .text.SettingsSetActiveByName
                0x00001ec4       0x12 Bin/Settings.o
                0x00001ec4                SettingsSetActiveByName
 .text.LEDInit  0x00001ed6        0xa Bin/LED.o
                0x00001ed6                LEDInit
 .text.LEDTick  0x00001ee0      0x102 Bin/LED.o
                0x00001ee0                LEDTick
 .text.LEDTrigger
                0x00001fe2       0x20 Bin/LED.o
                0x00001fe2                LEDTrigger
 .text.LEDGetFuncList
                0x00002002       0x72 Bin/LED.o
                0x00002002                LEDGetFuncList
 .text.LEDSetFuncById
                0x00002074       0xac Bin/LED.o
                0x00002074                LEDSetFuncById
 .text.LEDGetFuncByName
                0x00002120       0x3a Bin/LED.o
                0x00002120                LEDGetFuncByName
 .text.LEDSetFuncByName
                0x0000215a       0xb0 Bin/LED.o
                0x0000215a                LEDSetFuncByName
 .text.TerminalSendString
                0x0000220a        0xa Bin/Terminal.o
                0x0000220a                TerminalSendString
 .text.TerminalSendStringP
                0x00002214       0x28 Bin/Terminal.o
                0x00002214                TerminalSendStringP
 .text.TerminalSendBlock
                0x0000223c        0xc Bin/Terminal.o
                0x0000223c                TerminalSendBlock
 .text.TerminalInit
                0x00002248        0xa Bin/Terminal.o
                0x00002248                TerminalInit
 .text.TerminalTask
                0x00002252       0x42 Bin/Terminal.o
                0x00002252                TerminalTask
 .text.TerminalTick
                0x00002294       0x82 Bin/Terminal.o
                0x00002294                TerminalTick
 .text.EVENT_USB_Device_Connect
                0x00002316        0x6 Bin/Terminal.o
                0x00002316                EVENT_USB_Device_Connect
 .text.EVENT_USB_Device_Disconnect
                0x0000231c        0x6 Bin/Terminal.o
                0x0000231c                EVENT_USB_Device_Disconnect
 .text.EVENT_USB_Device_ConfigurationChanged
                0x00002322        0x8 Bin/Terminal.o
                0x00002322                EVENT_USB_Device_ConfigurationChanged
 .text.EVENT_USB_Device_ControlRequest
                0x0000232a        0x8 Bin/Terminal.o
                0x0000232a                EVENT_USB_Device_ControlRequest
 .text.CommandGetVersion
                0x00002332       0x3c Bin/Commands.o
                0x00002332                CommandGetVersion
 .text.CommandGetConfig
                0x0000236e       0x2c Bin/Commands.o
                0x0000236e                CommandGetConfig
 .text.CommandSetConfig
                0x0000239a       0x12 Bin/Commands.o
                0x0000239a                CommandSetConfig
 .text.CommandExecConfig
                0x000023ac        0xc Bin/Commands.o
                0x000023ac                CommandExecConfig
 .text.CommandGetUid
                0x000023b8       0x54 Bin/Commands.o
                0x000023b8                CommandGetUid
 .text.CommandSetUid
                0x0000240c       0xa4 Bin/Commands.o
                0x0000240c                CommandSetUid
 .text.CommandGetReadOnly
                0x000024b0       0x24 Bin/Commands.o
                0x000024b0                CommandGetReadOnly
 .text.CommandSetReadOnly
                0x000024d4       0x28 Bin/Commands.o
                0x000024d4                CommandSetReadOnly
 .text.CommandExecUpload
                0x000024fc        0xa Bin/Commands.o
                0x000024fc                CommandExecUpload
 .text.CommandExecDownload
                0x00002506        0xa Bin/Commands.o
                0x00002506                CommandExecDownload
 .text.CommandExecReset
                0x00002510       0x16 Bin/Commands.o
                0x00002510                CommandExecReset
 .text.CommandExecUpgrade
                0x00002526       0x16 Bin/Commands.o
                0x00002526                CommandExecUpgrade
 .text.CommandGetMemSize
                0x0000253c       0x30 Bin/Commands.o
                0x0000253c                CommandGetMemSize
 .text.CommandGetUidSize
                0x0000256c       0x2c Bin/Commands.o
                0x0000256c                CommandGetUidSize
 .text.CommandExecButton
                0x00002598        0xa Bin/Commands.o
                0x00002598                CommandExecButton
 .text.CommandGetButton
                0x000025a2        0xe Bin/Commands.o
                0x000025a2                CommandGetButton
 .text.CommandSetButton
                0x000025b0       0x14 Bin/Commands.o
                0x000025b0                CommandSetButton
 .text.CommandExecButtonLong
                0x000025c4        0xa Bin/Commands.o
                0x000025c4                CommandExecButtonLong
 .text.CommandGetButtonLong
                0x000025ce        0xe Bin/Commands.o
                0x000025ce                CommandGetButtonLong
 .text.CommandSetButtonLong
                0x000025dc       0x14 Bin/Commands.o
                0x000025dc                CommandSetButtonLong
 .text.CommandExecLedGreen
                0x000025f0        0xa Bin/Commands.o
                0x000025f0                CommandExecLedGreen
 .text.CommandGetLedGreen
                0x000025fa        0xe Bin/Commands.o
                0x000025fa                CommandGetLedGreen
 .text.CommandSetLedGreen
                0x00002608       0x14 Bin/Commands.o
                0x00002608                CommandSetLedGreen
 .text.CommandExecLedRed
                0x0000261c        0xa Bin/Commands.o
                0x0000261c                CommandExecLedRed
 .text.CommandGetLedRed
                0x00002626        0xe Bin/Commands.o
                0x00002626                CommandGetLedRed
 .text.CommandSetLedRed
                0x00002634       0x14 Bin/Commands.o
                0x00002634                CommandSetLedRed
 .text.CommandExecLogMode
                0x00002648        0xa Bin/Commands.o
                0x00002648                CommandExecLogMode
 .text.CommandGetLogMode
                0x00002652        0xa Bin/Commands.o
                0x00002652                CommandGetLogMode
 .text.CommandSetLogMode
                0x0000265c       0x10 Bin/Commands.o
                0x0000265c                CommandSetLogMode
 .text.CommandExecLogMem
                0x0000266c       0x34 Bin/Commands.o
                0x0000266c                CommandExecLogMem
 .text.CommandGetLogMem
                0x000026a0       0x34 Bin/Commands.o
                0x000026a0                CommandGetLogMem
 .text.CommandSetLogMem
                0x000026d4       0x40 Bin/Commands.o
                0x000026d4                CommandSetLogMem
 .text.CommandGetSetting
                0x00002714        0xa Bin/Commands.o
                0x00002714                CommandGetSetting
 .text.CommandSetSetting
                0x0000271e       0x10 Bin/Commands.o
                0x0000271e                CommandSetSetting
 .text.CommandExecClear
                0x0000272e        0x8 Bin/Commands.o
                0x0000272e                CommandExecClear
 .text.CommandExecHelp
                0x00002736       0x94 Bin/Commands.o
                0x00002736                CommandExecHelp
 .text.CommandGetRssi
                0x000027ca       0x68 Bin/Commands.o
                0x000027ca                CommandGetRssi
 .text.XModemReceive
                0x00002832       0x36 Bin/XModem.o
                0x00002832                XModemReceive
 .text.XModemSend
                0x00002868       0x2c Bin/XModem.o
                0x00002868                XModemSend
 .text.XModemProcessByte
                0x00002894      0x2d4 Bin/XModem.o
                0x00002894                XModemProcessByte
 .text.XModemTick
                0x00002b68       0x76 Bin/XModem.o
                0x00002b68                XModemTick
 .text.CommandLineProcessByte
                0x00002bde      0x21c Bin/CommandLine.o
                0x00002bde                CommandLineProcessByte
 .text.CommandLineTick
                0x00002dfa        0x2 Bin/CommandLine.o
                0x00002dfa                CommandLineTick
 .text.StartDemod
                0x00002dfc       0x7a Bin/ISO14443-2A.o
 .text.__vector_34
                0x00002e76       0x62 Bin/ISO14443-2A.o
                0x00002e76                __vector_34
 .text.__vector_22
                0x00002ed8      0x174 Bin/ISO14443-2A.o
                0x00002ed8                __vector_22
 .text.__vector_83
                0x0000304c      0x1bc Bin/ISO14443-2A.o
                0x0000304c                __vector_83
 .text.ISO14443ACodecInit
                0x00003208       0x6e Bin/ISO14443-2A.o
                0x00003208                ISO14443ACodecInit
 .text.ISO14443ACodecTask
                0x00003276      0x160 Bin/ISO14443-2A.o
                0x00003276                ISO14443ACodecTask
 .text.MifareUltralightAppInit
                0x000033d6        0x8 Bin/MifareUltralight.o
                0x000033d6                MifareUltralightAppInit
 .text.MifareUltralightAppReset
                0x000033de        0x8 Bin/MifareUltralight.o
                0x000033de                MifareUltralightAppReset
 .text.MifareUltralightAppTask
                0x000033e6        0x2 Bin/MifareUltralight.o
                0x000033e6                MifareUltralightAppTask
 .text.MifareUltralightAppProcess
                0x000033e8      0x2a2 Bin/MifareUltralight.o
                0x000033e8                MifareUltralightAppProcess
 .text.MifareUltralightGetUid
                0x0000368a       0x26 Bin/MifareUltralight.o
                0x0000368a                MifareUltralightGetUid
 .text.MifareUltralightSetUid
                0x000036b0       0x7e Bin/MifareUltralight.o
                0x000036b0                MifareUltralightSetUid
 .text.MifareClassicAppInit1K
                0x0000372e       0x1e Bin/MifareClassic.o
                0x0000372e                MifareClassicAppInit1K
 .text.MifarePlus1kAppInit_7B
                0x0000374c       0x2a Bin/MifareClassic.o
                0x0000374c                MifarePlus1kAppInit_7B
 .text.MifareClassicAppInit4K
                0x00003776       0x1e Bin/MifareClassic.o
                0x00003776                MifareClassicAppInit4K
 .text.MifareClassicAppReset
                0x00003794        0x8 Bin/MifareClassic.o
                0x00003794                MifareClassicAppReset
 .text.MifareClassicAppTask
                0x0000379c        0x2 Bin/MifareClassic.o
                0x0000379c                MifareClassicAppTask
 .text.MifareClassicAppProcess
                0x0000379e      0x9fe Bin/MifareClassic.o
                0x0000379e                MifareClassicAppProcess
 .text.MifareClassicGetUid
                0x0000419c       0x42 Bin/MifareClassic.o
                0x0000419c                MifareClassicGetUid
 .text.MifareClassicSetUid
                0x000041de       0x5e Bin/MifareClassic.o
                0x000041de                MifareClassicSetUid
 .text.ISO14443AAppendCRCA
                0x0000423c       0x5c Bin/ISO14443-3A.o
                0x0000423c                ISO14443AAppendCRCA
 .text.ISO14443ACheckCRCA
                0x00004298       0x7c Bin/ISO14443-3A.o
                0x00004298                ISO14443ACheckCRCA
 .text.Crypto1LFSR
                0x00004314       0x8c Bin/Crypto1.o
 .text.Crypto1FilterOutput
                0x000043a0       0x64 Bin/Crypto1.o
                0x000043a0                Crypto1FilterOutput
 .text.Crypto1Setup
                0x00004404      0x19a Bin/Crypto1.o
                0x00004404                Crypto1Setup
 .text.Crypto1Auth
                0x0000459e       0x4a Bin/Crypto1.o
                0x0000459e                Crypto1Auth
 .text.Crypto1Byte
                0x000045e8       0x26 Bin/Crypto1.o
                0x000045e8                Crypto1Byte
 .text.Crypto1Nibble
                0x0000460e       0x26 Bin/Crypto1.o
                0x0000460e                Crypto1Nibble
 .text.Crypto1PRNG
                0x00004634       0xa0 Bin/Crypto1.o
                0x00004634                Crypto1PRNG
 .text.USB_Device_ProcessControlRequest
                0x000046d4      0x240 Bin/DeviceStandardReq.o
                0x000046d4                USB_Device_ProcessControlRequest
 .text.USB_Event_Stub
                0x00004914        0x2 Bin/Events.o
                0x00004914                USB_Event_Stub
                0x00004914                EVENT_USB_Device_Suspend
                0x00004914                EVENT_USB_Device_StartOfFrame
                0x00004914                EVENT_USB_Device_Reset
                0x00004914                EVENT_USB_Device_WakeUp
 .text.USB_USBTask
                0x00004916       0x2a Bin/USBTask.o
                0x00004916                USB_USBTask
 .text.Endpoint_Write_Stream_LE
                0x00004940       0xc8 Bin/EndpointStream_XMEGA.o
                0x00004940                Endpoint_Write_Stream_LE
 .text.Endpoint_Write_Control_Stream_LE
                0x00004a08      0x12a Bin/EndpointStream_XMEGA.o
                0x00004a08                Endpoint_Write_Control_Stream_LE
 .text.Endpoint_Write_Control_PStream_LE
                0x00004b32      0x158 Bin/EndpointStream_XMEGA.o
                0x00004b32                Endpoint_Write_Control_PStream_LE
 .text.Endpoint_ClearIN
                0x00004c8a       0x32 Bin/Endpoint_XMEGA.o
                0x00004c8a                Endpoint_ClearIN
 .text.Endpoint_ClearOUT
                0x00004cbc       0x1e Bin/Endpoint_XMEGA.o
                0x00004cbc                Endpoint_ClearOUT
 .text.Endpoint_Read_8
                0x00004cda       0x20 Bin/Endpoint_XMEGA.o
                0x00004cda                Endpoint_Read_8
 .text.Endpoint_Write_8
                0x00004cfa       0x20 Bin/Endpoint_XMEGA.o
                0x00004cfa                Endpoint_Write_8
 .text.Endpoint_SelectEndpoint
                0x00004d1a       0x72 Bin/Endpoint_XMEGA.o
                0x00004d1a                Endpoint_SelectEndpoint
 .text.Endpoint_IsINReady
                0x00004d8c       0x18 Bin/Endpoint_XMEGA.o
                0x00004d8c                Endpoint_IsINReady
 .text.Endpoint_IsOUTReceived
                0x00004da4       0x32 Bin/Endpoint_XMEGA.o
                0x00004da4                Endpoint_IsOUTReceived
 .text.Endpoint_IsSETUPReceived
                0x00004dd6       0x32 Bin/Endpoint_XMEGA.o
                0x00004dd6                Endpoint_IsSETUPReceived
 .text.Endpoint_ClearSETUP
                0x00004e08       0x58 Bin/Endpoint_XMEGA.o
                0x00004e08                Endpoint_ClearSETUP
 .text.Endpoint_StallTransaction
                0x00004e60       0x38 Bin/Endpoint_XMEGA.o
                0x00004e60                Endpoint_StallTransaction
 .text.Endpoint_ConfigureEndpoint_PRV
                0x00004e98       0x96 Bin/Endpoint_XMEGA.o
                0x00004e98                Endpoint_ConfigureEndpoint_PRV
 .text.Endpoint_ConfigureEndpointTable
                0x00004f2e       0xd8 Bin/Endpoint_XMEGA.o
                0x00004f2e                Endpoint_ConfigureEndpointTable
 .text.Endpoint_ClearEndpoints
                0x00005006       0x70 Bin/Endpoint_XMEGA.o
                0x00005006                Endpoint_ClearEndpoints
 .text.Endpoint_ClearStatusStage
                0x00005076       0x2c Bin/Endpoint_XMEGA.o
                0x00005076                Endpoint_ClearStatusStage
 .text.Endpoint_WaitUntilReady
                0x000050a2       0xa6 Bin/Endpoint_XMEGA.o
                0x000050a2                Endpoint_WaitUntilReady
 .text.USB_Disable
                0x00005148       0x1a Bin/USBController_XMEGA.o
                0x00005148                USB_Disable
 .text.USB_ResetInterface
                0x00005162       0x5c Bin/USBController_XMEGA.o
                0x00005162                USB_ResetInterface
 .text.USB_Init
                0x000051be       0x50 Bin/USBController_XMEGA.o
                0x000051be                USB_Init
 .text.USB_INT_DisableAllInterrupts
                0x0000520e        0xe Bin/USBInterrupt_XMEGA.o
                0x0000520e                USB_INT_DisableAllInterrupts
 .text.USB_INT_ClearAllInterrupts
                0x0000521c        0xc Bin/USBInterrupt_XMEGA.o
                0x0000521c                USB_INT_ClearAllInterrupts
 .text.__vector_125
                0x00005228       0xda Bin/USBInterrupt_XMEGA.o
                0x00005228                __vector_125
 .text.CDC_Device_ConfigureEndpoints
                0x00005302       0x4a Bin/CDCClassDevice.o
                0x00005302                CDC_Device_ConfigureEndpoints
 .text.CDC_Device_SendString
                0x0000534c       0x4a Bin/CDCClassDevice.o
                0x0000534c                CDC_Device_SendString
 .text.CDC_Device_SendData
                0x00005396       0x54 Bin/CDCClassDevice.o
                0x00005396                CDC_Device_SendData
 .text.CDC_Device_SendByte
                0x000053ea       0x6a Bin/CDCClassDevice.o
                0x000053ea                CDC_Device_SendByte
 .text.CDC_Device_Flush
                0x00005454       0x7c Bin/CDCClassDevice.o
                0x00005454                CDC_Device_Flush
 .text.CDC_Device_USBTask
                0x000054d0       0x36 Bin/CDCClassDevice.o
                0x000054d0                CDC_Device_USBTask
 .text.CDC_Device_ReceiveByte
                0x00005506       0xb8 Bin/CDCClassDevice.o
                0x00005506                CDC_Device_ReceiveByte
 .text.CDC_Device_Event_Stub
                0x000055be        0x2 Bin/CDCClassDevice.o
                0x000055be                EVENT_CDC_Device_ControLineStateChanged
                0x000055be                EVENT_CDC_Device_BreakSent
                0x000055be                CDC_Device_Event_Stub
                0x000055be                EVENT_CDC_Device_LineEncodingChanged
 .text.CDC_Device_ProcessControlRequest
                0x000055c0      0x134 Bin/CDCClassDevice.o
                0x000055c0                CDC_Device_ProcessControlRequest
 .text.libgcc   0x000056f4        0xc c:/program files (x86)/atmel/atmel toolchain/avr8 gcc/native/3.5/bin/../lib/gcc/avr/4.8.1/avrxmega2\libgcc.a(_tablejump.o)
                0x000056f4                __tablejump2__
                0x000056f8                __tablejump__
 .text.libgcc.mul
                0x00005700        0xc c:/program files (x86)/atmel/atmel toolchain/avr8 gcc/native/3.5/bin/../lib/gcc/avr/4.8.1/avrxmega2\libgcc.a(_mulshisi3.o)
                0x00005700                __mulshisi3
                0x00005704                __mulohisi3
 .text.libgcc.mul
                0x0000570c       0x14 c:/program files (x86)/atmel/atmel toolchain/avr8 gcc/native/3.5/bin/../lib/gcc/avr/4.8.1/avrxmega2\libgcc.a(_muluhisi3.o)
                0x0000570c                __muluhisi3
 .text.libgcc.mul
                0x00005720       0x1e c:/program files (x86)/atmel/atmel toolchain/avr8 gcc/native/3.5/bin/../lib/gcc/avr/4.8.1/avrxmega2\libgcc.a(_umulhisi3.o)
                0x00005720                __umulhisi3
 .text.avr-libc
                0x0000573e       0xae c:/program files (x86)/atmel/atmel toolchain/avr8 gcc/native/3.5/bin/../lib/gcc/avr/4.8.1/../../../../avr/lib/avrxmega2\libc.a(rand.o)
                0x000057ce                rand_r
                0x000057d0                rand
                0x000057d6                srand
 .text.avr-libc
                0x000057ec       0x12 c:/program files (x86)/atmel/atmel toolchain/avr8 gcc/native/3.5/bin/../lib/gcc/avr/4.8.1/../../../../avr/lib/avrxmega2\libc.a(memcpy_P.o)
                0x000057ec                memcpy_P
 .text.avr-libc
                0x000057fe       0x12 c:/program files (x86)/atmel/atmel toolchain/avr8 gcc/native/3.5/bin/../lib/gcc/avr/4.8.1/../../../../avr/lib/avrxmega2\libc.a(strcmp_P.o)
                0x000057fe                strcmp_P
 .text.avr-libc
                0x00005810       0x20 c:/program files (x86)/atmel/atmel toolchain/avr8 gcc/native/3.5/bin/../lib/gcc/avr/4.8.1/../../../../avr/lib/avrxmega2\libc.a(strncat_P.o)
                0x00005810                strncat_P
 .text.avr-libc
                0x00005830       0x1e c:/program files (x86)/atmel/atmel toolchain/avr8 gcc/native/3.5/bin/../lib/gcc/avr/4.8.1/../../../../avr/lib/avrxmega2\libc.a(strncpy_P.o)
                0x00005830                strncpy_P
 .text.avr-libc
                0x0000584e       0x12 c:/program files (x86)/atmel/atmel toolchain/avr8 gcc/native/3.5/bin/../lib/gcc/avr/4.8.1/../../../../avr/lib/avrxmega2\libc.a(memcpy.o)
                0x0000584e                memcpy
 .text.avr-libc
                0x00005860        0xe c:/program files (x86)/atmel/atmel toolchain/avr8 gcc/native/3.5/bin/../lib/gcc/avr/4.8.1/../../../../avr/lib/avrxmega2\libc.a(memset.o)
                0x00005860                memset
 .text.avr-libc
                0x0000586e       0x5a c:/program files (x86)/atmel/atmel toolchain/avr8 gcc/native/3.5/bin/../lib/gcc/avr/4.8.1/../../../../avr/lib/avrxmega2\libc.a(snprintf_p.o)
                0x0000586e                snprintf_P
 .text.avr-libc
                0x000058c8      0x386 c:/program files (x86)/atmel/atmel toolchain/avr8 gcc/native/3.5/bin/../lib/gcc/avr/4.8.1/../../../../avr/lib/avrxmega2\libc.a(vfprintf_std.o)
                0x000058c8                vfprintf
 .text.avr-libc
                0x00005c4e       0x16 c:/program files (x86)/atmel/atmel toolchain/avr8 gcc/native/3.5/bin/../lib/gcc/avr/4.8.1/../../../../avr/lib/avrxmega2\libc.a(eerd_block_atxmega32a4u.o)
                0x00005c4e                __eerd_block_x32a4u
 .text.avr-libc
                0x00005c64       0x12 c:/program files (x86)/atmel/atmel toolchain/avr8 gcc/native/3.5/bin/../lib/gcc/avr/4.8.1/../../../../avr/lib/avrxmega2\libc.a(eewr_block_atxmega32a4u.o)
                0x00005c64                __eewr_block_x32a4u
 .text.avr-libc
                0x00005c76       0x46 c:/program files (x86)/atmel/atmel toolchain/avr8 gcc/native/3.5/bin/../lib/gcc/avr/4.8.1/../../../../avr/lib/avrxmega2\libc.a(eewr_byte_atxmega32a4u.o)
                0x00005c76                __eewr_byte_x32a4u
                0x00005c78                __eewr_r18_x32a4u
 .text.avr-libc
                0x00005cbc       0x16 c:/program files (x86)/atmel/atmel toolchain/avr8 gcc/native/3.5/bin/../lib/gcc/avr/4.8.1/../../../../avr/lib/avrxmega2\libc.a(strnlen_P.o)
                0x00005cbc                strnlen_P
 .text.avr-libc
                0x00005cd2       0x16 c:/program files (x86)/atmel/atmel toolchain/avr8 gcc/native/3.5/bin/../lib/gcc/avr/4.8.1/../../../../avr/lib/avrxmega2\libc.a(strnlen.o)
                0x00005cd2                strnlen
 .text.avr-libc
                0x00005ce8       0x64 c:/program files (x86)/atmel/atmel toolchain/avr8 gcc/native/3.5/bin/../lib/gcc/avr/4.8.1/../../../../avr/lib/avrxmega2\libc.a(fputc.o)
                0x00005ce8                fputc
 .text.avr-libc
                0x00005d4c       0xbc c:/program files (x86)/atmel/atmel toolchain/avr8 gcc/native/3.5/bin/../lib/gcc/avr/4.8.1/../../../../avr/lib/avrxmega2\libc.a(ultoa_invert.o)
                0x00005d4c                __ultoa_invert
 .text.libgcc.div
                0x00005e08       0x28 c:/program files (x86)/atmel/atmel toolchain/avr8 gcc/native/3.5/bin/../lib/gcc/avr/4.8.1/avrxmega2\libgcc.a(_divmodsi4.o)
                0x00005e08                __divmodsi4
 .text.libgcc.div
                0x00005e30       0x10 c:/program files (x86)/atmel/atmel toolchain/avr8 gcc/native/3.5/bin/../lib/gcc/avr/4.8.1/avrxmega2\libgcc.a(_negsi2.o)
                0x00005e30                __negsi2
 .text.libgcc.prologue
                0x00005e40       0x32 c:/program files (x86)/atmel/atmel toolchain/avr8 gcc/native/3.5/bin/../lib/gcc/avr/4.8.1/avrxmega2\libgcc.a(_prologue.o)
                0x00005e40                __prologue_saves__
 .text.libgcc.prologue
                0x00005e72       0x30 c:/program files (x86)/atmel/atmel toolchain/avr8 gcc/native/3.5/bin/../lib/gcc/avr/4.8.1/avrxmega2\libgcc.a(_epilogue.o)
                0x00005e72                __epilogue_restores__
 .text.libgcc.div
                0x00005ea2       0x44 c:/program files (x86)/atmel/atmel toolchain/avr8 gcc/native/3.5/bin/../lib/gcc/avr/4.8.1/avrxmega2\libgcc.a(_udivmodsi4.o)
                0x00005ea2                __udivmodsi4
                0x00005ee6                . = ALIGN (0x2)
 *(.fini9)
 .fini9         0x00005ee6        0x0 c:/program files (x86)/atmel/atmel toolchain/avr8 gcc/native/3.5/bin/../lib/gcc/avr/4.8.1/avrxmega2\libgcc.a(_exit.o)
                0x00005ee6                _exit
                0x00005ee6                exit
 *(.fini9)
 *(.fini8)
 *(.fini8)
 *(.fini7)
 *(.fini7)
 *(.fini6)
 *(.fini6)
 *(.fini5)
 *(.fini5)
 *(.fini4)
 *(.fini4)
 *(.fini3)
 *(.fini3)
 *(.fini2)
 *(.fini2)
 *(.fini1)
 *(.fini1)
 *(.fini0)
 .fini0         0x00005ee6        0x4 c:/program files (x86)/atmel/atmel toolchain/avr8 gcc/native/3.5/bin/../lib/gcc/avr/4.8.1/avrxmega2\libgcc.a(_exit.o)
 *(.fini0)
                0x00005eea                _etext = .

.data           0x00802000       0x92 load address 0x00005eea
                0x00802000                PROVIDE (__data_start, .)
 *(.data)
 .data          0x00802000       0x1c Bin/Terminal.o
                0x00802001                TerminalHandle
 .data          0x0080201c        0x4 c:/program files (x86)/atmel/atmel toolchain/avr8 gcc/native/3.5/bin/../lib/gcc/avr/4.8.1/../../../../avr/lib/avrxmega2\libc.a(rand.o)
 *(.data*)
 *(.rodata)
 .rodata        0x00802020       0x70 Bin/Crypto1.o
 *(.rodata*)
 .rodata.str1.1
                0x00802090        0x1 Bin/Commands.o
 *(.gnu.linkonce.d*)
                0x00802092                . = ALIGN (0x2)
 *fill*         0x00802091        0x1 
                0x00802092                _edata = .
                0x00802092                PROVIDE (__data_end, .)

.bss            0x00802092      0xe37
                0x00802092                PROVIDE (__bss_start, .)
 *(.bss)
 .bss           0x00802092      0x400 Bin/Memory.o
 .bss           0x00802492        0x1 Bin/Button.o
 .bss           0x00802493      0x404 Bin/Log.o
 .bss           0x00802897        0x3 Bin/LED.o
                0x00802897                LEDRedAction
                0x00802898                LEDGreenAction
 .bss           0x0080289a        0x1 Bin/Terminal.o
                0x0080289a                TerminalState
 .bss           0x0080289b        0xf Bin/XModem.o
 .bss           0x008028aa        0x2 Bin/CommandLine.o
 .bss           0x008028ac       0x10 Bin/ISO14443-2A.o
 .bss           0x008028bc        0x2 Bin/MifareUltralight.o
 .bss           0x008028be       0x1e Bin/MifareClassic.o
 .bss           0x008028dc        0x6 Bin/Crypto1.o
 *(.bss*)
 *(COMMON)
 COMMON         0x008028e2       0x25 Bin/Configuration.o
                0x008028e2                ActiveConfiguration
 COMMON         0x00802907        0x2 Bin/Log.o
                0x00802907                LogFunc
 COMMON         0x00802909       0x33 Bin/Settings.o
                0x00802909                GlobalSettings
 COMMON         0x0080293c      0x100 Bin/Terminal.o
                0x0080293c                TerminalBuffer
 COMMON         0x00802a3c      0x100 Bin/Codec.o
                0x00802a3c                CodecBuffer
 COMMON         0x00802b3c        0x3 Bin/DeviceStandardReq.o
                0x00802b3c                USB_Device_ConfigurationNumber
                0x00802b3d                USB_Device_CurrentlySelfPowered
                0x00802b3e                USB_Device_RemoteWakeupEnabled
 COMMON         0x00802b3f        0xa Bin/USBTask.o
                0x00802b3f                USB_IsInitialized
                0x00802b40                USB_DeviceState
                0x00802b41                USB_ControlRequest
 COMMON         0x00802b49      0x31d Bin/Endpoint_XMEGA.o
                0x00802b49                USB_Endpoint_SelectedFIFO
                0x00802b4b                USB_Endpoint_SelectedHandle
                0x00802b4d                USB_Endpoint_SelectedEndpoint
                0x00802b4e                USB_Endpoint_FIFOs
 COMMON         0x00802e66       0x63 Bin/USBController_XMEGA.o
                0x00802e66                USB_EndpointTable
                0x00802ec9                PROVIDE (__bss_end, .)
                0x00005eea                __data_load_start = LOADADDR (.data)
                0x00005f7c                __data_load_end = (__data_load_start + SIZEOF (.data))

.noinit         0x00802ec9        0x0
                0x00802ec9                PROVIDE (__noinit_start, .)
 *(.noinit*)
                0x00802ec9                PROVIDE (__noinit_end, .)
                0x00802ec9                _end = .
                0x00802ec9                PROVIDE (__heap_start, .)

.eeprom         0x00810000       0x33
 *(.eeprom*)
 .eeprom        0x00810000       0x33 Bin/Settings.o
                0x00810000                StoredSettings
                0x00810033                __eeprom_end = .

.fuse
 *(.fuse)
 *(.lfuse)
 *(.hfuse)
 *(.efuse)

.lock
 *(.lock*)

.signature
 *(.signature*)

.user_signatures
 *(.user_signatures*)

.stab
 *(.stab)

.stabstr
 *(.stabstr)

.stab.excl
 *(.stab.excl)

.stab.exclstr
 *(.stab.exclstr)

.stab.index
 *(.stab.index)

.stab.indexstr
 *(.stab.indexstr)

.comment        0x00000000       0x8b
 *(.comment)
 .comment       0x00000000       0x2f Bin/Chameleon-Mini.o
                                 0x30 (size before relaxing)
 .comment       0x0000002f       0x30 Bin/LUFADescriptors.o
                                 0x31 (size before relaxing)
 .comment       0x00000000       0x31 Bin/System.o
 .comment       0x00000000       0x31 Bin/Configuration.o
 .comment       0x00000000       0x31 Bin/Random.o
 .comment       0x00000000       0x31 Bin/Common.o
 .comment       0x00000000       0x31 Bin/Memory.o
 .comment       0x00000000       0x31 Bin/Button.o
 .comment       0x00000000       0x31 Bin/Log.o
 .comment       0x00000000       0x31 Bin/Settings.o
 .comment       0x00000000       0x31 Bin/LED.o
 .comment       0x00000000       0x31 Bin/Terminal.o
 .comment       0x00000000       0x31 Bin/Commands.o
 .comment       0x00000000       0x31 Bin/XModem.o
 .comment       0x00000000       0x31 Bin/CommandLine.o
 .comment       0x00000000       0x31 Bin/Codec.o
 .comment       0x00000000       0x31 Bin/ISO14443-2A.o
 .comment       0x00000000       0x31 Bin/MifareUltralight.o
 .comment       0x00000000       0x31 Bin/MifareClassic.o
 .comment       0x00000000       0x31 Bin/ISO14443-3A.o
 .comment       0x00000000       0x31 Bin/Crypto1.o
 .comment       0x00000000       0x31 Bin/DeviceStandardReq.o
 .comment       0x00000000       0x31 Bin/Events.o
 .comment       0x00000000       0x31 Bin/USBTask.o
 .comment       0x00000000       0x31 Bin/EndpointStream_XMEGA.o
 .comment       0x00000000       0x31 Bin/Endpoint_XMEGA.o
 .comment       0x00000000       0x31 Bin/USBController_XMEGA.o
 .comment       0x00000000       0x31 Bin/USBInterrupt_XMEGA.o
 .comment       0x00000000       0x31 Bin/CDCClassDevice.o
 .comment       0x00000000       0x31 c:/program files (x86)/atmel/atmel toolchain/avr8 gcc/native/3.5/bin/../lib/gcc/avr/4.8.1/../../../../avr/lib/avrxmega2\libc.a(rand.o)
 .comment       0x00000000       0x31 c:/program files (x86)/atmel/atmel toolchain/avr8 gcc/native/3.5/bin/../lib/gcc/avr/4.8.1/../../../../avr/lib/avrxmega2\libc.a(snprintf_p.o)
 .comment       0x0000005f       0x2c c:/program files (x86)/atmel/atmel toolchain/avr8 gcc/native/3.5/bin/../lib/gcc/avr/4.8.1/../../../../avr/lib/avrxmega2\libc.a(vfprintf_std.o)
                                 0x2d (size before relaxing)
 .comment       0x00000000       0x31 c:/program files (x86)/atmel/atmel toolchain/avr8 gcc/native/3.5/bin/../lib/gcc/avr/4.8.1/../../../../avr/lib/avrxmega2\libc.a(fputc.o)

.note.gnu.build-id
 *(.note.gnu.build-id)

.debug
 *(.debug)

.line
 *(.line)

.debug_srcinfo
 *(.debug_srcinfo)

.debug_sfnames
 *(.debug_sfnames)

.debug_aranges  0x00000000      0x970
 *(.debug_aranges)
 .debug_aranges
                0x00000000       0x20 Bin/Chameleon-Mini.o
 .debug_aranges
                0x00000020       0x20 Bin/LUFADescriptors.o
 .debug_aranges
                0x00000040       0x58 Bin/System.o
 .debug_aranges
                0x00000098       0x78 Bin/Configuration.o
 .debug_aranges
                0x00000110       0x38 Bin/Random.o
 .debug_aranges
                0x00000148       0x28 Bin/Common.o
 .debug_aranges
                0x00000170       0x58 Bin/Memory.o
 .debug_aranges
                0x000001c8       0x50 Bin/Button.o
 .debug_aranges
                0x00000218       0x80 Bin/Log.o
 .debug_aranges
                0x00000298       0x50 Bin/Settings.o
 .debug_aranges
                0x000002e8       0x50 Bin/LED.o
 .debug_aranges
                0x00000338       0x68 Bin/Terminal.o
 .debug_aranges
                0x000003a0      0x140 Bin/Commands.o
 .debug_aranges
                0x000004e0       0x38 Bin/XModem.o
 .debug_aranges
                0x00000518       0x30 Bin/CommandLine.o
 .debug_aranges
                0x00000548       0x18 Bin/Codec.o
 .debug_aranges
                0x00000560       0x48 Bin/ISO14443-2A.o
 .debug_aranges
                0x000005a8       0x48 Bin/MifareUltralight.o
 .debug_aranges
                0x000005f0       0x58 Bin/MifareClassic.o
 .debug_aranges
                0x00000648       0x28 Bin/ISO14443-3A.o
 .debug_aranges
                0x00000670       0x50 Bin/Crypto1.o
 .debug_aranges
                0x000006c0       0x20 Bin/DeviceStandardReq.o
 .debug_aranges
                0x000006e0       0x20 Bin/Events.o
 .debug_aranges
                0x00000700       0x20 Bin/USBTask.o
 .debug_aranges
                0x00000720       0xc8 Bin/EndpointStream_XMEGA.o
 .debug_aranges
                0x000007e8       0x90 Bin/Endpoint_XMEGA.o
 .debug_aranges
                0x00000878       0x30 Bin/USBController_XMEGA.o
 .debug_aranges
                0x000008a8       0x30 Bin/USBInterrupt_XMEGA.o
 .debug_aranges
                0x000008d8       0x98 Bin/CDCClassDevice.o

.debug_pubnames
 *(.debug_pubnames)

.debug_info     0x00000000    0x153c4
 *(.debug_info .gnu.linkonce.wi.*)
 .debug_info    0x00000000      0xe9a Bin/Chameleon-Mini.o
 .debug_info    0x00000e9a      0x962 Bin/LUFADescriptors.o
 .debug_info    0x000017fc      0xf3a Bin/System.o
 .debug_info    0x00002736      0x78e Bin/Configuration.o
 .debug_info    0x00002ec4      0x177 Bin/Random.o
 .debug_info    0x0000303b      0x1b3 Bin/Common.o
 .debug_info    0x000031ee     0x1441 Bin/Memory.o
 .debug_info    0x0000462f      0xc16 Bin/Button.o
 .debug_info    0x00005245      0xe26 Bin/Log.o
 .debug_info    0x0000606b      0x70d Bin/Settings.o
 .debug_info    0x00006778      0xa63 Bin/LED.o
 .debug_info    0x000071db      0xbc1 Bin/Terminal.o
 .debug_info    0x00007d9c     0x1e67 Bin/Commands.o
 .debug_info    0x00009c03      0xa26 Bin/XModem.o
 .debug_info    0x0000a629      0x9c9 Bin/CommandLine.o
 .debug_info    0x0000aff2      0x203 Bin/Codec.o
 .debug_info    0x0000b1f5     0x1b56 Bin/ISO14443-2A.o
 .debug_info    0x0000cd4b      0x9d8 Bin/MifareUltralight.o
 .debug_info    0x0000d723     0x12cb Bin/MifareClassic.o
 .debug_info    0x0000e9ee      0x179 Bin/ISO14443-3A.o
 .debug_info    0x0000eb67      0x420 Bin/Crypto1.o
 .debug_info    0x0000ef87     0x119b Bin/DeviceStandardReq.o
 .debug_info    0x00010122       0x7f Bin/Events.o
 .debug_info    0x000101a1      0x433 Bin/USBTask.o
 .debug_info    0x000105d4     0x198f Bin/EndpointStream_XMEGA.o
 .debug_info    0x00011f63      0xd09 Bin/Endpoint_XMEGA.o
 .debug_info    0x00012c6c      0xd3e Bin/USBController_XMEGA.o
 .debug_info    0x000139aa      0xa7b Bin/USBInterrupt_XMEGA.o
 .debug_info    0x00014425      0xf9f Bin/CDCClassDevice.o

.debug_abbrev   0x00000000     0x4448
 *(.debug_abbrev)
 .debug_abbrev  0x00000000      0x1d9 Bin/Chameleon-Mini.o
 .debug_abbrev  0x000001d9      0x1bb Bin/LUFADescriptors.o
 .debug_abbrev  0x00000394      0x16b Bin/System.o
 .debug_abbrev  0x000004ff      0x25f Bin/Configuration.o
 .debug_abbrev  0x0000075e      0x113 Bin/Random.o
 .debug_abbrev  0x00000871       0xb2 Bin/Common.o
 .debug_abbrev  0x00000923      0x351 Bin/Memory.o
 .debug_abbrev  0x00000c74      0x2f5 Bin/Button.o
 .debug_abbrev  0x00000f69      0x39c Bin/Log.o
 .debug_abbrev  0x00001305      0x217 Bin/Settings.o
 .debug_abbrev  0x0000151c      0x2b2 Bin/LED.o
 .debug_abbrev  0x000017ce      0x322 Bin/Terminal.o
 .debug_abbrev  0x00001af0      0x397 Bin/Commands.o
 .debug_abbrev  0x00001e87      0x2b4 Bin/XModem.o
 .debug_abbrev  0x0000213b      0x2c5 Bin/CommandLine.o
 .debug_abbrev  0x00002400       0xc4 Bin/Codec.o
 .debug_abbrev  0x000024c4      0x328 Bin/ISO14443-2A.o
 .debug_abbrev  0x000027ec      0x260 Bin/MifareUltralight.o
 .debug_abbrev  0x00002a4c      0x2f5 Bin/MifareClassic.o
 .debug_abbrev  0x00002d41       0xa6 Bin/ISO14443-3A.o
 .debug_abbrev  0x00002de7      0x1a9 Bin/Crypto1.o
 .debug_abbrev  0x00002f90      0x38d Bin/DeviceStandardReq.o
 .debug_abbrev  0x0000331d       0x44 Bin/Events.o
 .debug_abbrev  0x00003361      0x21b Bin/USBTask.o
 .debug_abbrev  0x0000357c      0x252 Bin/EndpointStream_XMEGA.o
 .debug_abbrev  0x000037ce      0x300 Bin/Endpoint_XMEGA.o
 .debug_abbrev  0x00003ace      0x2f7 Bin/USBController_XMEGA.o
 .debug_abbrev  0x00003dc5      0x266 Bin/USBInterrupt_XMEGA.o
 .debug_abbrev  0x0000402b      0x41d Bin/CDCClassDevice.o

.debug_line     0x00000000     0x8de3
 *(.debug_line .debug_line.* .debug_line_end)
 .debug_line    0x00000000      0x41a Bin/Chameleon-Mini.o
 .debug_line    0x0000041a      0x2fb Bin/LUFADescriptors.o
 .debug_line    0x00000715      0x271 Bin/System.o
 .debug_line    0x00000986      0x3a3 Bin/Configuration.o
 .debug_line    0x00000d29      0x105 Bin/Random.o
 .debug_line    0x00000e2e      0x213 Bin/Common.o
 .debug_line    0x00001041      0x9a7 Bin/Memory.o
 .debug_line    0x000019e8      0x496 Bin/Button.o
 .debug_line    0x00001e7e      0x4da Bin/Log.o
 .debug_line    0x00002358      0x302 Bin/Settings.o
 .debug_line    0x0000265a      0x43e Bin/LED.o
 .debug_line    0x00002a98      0x41a Bin/Terminal.o
 .debug_line    0x00002eb2      0xa13 Bin/Commands.o
 .debug_line    0x000038c5      0x501 Bin/XModem.o
 .debug_line    0x00003dc6      0x39c Bin/CommandLine.o
 .debug_line    0x00004162       0xa0 Bin/Codec.o
 .debug_line    0x00004202      0x6a4 Bin/ISO14443-2A.o
 .debug_line    0x000048a6      0x3af Bin/MifareUltralight.o
 .debug_line    0x00004c55      0x92f Bin/MifareClassic.o
 .debug_line    0x00005584      0x16c Bin/ISO14443-3A.o
 .debug_line    0x000056f0      0x45f Bin/Crypto1.o
 .debug_line    0x00005b4f      0x49f Bin/DeviceStandardReq.o
 .debug_line    0x00005fee       0x4f Bin/Events.o
 .debug_line    0x0000603d      0x1eb Bin/USBTask.o
 .debug_line    0x00006228     0x1570 Bin/EndpointStream_XMEGA.o
 .debug_line    0x00007798      0x6d0 Bin/Endpoint_XMEGA.o
 .debug_line    0x00007e68      0x38d Bin/USBController_XMEGA.o
 .debug_line    0x000081f5      0x392 Bin/USBInterrupt_XMEGA.o
 .debug_line    0x00008587      0x85c Bin/CDCClassDevice.o

.debug_frame    0x00000000     0x19fc
 *(.debug_frame)
 .debug_frame   0x00000000       0x24 Bin/Chameleon-Mini.o
 .debug_frame   0x00000024       0x24 Bin/LUFADescriptors.o
 .debug_frame   0x00000048       0xa0 Bin/System.o
 .debug_frame   0x000000e8       0xfc Bin/Configuration.o
 .debug_frame   0x000001e4       0x64 Bin/Random.o
 .debug_frame   0x00000248       0x40 Bin/Common.o
 .debug_frame   0x00000288      0x170 Bin/Memory.o
 .debug_frame   0x000003f8       0xc8 Bin/Button.o
 .debug_frame   0x000004c0      0x114 Bin/Log.o
 .debug_frame   0x000005d4       0x9c Bin/Settings.o
 .debug_frame   0x00000670       0xa8 Bin/LED.o
 .debug_frame   0x00000718       0xcc Bin/Terminal.o
 .debug_frame   0x000007e4      0x3d0 Bin/Commands.o
 .debug_frame   0x00000bb4       0x5c Bin/XModem.o
 .debug_frame   0x00000c10       0x68 Bin/CommandLine.o
 .debug_frame   0x00000c78      0x118 Bin/ISO14443-2A.o
 .debug_frame   0x00000d90       0xbc Bin/MifareUltralight.o
 .debug_frame   0x00000e4c       0xf8 Bin/MifareClassic.o
 .debug_frame   0x00000f44       0x34 Bin/ISO14443-3A.o
 .debug_frame   0x00000f78      0x13c Bin/Crypto1.o
 .debug_frame   0x000010b4       0x40 Bin/DeviceStandardReq.o
 .debug_frame   0x000010f4       0x24 Bin/Events.o
 .debug_frame   0x00001118       0x2c Bin/USBTask.o
 .debug_frame   0x00001144      0x4a0 Bin/EndpointStream_XMEGA.o
 .debug_frame   0x000015e4      0x15c Bin/Endpoint_XMEGA.o
 .debug_frame   0x00001740       0x50 Bin/USBController_XMEGA.o
 .debug_frame   0x00001790       0x8c Bin/USBInterrupt_XMEGA.o
 .debug_frame   0x0000181c      0x1e0 Bin/CDCClassDevice.o

.debug_str      0x00000000     0x63bb
 *(.debug_str)
 .debug_str     0x00000000      0xb9a Bin/Chameleon-Mini.o
                                0xc5f (size before relaxing)
 .debug_str     0x00000b9a      0x996 Bin/LUFADescriptors.o
                                0xc04 (size before relaxing)
 .debug_str     0x00001530      0x9d2 Bin/System.o
                                0xd1d (size before relaxing)
 .debug_str     0x00001f02      0x402 Bin/Configuration.o
                                0x865 (size before relaxing)
 .debug_str     0x00002304       0x2c Bin/Random.o
                                0x1fe (size before relaxing)
 .debug_str     0x00002330       0x56 Bin/Common.o
                                0x221 (size before relaxing)
 .debug_str     0x00002386      0x37b Bin/Memory.o
                                0xad7 (size before relaxing)
 .debug_str     0x00002701      0x205 Bin/Button.o
                                0x9f1 (size before relaxing)
 .debug_str     0x00002906      0x112 Bin/Log.o
                                0xaa1 (size before relaxing)
 .debug_str     0x00002a18       0xc0 Bin/Settings.o
                                0x89c (size before relaxing)
 .debug_str     0x00002ad8       0x8f Bin/LED.o
                                0x933 (size before relaxing)
 .debug_str     0x00002b67      0x253 Bin/Terminal.o
                                0x943 (size before relaxing)
 .debug_str     0x00002dba      0x510 Bin/Commands.o
                               0x106b (size before relaxing)
 .debug_str     0x000032ca      0x130 Bin/XModem.o
                                0x61a (size before relaxing)
 .debug_str     0x000033fa       0xc1 Bin/CommandLine.o
                                0x5f7 (size before relaxing)
 .debug_str     0x000034bb       0x1a Bin/Codec.o
                                0x35f (size before relaxing)
 .debug_str     0x000034d5     0x12ff Bin/ISO14443-2A.o
                               0x1e2a (size before relaxing)
 .debug_str     0x000047d4      0x17d Bin/MifareUltralight.o
                                0x5d9 (size before relaxing)
 .debug_str     0x00004951      0x272 Bin/MifareClassic.o
                                0x77f (size before relaxing)
 .debug_str     0x00004bc3       0x1a Bin/ISO14443-3A.o
                                0x218 (size before relaxing)
 .debug_str     0x00004bdd       0x95 Bin/Crypto1.o
                                0x2a6 (size before relaxing)
 .debug_str     0x00004c72      0xa21 Bin/DeviceStandardReq.o
                               0x1216 (size before relaxing)
 .debug_str     0x00005693       0x31 Bin/Events.o
                                0x1c5 (size before relaxing)
 .debug_str     0x000056c4       0x6d Bin/USBTask.o
                                0x491 (size before relaxing)
 .debug_str     0x00005731      0x4e3 Bin/EndpointStream_XMEGA.o
                                0x9a9 (size before relaxing)
 .debug_str     0x00005c14      0x2bc Bin/Endpoint_XMEGA.o
                                0xb17 (size before relaxing)
 .debug_str     0x00005ed0      0x1bb Bin/USBController_XMEGA.o
                                0xea7 (size before relaxing)
 .debug_str     0x0000608b       0xaa Bin/USBInterrupt_XMEGA.o
                                0x978 (size before relaxing)
 .debug_str     0x00006135      0x286 Bin/CDCClassDevice.o
                                0xb41 (size before relaxing)

.debug_loc      0x00000000     0xad30
 *(.debug_loc)
 .debug_loc     0x00000000      0x253 Bin/LUFADescriptors.o
 .debug_loc     0x00000253       0x2f Bin/System.o
 .debug_loc     0x00000282      0x4a7 Bin/Configuration.o
 .debug_loc     0x00000729       0xde Bin/Random.o
 .debug_loc     0x00000807      0x34b Bin/Common.o
 .debug_loc     0x00000b52      0xedd Bin/Memory.o
 .debug_loc     0x00001a2f      0x80b Bin/Button.o
 .debug_loc     0x0000223a      0x675 Bin/Log.o
 .debug_loc     0x000028af      0x205 Bin/Settings.o
 .debug_loc     0x00002ab4      0x5d8 Bin/LED.o
 .debug_loc     0x0000308c      0x1e4 Bin/Terminal.o
 .debug_loc     0x00003270      0xee7 Bin/Commands.o
 .debug_loc     0x00004157      0x34b Bin/XModem.o
 .debug_loc     0x000044a2      0x4df Bin/CommandLine.o
 .debug_loc     0x00004981      0x523 Bin/ISO14443-2A.o
 .debug_loc     0x00004ea4      0x663 Bin/MifareUltralight.o
 .debug_loc     0x00005507      0xd8a Bin/MifareClassic.o
 .debug_loc     0x00006291      0x317 Bin/ISO14443-3A.o
 .debug_loc     0x000065a8      0x7ad Bin/Crypto1.o
 .debug_loc     0x00006d55      0x2d8 Bin/DeviceStandardReq.o
 .debug_loc     0x0000702d       0x22 Bin/USBTask.o
 .debug_loc     0x0000704f     0x2acb Bin/EndpointStream_XMEGA.o
 .debug_loc     0x00009b1a      0x58b Bin/Endpoint_XMEGA.o
 .debug_loc     0x0000a0a5       0x80 Bin/USBController_XMEGA.o
 .debug_loc     0x0000a125      0x200 Bin/USBInterrupt_XMEGA.o
 .debug_loc     0x0000a325      0xa0b Bin/CDCClassDevice.o

.debug_macinfo
 *(.debug_macinfo)

.debug_weaknames
 *(.debug_weaknames)

.debug_funcnames
 *(.debug_funcnames)

.debug_typenames
 *(.debug_typenames)

.debug_varnames
 *(.debug_varnames)

.debug_pubtypes
 *(.debug_pubtypes)

.debug_ranges   0x00000000     0x1568
 *(.debug_ranges)
 .debug_ranges  0x00000000       0x28 Bin/Chameleon-Mini.o
 .debug_ranges  0x00000028       0x10 Bin/LUFADescriptors.o
 .debug_ranges  0x00000038       0x48 Bin/System.o
 .debug_ranges  0x00000080       0xb8 Bin/Configuration.o
 .debug_ranges  0x00000138       0x28 Bin/Random.o
 .debug_ranges  0x00000160       0x48 Bin/Common.o
 .debug_ranges  0x000001a8      0x298 Bin/Memory.o
 .debug_ranges  0x00000440       0x90 Bin/Button.o
 .debug_ranges  0x000004d0       0x70 Bin/Log.o
 .debug_ranges  0x00000540       0x40 Bin/Settings.o
 .debug_ranges  0x00000580       0xe8 Bin/LED.o
 .debug_ranges  0x00000668       0xa0 Bin/Terminal.o
 .debug_ranges  0x00000708      0x168 Bin/Commands.o
 .debug_ranges  0x00000870       0x40 Bin/XModem.o
 .debug_ranges  0x000008b0       0xc8 Bin/CommandLine.o
 .debug_ranges  0x00000978       0xc0 Bin/ISO14443-2A.o
 .debug_ranges  0x00000a38       0xb8 Bin/MifareUltralight.o
 .debug_ranges  0x00000af0      0x1c0 Bin/MifareClassic.o
 .debug_ranges  0x00000cb0       0x18 Bin/ISO14443-3A.o
 .debug_ranges  0x00000cc8       0x40 Bin/Crypto1.o
 .debug_ranges  0x00000d08       0xf0 Bin/DeviceStandardReq.o
 .debug_ranges  0x00000df8       0x10 Bin/Events.o
 .debug_ranges  0x00000e08       0x38 Bin/USBTask.o
 .debug_ranges  0x00000e40      0x4f0 Bin/EndpointStream_XMEGA.o
 .debug_ranges  0x00001330       0xf8 Bin/Endpoint_XMEGA.o
 .debug_ranges  0x00001428       0x20 Bin/USBController_XMEGA.o
 .debug_ranges  0x00001448       0x20 Bin/USBInterrupt_XMEGA.o
 .debug_ranges  0x00001468      0x100 Bin/CDCClassDevice.o

.debug_macro
 *(.debug_macro)
OUTPUT(Chameleon-Mini.elf elf32-avr)
LOAD linker stubs

Cross Reference Table

Symbol                                            File
ActiveConfiguration                               Bin/Configuration.o
                                                  Bin/MifareClassic.o
                                                  Bin/MifareUltralight.o
                                                  Bin/ISO14443-2A.o
                                                  Bin/Commands.o
                                                  Bin/Button.o
                                                  Bin/Chameleon-Mini.o
Audio_Device_ConfigureEndpoints                   Bin/AudioClassDevice.o
Audio_Device_Event_Stub                           Bin/AudioClassDevice.o
Audio_Device_ProcessControlRequest                Bin/AudioClassDevice.o
BufferToHexString                                 Bin/Common.o
                                                  Bin/Commands.o
ButtonGetActionByName                             Bin/Button.o
                                                  Bin/Commands.o
ButtonGetActionList                               Bin/Button.o
                                                  Bin/Commands.o
ButtonInit                                        Bin/Button.o
                                                  Bin/Chameleon-Mini.o
ButtonSetActionById                               Bin/Button.o
ButtonSetActionByName                             Bin/Button.o
                                                  Bin/Commands.o
ButtonTick                                        Bin/Button.o
                                                  Bin/Chameleon-Mini.o
CALLBACK_Audio_Device_GetSetEndpointProperty      Bin/AudioClassDevice.o
CALLBACK_Audio_Device_GetSetInterfaceProperty     Bin/AudioClassDevice.o
CALLBACK_HIDParser_FilterHIDReportItem            Bin/HIDParser.o
CALLBACK_HID_Device_CreateHIDReport               Bin/HIDClassDevice.o
CALLBACK_HID_Device_ProcessHIDReport              Bin/HIDClassDevice.o
CALLBACK_MS_Device_SCSICommandReceived            Bin/MassStorageClassDevice.o
CALLBACK_USB_GetDescriptor                        Bin/LUFADescriptors.o
                                                  Bin/DeviceStandardReq.o
CDC_Device_BytesReceived                          Bin/CDCClassDevice.o
CDC_Device_ConfigureEndpoints                     Bin/CDCClassDevice.o
                                                  Bin/Terminal.o
CDC_Device_CreateBlockingStream                   Bin/CDCClassDevice.o
CDC_Device_CreateStream                           Bin/CDCClassDevice.o
CDC_Device_Event_Stub                             Bin/CDCClassDevice.o
CDC_Device_Flush                                  Bin/CDCClassDevice.o
CDC_Device_ProcessControlRequest                  Bin/CDCClassDevice.o
                                                  Bin/Terminal.o
CDC_Device_ReceiveByte                            Bin/CDCClassDevice.o
                                                  Bin/Terminal.o
CDC_Device_SendByte                               Bin/CDCClassDevice.o
                                                  Bin/XModem.o
                                                  Bin/Terminal.o
                                                  Bin/Log.o
CDC_Device_SendControlLineStateChange             Bin/CDCClassDevice.o
CDC_Device_SendData                               Bin/CDCClassDevice.o
                                                  Bin/Terminal.o
CDC_Device_SendString                             Bin/CDCClassDevice.o
                                                  Bin/Terminal.o
CDC_Device_USBTask                                Bin/CDCClassDevice.o
                                                  Bin/Terminal.o
CodecBuffer                                       Bin/Codec.o
                                                  Bin/ISO14443-2A.o
CommandExecButton                                 Bin/Commands.o
                                                  Bin/CommandLine.o
CommandExecButtonLong                             Bin/Commands.o
                                                  Bin/CommandLine.o
CommandExecClear                                  Bin/Commands.o
                                                  Bin/CommandLine.o
CommandExecConfig                                 Bin/Commands.o
                                                  Bin/CommandLine.o
CommandExecDownload                               Bin/Commands.o
                                                  Bin/CommandLine.o
CommandExecHelp                                   Bin/Commands.o
                                                  Bin/CommandLine.o
CommandExecLedGreen                               Bin/Commands.o
                                                  Bin/CommandLine.o
CommandExecLedRed                                 Bin/Commands.o
                                                  Bin/CommandLine.o
CommandExecLogMem                                 Bin/Commands.o
                                                  Bin/CommandLine.o
CommandExecLogMode                                Bin/Commands.o
                                                  Bin/CommandLine.o
CommandExecReset                                  Bin/Commands.o
                                                  Bin/CommandLine.o
CommandExecUpgrade                                Bin/Commands.o
                                                  Bin/CommandLine.o
CommandExecUpload                                 Bin/Commands.o
                                                  Bin/CommandLine.o
CommandGetButton                                  Bin/Commands.o
                                                  Bin/CommandLine.o
CommandGetButtonLong                              Bin/Commands.o
                                                  Bin/CommandLine.o
CommandGetConfig                                  Bin/Commands.o
                                                  Bin/CommandLine.o
CommandGetLedGreen                                Bin/Commands.o
                                                  Bin/CommandLine.o
CommandGetLedRed                                  Bin/Commands.o
                                                  Bin/CommandLine.o
CommandGetLogMem                                  Bin/Commands.o
                                                  Bin/CommandLine.o
CommandGetLogMode                                 Bin/Commands.o
                                                  Bin/CommandLine.o
CommandGetMemSize                                 Bin/Commands.o
                                                  Bin/CommandLine.o
CommandGetReadOnly                                Bin/Commands.o
                                                  Bin/CommandLine.o
CommandGetRssi                                    Bin/Commands.o
                                                  Bin/CommandLine.o
CommandGetSetting                                 Bin/Commands.o
                                                  Bin/CommandLine.o
CommandGetUid                                     Bin/Commands.o
                                                  Bin/CommandLine.o
CommandGetUidSize                                 Bin/Commands.o
                                                  Bin/CommandLine.o
CommandGetVersion                                 Bin/Commands.o
                                                  Bin/CommandLine.o
CommandLineInit                                   Bin/CommandLine.o
CommandLineProcessByte                            Bin/CommandLine.o
                                                  Bin/Terminal.o
CommandLineTick                                   Bin/CommandLine.o
                                                  Bin/Terminal.o
CommandSetButton                                  Bin/Commands.o
                                                  Bin/CommandLine.o
CommandSetButtonLong                              Bin/Commands.o
                                                  Bin/CommandLine.o
CommandSetConfig                                  Bin/Commands.o
                                                  Bin/CommandLine.o
CommandSetLedGreen                                Bin/Commands.o
                                                  Bin/CommandLine.o
CommandSetLedRed                                  Bin/Commands.o
                                                  Bin/CommandLine.o
CommandSetLogMem                                  Bin/Commands.o
                                                  Bin/CommandLine.o
CommandSetLogMode                                 Bin/Commands.o
                                                  Bin/CommandLine.o
CommandSetReadOnly                                Bin/Commands.o
                                                  Bin/CommandLine.o
CommandSetSetting                                 Bin/Commands.o
                                                  Bin/CommandLine.o
CommandSetUid                                     Bin/Commands.o
                                                  Bin/CommandLine.o
CommandTable                                      Bin/CommandLine.o
                                                  Bin/Commands.o
ConfigurationDescriptor                           Bin/LUFADescriptors.o
ConfigurationGetList                              Bin/Configuration.o
                                                  Bin/Commands.o
ConfigurationInit                                 Bin/Configuration.o
                                                  Bin/Settings.o
                                                  Bin/Chameleon-Mini.o
ConfigurationSetById                              Bin/Configuration.o
ConfigurationSetByName                            Bin/Configuration.o
                                                  Bin/Commands.o
Crypto1Auth                                       Bin/Crypto1.o
                                                  Bin/MifareClassic.o
Crypto1Byte                                       Bin/Crypto1.o
                                                  Bin/MifareClassic.o
Crypto1FilterOutput                               Bin/Crypto1.o
                                                  Bin/MifareClassic.o
Crypto1Nibble                                     Bin/Crypto1.o
                                                  Bin/MifareClassic.o
Crypto1PRNG                                       Bin/Crypto1.o
                                                  Bin/MifareClassic.o
Crypto1Setup                                      Bin/Crypto1.o
                                                  Bin/MifareClassic.o
DeviceDescriptor                                  Bin/LUFADescriptors.o
EVENT_Audio_Device_StreamStartStop                Bin/AudioClassDevice.o
EVENT_CDC_Device_BreakSent                        Bin/CDCClassDevice.o
EVENT_CDC_Device_ControLineStateChanged           Bin/CDCClassDevice.o
EVENT_CDC_Device_LineEncodingChanged              Bin/CDCClassDevice.o
EVENT_PRNT_Device_SoftReset                       Bin/PrinterClassDevice.o
EVENT_USB_Device_ConfigurationChanged             Bin/Terminal.o
                                                  Bin/DeviceStandardReq.o
EVENT_USB_Device_Connect                          Bin/Terminal.o
                                                  Bin/USBInterrupt_XMEGA.o
EVENT_USB_Device_ControlRequest                   Bin/Terminal.o
                                                  Bin/DeviceStandardReq.o
EVENT_USB_Device_Disconnect                       Bin/Terminal.o
                                                  Bin/USBInterrupt_XMEGA.o
EVENT_USB_Device_Reset                            Bin/Events.o
                                                  Bin/USBInterrupt_XMEGA.o
EVENT_USB_Device_StartOfFrame                     Bin/Events.o
                                                  Bin/USBInterrupt_XMEGA.o
EVENT_USB_Device_Suspend                          Bin/Events.o
EVENT_USB_Device_WakeUp                           Bin/Events.o
Endpoint_ClearEndpoints                           Bin/Endpoint_XMEGA.o
                                                  Bin/USBInterrupt_XMEGA.o
Endpoint_ClearIN                                  Bin/Endpoint_XMEGA.o
                                                  Bin/RNDISClassDevice.o
                                                  Bin/PrinterClassDevice.o
                                                  Bin/MIDIClassDevice.o
                                                  Bin/MassStorageClassDevice.o
                                                  Bin/HIDClassDevice.o
                                                  Bin/CDCClassDevice.o
                                                  Bin/AudioClassDevice.o
                                                  Bin/EndpointStream_XMEGA.o
                                                  Bin/DeviceStandardReq.o
Endpoint_ClearOUT                                 Bin/Endpoint_XMEGA.o
                                                  Bin/RNDISClassDevice.o
                                                  Bin/PrinterClassDevice.o
                                                  Bin/MIDIClassDevice.o
                                                  Bin/MassStorageClassDevice.o
                                                  Bin/HIDClassDevice.o
                                                  Bin/CDCClassDevice.o
                                                  Bin/AudioClassDevice.o
                                                  Bin/EndpointStream_XMEGA.o
                                                  Bin/DeviceStandardReq.o
Endpoint_ClearSETUP                               Bin/Endpoint_XMEGA.o
                                                  Bin/RNDISClassDevice.o
                                                  Bin/PrinterClassDevice.o
                                                  Bin/MassStorageClassDevice.o
                                                  Bin/HIDClassDevice.o
                                                  Bin/CDCClassDevice.o
                                                  Bin/AudioClassDevice.o
                                                  Bin/DeviceStandardReq.o
Endpoint_ClearStatusStage                         Bin/Endpoint_XMEGA.o
                                                  Bin/PrinterClassDevice.o
                                                  Bin/MassStorageClassDevice.o
                                                  Bin/HIDClassDevice.o
                                                  Bin/CDCClassDevice.o
                                                  Bin/AudioClassDevice.o
                                                  Bin/DeviceStandardReq.o
Endpoint_ConfigureEndpointTable                   Bin/Endpoint_XMEGA.o
                                                  Bin/RNDISClassDevice.o
                                                  Bin/PrinterClassDevice.o
                                                  Bin/MIDIClassDevice.o
                                                  Bin/MassStorageClassDevice.o
                                                  Bin/HIDClassDevice.o
                                                  Bin/CDCClassDevice.o
                                                  Bin/AudioClassDevice.o
Endpoint_ConfigureEndpoint_PRV                    Bin/Endpoint_XMEGA.o
                                                  Bin/USBInterrupt_XMEGA.o
                                                  Bin/USBController_XMEGA.o
Endpoint_Discard_Stream                           Bin/EndpointStream_XMEGA.o
Endpoint_IsINReady                                Bin/Endpoint_XMEGA.o
                                                  Bin/RNDISClassDevice.o
                                                  Bin/PrinterClassDevice.o
                                                  Bin/MIDIClassDevice.o
                                                  Bin/MassStorageClassDevice.o
                                                  Bin/HIDClassDevice.o
                                                  Bin/CDCClassDevice.o
                                                  Bin/EndpointStream_XMEGA.o
                                                  Bin/DeviceStandardReq.o
Endpoint_IsOUTReceived                            Bin/Endpoint_XMEGA.o
                                                  Bin/RNDISClassDevice.o
                                                  Bin/PrinterClassDevice.o
                                                  Bin/MassStorageClassDevice.o
                                                  Bin/CDCClassDevice.o
                                                  Bin/EndpointStream_XMEGA.o
Endpoint_IsSETUPReceived                          Bin/Endpoint_XMEGA.o
                                                  Bin/RNDISClassDevice.o
                                                  Bin/PrinterClassDevice.o
                                                  Bin/MassStorageClassDevice.o
                                                  Bin/HIDClassDevice.o
                                                  Bin/CDCClassDevice.o
                                                  Bin/AudioClassDevice.o
                                                  Bin/EndpointStream_XMEGA.o
                                                  Bin/USBTask.o
                                                  Bin/DeviceStandardReq.o
Endpoint_Null_Stream                              Bin/EndpointStream_XMEGA.o
Endpoint_Read_8                                   Bin/Endpoint_XMEGA.o
                                                  Bin/PrinterClassDevice.o
                                                  Bin/CDCClassDevice.o
                                                  Bin/EndpointStream_XMEGA.o
                                                  Bin/DeviceStandardReq.o
Endpoint_Read_Control_EStream_BE                  Bin/EndpointStream_XMEGA.o
Endpoint_Read_Control_EStream_LE                  Bin/EndpointStream_XMEGA.o
Endpoint_Read_Control_Stream_BE                   Bin/EndpointStream_XMEGA.o
Endpoint_Read_Control_Stream_LE                   Bin/EndpointStream_XMEGA.o
                                                  Bin/RNDISClassDevice.o
                                                  Bin/HIDClassDevice.o
                                                  Bin/AudioClassDevice.o
Endpoint_Read_EStream_BE                          Bin/EndpointStream_XMEGA.o
Endpoint_Read_EStream_LE                          Bin/EndpointStream_XMEGA.o
Endpoint_Read_Stream_BE                           Bin/EndpointStream_XMEGA.o
Endpoint_Read_Stream_LE                           Bin/EndpointStream_XMEGA.o
                                                  Bin/RNDISClassDevice.o
                                                  Bin/MIDIClassDevice.o
                                                  Bin/MassStorageClassDevice.o
Endpoint_SelectEndpoint                           Bin/Endpoint_XMEGA.o
                                                  Bin/RNDISClassDevice.o
                                                  Bin/PrinterClassDevice.o
                                                  Bin/MIDIClassDevice.o
                                                  Bin/MassStorageClassDevice.o
                                                  Bin/HIDClassDevice.o
                                                  Bin/CDCClassDevice.o
                                                  Bin/EndpointStream_XMEGA.o
                                                  Bin/USBTask.o
                                                  Bin/DeviceStandardReq.o
Endpoint_StallTransaction                         Bin/Endpoint_XMEGA.o
                                                  Bin/RNDISClassDevice.o
                                                  Bin/MassStorageClassDevice.o
                                                  Bin/DeviceStandardReq.o
Endpoint_WaitUntilReady                           Bin/Endpoint_XMEGA.o
                                                  Bin/RNDISClassDevice.o
                                                  Bin/PrinterClassDevice.o
                                                  Bin/MIDIClassDevice.o
                                                  Bin/CDCClassDevice.o
                                                  Bin/EndpointStream_XMEGA.o
Endpoint_Write_8                                  Bin/Endpoint_XMEGA.o
                                                  Bin/PrinterClassDevice.o
                                                  Bin/MassStorageClassDevice.o
                                                  Bin/HIDClassDevice.o
                                                  Bin/CDCClassDevice.o
                                                  Bin/EndpointStream_XMEGA.o
                                                  Bin/DeviceStandardReq.o
Endpoint_Write_Control_EStream_BE                 Bin/EndpointStream_XMEGA.o
Endpoint_Write_Control_EStream_LE                 Bin/EndpointStream_XMEGA.o
Endpoint_Write_Control_PStream_BE                 Bin/EndpointStream_XMEGA.o
Endpoint_Write_Control_PStream_LE                 Bin/EndpointStream_XMEGA.o
                                                  Bin/DeviceStandardReq.o
Endpoint_Write_Control_Stream_BE                  Bin/EndpointStream_XMEGA.o
Endpoint_Write_Control_Stream_LE                  Bin/EndpointStream_XMEGA.o
                                                  Bin/RNDISClassDevice.o
                                                  Bin/PrinterClassDevice.o
                                                  Bin/HIDClassDevice.o
                                                  Bin/AudioClassDevice.o
                                                  Bin/DeviceStandardReq.o
Endpoint_Write_EStream_BE                         Bin/EndpointStream_XMEGA.o
Endpoint_Write_EStream_LE                         Bin/EndpointStream_XMEGA.o
Endpoint_Write_PStream_BE                         Bin/EndpointStream_XMEGA.o
Endpoint_Write_PStream_LE                         Bin/EndpointStream_XMEGA.o
Endpoint_Write_Stream_BE                          Bin/EndpointStream_XMEGA.o
Endpoint_Write_Stream_LE                          Bin/EndpointStream_XMEGA.o
                                                  Bin/RNDISClassDevice.o
                                                  Bin/PrinterClassDevice.o
                                                  Bin/MIDIClassDevice.o
                                                  Bin/MassStorageClassDevice.o
                                                  Bin/HIDClassDevice.o
                                                  Bin/CDCClassDevice.o
GlobalSettings                                    Bin/Settings.o
                                                  Bin/LED.o
                                                  Bin/Log.o
                                                  Bin/Button.o
                                                  Bin/Memory.o
                                                  Bin/Configuration.o
HID_Device_ConfigureEndpoints                     Bin/HIDClassDevice.o
HID_Device_ProcessControlRequest                  Bin/HIDClassDevice.o
HID_Device_USBTask                                Bin/HIDClassDevice.o
HexStringToBuffer                                 Bin/Common.o
                                                  Bin/Commands.o
ISO14443AAppendCRCA                               Bin/ISO14443-3A.o
                                                  Bin/MifareClassic.o
                                                  Bin/MifareUltralight.o
ISO14443ACheckCRCA                                Bin/ISO14443-3A.o
                                                  Bin/MifareClassic.o