Archive member included because of file (symbol)

c:/program files (x86)/atmel/atmel toolchain/avr8 gcc/native/3.4.2.1002/avr8-gnu-toolchain/bin/../lib/gcc/avr/4.7.2/avrxmega2\libgcc.a(_exit.o)
                              c:/program files (x86)/atmel/atmel toolchain/avr8 gcc/native/3.4.2.1002/avr8-gnu-toolchain/bin/../lib/gcc/avr/4.7.2/../../../../avr/lib/avrxmega2/crtx32a4u.o (exit)
c:/program files (x86)/atmel/atmel toolchain/avr8 gcc/native/3.4.2.1002/avr8-gnu-toolchain/bin/../lib/gcc/avr/4.7.2/avrxmega2\libgcc.a(_tablejump.o)
                              Bin/HIDParser.o (__tablejump2__)
c:/program files (x86)/atmel/atmel toolchain/avr8 gcc/native/3.4.2.1002/avr8-gnu-toolchain/bin/../lib/gcc/avr/4.7.2/avrxmega2\libgcc.a(_copy_data.o)
                              Bin/Terminal.o (__do_copy_data)
c:/program files (x86)/atmel/atmel toolchain/avr8 gcc/native/3.4.2.1002/avr8-gnu-toolchain/bin/../lib/gcc/avr/4.7.2/avrxmega2\libgcc.a(_clear_bss.o)
                              Bin/Configuration.o (__do_clear_bss)
c:/program files (x86)/atmel/atmel toolchain/avr8 gcc/native/3.4.2.1002/avr8-gnu-toolchain/bin/../lib/gcc/avr/4.7.2/avrxmega2\libgcc.a(_mulshisi3.o)
                              Bin/Commands.o (__mulshisi3)
c:/program files (x86)/atmel/atmel toolchain/avr8 gcc/native/3.4.2.1002/avr8-gnu-toolchain/bin/../lib/gcc/avr/4.7.2/avrxmega2\libgcc.a(_muluhisi3.o)
                              c:/program files (x86)/atmel/atmel toolchain/avr8 gcc/native/3.4.2.1002/avr8-gnu-toolchain/bin/../lib/gcc/avr/4.7.2/avrxmega2\libgcc.a(_mulshisi3.o) (__muluhisi3)
c:/program files (x86)/atmel/atmel toolchain/avr8 gcc/native/3.4.2.1002/avr8-gnu-toolchain/bin/../lib/gcc/avr/4.7.2/avrxmega2\libgcc.a(_umulhisi3.o)
                              c:/program files (x86)/atmel/atmel toolchain/avr8 gcc/native/3.4.2.1002/avr8-gnu-toolchain/bin/../lib/gcc/avr/4.7.2/avrxmega2\libgcc.a(_muluhisi3.o) (__umulhisi3)
c:/program files (x86)/atmel/atmel toolchain/avr8 gcc/native/3.4.2.1002/avr8-gnu-toolchain/bin/../lib/gcc/avr/4.7.2/../../../../avr/lib/avrxmega2\libc.a(rand.o)
                              Bin/Random.o (rand)
c:/program files (x86)/atmel/atmel toolchain/avr8 gcc/native/3.4.2.1002/avr8-gnu-toolchain/bin/../lib/gcc/avr/4.7.2/../../../../avr/lib/avrxmega2\libc.a(memcpy_P.o)
                              Bin/Configuration.o (memcpy_P)
c:/program files (x86)/atmel/atmel toolchain/avr8 gcc/native/3.4.2.1002/avr8-gnu-toolchain/bin/../lib/gcc/avr/4.7.2/../../../../avr/lib/avrxmega2\libc.a(strcmp_P.o)
                              Bin/Button.o (strcmp_P)
c:/program files (x86)/atmel/atmel toolchain/avr8 gcc/native/3.4.2.1002/avr8-gnu-toolchain/bin/../lib/gcc/avr/4.7.2/../../../../avr/lib/avrxmega2\libc.a(strncat_P.o)
                              Bin/Log.o (strncat_P)
c:/program files (x86)/atmel/atmel toolchain/avr8 gcc/native/3.4.2.1002/avr8-gnu-toolchain/bin/../lib/gcc/avr/4.7.2/../../../../avr/lib/avrxmega2\libc.a(strncpy_P.o)
                              Bin/Button.o (strncpy_P)
c:/program files (x86)/atmel/atmel toolchain/avr8 gcc/native/3.4.2.1002/avr8-gnu-toolchain/bin/../lib/gcc/avr/4.7.2/../../../../avr/lib/avrxmega2\libc.a(memcmp.o)
                              Bin/HIDClassDevice.o (memcmp)
c:/program files (x86)/atmel/atmel toolchain/avr8 gcc/native/3.4.2.1002/avr8-gnu-toolchain/bin/../lib/gcc/avr/4.7.2/../../../../avr/lib/avrxmega2\libc.a(memcpy.o)
                              Bin/HIDClassDevice.o (memcpy)
c:/program files (x86)/atmel/atmel toolchain/avr8 gcc/native/3.4.2.1002/avr8-gnu-toolchain/bin/../lib/gcc/avr/4.7.2/../../../../avr/lib/avrxmega2\libc.a(memset.o)
                              Bin/HIDClassDevice.o (memset)
c:/program files (x86)/atmel/atmel toolchain/avr8 gcc/native/3.4.2.1002/avr8-gnu-toolchain/bin/../lib/gcc/avr/4.7.2/../../../../avr/lib/avrxmega2\libc.a(snprintf_p.o)
                              Bin/Commands.o (snprintf_P)
c:/program files (x86)/atmel/atmel toolchain/avr8 gcc/native/3.4.2.1002/avr8-gnu-toolchain/bin/../lib/gcc/avr/4.7.2/../../../../avr/lib/avrxmega2\libc.a(vfprintf_std.o)
                              c:/program files (x86)/atmel/atmel toolchain/avr8 gcc/native/3.4.2.1002/avr8-gnu-toolchain/bin/../lib/gcc/avr/4.7.2/../../../../avr/lib/avrxmega2\libc.a(snprintf_p.o) (vfprintf)
c:/program files (x86)/atmel/atmel toolchain/avr8 gcc/native/3.4.2.1002/avr8-gnu-toolchain/bin/../lib/gcc/avr/4.7.2/../../../../avr/lib/avrxmega2\libc.a(eerd_block_atxmega32a4u.o)
                              Bin/Settings.o (__eerd_block_x32a4u)
c:/program files (x86)/atmel/atmel toolchain/avr8 gcc/native/3.4.2.1002/avr8-gnu-toolchain/bin/../lib/gcc/avr/4.7.2/../../../../avr/lib/avrxmega2\libc.a(eerd_byte_atxmega32a4u.o)
                              Bin/EndpointStream_XMEGA.o (__eerd_byte_x32a4u)
[...]
Memory Configuration

Name             Origin             Length             Attributes
text             0x00000000         0x00100000         xr
data             0x00802000         0x0000ffa0         rw !x
eeprom           0x00810000         0x00010000         rw !x
fuse             0x00820000         0x00000400         rw !x
lock             0x00830000         0x00000400         rw !x
signature        0x00840000         0x00000400         rw !x
user_signatures  0x00850000         0x00000400         rw !x
*default*        0x00000000         0xffffffff

Linker script and memory map

LOAD c:/program files (x86)/atmel/atmel toolchain/avr8 gcc/native/3.4.2.1002/avr8-gnu-toolchain/bin/../lib/gcc/avr/4.7.2/../../../../avr/lib/avrxmega2/crtx32a4u.o
LOAD Bin/Chameleon-Mini.o
LOAD Bin/LUFADescriptors.o
LOAD Bin/System.o
LOAD Bin/Configuration.o
LOAD Bin/Random.o
LOAD Bin/Common.o
LOAD Bin/Memory.o
LOAD Bin/Button.o
LOAD Bin/Log.o
LOAD Bin/Settings.o
LOAD Bin/LED.o
LOAD Bin/Terminal.o
LOAD Bin/Commands.o
LOAD Bin/XModem.o
LOAD Bin/CommandLine.o
LOAD Bin/Codec.o
LOAD Bin/ISO14443-2A.o
LOAD Bin/MifareUltralight.o
LOAD Bin/MifareClassic.o
LOAD Bin/ISO14443-3A.o
LOAD Bin/Crypto1.o
LOAD Bin/HIDParser.o
LOAD Bin/ConfigDescriptors.o
LOAD Bin/DeviceStandardReq.o
LOAD Bin/Events.o
LOAD Bin/HostStandardReq.o
LOAD Bin/USBTask.o
LOAD Bin/Device_XMEGA.o
LOAD Bin/EndpointStream_XMEGA.o
LOAD Bin/Endpoint_XMEGA.o
LOAD Bin/Host_XMEGA.o
LOAD Bin/PipeStream_XMEGA.o
LOAD Bin/Pipe_XMEGA.o
LOAD Bin/USBController_XMEGA.o
LOAD Bin/USBInterrupt_XMEGA.o
LOAD Bin/AudioClassDevice.o
LOAD Bin/CDCClassDevice.o
LOAD Bin/HIDClassDevice.o
LOAD Bin/MassStorageClassDevice.o
LOAD Bin/MIDIClassDevice.o
LOAD Bin/PrinterClassDevice.o
LOAD Bin/RNDISClassDevice.o
LOAD Bin/AndroidAccessoryClassHost.o
LOAD Bin/AudioClassHost.o
LOAD Bin/CDCClassHost.o
LOAD Bin/HIDClassHost.o
LOAD Bin/MassStorageClassHost.o
LOAD Bin/MIDIClassHost.o
LOAD Bin/PrinterClassHost.o
LOAD Bin/RNDISClassHost.o
LOAD Bin/StillImageClassHost.o
LOAD c:/program files (x86)/atmel/atmel toolchain/avr8 gcc/native/3.4.2.1002/avr8-gnu-toolchain/bin/../lib/gcc/avr/4.7.2/../../../../avr/lib/avrxmega2\libm.a
LOAD c:/program files (x86)/atmel/atmel toolchain/avr8 gcc/native/3.4.2.1002/avr8-gnu-toolchain/bin/../lib/gcc/avr/4.7.2/avrxmega2\libgcc.a
LOAD c:/program files (x86)/atmel/atmel toolchain/avr8 gcc/native/3.4.2.1002/avr8-gnu-toolchain/bin/../lib/gcc/avr/4.7.2/../../../../avr/lib/avrxmega2\libc.a
LOAD c:/program files (x86)/atmel/atmel toolchain/avr8 gcc/native/3.4.2.1002/avr8-gnu-toolchain/bin/../lib/gcc/avr/4.7.2/avrxmega2\libgcc.a

.hash
 *(.hash)

.dynsym
 *(.dynsym)

.dynstr
 *(.dynstr)

.gnu.version
 *(.gnu.version)

.gnu.version_d
 *(.gnu.version_d)

.gnu.version_r
 *(.gnu.version_r)

.rel.init
 *(.rel.init)

.rela.init
 *(.rela.init)

.rel.text
 *(.rel.text)
 *(.rel.text.*)
 *(.rel.gnu.linkonce.t*)

.rela.text
 *(.rela.text)
 *(.rela.text.*)
 *(.rela.gnu.linkonce.t*)

.rel.fini
 *(.rel.fini)

.rela.fini
 *(.rela.fini)

.rel.rodata
 *(.rel.rodata)
 *(.rel.rodata.*)
 *(.rel.gnu.linkonce.r*)

.rela.rodata
 *(.rela.rodata)
 *(.rela.rodata.*)
 *(.rela.gnu.linkonce.r*)

.rel.data
 *(.rel.data)
 *(.rel.data.*)
 *(.rel.gnu.linkonce.d*)

.rela.data
 *(.rela.data)
 *(.rela.data.*)
 *(.rela.gnu.linkonce.d*)

.rel.ctors
 *(.rel.ctors)

.rela.ctors
 *(.rela.ctors)

.rel.dtors
 *(.rel.dtors)

.rela.dtors
 *(.rela.dtors)

.rel.got
 *(.rel.got)

.rela.got
 *(.rela.got)

.rel.bss
 *(.rel.bss)

.rela.bss
 *(.rela.bss)

.rel.plt
 *(.rel.plt)

.rela.plt
 *(.rela.plt)

.text           0x00000000     0x628e
 *(.vectors)
 .vectors       0x00000000      0x1fc c:/program files (x86)/atmel/atmel toolchain/avr8 gcc/native/3.4.2.1002/avr8-gnu-toolchain/bin/../lib/gcc/avr/4.7.2/../../../../avr/lib/avrxmega2/crtx32a4u.o
                0x00000000                __vectors
 *(.vectors)
 *(.progmem.gcc*)
 *(.progmem*)
 .progmem.data  0x000001fc       0x8c Bin/LUFADescriptors.o
                0x000001fc                ProductString
                0x0000021a                ManufacturerString
                0x00000234                LanguageString
                0x00000238                ConfigurationDescriptor
                0x00000276                DeviceDescriptor
 .progmem.data  0x00000288       0xde Bin/Configuration.o
 .progmem.data  0x00000366      0x120 Bin/Button.o
 .progmem.data  0x00000486       0x32 Bin/Log.o
 .progmem.data  0x000004b8      0x100 Bin/LED.o
 .progmem.data  0x000005b8       0x89 Bin/Commands.o
 .progmem.data  0x00000641      0x29a Bin/CommandLine.o
                0x00000641                CommandTable
                0x000008dc                . = ALIGN (0x2)
 *fill*         0x000008db        0x1 
                0x000008dc                __trampolines_start = .
 *(.trampolines)
 .trampolines   0x000008dc        0x0 linker stubs
 *(.trampolines*)
                0x000008dc                __trampolines_end = .
 *(.jumptables)
 *(.jumptables*)
 *(.lowtext)
 *(.lowtext*)
                0x000008dc                __ctors_start = .
 *(.ctors)
                0x000008dc                __ctors_end = .
                0x000008dc                __dtors_start = .
 *(.dtors)
                0x000008dc                __dtors_end = .
 SORT(*)(.ctors)
 SORT(*)(.dtors)
 *(.init0)
 .init0         0x000008dc        0x0 c:/program files (x86)/atmel/atmel toolchain/avr8 gcc/native/3.4.2.1002/avr8-gnu-toolchain/bin/../lib/gcc/avr/4.7.2/../../../../avr/lib/avrxmega2/crtx32a4u.o
                0x000008dc                __init
 *(.init0)
 *(.init1)
 *(.init1)
 *(.init2)
 .init2         0x000008dc        0xc c:/program files (x86)/atmel/atmel toolchain/avr8 gcc/native/3.4.2.1002/avr8-gnu-toolchain/bin/../lib/gcc/avr/4.7.2/../../../../avr/lib/avrxmega2/crtx32a4u.o
 *(.init2)
 *(.init3)
 *(.init3)
 *(.init4)
 .init4         0x000008e8       0x16 c:/program files (x86)/atmel/atmel toolchain/avr8 gcc/native/3.4.2.1002/avr8-gnu-toolchain/bin/../lib/gcc/avr/4.7.2/avrxmega2\libgcc.a(_copy_data.o)
                0x000008e8                __do_copy_data
 .init4         0x000008fe       0x10 c:/program files (x86)/atmel/atmel toolchain/avr8 gcc/native/3.4.2.1002/avr8-gnu-toolchain/bin/../lib/gcc/avr/4.7.2/avrxmega2\libgcc.a(_clear_bss.o)
                0x000008fe                __do_clear_bss
 *(.init4)
 *(.init5)
 *(.init5)
 *(.init6)
 *(.init6)
 *(.init7)
 *(.init7)
 *(.init8)
 *(.init8)
 *(.init9)
 .init9         0x0000090e        0x6 c:/program files (x86)/atmel/atmel toolchain/avr8 gcc/native/3.4.2.1002/avr8-gnu-toolchain/bin/../lib/gcc/avr/4.7.2/../../../../avr/lib/avrxmega2/crtx32a4u.o
 *(.init9)
 *(.text)
 .text          0x00000914        0x2 c:/program files (x86)/atmel/atmel toolchain/avr8 gcc/native/3.4.2.1002/avr8-gnu-toolchain/bin/../lib/gcc/avr/4.7.2/../../../../avr/lib/avrxmega2/crtx32a4u.o
                0x00000914                __vector_38
                0x00000914                __vector_104
                0x00000914                __vector_63
                0x00000914                __vector_28
                0x00000914                __vector_67
                0x00000914                __vector_1
                0x00000914                __vector_119
                0x00000914                __vector_32
                0x00000914                __vector_75
                0x00000914                __vector_71
                0x00000914                __vector_91
                0x00000914                __vector_62
                0x00000914                __vector_77
                0x00000914                __vector_102
                0x00000914                __vector_24
                0x00000914                __vector_12
                0x00000914                __vector_55
                0x00000914                __vector_69
                0x00000914                __vector_81
                0x00000914                __vector_90
                0x00000914                __vector_46
                0x00000914                __bad_interrupt
                0x00000914                __vector_122
                0x00000914                __vector_72
                0x00000914                __vector_114
                0x00000914                __vector_6
                0x00000914                __vector_110
                0x00000914                __vector_31
                0x00000914                __vector_92
                0x00000914                __vector_35
                0x00000914                __vector_78
                0x00000914                __vector_74
                0x00000914                __vector_117
                0x00000914                __vector_39
                0x00000914                __vector_107
                0x00000914                __vector_3
                0x00000914                __vector_105
                0x00000914                __vector_98
                0x00000914                __vector_23
                0x00000914                __vector_68
                0x00000914                __vector_30
                0x00000914                __vector_73
                0x00000914                __vector_45
                0x00000914                __vector_25
                0x00000914                __vector_93
                0x00000914                __vector_61
                0x00000914                __vector_11
                0x00000914                __vector_54
                0x00000914                __vector_99
                0x00000914                __vector_13
                0x00000914                __vector_17
                0x00000914                __vector_19
                0x00000914                __vector_56
                0x00000914                __vector_7
                0x00000914                __vector_49
                0x00000914                __vector_123
                0x00000914                __vector_41
                0x00000914                __vector_86
                0x00000914                __vector_100
                0x00000914                __vector_101
                0x00000914                __vector_64
                0x00000914                __vector_88
                0x00000914                __vector_109
                0x00000914                __vector_43
                0x00000914                __vector_27
                0x00000914                __vector_5
                0x00000914                __vector_113
                0x00000914                __vector_33
                0x00000914                __vector_76
                0x00000914                __vector_115
                0x00000914                __vector_47
                0x00000914                __vector_52
                0x00000914                __vector_37
                0x00000914                __vector_95
                0x00000914                __vector_103
                0x00000914                __vector_96
                0x00000914                __vector_89
                0x00000914                __vector_108
                0x00000914                __vector_4
                0x00000914                __vector_44
                0x00000914                __vector_82
                0x00000914                __vector_106
                0x00000914                __vector_118
                0x00000914                __vector_51
                0x00000914                __vector_9
                0x00000914                __vector_2
                0x00000914                __vector_21
                0x00000914                __vector_15
                0x00000914                __vector_66
                0x00000914                __vector_36
                0x00000914                __vector_79
                0x00000914                __vector_58
                0x00000914                __vector_70
                0x00000914                __vector_29
                0x00000914                __vector_60
                0x00000914                __vector_121
                0x00000914                __vector_40
                0x00000914                __vector_85
                0x00000914                __vector_94
                0x00000914                __vector_126
                0x00000914                __vector_8
                0x00000914                __vector_26
                0x00000914                __vector_48
                0x00000914                __vector_124
                0x00000914                __vector_116
                0x00000914                __vector_112
                0x00000914                __vector_111
                0x00000914                __vector_80
                0x00000914                __vector_14
                0x00000914                __vector_84
                0x00000914                __vector_57
                0x00000914                __vector_53
                0x00000914                __vector_50
                0x00000914                __vector_16
                0x00000914                __vector_59
                0x00000914                __vector_18
                0x00000914                __vector_97
                0x00000914                __vector_20
                0x00000914                __vector_42
                0x00000914                __vector_87
                0x00000914                __vector_65
                0x00000914                __vector_120
                0x00000916                . = ALIGN (0x2)
 *(.text.*)
 .text.startup.main
                0x00000916       0x8c Bin/Chameleon-Mini.o
                0x00000916                main
 .text.CALLBACK_USB_GetDescriptor
                0x000009a2       0x82 Bin/LUFADescriptors.o
                0x000009a2                CALLBACK_USB_GetDescriptor
 .text.__vector_default
                0x00000a24        0xc Bin/System.o
                0x00000a24                __vector_default
 .text.__vector_10
                0x00000a30        0x2 Bin/System.o
                0x00000a30                __vector_10
 .text.SystemInit
                0x00000a32       0x86 Bin/System.o
                0x00000a32                SystemInit
 .text.SystemReset
                0x00000ab8        0xe Bin/System.o
                0x00000ab8                SystemReset
 .text.SystemEnterBootloader
                0x00000ac6        0xc Bin/System.o
                0x00000ac6                SystemEnterBootloader
 .text.SystemStartUSBClock
                0x00000ad2       0x3c Bin/System.o
                0x00000ad2                SystemStartUSBClock
 .text.SystemStopUSBClock
                0x00000b0e       0x26 Bin/System.o
                0x00000b0e                SystemStopUSBClock
 .text.SystemInterruptInit
                0x00000b34        0xc Bin/System.o
                0x00000b34                SystemInterruptInit
 .text.CodecInitDummy
                0x00000b40        0x2 Bin/Configuration.o
 .text.CodecTaskDummy
                0x00000b42        0x2 Bin/Configuration.o
 .text.ApplicationInitDummy
                0x00000b44        0x2 Bin/Configuration.o
 .text.ApplicationResetDummy
                0x00000b46        0x2 Bin/Configuration.o
 .text.ApplicationTaskDummy
                0x00000b48        0x2 Bin/Configuration.o
 .text.ApplicationProcessDummy
                0x00000b4a        0x6 Bin/Configuration.o
 .text.ApplicationGetUidDummy
                0x00000b50        0x2 Bin/Configuration.o
 .text.ApplicationSetUidDummy
                0x00000b52        0x2 Bin/Configuration.o
 .text.ConfigurationSetById
                0x00000b54       0x36 Bin/Configuration.o
                0x00000b54                ConfigurationSetById
 .text.ConfigurationInit
                0x00000b8a        0xc Bin/Configuration.o
                0x00000b8a                ConfigurationInit
 .text.ConfigurationSetByName
                0x00000b96       0x82 Bin/Configuration.o
                0x00000b96                ConfigurationSetByName
 .text.ConfigurationGetList
                0x00000c18       0x5e Bin/Configuration.o
                0x00000c18                ConfigurationGetList
 .text.RandomInit
                0x00000c76        0x2 Bin/Random.o
                0x00000c76                RandomInit
 .text.RandomGetByte
                0x00000c78        0x6 Bin/Random.o
                0x00000c78                RandomGetByte
 .text.RandomGetBuffer
                0x00000c7e       0x1e Bin/Random.o
                0x00000c7e                RandomGetBuffer
 .text.RandomTick
                0x00000c9c       0x10 Bin/Random.o
                0x00000c9c                RandomTick
 .text.BufferToHexString
                0x00000cac       0x84 Bin/Common.o
                0x00000cac                BufferToHexString
 .text.HexStringToBuffer
                0x00000d30       0x8c Bin/Common.o
                0x00000d30                HexStringToBuffer
 .text.MemoryReadBlock
                0x00000dbc       0x30 Bin/Memory.o
                0x00000dbc                MemoryReadBlock
 .text.MemoryWriteBlock
                0x00000dec       0x38 Bin/Memory.o
                0x00000dec                MemoryWriteBlock
 .text.MemoryClear
                0x00000e24       0x10 Bin/Memory.o
                0x00000e24                MemoryClear
 .text.MemoryRecall
                0x00000e34       0xec Bin/Memory.o
                0x00000e34                MemoryRecall
 .text.MemoryInit
                0x00000f20       0xfe Bin/Memory.o
                0x00000f20                MemoryInit
 .text.MemoryStore
                0x0000101e      0x28e Bin/Memory.o
                0x0000101e                MemoryStore
 .text.MemoryUploadBlock
                0x000012ac      0x38a Bin/Memory.o
                0x000012ac                MemoryUploadBlock
 .text.MemoryDownloadBlock
                0x00001636       0x7a Bin/Memory.o
                0x00001636                MemoryDownloadBlock
 .text.ExecuteButtonAction
                0x000016b0      0x1aa Bin/Button.o
 .text.ButtonInit
                0x0000185a        0xe Bin/Button.o
                0x0000185a                ButtonInit
 .text.ButtonTick
                0x00001868       0x4a Bin/Button.o
                0x00001868                ButtonTick
 .text.ButtonGetActionList
                0x000018b2       0x64 Bin/Button.o
                0x000018b2                ButtonGetActionList
 .text.ButtonSetActionById
                0x00001916       0x4e Bin/Button.o
                0x00001916                ButtonSetActionById
 .text.ButtonGetActionByName
                0x00001964       0x38 Bin/Button.o
                0x00001964                ButtonGetActionByName
 .text.ButtonSetActionByName
                0x0000199c       0xc4 Bin/Button.o
                0x0000199c                ButtonSetActionByName
 .text.LogFuncOff
                0x00001a60        0x2 Bin/Log.o
 .text.LogFuncTerminal
                0x00001a62       0x2c Bin/Log.o
 .text.LogTick  0x00001a8e        0x2 Bin/Log.o
                0x00001a8e                LogTick
 .text.LogTask  0x00001a90        0x2 Bin/Log.o
                0x00001a90                LogTask
 .text.LogMemLoadBlock
                0x00001a92       0x30 Bin/Log.o
                0x00001a92                LogMemLoadBlock
 .text.LogMemClear
                0x00001ac2       0x2a Bin/Log.o
                0x00001ac2                LogMemClear
 .text.LogMemFree
                0x00001aec        0xa Bin/Log.o
                0x00001aec                LogMemFree
 .text.LogSetModeById
                0x00001af6       0x40 Bin/Log.o
                0x00001af6                LogSetModeById
 .text.LogFuncMemory
                0x00001b36       0x6e Bin/Log.o
 .text.LogInit  0x00001ba4        0xe Bin/Log.o
                0x00001ba4                LogInit
 .text.LogSetModeByName
                0x00001bb2       0x4a Bin/Log.o
                0x00001bb2                LogSetModeByName
 .text.LogGetModeByName
                0x00001bfc       0x1c Bin/Log.o
                0x00001bfc                LogGetModeByName
 .text.LogGetModeList
                0x00001c18       0x50 Bin/Log.o
                0x00001c18                LogGetModeList
 .text.SettingsLoad
                0x00001c68       0x10 Bin/Settings.o
                0x00001c68                SettingsLoad
 .text.SettingsSave
                0x00001c78       0x10 Bin/Settings.o
                0x00001c78                SettingsSave
 .text.SettingsSetActiveById
                0x00001c88       0x64 Bin/Settings.o
                0x00001c88                SettingsSetActiveById
 .text.SettingsCycle
                0x00001cec      0x120 Bin/Settings.o
                0x00001cec                SettingsCycle
 .text.SettingsGetActiveById
                0x00001e0c        0x8 Bin/Settings.o
                0x00001e0c                SettingsGetActiveById
 .text.SettingsGetActiveByName
                0x00001e14       0x14 Bin/Settings.o
                0x00001e14                SettingsGetActiveByName
 .text.SettingsSetActiveByName
                0x00001e28       0x12 Bin/Settings.o
                0x00001e28                SettingsSetActiveByName
 .text.LEDInit  0x00001e3a        0xa Bin/LED.o
                0x00001e3a                LEDInit
 .text.LEDTick  0x00001e44      0x11a Bin/LED.o
                0x00001e44                LEDTick
 .text.LEDTrigger
                0x00001f5e       0x20 Bin/LED.o
                0x00001f5e                LEDTrigger
 .text.LEDGetFuncList
                0x00001f7e       0x64 Bin/LED.o
                0x00001f7e                LEDGetFuncList
 .text.LEDSetFuncById
                0x00001fe2       0xac Bin/LED.o
                0x00001fe2                LEDSetFuncById
 .text.LEDGetFuncByName
                0x0000208e       0x3a Bin/LED.o
                0x0000208e                LEDGetFuncByName
 .text.LEDSetFuncByName
                0x000020c8       0xb0 Bin/LED.o
                0x000020c8                LEDSetFuncByName
 .text.TerminalSendString
                0x00002178        0xa Bin/Terminal.o
                0x00002178                TerminalSendString
 .text.TerminalSendStringP
                0x00002182       0x28 Bin/Terminal.o
                0x00002182                TerminalSendStringP
 .text.TerminalSendBlock
                0x000021aa        0xc Bin/Terminal.o
                0x000021aa                TerminalSendBlock
 .text.TerminalInit
                0x000021b6        0xa Bin/Terminal.o
                0x000021b6                TerminalInit
 .text.TerminalTask
                0x000021c0       0x42 Bin/Terminal.o
                0x000021c0                TerminalTask
 .text.TerminalTick
                0x00002202       0x80 Bin/Terminal.o
                0x00002202                TerminalTick
 .text.EVENT_USB_Device_Connect
                0x00002282        0x6 Bin/Terminal.o
                0x00002282                EVENT_USB_Device_Connect
 .text.EVENT_USB_Device_Disconnect
                0x00002288        0x6 Bin/Terminal.o
                0x00002288                EVENT_USB_Device_Disconnect
 .text.EVENT_USB_Device_ConfigurationChanged
                0x0000228e        0x8 Bin/Terminal.o
                0x0000228e                EVENT_USB_Device_ConfigurationChanged
 .text.EVENT_USB_Device_ControlRequest
                0x00002296        0x8 Bin/Terminal.o
                0x00002296                EVENT_USB_Device_ControlRequest
 .text.CommandGetVersion
                0x0000229e       0x3c Bin/Commands.o
                0x0000229e                CommandGetVersion
 .text.CommandGetConfig
                0x000022da       0x2c Bin/Commands.o
                0x000022da                CommandGetConfig
 .text.CommandSetConfig
                0x00002306       0x12 Bin/Commands.o
                0x00002306                CommandSetConfig
 .text.CommandExecConfig
                0x00002318        0xc Bin/Commands.o
                0x00002318                CommandExecConfig
 .text.CommandGetUid
                0x00002324       0x4e Bin/Commands.o
                0x00002324                CommandGetUid
 .text.CommandSetUid
                0x00002372       0xb2 Bin/Commands.o
                0x00002372                CommandSetUid
 .text.CommandGetReadOnly
                0x00002424       0x24 Bin/Commands.o
                0x00002424                CommandGetReadOnly
 .text.CommandSetReadOnly
                0x00002448       0x28 Bin/Commands.o
                0x00002448                CommandSetReadOnly
 .text.CommandExecUpload
                0x00002470        0xa Bin/Commands.o
                0x00002470                CommandExecUpload
 .text.CommandExecDownload
                0x0000247a        0xa Bin/Commands.o
                0x0000247a                CommandExecDownload
 .text.CommandExecReset
                0x00002484       0x16 Bin/Commands.o
                0x00002484                CommandExecReset
 .text.CommandExecUpgrade
                0x0000249a       0x16 Bin/Commands.o
                0x0000249a                CommandExecUpgrade
 .text.CommandGetMemSize
                0x000024b0       0x30 Bin/Commands.o
                0x000024b0                CommandGetMemSize
 .text.CommandGetUidSize
                0x000024e0       0x2c Bin/Commands.o
                0x000024e0                CommandGetUidSize
 .text.CommandExecButton
                0x0000250c        0xa Bin/Commands.o
                0x0000250c                CommandExecButton
 .text.CommandGetButton
                0x00002516        0xe Bin/Commands.o
                0x00002516                CommandGetButton
 .text.CommandSetButton
                0x00002524       0x14 Bin/Commands.o
                0x00002524                CommandSetButton
 .text.CommandExecButtonLong
                0x00002538        0xa Bin/Commands.o
                0x00002538                CommandExecButtonLong
 .text.CommandGetButtonLong
                0x00002542        0xe Bin/Commands.o
                0x00002542                CommandGetButtonLong
 .text.CommandSetButtonLong
                0x00002550       0x14 Bin/Commands.o
                0x00002550                CommandSetButtonLong
 .text.CommandExecLedGreen
                0x00002564        0xa Bin/Commands.o
                0x00002564                CommandExecLedGreen
 .text.CommandGetLedGreen
                0x0000256e        0xe Bin/Commands.o
                0x0000256e                CommandGetLedGreen
 .text.CommandSetLedGreen
                0x0000257c       0x14 Bin/Commands.o
                0x0000257c                CommandSetLedGreen
 .text.CommandExecLedRed
                0x00002590        0xa Bin/Commands.o
                0x00002590                CommandExecLedRed
 .text.CommandGetLedRed
                0x0000259a        0xe Bin/Commands.o
                0x0000259a                CommandGetLedRed
 .text.CommandSetLedRed
                0x000025a8       0x14 Bin/Commands.o
                0x000025a8                CommandSetLedRed
 .text.CommandExecLogMode
                0x000025bc        0xa Bin/Commands.o
                0x000025bc                CommandExecLogMode
 .text.CommandGetLogMode
                0x000025c6        0xa Bin/Commands.o
                0x000025c6                CommandGetLogMode
 .text.CommandSetLogMode
                0x000025d0       0x10 Bin/Commands.o
                0x000025d0                CommandSetLogMode
 .text.CommandExecLogMem
                0x000025e0       0x34 Bin/Commands.o
                0x000025e0                CommandExecLogMem
 .text.CommandGetLogMem
                0x00002614       0x34 Bin/Commands.o
                0x00002614                CommandGetLogMem
 .text.CommandSetLogMem
                0x00002648       0x40 Bin/Commands.o
                0x00002648                CommandSetLogMem
 .text.CommandGetSetting
                0x00002688        0xa Bin/Commands.o
                0x00002688                CommandGetSetting
 .text.CommandSetSetting
                0x00002692       0x10 Bin/Commands.o
                0x00002692                CommandSetSetting
 .text.CommandExecClear
                0x000026a2        0x8 Bin/Commands.o
                0x000026a2                CommandExecClear
 .text.CommandExecHelp
                0x000026aa       0x98 Bin/Commands.o
                0x000026aa                CommandExecHelp
 .text.CommandGetRssi
                0x00002742       0x68 Bin/Commands.o
                0x00002742                CommandGetRssi
 .text.CalcChecksum.constprop.0
                0x000027aa       0x14 Bin/XModem.o
 .text.XModemReceive
                0x000027be       0x36 Bin/XModem.o
                0x000027be                XModemReceive
 .text.XModemSend
                0x000027f4       0x2c Bin/XModem.o
                0x000027f4                XModemSend
 .text.XModemProcessByte
                0x00002820      0x296 Bin/XModem.o
                0x00002820                XModemProcessByte
 .text.XModemTick
                0x00002ab6       0x76 Bin/XModem.o
                0x00002ab6                XModemTick
 .text.CommandLineProcessByte
                0x00002b2c      0x20e Bin/CommandLine.o
                0x00002b2c                CommandLineProcessByte
 .text.CommandLineTick
                0x00002d3a        0x2 Bin/CommandLine.o
                0x00002d3a                CommandLineTick
 .text.StartDemod
                0x00002d3c       0x7a Bin/ISO14443-2A.o
 .text.__vector_34
                0x00002db6       0x62 Bin/ISO14443-2A.o
                0x00002db6                __vector_34
 .text.__vector_22
                0x00002e18      0x148 Bin/ISO14443-2A.o
                0x00002e18                __vector_22
 .text.__vector_83
                0x00002f60      0x1e2 Bin/ISO14443-2A.o
                0x00002f60                __vector_83
 .text.ISO14443ACodecInit
                0x00003142       0x6e Bin/ISO14443-2A.o
                0x00003142                ISO14443ACodecInit
 .text.ISO14443ACodecTask
                0x000031b0      0x162 Bin/ISO14443-2A.o
                0x000031b0                ISO14443ACodecTask
 .text.MifareUltralightAppInit
                0x00003312        0x8 Bin/MifareUltralight.o
                0x00003312                MifareUltralightAppInit
 .text.MifareUltralightAppReset
                0x0000331a        0x8 Bin/MifareUltralight.o
                0x0000331a                MifareUltralightAppReset
 .text.MifareUltralightAppTask
                0x00003322        0x2 Bin/MifareUltralight.o
                0x00003322                MifareUltralightAppTask
 .text.MifareUltralightAppProcess
                0x00003324      0x2a4 Bin/MifareUltralight.o
                0x00003324                MifareUltralightAppProcess
 .text.MifareUltralightGetUid
                0x000035c8       0x26 Bin/MifareUltralight.o
                0x000035c8                MifareUltralightGetUid
 .text.MifareUltralightSetUid
                0x000035ee       0x7e Bin/MifareUltralight.o
                0x000035ee                MifareUltralightSetUid
 .text.MifareClassicAppInit1K
                0x0000366c       0x1e Bin/MifareClassic.o
                0x0000366c                MifareClassicAppInit1K
 .text.MifarePlus1kAppInit_7B
                0x0000368a       0x2a Bin/MifareClassic.o
                0x0000368a                MifarePlus1kAppInit_7B
 .text.MifareClassicAppInit4K
                0x000036b4       0x1e Bin/MifareClassic.o
                0x000036b4                MifareClassicAppInit4K
 .text.MifareClassicAppReset
                0x000036d2        0x8 Bin/MifareClassic.o
                0x000036d2                MifareClassicAppReset
 .text.MifareClassicAppTask
                0x000036da        0x2 Bin/MifareClassic.o
                0x000036da                MifareClassicAppTask
 .text.MifareClassicAppProcess
                0x000036dc      0xb88 Bin/MifareClassic.o
                0x000036dc                MifareClassicAppProcess
 .text.MifareClassicGetUid
                0x00004264       0x42 Bin/MifareClassic.o
                0x00004264                MifareClassicGetUid
 .text.MifareClassicSetUid
                0x000042a6       0x5e Bin/MifareClassic.o
                0x000042a6                MifareClassicSetUid
 .text.ISO14443AAppendCRCA
                0x00004304       0x5e Bin/ISO14443-3A.o
                0x00004304                ISO14443AAppendCRCA
 .text.ISO14443ACheckCRCA
                0x00004362       0x7e Bin/ISO14443-3A.o
                0x00004362                ISO14443ACheckCRCA
 .text.Crypto1LFSR
                0x000043e0       0x8c Bin/Crypto1.o
 .text.Crypto1FilterOutput
                0x0000446c       0x68 Bin/Crypto1.o
                0x0000446c                Crypto1FilterOutput
 .text.Crypto1Setup
                0x000044d4      0x340 Bin/Crypto1.o
                0x000044d4                Crypto1Setup
 .text.Crypto1Auth
                0x00004814       0x52 Bin/Crypto1.o
                0x00004814                Crypto1Auth
 .text.Crypto1Byte
                0x00004866       0x82 Bin/Crypto1.o
                0x00004866                Crypto1Byte
 .text.Crypto1Nibble
                0x000048e8       0x48 Bin/Crypto1.o
                0x000048e8                Crypto1Nibble
 .text.Crypto1PRNG
                0x00004930       0xb6 Bin/Crypto1.o
                0x00004930                Crypto1PRNG
 .text.USB_Device_ProcessControlRequest
                0x000049e6      0x296 Bin/DeviceStandardReq.o
                0x000049e6                USB_Device_ProcessControlRequest
 .text.USB_Event_Stub
                0x00004c7c        0x2 Bin/Events.o
                0x00004c7c                USB_Event_Stub
                0x00004c7c                EVENT_USB_Device_Suspend
                0x00004c7c                EVENT_USB_Device_StartOfFrame
                0x00004c7c                EVENT_USB_Device_Reset
                0x00004c7c                EVENT_USB_Device_WakeUp
 .text.USB_USBTask
                0x00004c7e       0x2a Bin/USBTask.o
                0x00004c7e                USB_USBTask
 .text.Endpoint_Write_Stream_LE
                0x00004ca8       0xd8 Bin/EndpointStream_XMEGA.o
                0x00004ca8                Endpoint_Write_Stream_LE
 .text.Endpoint_Write_Control_Stream_LE
                0x00004d80      0x142 Bin/EndpointStream_XMEGA.o
                0x00004d80                Endpoint_Write_Control_Stream_LE
 .text.Endpoint_Write_Control_PStream_LE
                0x00004ec2      0x13e Bin/EndpointStream_XMEGA.o
                0x00004ec2                Endpoint_Write_Control_PStream_LE
 .text.Endpoint_ClearIN
                0x00005000       0x32 Bin/Endpoint_XMEGA.o
                0x00005000                Endpoint_ClearIN
 .text.Endpoint_ClearOUT
                0x00005032       0x1e Bin/Endpoint_XMEGA.o
                0x00005032                Endpoint_ClearOUT
 .text.Endpoint_Read_8
                0x00005050       0x1e Bin/Endpoint_XMEGA.o
                0x00005050                Endpoint_Read_8
 .text.Endpoint_Write_8
                0x0000506e       0x1e Bin/Endpoint_XMEGA.o
                0x0000506e                Endpoint_Write_8
 .text.Endpoint_SelectEndpoint
                0x0000508c       0x72 Bin/Endpoint_XMEGA.o
                0x0000508c                Endpoint_SelectEndpoint
 .text.Endpoint_StallTransaction
                0x000050fe       0x38 Bin/Endpoint_XMEGA.o
                0x000050fe                Endpoint_StallTransaction
 .text.Endpoint_ClearSETUP
                0x00005136       0x58 Bin/Endpoint_XMEGA.o
                0x00005136                Endpoint_ClearSETUP
 .text.Endpoint_IsSETUPReceived
                0x0000518e       0x32 Bin/Endpoint_XMEGA.o
                0x0000518e                Endpoint_IsSETUPReceived
 .text.Endpoint_IsOUTReceived
                0x000051c0       0x32 Bin/Endpoint_XMEGA.o
                0x000051c0                Endpoint_IsOUTReceived
 .text.Endpoint_IsINReady
                0x000051f2       0x18 Bin/Endpoint_XMEGA.o
                0x000051f2                Endpoint_IsINReady
 .text.Endpoint_ConfigureEndpoint_PRV
                0x0000520a       0x9a Bin/Endpoint_XMEGA.o
                0x0000520a                Endpoint_ConfigureEndpoint_PRV
 .text.Endpoint_ConfigureEndpointTable
                0x000052a4       0xec Bin/Endpoint_XMEGA.o
                0x000052a4                Endpoint_ConfigureEndpointTable
 .text.Endpoint_ClearEndpoints
                0x00005390       0x70 Bin/Endpoint_XMEGA.o
                0x00005390                Endpoint_ClearEndpoints
 .text.Endpoint_ClearStatusStage
                0x00005400       0x2c Bin/Endpoint_XMEGA.o
                0x00005400                Endpoint_ClearStatusStage
 .text.Endpoint_WaitUntilReady
                0x0000542c       0xa6 Bin/Endpoint_XMEGA.o
                0x0000542c                Endpoint_WaitUntilReady
 .text.USB_Disable
                0x000054d2       0x1a Bin/USBController_XMEGA.o
                0x000054d2                USB_Disable
 .text.USB_ResetInterface
                0x000054ec       0x5c Bin/USBController_XMEGA.o
                0x000054ec                USB_ResetInterface
 .text.USB_Init
                0x00005548       0x52 Bin/USBController_XMEGA.o
                0x00005548                USB_Init
 .text.USB_INT_DisableAllInterrupts
                0x0000559a        0xe Bin/USBInterrupt_XMEGA.o
                0x0000559a                USB_INT_DisableAllInterrupts
 .text.USB_INT_ClearAllInterrupts
                0x000055a8        0xc Bin/USBInterrupt_XMEGA.o
                0x000055a8                USB_INT_ClearAllInterrupts
 .text.__vector_125
                0x000055b4       0xda Bin/USBInterrupt_XMEGA.o
                0x000055b4                __vector_125
 .text.CDC_Device_ConfigureEndpoints
                0x0000568e       0x4a Bin/CDCClassDevice.o
                0x0000568e                CDC_Device_ConfigureEndpoints
 .text.CDC_Device_SendString
                0x000056d8       0x52 Bin/CDCClassDevice.o
                0x000056d8                CDC_Device_SendString
 .text.CDC_Device_SendData
                0x0000572a       0x54 Bin/CDCClassDevice.o
                0x0000572a                CDC_Device_SendData
 .text.CDC_Device_SendByte
                0x0000577e       0x6e Bin/CDCClassDevice.o
                0x0000577e                CDC_Device_SendByte
 .text.CDC_Device_Flush
                0x000057ec       0x90 Bin/CDCClassDevice.o
                0x000057ec                CDC_Device_Flush
 .text.CDC_Device_USBTask
                0x0000587c       0x36 Bin/CDCClassDevice.o
                0x0000587c                CDC_Device_USBTask
 .text.CDC_Device_ReceiveByte
                0x000058b2       0xbe Bin/CDCClassDevice.o
                0x000058b2                CDC_Device_ReceiveByte
 .text.CDC_Device_Event_Stub
                0x00005970        0x2 Bin/CDCClassDevice.o
                0x00005970                EVENT_CDC_Device_ControLineStateChanged
                0x00005970                EVENT_CDC_Device_BreakSent
                0x00005970                CDC_Device_Event_Stub
                0x00005970                EVENT_CDC_Device_LineEncodingChanged
 .text.CDC_Device_ProcessControlRequest
                0x00005972      0x13a Bin/CDCClassDevice.o
                0x00005972                CDC_Device_ProcessControlRequest
 .text.libgcc.mul
                0x00005aac        0xc c:/program files (x86)/atmel/atmel toolchain/avr8 gcc/native/3.4.2.1002/avr8-gnu-toolchain/bin/../lib/gcc/avr/4.7.2/avrxmega2\libgcc.a(_mulshisi3.o)
                0x00005aac                __mulshisi3
                0x00005ab0                __mulohisi3
 .text.libgcc.mul
                0x00005ab8       0x14 c:/program files (x86)/atmel/atmel toolchain/avr8 gcc/native/3.4.2.1002/avr8-gnu-toolchain/bin/../lib/gcc/avr/4.7.2/avrxmega2\libgcc.a(_muluhisi3.o)
                0x00005ab8                __muluhisi3
 .text.libgcc.mul
                0x00005acc       0x18 c:/program files (x86)/atmel/atmel toolchain/avr8 gcc/native/3.4.2.1002/avr8-gnu-toolchain/bin/../lib/gcc/avr/4.7.2/avrxmega2\libgcc.a(_umulhisi3.o)
                0x00005acc                __umulhisi3
 .text.avr-libc
                0x00005ae4       0xb4 c:/program files (x86)/atmel/atmel toolchain/avr8 gcc/native/3.4.2.1002/avr8-gnu-toolchain/bin/../lib/gcc/avr/4.7.2/../../../../avr/lib/avrxmega2\libc.a(rand.o)
                0x00005b7a                rand_r
                0x00005b7c                rand
                0x00005b82                srand
 .text.avr-libc
                0x00005b98       0x12 c:/program files (x86)/atmel/atmel toolchain/avr8 gcc/native/3.4.2.1002/avr8-gnu-toolchain/bin/../lib/gcc/avr/4.7.2/../../../../avr/lib/avrxmega2\libc.a(memcpy_P.o)
                0x00005b98                memcpy_P
 .text.avr-libc
                0x00005baa       0x12 c:/program files (x86)/atmel/atmel toolchain/avr8 gcc/native/3.4.2.1002/avr8-gnu-toolchain/bin/../lib/gcc/avr/4.7.2/../../../../avr/lib/avrxmega2\libc.a(strcmp_P.o)
                0x00005baa                strcmp_P
 .text.avr-libc
                0x00005bbc       0x20 c:/program files (x86)/atmel/atmel toolchain/avr8 gcc/native/3.4.2.1002/avr8-gnu-toolchain/bin/../lib/gcc/avr/4.7.2/../../../../avr/lib/avrxmega2\libc.a(strncat_P.o)
                0x00005bbc                strncat_P
 .text.avr-libc
                0x00005bdc       0x1e c:/program files (x86)/atmel/atmel toolchain/avr8 gcc/native/3.4.2.1002/avr8-gnu-toolchain/bin/../lib/gcc/avr/4.7.2/../../../../avr/lib/avrxmega2\libc.a(strncpy_P.o)
                0x00005bdc                strncpy_P
 .text.avr-libc
                0x00005bfa       0x12 c:/program files (x86)/atmel/atmel toolchain/avr8 gcc/native/3.4.2.1002/avr8-gnu-toolchain/bin/../lib/gcc/avr/4.7.2/../../../../avr/lib/avrxmega2\libc.a(memcpy.o)
                0x00005bfa                memcpy
 .text.avr-libc
                0x00005c0c       0x5a c:/program files (x86)/atmel/atmel toolchain/avr8 gcc/native/3.4.2.1002/avr8-gnu-toolchain/bin/../lib/gcc/avr/4.7.2/../../../../avr/lib/avrxmega2\libc.a(snprintf_p.o)
                0x00005c0c                snprintf_P
 .text.avr-libc
                0x00005c66      0x39a c:/program files (x86)/atmel/atmel toolchain/avr8 gcc/native/3.4.2.1002/avr8-gnu-toolchain/bin/../lib/gcc/avr/4.7.2/../../../../avr/lib/avrxmega2\libc.a(vfprintf_std.o)
                0x00005c66                vfprintf
 .text.avr-libc
                0x00006000       0x16 c:/program files (x86)/atmel/atmel toolchain/avr8 gcc/native/3.4.2.1002/avr8-gnu-toolchain/bin/../lib/gcc/avr/4.7.2/../../../../avr/lib/avrxmega2\libc.a(eerd_block_atxmega32a4u.o)
                0x00006000                __eerd_block_x32a4u
 .text.avr-libc
                0x00006016       0x12 c:/program files (x86)/atmel/atmel toolchain/avr8 gcc/native/3.4.2.1002/avr8-gnu-toolchain/bin/../lib/gcc/avr/4.7.2/../../../../avr/lib/avrxmega2\libc.a(eewr_block_atxmega32a4u.o)
                0x00006016                __eewr_block_x32a4u
 .text.avr-libc
                0x00006028       0x46 c:/program files (x86)/atmel/atmel toolchain/avr8 gcc/native/3.4.2.1002/avr8-gnu-toolchain/bin/../lib/gcc/avr/4.7.2/../../../../avr/lib/avrxmega2\libc.a(eewr_byte_atxmega32a4u.o)
                0x00006028                __eewr_byte_x32a4u
                0x0000602a                __eewr_r18_x32a4u
 .text.avr-libc
                0x0000606e       0x16 c:/program files (x86)/atmel/atmel toolchain/avr8 gcc/native/3.4.2.1002/avr8-gnu-toolchain/bin/../lib/gcc/avr/4.7.2/../../../../avr/lib/avrxmega2\libc.a(strnlen_P.o)
                0x0000606e                strnlen_P
 .text.avr-libc
                0x00006084       0x16 c:/program files (x86)/atmel/atmel toolchain/avr8 gcc/native/3.4.2.1002/avr8-gnu-toolchain/bin/../lib/gcc/avr/4.7.2/../../../../avr/lib/avrxmega2\libc.a(strnlen.o)
                0x00006084                strnlen
 .text.avr-libc
                0x0000609a       0x58 c:/program files (x86)/atmel/atmel toolchain/avr8 gcc/native/3.4.2.1002/avr8-gnu-toolchain/bin/../lib/gcc/avr/4.7.2/../../../../avr/lib/avrxmega2\libc.a(fputc.o)
                0x0000609a                fputc
 .text.avr-libc
                0x000060f2       0xbc c:/program files (x86)/atmel/atmel toolchain/avr8 gcc/native/3.4.2.1002/avr8-gnu-toolchain/bin/../lib/gcc/avr/4.7.2/../../../../avr/lib/avrxmega2\libc.a(ultoa_invert.o)
                0x000060f2                __ultoa_invert
 .text.libgcc.div
                0x000061ae       0x36 c:/program files (x86)/atmel/atmel toolchain/avr8 gcc/native/3.4.2.1002/avr8-gnu-toolchain/bin/../lib/gcc/avr/4.7.2/avrxmega2\libgcc.a(_divmodsi4.o)
                0x000061ae                __divmodsi4
 .text.libgcc.prologue
                0x000061e4       0x32 c:/program files (x86)/atmel/atmel toolchain/avr8 gcc/native/3.4.2.1002/avr8-gnu-toolchain/bin/../lib/gcc/avr/4.7.2/avrxmega2\libgcc.a(_prologue.o)
                0x000061e4                __prologue_saves__
 .text.libgcc.prologue
                0x00006216       0x30 c:/program files (x86)/atmel/atmel toolchain/avr8 gcc/native/3.4.2.1002/avr8-gnu-toolchain/bin/../lib/gcc/avr/4.7.2/avrxmega2\libgcc.a(_epilogue.o)
                0x00006216                __epilogue_restores__
 .text.libgcc.div
                0x00006246       0x44 c:/program files (x86)/atmel/atmel toolchain/avr8 gcc/native/3.4.2.1002/avr8-gnu-toolchain/bin/../lib/gcc/avr/4.7.2/avrxmega2\libgcc.a(_udivmodsi4.o)
                0x00006246                __udivmodsi4
                0x0000628a                . = ALIGN (0x2)
 *(.fini9)
 .fini9         0x0000628a        0x0 c:/program files (x86)/atmel/atmel toolchain/avr8 gcc/native/3.4.2.1002/avr8-gnu-toolchain/bin/../lib/gcc/avr/4.7.2/avrxmega2\libgcc.a(_exit.o)
                0x0000628a                _exit
                0x0000628a                exit
 *(.fini9)
 *(.fini8)
 *(.fini8)
 *(.fini7)
 *(.fini7)
 *(.fini6)
 *(.fini6)
 *(.fini5)
 *(.fini5)
 *(.fini4)
 *(.fini4)
 *(.fini3)
 *(.fini3)
 *(.fini2)
 *(.fini2)
 *(.fini1)
 *(.fini1)
 *(.fini0)
 .fini0         0x0000628a        0x4 c:/program files (x86)/atmel/atmel toolchain/avr8 gcc/native/3.4.2.1002/avr8-gnu-toolchain/bin/../lib/gcc/avr/4.7.2/avrxmega2\libgcc.a(_exit.o)
 *(.fini0)
                0x0000628e                _etext = .

.data           0x00802000       0x92 load address 0x0000628e
                0x00802000                PROVIDE (__data_start, .)
 *(.data)
 .data          0x00802000        0x0 c:/program files (x86)/atmel/atmel toolchain/avr8 gcc/native/3.4.2.1002/avr8-gnu-toolchain/bin/../lib/gcc/avr/4.7.2/../../../../avr/lib/avrxmega2/crtx32a4u.o
 .data          0x00802000        0x0 Bin/Chameleon-Mini.o
 .data          0x00802000        0x0 Bin/LUFADescriptors.o
 .data          0x00802000        0x0 Bin/System.o
 .data          0x00802000        0x0 Bin/Configuration.o
 .data          0x00802000        0x0 Bin/Random.o
 .data          0x00802000        0x0 Bin/Common.o
 .data          0x00802000        0x0 Bin/Memory.o
 .data          0x00802000        0x0 Bin/Button.o
 .data          0x00802000        0x0 Bin/Log.o
 .data          0x00802000        0x0 Bin/Settings.o
 .data          0x00802000        0x0 Bin/LED.o
 .data          0x00802000       0x1c Bin/Terminal.o
                0x00802000                TerminalHandle
 .data          0x0080201c        0x0 Bin/Commands.o
 .data          0x0080201c        0x0 Bin/XModem.o
 .data          0x0080201c        0x0 Bin/CommandLine.o
 .data          0x0080201c        0x0 Bin/Codec.o
 .data          0x0080201c        0x0 Bin/ISO14443-2A.o
 .data          0x0080201c        0x0 Bin/MifareUltralight.o
 .data          0x0080201c        0x0 Bin/MifareClassic.o
 .data          0x0080201c        0x0 Bin/ISO14443-3A.o
 .data          0x0080201c        0x0 Bin/Crypto1.o
 .data          0x0080201c        0x0 Bin/HIDParser.o
 .data          0x0080201c        0x0 Bin/ConfigDescriptors.o
 .data          0x0080201c        0x0 Bin/DeviceStandardReq.o
 .data          0x0080201c        0x0 Bin/Events.o
 .data          0x0080201c        0x0 Bin/HostStandardReq.o
 .data          0x0080201c        0x0 Bin/USBTask.o
 .data          0x0080201c        0x0 Bin/Device_XMEGA.o
 .data          0x0080201c        0x0 Bin/EndpointStream_XMEGA.o
 .data          0x0080201c        0x0 Bin/Endpoint_XMEGA.o
 .data          0x0080201c        0x0 Bin/Host_XMEGA.o
 .data          0x0080201c        0x0 Bin/PipeStream_XMEGA.o
 .data          0x0080201c        0x0 Bin/Pipe_XMEGA.o
 .data          0x0080201c        0x0 Bin/USBController_XMEGA.o
 .data          0x0080201c        0x0 Bin/USBInterrupt_XMEGA.o
 .data          0x0080201c        0x0 Bin/AudioClassDevice.o
 .data          0x0080201c        0x0 Bin/CDCClassDevice.o
 .data          0x0080201c        0x0 Bin/HIDClassDevice.o
 .data          0x0080201c        0x0 Bin/MassStorageClassDevice.o
 .data          0x0080201c        0x0 Bin/MIDIClassDevice.o
 .data          0x0080201c        0x0 Bin/PrinterClassDevice.o
 .data          0x0080201c        0x0 Bin/RNDISClassDevice.o
 .data          0x0080201c        0x0 Bin/AndroidAccessoryClassHost.o
 .data          0x0080201c        0x0 Bin/AudioClassHost.o
 .data          0x0080201c        0x0 Bin/CDCClassHost.o
 .data          0x0080201c        0x0 Bin/HIDClassHost.o
 .data          0x0080201c        0x0 Bin/MassStorageClassHost.o
 .data          0x0080201c        0x0 Bin/MIDIClassHost.o
 .data          0x0080201c        0x0 Bin/PrinterClassHost.o
 .data          0x0080201c        0x0 Bin/RNDISClassHost.o
 .data          0x0080201c        0x0 Bin/StillImageClassHost.o
 .data          0x0080201c        0x0 c:/program files (x86)/atmel/atmel toolchain/avr8 gcc/native/3.4.2.1002/avr8-gnu-toolchain/bin/../lib/gcc/avr/4.7.2/avrxmega2\libgcc.a(_exit.o)
 .data          0x0080201c        0x0 c:/program files (x86)/atmel/atmel toolchain/avr8 gcc/native/3.4.2.1002/avr8-gnu-toolchain/bin/../lib/gcc/avr/4.7.2/avrxmega2\libgcc.a(_tablejump.o)
 .data          0x0080201c        0x0 c:/program files (x86)/atmel/atmel toolchain/avr8 gcc/native/3.4.2.1002/avr8-gnu-toolchain/bin/../lib/gcc/avr/4.7.2/avrxmega2\libgcc.a(_copy_data.o)
 .data          0x0080201c        0x0 c:/program files (x86)/atmel/atmel toolchain/avr8 gcc/native/3.4.2.1002/avr8-gnu-toolchain/bin/../lib/gcc/avr/4.7.2/avrxmega2\libgcc.a(_clear_bss.o)
 .data          0x0080201c        0x0 c:/program files (x86)/atmel/atmel toolchain/avr8 gcc/native/3.4.2.1002/avr8-gnu-toolchain/bin/../lib/gcc/avr/4.7.2/avrxmega2\libgcc.a(_mulshisi3.o)
 .data          0x0080201c        0x0 c:/program files (x86)/atmel/atmel toolchain/avr8 gcc/native/3.4.2.1002/avr8-gnu-toolchain/bin/../lib/gcc/avr/4.7.2/avrxmega2\libgcc.a(_muluhisi3.o)
 .data          0x0080201c        0x0 c:/program files (x86)/atmel/atmel toolchain/avr8 gcc/native/3.4.2.1002/avr8-gnu-toolchain/bin/../lib/gcc/avr/4.7.2/avrxmega2\libgcc.a(_umulhisi3.o)
 .data          0x0080201c        0x4 c:/program files (x86)/atmel/atmel toolchain/avr8 gcc/native/3.4.2.1002/avr8-gnu-toolchain/bin/../lib/gcc/avr/4.7.2/../../../../avr/lib/avrxmega2\libc.a(rand.o)
 .data          0x00802020        0x0 c:/program files (x86)/atmel/atmel toolchain/avr8 gcc/native/3.4.2.1002/avr8-gnu-toolchain/bin/../lib/gcc/avr/4.7.2/../../../../avr/lib/avrxmega2\libc.a(memcpy_P.o)
 .data          0x00802020        0x0 c:/program files (x86)/atmel/atmel toolchain/avr8 gcc/native/3.4.2.1002/avr8-gnu-toolchain/bin/../lib/gcc/avr/4.7.2/../../../../avr/lib/avrxmega2\libc.a(strcmp_P.o)
 .data          0x00802020        0x0 c:/program files (x86)/atmel/atmel toolchain/avr8 gcc/native/3.4.2.1002/avr8-gnu-toolchain/bin/../lib/gcc/avr/4.7.2/../../../../avr/lib/avrxmega2\libc.a(strncat_P.o)
 .data          0x00802020        0x0 c:/program files (x86)/atmel/atmel toolchain/avr8 gcc/native/3.4.2.1002/avr8-gnu-toolchain/bin/../lib/gcc/avr/4.7.2/../../../../avr/lib/avrxmega2\libc.a(strncpy_P.o)
 .data          0x00802020        0x0 c:/program files (x86)/atmel/atmel toolchain/avr8 gcc/native/3.4.2.1002/avr8-gnu-toolchain/bin/../lib/gcc/avr/4.7.2/../../../../avr/lib/avrxmega2\libc.a(memcmp.o)
 .data          0x00802020        0x0 c:/program files (x86)/atmel/atmel toolchain/avr8 gcc/native/3.4.2.1002/avr8-gnu-toolchain/bin/../lib/gcc/avr/4.7.2/../../../../avr/lib/avrxmega2\libc.a(memcpy.o)
 .data          0x00802020        0x0 c:/program files (x86)/atmel/atmel toolchain/avr8 gcc/native/3.4.2.1002/avr8-gnu-toolchain/bin/../lib/gcc/avr/4.7.2/../../../../avr/lib/avrxmega2\libc.a(memset.o)
 .data          0x00802020        0x0 c:/program files (x86)/atmel/atmel toolchain/avr8 gcc/native/3.4.2.1002/avr8-gnu-toolchain/bin/../lib/gcc/avr/4.7.2/../../../../avr/lib/avrxmega2\libc.a(snprintf_p.o)
 .data          0x00802020        0x0 c:/program files (x86)/atmel/atmel toolchain/avr8 gcc/native/3.4.2.1002/avr8-gnu-toolchain/bin/../lib/gcc/avr/4.7.2/../../../../avr/lib/avrxmega2\libc.a(vfprintf_std.o)
 .data          0x00802020        0x0 c:/program files (x86)/atmel/atmel toolchain/avr8 gcc/native/3.4.2.1002/avr8-gnu-toolchain/bin/../lib/gcc/avr/4.7.2/../../../../avr/lib/avrxmega2\libc.a(eerd_block_atxmega32a4u.o)
 .data          0x00802020        0x0 c:/program files (x86)/atmel/atmel toolchain/avr8 gcc/native/3.4.2.1002/avr8-gnu-toolchain/bin/../lib/gcc/avr/4.7.2/../../../../avr/lib/avrxmega2\libc.a(eerd_byte_atxmega32a4u.o)
 .data          0x00802020        0x0 c:/program files (x86)/atmel/atmel toolchain/avr8 gcc/native/3.4.2.1002/avr8-gnu-toolchain/bin/../lib/gcc/avr/4.7.2/../../../../avr/lib/avrxmega2\libc.a(eeupd_byte_atxmega32a4u.o)
 .data          0x00802020        0x0 c:/program files (x86)/atmel/atmel toolchain/avr8 gcc/native/3.4.2.1002/avr8-gnu-toolchain/bin/../lib/gcc/avr/4.7.2/../../../../avr/lib/avrxmega2\libc.a(eewr_block_atxmega32a4u.o)
 .data          0x00802020        0x0 c:/program files (x86)/atmel/atmel toolchain/avr8 gcc/native/3.4.2.1002/avr8-gnu-toolchain/bin/../lib/gcc/avr/4.7.2/../../../../avr/lib/avrxmega2\libc.a(eewr_byte_atxmega32a4u.o)
 .data          0x00802020        0x0 c:/program files (x86)/atmel/atmel toolchain/avr8 gcc/native/3.4.2.1002/avr8-gnu-toolchain/bin/../lib/gcc/avr/4.7.2/../../../../avr/lib/avrxmega2\libc.a(strnlen_P.o)
 .data          0x00802020        0x0 c:/program files (x86)/atmel/atmel toolchain/avr8 gcc/native/3.4.2.1002/avr8-gnu-toolchain/bin/../lib/gcc/avr/4.7.2/../../../../avr/lib/avrxmega2\libc.a(strnlen.o)
 .data          0x00802020        0x0 c:/program files (x86)/atmel/atmel toolchain/avr8 gcc/native/3.4.2.1002/avr8-gnu-toolchain/bin/../lib/gcc/avr/4.7.2/../../../../avr/lib/avrxmega2\libc.a(fputc.o)
 .data          0x00802020        0x0 c:/program files (x86)/atmel/atmel toolchain/avr8 gcc/native/3.4.2.1002/avr8-gnu-toolchain/bin/../lib/gcc/avr/4.7.2/../../../../avr/lib/avrxmega2\libc.a(ultoa_invert.o)
 .data          0x00802020        0x0 c:/program files (x86)/atmel/atmel toolchain/avr8 gcc/native/3.4.2.1002/avr8-gnu-toolchain/bin/../lib/gcc/avr/4.7.2/avrxmega2\libgcc.a(_divmodsi4.o)
 .data          0x00802020        0x0 c:/program files (x86)/atmel/atmel toolchain/avr8 gcc/native/3.4.2.1002/avr8-gnu-toolchain/bin/../lib/gcc/avr/4.7.2/avrxmega2\libgcc.a(_prologue.o)
 .data          0x00802020        0x0 c:/program files (x86)/atmel/atmel toolchain/avr8 gcc/native/3.4.2.1002/avr8-gnu-toolchain/bin/../lib/gcc/avr/4.7.2/avrxmega2\libgcc.a(_epilogue.o)
 .data          0x00802020        0x0 c:/program files (x86)/atmel/atmel toolchain/avr8 gcc/native/3.4.2.1002/avr8-gnu-toolchain/bin/../lib/gcc/avr/4.7.2/avrxmega2\libgcc.a(_udivmodsi4.o)
 *(.data*)
 *(.rodata)
 .rodata        0x00802020       0x70 Bin/Crypto1.o
 *(.rodata*)
 .rodata.str1.1
                0x00802090        0x1 Bin/Commands.o
 *(.gnu.linkonce.d*)
                0x00802092                . = ALIGN (0x2)
 *fill*         0x00802091        0x1 
                0x00802092                _edata = .
                0x00802092                PROVIDE (__data_end, .)

.bss            0x00802092      0xe37
                0x00802092                PROVIDE (__bss_start, .)
 *(.bss)
 .bss           0x00802092      0x400 Bin/Memory.o
 .bss           0x00802492        0x1 Bin/Button.o
 .bss           0x00802493      0x404 Bin/Log.o
 .bss           0x00802897        0x3 Bin/LED.o
                0x00802897                LEDRedAction
                0x00802898                LEDGreenAction
 .bss           0x0080289a        0x1 Bin/Terminal.o
                0x0080289a                TerminalState
 .bss           0x0080289b        0xf Bin/XModem.o
 .bss           0x008028aa        0x2 Bin/CommandLine.o
 .bss           0x008028ac       0x10 Bin/ISO14443-2A.o
 .bss           0x008028bc        0x2 Bin/MifareUltralight.o
 .bss           0x008028be       0x1e Bin/MifareClassic.o
 .bss           0x008028dc        0x6 Bin/Crypto1.o
 *(.bss*)
 *(COMMON)
 COMMON         0x008028e2       0x25 Bin/Configuration.o
                0x008028e2                ActiveConfiguration
 COMMON         0x00802907        0x2 Bin/Log.o
                0x00802907                LogFunc
 COMMON         0x00802909       0x33 Bin/Settings.o
                0x00802909                GlobalSettings
 COMMON         0x0080293c      0x100 Bin/Terminal.o
                0x0080293c                TerminalBuffer
 COMMON         0x00802a3c      0x100 Bin/Codec.o
                0x00802a3c                CodecBuffer
 COMMON         0x00802b3c        0x3 Bin/DeviceStandardReq.o
                0x00802b3c                USB_Device_ConfigurationNumber
                0x00802b3d                USB_Device_CurrentlySelfPowered
                0x00802b3e                USB_Device_RemoteWakeupEnabled
 COMMON         0x00802b3f        0xa Bin/USBTask.o
                0x00802b3f                USB_IsInitialized
                0x00802b40                USB_DeviceState
                0x00802b41                USB_ControlRequest
 COMMON         0x00802b49      0x31d Bin/Endpoint_XMEGA.o
                0x00802b49                USB_Endpoint_SelectedFIFO
                0x00802b4b                USB_Endpoint_SelectedHandle
                0x00802b4d                USB_Endpoint_SelectedEndpoint
                0x00802b4e                USB_Endpoint_FIFOs
 COMMON         0x00802e66       0x63 Bin/USBController_XMEGA.o
                0x00802e66                USB_EndpointTable
                0x00802ec9                PROVIDE (__bss_end, .)
                0x0000628e                __data_load_start = LOADADDR (.data)
                0x00006320                __data_load_end = (__data_load_start + SIZEOF (.data))

.noinit         0x00802ec9        0x0
                0x00802ec9                PROVIDE (__noinit_start, .)
 *(.noinit*)
                0x00802ec9                PROVIDE (__noinit_end, .)
                0x00802ec9                _end = .
                0x00802ec9                PROVIDE (__heap_start, .)

.eeprom         0x00810000       0x33
 *(.eeprom*)
 .eeprom        0x00810000       0x33 Bin/Settings.o
                0x00810000                StoredSettings
                0x00810033                __eeprom_end = .

.fuse
 *(.fuse)
 *(.lfuse)
 *(.hfuse)
 *(.efuse)

.lock
 *(.lock*)

.signature
 *(.signature*)

.user_signatures
 *(.user_signatures*)

.stab           0x00000000     0x15a8
 *(.stab)
 .stab          0x00000000      0x6cc c:/program files (x86)/atmel/atmel toolchain/avr8 gcc/native/3.4.2.1002/avr8-gnu-toolchain/bin/../lib/gcc/avr/4.7.2/../../../../avr/lib/avrxmega2/crtx32a4u.o
 .stab          0x000006cc       0x84 c:/program files (x86)/atmel/atmel toolchain/avr8 gcc/native/3.4.2.1002/avr8-gnu-toolchain/bin/../lib/gcc/avr/4.7.2/../../../../avr/lib/avrxmega2\libc.a(memcpy_P.o)
                                 0x90 (size before relaxing)
 .stab          0x00000750       0x84 c:/program files (x86)/atmel/atmel toolchain/avr8 gcc/native/3.4.2.1002/avr8-gnu-toolchain/bin/../lib/gcc/avr/4.7.2/../../../../avr/lib/avrxmega2\libc.a(strcmp_P.o)
                                 0x90 (size before relaxing)
 .stab          0x000007d4       0xd8 c:/program files (x86)/atmel/atmel toolchain/avr8 gcc/native/3.4.2.1002/avr8-gnu-toolchain/bin/../lib/gcc/avr/4.7.2/../../../../avr/lib/avrxmega2\libc.a(strncat_P.o)
                                 0xe4 (size before relaxing)
 .stab          0x000008ac       0xcc c:/program files (x86)/atmel/atmel toolchain/avr8 gcc/native/3.4.2.1002/avr8-gnu-toolchain/bin/../lib/gcc/avr/4.7.2/../../../../avr/lib/avrxmega2\libc.a(strncpy_P.o)
                                 0xd8 (size before relaxing)
 .stab          0x00000978       0xb4 c:/program files (x86)/atmel/atmel toolchain/avr8 gcc/native/3.4.2.1002/avr8-gnu-toolchain/bin/../lib/gcc/avr/4.7.2/../../../../avr/lib/avrxmega2\libc.a(memcmp.o)
                                 0xc0 (size before relaxing)
 .stab          0x00000a2c       0x84 c:/program files (x86)/atmel/atmel toolchain/avr8 gcc/native/3.4.2.1002/avr8-gnu-toolchain/bin/../lib/gcc/avr/4.7.2/../../../../avr/lib/avrxmega2\libc.a(memcpy.o)
                                 0x90 (size before relaxing)
 .stab          0x00000ab0       0x6c c:/program files (x86)/atmel/atmel toolchain/avr8 gcc/native/3.4.2.1002/avr8-gnu-toolchain/bin/../lib/gcc/avr/4.7.2/../../../../avr/lib/avrxmega2\libc.a(memset.o)
                                 0x78 (size before relaxing)
 .stab          0x00000b1c       0xb4 c:/program files (x86)/atmel/atmel toolchain/avr8 gcc/native/3.4.2.1002/avr8-gnu-toolchain/bin/../lib/gcc/avr/4.7.2/../../../../avr/lib/avrxmega2\libc.a(eerd_block_atxmega32a4u.o)
                                 0xc0 (size before relaxing)
 .stab          0x00000bd0       0xfc c:/program files (x86)/atmel/atmel toolchain/avr8 gcc/native/3.4.2.1002/avr8-gnu-toolchain/bin/../lib/gcc/avr/4.7.2/../../../../avr/lib/avrxmega2\libc.a(eerd_byte_atxmega32a4u.o)
                                0x108 (size before relaxing)
 .stab          0x00000ccc       0xa8 c:/program files (x86)/atmel/atmel toolchain/avr8 gcc/native/3.4.2.1002/avr8-gnu-toolchain/bin/../lib/gcc/avr/4.7.2/../../../../avr/lib/avrxmega2\libc.a(eeupd_byte_atxmega32a4u.o)
                                 0xb4 (size before relaxing)
 .stab          0x00000d74       0x9c c:/program files (x86)/atmel/atmel toolchain/avr8 gcc/native/3.4.2.1002/avr8-gnu-toolchain/bin/../lib/gcc/avr/4.7.2/../../../../avr/lib/avrxmega2\libc.a(eewr_block_atxmega32a4u.o)
                                 0xa8 (size before relaxing)
 .stab          0x00000e10      0x1e0 c:/program files (x86)/atmel/atmel toolchain/avr8 gcc/native/3.4.2.1002/avr8-gnu-toolchain/bin/../lib/gcc/avr/4.7.2/../../../../avr/lib/avrxmega2\libc.a(eewr_byte_atxmega32a4u.o)
                                0x1ec (size before relaxing)
 .stab          0x00000ff0       0x9c c:/program files (x86)/atmel/atmel toolchain/avr8 gcc/native/3.4.2.1002/avr8-gnu-toolchain/bin/../lib/gcc/avr/4.7.2/../../../../avr/lib/avrxmega2\libc.a(strnlen_P.o)
                                 0xa8 (size before relaxing)
 .stab          0x0000108c       0x9c c:/program files (x86)/atmel/atmel toolchain/avr8 gcc/native/3.4.2.1002/avr8-gnu-toolchain/bin/../lib/gcc/avr/4.7.2/../../../../avr/lib/avrxmega2\libc.a(strnlen.o)
                                 0xa8 (size before relaxing)
 .stab          0x00001128      0x480 c:/program files (x86)/atmel/atmel toolchain/avr8 gcc/native/3.4.2.1002/avr8-gnu-toolchain/bin/../lib/gcc/avr/4.7.2/../../../../avr/lib/avrxmega2\libc.a(ultoa_invert.o)
                                0x48c (size before relaxing)

.stabstr        0x00000000      0x788
 *(.stabstr)
 .stabstr       0x00000000      0x788 c:/program files (x86)/atmel/atmel toolchain/avr8 gcc/native/3.4.2.1002/avr8-gnu-toolchain/bin/../lib/gcc/avr/4.7.2/../../../../avr/lib/avrxmega2/crtx32a4u.o

.stab.excl
 *(.stab.excl)

.stab.exclstr
 *(.stab.exclstr)

.stab.index
 *(.stab.index)

.stab.indexstr
 *(.stab.indexstr)

.comment        0x00000000       0x2f
 *(.comment)
 .comment       0x00000000       0x2f Bin/Chameleon-Mini.o
                                 0x30 (size before relaxing)
 .comment       0x00000000       0x30 Bin/LUFADescriptors.o
 .comment       0x00000000       0x30 Bin/System.o
 .comment       0x00000000       0x30 Bin/Configuration.o
 .comment       0x00000000       0x30 Bin/Random.o
 .comment       0x00000000       0x30 Bin/Common.o
 .comment       0x00000000       0x30 Bin/Memory.o
 .comment       0x00000000       0x30 Bin/Button.o
 .comment       0x00000000       0x30 Bin/Log.o
 .comment       0x00000000       0x30 Bin/Settings.o
 .comment       0x00000000       0x30 Bin/LED.o
 .comment       0x00000000       0x30 Bin/Terminal.o
 .comment       0x00000000       0x30 Bin/Commands.o
 .comment       0x00000000       0x30 Bin/XModem.o
 .comment       0x00000000       0x30 Bin/CommandLine.o
 .comment       0x00000000       0x30 Bin/Codec.o
 .comment       0x00000000       0x30 Bin/ISO14443-2A.o
 .comment       0x00000000       0x30 Bin/MifareUltralight.o
 .comment       0x00000000       0x30 Bin/MifareClassic.o
 .comment       0x00000000       0x30 Bin/ISO14443-3A.o
 .comment       0x00000000       0x30 Bin/Crypto1.o
 .comment       0x00000000       0x30 Bin/HIDParser.o
 .comment       0x00000000       0x30 Bin/ConfigDescriptors.o
 .comment       0x00000000       0x30 Bin/DeviceStandardReq.o
 .comment       0x00000000       0x30 Bin/Events.o
 .comment       0x00000000       0x30 Bin/HostStandardReq.o
 .comment       0x00000000       0x30 Bin/USBTask.o
 .comment       0x00000000       0x30 Bin/Device_XMEGA.o
 .comment       0x00000000       0x30 Bin/EndpointStream_XMEGA.o
 .comment       0x00000000       0x30 Bin/Endpoint_XMEGA.o
 .comment       0x00000000       0x30 Bin/Host_XMEGA.o
 .comment       0x00000000       0x30 Bin/PipeStream_XMEGA.o
 .comment       0x00000000       0x30 Bin/Pipe_XMEGA.o
 .comment       0x00000000       0x30 Bin/USBController_XMEGA.o
 .comment       0x00000000       0x30 Bin/USBInterrupt_XMEGA.o
 .comment       0x00000000       0x30 Bin/AudioClassDevice.o
 .comment       0x00000000       0x30 Bin/CDCClassDevice.o
 .comment       0x00000000       0x30 Bin/HIDClassDevice.o
 .comment       0x00000000       0x30 Bin/MassStorageClassDevice.o
 .comment       0x00000000       0x30 Bin/MIDIClassDevice.o
 .comment       0x00000000       0x30 Bin/PrinterClassDevice.o
 .comment       0x00000000       0x30 Bin/RNDISClassDevice.o
 .comment       0x00000000       0x30 Bin/AndroidAccessoryClassHost.o
 .comment       0x00000000       0x30 Bin/AudioClassHost.o
 .comment       0x00000000       0x30 Bin/CDCClassHost.o
 .comment       0x00000000       0x30 Bin/HIDClassHost.o
 .comment       0x00000000       0x30 Bin/MassStorageClassHost.o
 .comment       0x00000000       0x30 Bin/MIDIClassHost.o
 .comment       0x00000000       0x30 Bin/PrinterClassHost.o
 .comment       0x00000000       0x30 Bin/RNDISClassHost.o
 .comment       0x00000000       0x30 Bin/StillImageClassHost.o
 .comment       0x00000000       0x30 c:/program files (x86)/atmel/atmel toolchain/avr8 gcc/native/3.4.2.1002/avr8-gnu-toolchain/bin/../lib/gcc/avr/4.7.2/../../../../avr/lib/avrxmega2\libc.a(rand.o)
 .comment       0x00000000       0x30 c:/program files (x86)/atmel/atmel toolchain/avr8 gcc/native/3.4.2.1002/avr8-gnu-toolchain/bin/../lib/gcc/avr/4.7.2/../../../../avr/lib/avrxmega2\libc.a(snprintf_p.o)
 .comment       0x00000000       0x30 c:/program files (x86)/atmel/atmel toolchain/avr8 gcc/native/3.4.2.1002/avr8-gnu-toolchain/bin/../lib/gcc/avr/4.7.2/../../../../avr/lib/avrxmega2\libc.a(vfprintf_std.o)
 .comment       0x00000000       0x30 c:/program files (x86)/atmel/atmel toolchain/avr8 gcc/native/3.4.2.1002/avr8-gnu-toolchain/bin/../lib/gcc/avr/4.7.2/../../../../avr/lib/avrxmega2\libc.a(fputc.o)

.debug
 *(.debug)

.line
 *(.line)

.debug_srcinfo
 *(.debug_srcinfo)

.debug_sfnames
 *(.debug_sfnames)

.debug_aranges  0x00000000      0xd80
 *(.debug_aranges)
 .debug_aranges
                0x00000000       0x20 Bin/Chameleon-Mini.o
 .debug_aranges
                0x00000020       0x20 Bin/LUFADescriptors.o
 .debug_aranges
                0x00000040       0x58 Bin/System.o
 .debug_aranges
                0x00000098       0x78 Bin/Configuration.o
 .debug_aranges
                0x00000110       0x38 Bin/Random.o
 .debug_aranges
                0x00000148       0x28 Bin/Common.o
 .debug_aranges
                0x00000170       0x58 Bin/Memory.o
 .debug_aranges
                0x000001c8       0x50 Bin/Button.o
 .debug_aranges
                0x00000218       0x80 Bin/Log.o
 .debug_aranges
                0x00000298       0x50 Bin/Settings.o
 .debug_aranges
                0x000002e8       0x50 Bin/LED.o
 .debug_aranges
                0x00000338       0x68 Bin/Terminal.o
 .debug_aranges
                0x000003a0      0x140 Bin/Commands.o
 .debug_aranges
                0x000004e0       0x40 Bin/XModem.o
 .debug_aranges
                0x00000520       0x30 Bin/CommandLine.o
 .debug_aranges
                0x00000550       0x18 Bin/Codec.o
 .debug_aranges
                0x00000568       0x48 Bin/ISO14443-2A.o
 .debug_aranges
                0x000005b0       0x48 Bin/MifareUltralight.o
 .debug_aranges
                0x000005f8       0x58 Bin/MifareClassic.o
 .debug_aranges
                0x00000650       0x28 Bin/ISO14443-3A.o
 .debug_aranges
                0x00000678       0x50 Bin/Crypto1.o
 .debug_aranges
                0x000006c8       0x38 Bin/HIDParser.o
 .debug_aranges
                0x00000700       0x38 Bin/ConfigDescriptors.o
 .debug_aranges
                0x00000738       0x20 Bin/DeviceStandardReq.o
 .debug_aranges
                0x00000758       0x20 Bin/Events.o
 .debug_aranges
                0x00000778       0x18 Bin/HostStandardReq.o
 .debug_aranges
                0x00000790       0x20 Bin/USBTask.o
 .debug_aranges
                0x000007b0       0x20 Bin/Device_XMEGA.o
 .debug_aranges
                0x000007d0       0xc8 Bin/EndpointStream_XMEGA.o
 .debug_aranges
                0x00000898       0x90 Bin/Endpoint_XMEGA.o
 .debug_aranges
                0x00000928       0x18 Bin/Host_XMEGA.o
 .debug_aranges
                0x00000940       0x18 Bin/PipeStream_XMEGA.o
 .debug_aranges
                0x00000958       0x18 Bin/Pipe_XMEGA.o
 .debug_aranges
                0x00000970       0x30 Bin/USBController_XMEGA.o
 .debug_aranges
                0x000009a0       0x30 Bin/USBInterrupt_XMEGA.o
 .debug_aranges
                0x000009d0       0x30 Bin/AudioClassDevice.o
 .debug_aranges
                0x00000a00       0x98 Bin/CDCClassDevice.o
 .debug_aranges
                0x00000a98       0x30 Bin/HIDClassDevice.o
 .debug_aranges
                0x00000ac8       0x30 Bin/MassStorageClassDevice.o
 .debug_aranges
                0x00000af8       0x40 Bin/MIDIClassDevice.o
 .debug_aranges
                0x00000b38       0x90 Bin/PrinterClassDevice.o
 .debug_aranges
                0x00000bc8       0x48 Bin/RNDISClassDevice.o
 .debug_aranges
                0x00000c10       0x18 Bin/AndroidAccessoryClassHost.o
 .debug_aranges
                0x00000c28       0x18 Bin/AudioClassHost.o
 .debug_aranges
                0x00000c40       0x18 Bin/CDCClassHost.o
 .debug_aranges
                0x00000c58       0x18 Bin/HIDClassHost.o
 .debug_aranges
                0x00000c70       0x18 Bin/MassStorageClassHost.o
 .debug_aranges
                0x00000c88       0x18 Bin/MIDIClassHost.o
 .debug_aranges
                0x00000ca0       0x18 Bin/PrinterClassHost.o
 .debug_aranges
                0x00000cb8       0x18 Bin/RNDISClassHost.o
 .debug_aranges
                0x00000cd0       0x18 Bin/StillImageClassHost.o
 .debug_aranges
                0x00000ce8       0x38 c:/program files (x86)/atmel/atmel toolchain/avr8 gcc/native/3.4.2.1002/avr8-gnu-toolchain/bin/../lib/gcc/avr/4.7.2/../../../../avr/lib/avrxmega2\libc.a(rand.o)
 .debug_aranges
                0x00000d20       0x20 c:/program files (x86)/atmel/atmel toolchain/avr8 gcc/native/3.4.2.1002/avr8-gnu-toolchain/bin/../lib/gcc/avr/4.7.2/../../../../avr/lib/avrxmega2\libc.a(snprintf_p.o)
 .debug_aranges
                0x00000d40       0x20 c:/program files (x86)/atmel/atmel toolchain/avr8 gcc/native/3.4.2.1002/avr8-gnu-toolchain/bin/../lib/gcc/avr/4.7.2/../../../../avr/lib/avrxmega2\libc.a(vfprintf_std.o)
 .debug_aranges
                0x00000d60       0x20 c:/program files (x86)/atmel/atmel toolchain/avr8 gcc/native/3.4.2.1002/avr8-gnu-toolchain/bin/../lib/gcc/avr/4.7.2/../../../../avr/lib/avrxmega2\libc.a(fputc.o)

.debug_pubnames
 *(.debug_pubnames)

.debug_info     0x00000000    0x1c598
 *(.debug_info)
 .debug_info    0x00000000      0xe9a Bin/Chameleon-Mini.o
 .debug_info    0x00000e9a      0x962 Bin/LUFADescriptors.o
 .debug_info    0x000017fc      0xf3a Bin/System.o
 .debug_info    0x00002736      0x78d Bin/Configuration.o
 .debug_info    0x00002ec3      0x161 Bin/Random.o
 .debug_info    0x00003024      0x1b3 Bin/Common.o
 .debug_info    0x000031d7     0x144f Bin/Memory.o
 .debug_info    0x00004626      0xc37 Bin/Button.o
 .debug_info    0x0000525d      0xdd0 Bin/Log.o
 .debug_info    0x0000602d      0x70e Bin/Settings.o
 .debug_info    0x0000673b      0xa62 Bin/LED.o
 .debug_info    0x0000719d      0xbc1 Bin/Terminal.o
 .debug_info    0x00007d5e     0x1e54 Bin/Commands.o
 .debug_info    0x00009bb2      0x99e Bin/XModem.o
 .debug_info    0x0000a550      0x9bc Bin/CommandLine.o
 .debug_info    0x0000af0c      0x203 Bin/Codec.o
 .debug_info    0x0000b10f     0x1b56 Bin/ISO14443-2A.o
 .debug_info    0x0000cc65      0x9dc Bin/MifareUltralight.o
 .debug_info    0x0000d641     0x1423 Bin/MifareClassic.o
 .debug_info    0x0000ea64      0x179 Bin/ISO14443-3A.o
 .debug_info    0x0000ebdd      0x530 Bin/Crypto1.o
 .debug_info    0x0000f10d      0x72e Bin/HIDParser.o
 .debug_info    0x0000f83b      0x5ed Bin/ConfigDescriptors.o
 .debug_info    0x0000fe28     0x11d6 Bin/DeviceStandardReq.o
 .debug_info    0x00010ffe       0x7f Bin/Events.o
 .debug_info    0x0001107d       0x5d Bin/HostStandardReq.o
 .debug_info    0x000110da      0x435 Bin/USBTask.o
 .debug_info    0x0001150f      0x670 Bin/Device_XMEGA.o
 .debug_info    0x00011b7f     0x19be Bin/EndpointStream_XMEGA.o
 .debug_info    0x0001353d      0xcff Bin/Endpoint_XMEGA.o
 .debug_info    0x0001423c       0x5d Bin/Host_XMEGA.o
 .debug_info    0x00014299       0x5d Bin/PipeStream_XMEGA.o
 .debug_info    0x000142f6       0x5d Bin/Pipe_XMEGA.o
 .debug_info    0x00014353      0xd40 Bin/USBController_XMEGA.o
 .debug_info    0x00015093      0xa7b Bin/USBInterrupt_XMEGA.o
 .debug_info    0x00015b0e      0xa9d Bin/AudioClassDevice.o
 .debug_info    0x000165ab      0xf93 Bin/CDCClassDevice.o
 .debug_info    0x0001753e      0xf91 Bin/HIDClassDevice.o
 .debug_info    0x000184cf      0xaa0 Bin/MassStorageClassDevice.o
 .debug_info    0x00018f6f      0x7c6 Bin/MIDIClassDevice.o
 .debug_info    0x00019735      0xddd Bin/PrinterClassDevice.o
 .debug_info    0x0001a512     0x1311 Bin/RNDISClassDevice.o
 .debug_info    0x0001b823       0x5d Bin/AndroidAccessoryClassHost.o
 .debug_info    0x0001b880       0x5d Bin/AudioClassHost.o
 .debug_info    0x0001b8dd       0x5d Bin/CDCClassHost.o
 .debug_info    0x0001b93a       0x5d Bin/HIDClassHost.o
 .debug_info    0x0001b997       0x5d Bin/MassStorageClassHost.o
 .debug_info    0x0001b9f4       0x5d Bin/MIDIClassHost.o
 .debug_info    0x0001ba51       0x5d Bin/PrinterClassHost.o
 .debug_info    0x0001baae       0x5d Bin/RNDISClassHost.o
 .debug_info    0x0001bb0b       0x5d Bin/StillImageClassHost.o
 .debug_info    0x0001bb68      0x157 c:/program files (x86)/atmel/atmel toolchain/avr8 gcc/native/3.4.2.1002/avr8-gnu-toolchain/bin/../lib/gcc/avr/4.7.2/../../../../avr/lib/avrxmega2\libc.a(rand.o)
 .debug_info    0x0001bcbf      0x21c c:/program files (x86)/atmel/atmel toolchain/avr8 gcc/native/3.4.2.1002/avr8-gnu-toolchain/bin/../lib/gcc/avr/4.7.2/../../../../avr/lib/avrxmega2\libc.a(snprintf_p.o)
 .debug_info    0x0001bedb      0x549 c:/program files (x86)/atmel/atmel toolchain/avr8 gcc/native/3.4.2.1002/avr8-gnu-toolchain/bin/../lib/gcc/avr/4.7.2/../../../../avr/lib/avrxmega2\libc.a(vfprintf_std.o)
 .debug_info    0x0001c424      0x174 c:/program files (x86)/atmel/atmel toolchain/avr8 gcc/native/3.4.2.1002/avr8-gnu-toolchain/bin/../lib/gcc/avr/4.7.2/../../../../avr/lib/avrxmega2\libc.a(fputc.o)
 *(.gnu.linkonce.wi.*)

.debug_abbrev   0x00000000     0x6309
 *(.debug_abbrev)
 .debug_abbrev  0x00000000      0x1d9 Bin/Chameleon-Mini.o
 .debug_abbrev  0x000001d9      0x1bb Bin/LUFADescriptors.o
 .debug_abbrev  0x00000394      0x16b Bin/System.o
 .debug_abbrev  0x000004ff      0x26e Bin/Configuration.o
 .debug_abbrev  0x0000076d       0xfb Bin/Random.o
 .debug_abbrev  0x00000868       0xb2 Bin/Common.o
 .debug_abbrev  0x0000091a      0x348 Bin/Memory.o
 .debug_abbrev  0x00000c62      0x2f9 Bin/Button.o
 .debug_abbrev  0x00000f5b      0x373 Bin/Log.o
 .debug_abbrev  0x000012ce      0x21b Bin/Settings.o
 .debug_abbrev  0x000014e9      0x2c1 Bin/LED.o
 .debug_abbrev  0x000017aa      0x322 Bin/Terminal.o
 .debug_abbrev  0x00001acc      0x38e Bin/Commands.o
 .debug_abbrev  0x00001e5a      0x2bd Bin/XModem.o
 .debug_abbrev  0x00002117      0x2ce Bin/CommandLine.o
 .debug_abbrev  0x000023e5       0xc4 Bin/Codec.o
 .debug_abbrev  0x000024a9      0x328 Bin/ISO14443-2A.o
 .debug_abbrev  0x000027d1      0x260 Bin/MifareUltralight.o
 .debug_abbrev  0x00002a31      0x2f5 Bin/MifareClassic.o
 .debug_abbrev  0x00002d26       0xa6 Bin/ISO14443-3A.o
 .debug_abbrev  0x00002dcc      0x1bd Bin/Crypto1.o
 .debug_abbrev  0x00002f89      0x20a Bin/HIDParser.o
 .debug_abbrev  0x00003193      0x248 Bin/ConfigDescriptors.o
 .debug_abbrev  0x000033db      0x37e Bin/DeviceStandardReq.o
 .debug_abbrev  0x00003759       0x44 Bin/Events.o
 .debug_abbrev  0x0000379d       0x26 Bin/HostStandardReq.o
 .debug_abbrev  0x000037c3      0x21d Bin/USBTask.o
 .debug_abbrev  0x000039e0      0x11e Bin/Device_XMEGA.o
 .debug_abbrev  0x00003afe      0x252 Bin/EndpointStream_XMEGA.o
 .debug_abbrev  0x00003d50      0x300 Bin/Endpoint_XMEGA.o
 .debug_abbrev  0x00004050       0x26 Bin/Host_XMEGA.o
 .debug_abbrev  0x00004076       0x26 Bin/PipeStream_XMEGA.o
 .debug_abbrev  0x0000409c       0x26 Bin/Pipe_XMEGA.o
 .debug_abbrev  0x000040c2      0x306 Bin/USBController_XMEGA.o
 .debug_abbrev  0x000043c8      0x266 Bin/USBInterrupt_XMEGA.o
 .debug_abbrev  0x0000462e      0x28b Bin/AudioClassDevice.o
 .debug_abbrev  0x000048b9      0x439 Bin/CDCClassDevice.o
 .debug_abbrev  0x00004cf2      0x2de Bin/HIDClassDevice.o
 .debug_abbrev  0x00004fd0      0x338 Bin/MassStorageClassDevice.o
 .debug_abbrev  0x00005308      0x287 Bin/MIDIClassDevice.o
 .debug_abbrev  0x0000558f      0x3e1 Bin/PrinterClassDevice.o
 .debug_abbrev  0x00005970      0x36d Bin/RNDISClassDevice.o
 .debug_abbrev  0x00005cdd       0x26 Bin/AndroidAccessoryClassHost.o
 .debug_abbrev  0x00005d03       0x26 Bin/AudioClassHost.o
 .debug_abbrev  0x00005d29       0x26 Bin/CDCClassHost.o
 .debug_abbrev  0x00005d4f       0x26 Bin/HIDClassHost.o
 .debug_abbrev  0x00005d75       0x26 Bin/MassStorageClassHost.o
 .debug_abbrev  0x00005d9b       0x26 Bin/MIDIClassHost.o
 .debug_abbrev  0x00005dc1       0x26 Bin/PrinterClassHost.o
 .debug_abbrev  0x00005de7       0x26 Bin/RNDISClassHost.o
 .debug_abbrev  0x00005e0d       0x26 Bin/StillImageClassHost.o
 .debug_abbrev  0x00005e33       0xd6 c:/program files (x86)/atmel/atmel toolchain/avr8 gcc/native/3.4.2.1002/avr8-gnu-toolchain/bin/../lib/gcc/avr/4.7.2/../../../../avr/lib/avrxmega2\libc.a(rand.o)
 .debug_abbrev  0x00005f09      0x139 c:/program files (x86)/atmel/atmel toolchain/avr8 gcc/native/3.4.2.1002/avr8-gnu-toolchain/bin/../lib/gcc/avr/4.7.2/../../../../avr/lib/avrxmega2\libc.a(snprintf_p.o)
 .debug_abbrev  0x00006042      0x1d6 c:/program files (x86)/atmel/atmel toolchain/avr8 gcc/native/3.4.2.1002/avr8-gnu-toolchain/bin/../lib/gcc/avr/4.7.2/../../../../avr/lib/avrxmega2\libc.a(vfprintf_std.o)
 .debug_abbrev  0x00006218       0xf1 c:/program files (x86)/atmel/atmel toolchain/avr8 gcc/native/3.4.2.1002/avr8-gnu-toolchain/bin/../lib/gcc/avr/4.7.2/../../../../avr/lib/avrxmega2\libc.a(fputc.o)

.debug_line     0x00000000     0xd67b
 *(.debug_line)
 .debug_line    0x00000000      0x41a Bin/Chameleon-Mini.o
 .debug_line    0x0000041a      0x39a Bin/LUFADescriptors.o
 .debug_line    0x000007b4      0x2ee Bin/System.o
 .debug_line    0x00000aa2      0x448 Bin/Configuration.o
 .debug_line    0x00000eea      0x144 Bin/Random.o
 .debug_line    0x0000102e      0x246 Bin/Common.o
 .debug_line    0x00001274      0xaa3 Bin/Memory.o
 .debug_line    0x00001d17      0x535 Bin/Button.o
 .debug_line    0x0000224c      0x5a5 Bin/Log.o
 .debug_line    0x000027f1      0x3a7 Bin/Settings.o
 .debug_line    0x00002b98      0x4e9 Bin/LED.o
 .debug_line    0x00003081      0x498 Bin/Terminal.o
 .debug_line    0x00003519      0xab5 Bin/Commands.o
 .debug_line    0x00003fce      0x588 Bin/XModem.o
 .debug_line    0x00004556      0x42e Bin/CommandLine.o
 .debug_line    0x00004984       0xdf Bin/Codec.o
 .debug_line    0x00004a63      0x70e Bin/ISO14443-2A.o
 .debug_line    0x00005171      0x3fa Bin/MifareUltralight.o
 .debug_line    0x0000556b      0x98b Bin/MifareClassic.o
 .debug_line    0x00005ef6      0x1d7 Bin/ISO14443-3A.o
 .debug_line    0x000060cd      0x75c Bin/Crypto1.o
 .debug_line    0x00006829      0x668 Bin/HIDParser.o
 .debug_line    0x00006e91      0x325 Bin/ConfigDescriptors.o
 .debug_line    0x000071b6      0x532 Bin/DeviceStandardReq.o
 .debug_line    0x000076e8       0x4f Bin/Events.o
 .debug_line    0x00007737       0x1a Bin/HostStandardReq.o
 .debug_line    0x00007751      0x269 Bin/USBTask.o
 .debug_line    0x000079ba      0x1e5 Bin/Device_XMEGA.o
 .debug_line    0x00007b9f     0x16b5 Bin/EndpointStream_XMEGA.o
 .debug_line    0x00009254      0x75d Bin/Endpoint_XMEGA.o
 .debug_line    0x000099b1       0x1a Bin/Host_XMEGA.o
 .debug_line    0x000099cb       0x1a Bin/PipeStream_XMEGA.o
 .debug_line    0x000099e5       0x1a Bin/Pipe_XMEGA.o
 .debug_line    0x000099ff      0x411 Bin/USBController_XMEGA.o
 .debug_line    0x00009e10      0x410 Bin/USBInterrupt_XMEGA.o
 .debug_line    0x0000a220      0x4b3 Bin/AudioClassDevice.o
 .debug_line    0x0000a6d3      0x892 Bin/CDCClassDevice.o
 .debug_line    0x0000af65      0x628 Bin/HIDClassDevice.o
 .debug_line    0x0000b58d      0x56f Bin/MassStorageClassDevice.o
 .debug_line    0x0000bafc      0x462 Bin/MIDIClassDevice.o
 .debug_line    0x0000bf5e      0x7d5 Bin/PrinterClassDevice.o
 .debug_line    0x0000c733      0x7ba Bin/RNDISClassDevice.o
 .debug_line    0x0000ceed       0x1a Bin/AndroidAccessoryClassHost.o
 .debug_line    0x0000cf07       0x1a Bin/AudioClassHost.o
 .debug_line    0x0000cf21       0x1a Bin/CDCClassHost.o
 .debug_line    0x0000cf3b       0x1a Bin/HIDClassHost.o
 .debug_line    0x0000cf55       0x1a Bin/MassStorageClassHost.o
 .debug_line    0x0000cf6f       0x1a Bin/MIDIClassHost.o
 .debug_line    0x0000cf89       0x1a Bin/PrinterClassHost.o
 .debug_line    0x0000cfa3       0x1a Bin/RNDISClassHost.o
 .debug_line    0x0000cfbd       0x1a Bin/StillImageClassHost.o
 .debug_line    0x0000cfd7       0xa1 c:/program files (x86)/atmel/atmel toolchain/avr8 gcc/native/3.4.2.1002/avr8-gnu-toolchain/bin/../lib/gcc/avr/4.7.2/../../../../avr/lib/avrxmega2\libc.a(rand.o)
 .debug_line    0x0000d078      0x1a6 c:/program files (x86)/atmel/atmel toolchain/avr8 gcc/native/3.4.2.1002/avr8-gnu-toolchain/bin/../lib/gcc/avr/4.7.2/../../../../avr/lib/avrxmega2\libc.a(snprintf_p.o)
 .debug_line    0x0000d21e      0x359 c:/program files (x86)/atmel/atmel toolchain/avr8 gcc/native/3.4.2.1002/avr8-gnu-toolchain/bin/../lib/gcc/avr/4.7.2/../../../../avr/lib/avrxmega2\libc.a(vfprintf_std.o)
 .debug_line    0x0000d577      0x104 c:/program files (x86)/atmel/atmel toolchain/avr8 gcc/native/3.4.2.1002/avr8-gnu-toolchain/bin/../lib/gcc/avr/4.7.2/../../../../avr/lib/avrxmega2\libc.a(fputc.o)

.debug_frame    0x00000000     0x2304
 *(.debug_frame)
 .debug_frame   0x00000000       0x24 Bin/Chameleon-Mini.o
 .debug_frame   0x00000024       0x24 Bin/LUFADescriptors.o
 .debug_frame   0x00000048       0xa0 Bin/System.o
 .debug_frame   0x000000e8       0xf4 Bin/Configuration.o
 .debug_frame   0x000001dc       0x64 Bin/Random.o
 .debug_frame   0x00000240       0x40 Bin/Common.o
 .debug_frame   0x00000280      0x174 Bin/Memory.o
 .debug_frame   0x000003f4       0xc0 Bin/Button.o
 .debug_frame   0x000004b4      0x114 Bin/Log.o
 .debug_frame   0x000005c8       0xa8 Bin/Settings.o
 .debug_frame   0x00000670       0xa0 Bin/LED.o
 .debug_frame   0x00000710       0xcc Bin/Terminal.o
 .debug_frame   0x000007dc      0x3d4 Bin/Commands.o
 .debug_frame   0x00000bb0       0x6c Bin/XModem.o
 .debug_frame   0x00000c1c       0x78 Bin/CommandLine.o
 .debug_frame   0x00000c94      0x100 Bin/ISO14443-2A.o
 .debug_frame   0x00000d94       0xbc Bin/MifareUltralight.o
 .debug_frame   0x00000e50       0xfc Bin/MifareClassic.o
 .debug_frame   0x00000f4c       0x34 Bin/ISO14443-3A.o
 .debug_frame   0x00000f80      0x13c Bin/Crypto1.o
 .debug_frame   0x000010bc      0x11c Bin/HIDParser.o
 .debug_frame   0x000011d8       0xd0 Bin/ConfigDescriptors.o
 .debug_frame   0x000012a8       0x40 Bin/DeviceStandardReq.o
 .debug_frame   0x000012e8       0x24 Bin/Events.o
 .debug_frame   0x0000130c       0x2c Bin/USBTask.o
 .debug_frame   0x00001338       0x24 Bin/Device_XMEGA.o
 .debug_frame   0x0000135c      0x4f8 Bin/EndpointStream_XMEGA.o
 .debug_frame   0x00001854      0x160 Bin/Endpoint_XMEGA.o
 .debug_frame   0x000019b4       0x5c Bin/USBController_XMEGA.o
 .debug_frame   0x00001a10       0x8c Bin/USBInterrupt_XMEGA.o
 .debug_frame   0x00001a9c       0xa4 Bin/AudioClassDevice.o
 .debug_frame   0x00001b40      0x1e0 Bin/CDCClassDevice.o
 .debug_frame   0x00001d20       0xf0 Bin/HIDClassDevice.o
 .debug_frame   0x00001e10       0x80 Bin/MassStorageClassDevice.o
 .debug_frame   0x00001e90       0xa4 Bin/MIDIClassDevice.o
 .debug_frame   0x00001f34      0x194 Bin/PrinterClassDevice.o
 .debug_frame   0x000020c8      0x100 Bin/RNDISClassDevice.o
 .debug_frame   0x000021c8       0x88 c:/program files (x86)/atmel/atmel toolchain/avr8 gcc/native/3.4.2.1002/avr8-gnu-toolchain/bin/../lib/gcc/avr/4.7.2/../../../../avr/lib/avrxmega2\libc.a(rand.o)
 .debug_frame   0x00002250       0x30 c:/program files (x86)/atmel/atmel toolchain/avr8 gcc/native/3.4.2.1002/avr8-gnu-toolchain/bin/../lib/gcc/avr/4.7.2/../../../../avr/lib/avrxmega2\libc.a(snprintf_p.o)
 .debug_frame   0x00002280       0x4c c:/program files (x86)/atmel/atmel toolchain/avr8 gcc/native/3.4.2.1002/avr8-gnu-toolchain/bin/../lib/gcc/avr/4.7.2/../../../../avr/lib/avrxmega2\libc.a(vfprintf_std.o)
 .debug_frame   0x000022cc       0x38 c:/program files (x86)/atmel/atmel toolchain/avr8 gcc/native/3.4.2.1002/avr8-gnu-toolchain/bin/../lib/gcc/avr/4.7.2/../../../../avr/lib/avrxmega2\libc.a(fputc.o)

.debug_str      0x00000000     0x7fb5
 *(.debug_str)
 .debug_str     0x00000000      0xb76 Bin/Chameleon-Mini.o
                                0xc3b (size before relaxing)
 .debug_str     0x00000b76      0x8cc Bin/LUFADescriptors.o
                                0xb22 (size before relaxing)
 .debug_str     0x00001442      0x9d2 Bin/System.o
                                0xc3b (size before relaxing)
 .debug_str     0x00001e14      0x402 Bin/Configuration.o
                                0x783 (size before relaxing)
 .debug_str     0x00002216       0x27 Bin/Random.o
                                0x11c (size before relaxing)
 .debug_str     0x0000223d       0x56 Bin/Common.o
                                0x13f (size before relaxing)
 .debug_str     0x00002293      0x37b Bin/Memory.o
                                0x9f5 (size before relaxing)
 .debug_str     0x0000260e      0x1fa Bin/Button.o
                                0x90f (size before relaxing)
 .debug_str     0x00002808      0x101 Bin/Log.o
                                0x9a7 (size before relaxing)
 .debug_str     0x00002909       0xc0 Bin/Settings.o
                                0x7ba (size before relaxing)
 .debug_str     0x000029c9       0x8f Bin/LED.o
                                0x851 (size before relaxing)
 .debug_str     0x00002a58      0x253 Bin/Terminal.o
                                0x861 (size before relaxing)
 .debug_str     0x00002cab      0x509 Bin/Commands.o
                                0xf89 (size before relaxing)
 .debug_str     0x000031b4      0x130 Bin/XModem.o
                                0x538 (size before relaxing)
 .debug_str     0x000032e4       0xc1 Bin/CommandLine.o
                                0x515 (size before relaxing)
 .debug_str     0x000033a5       0x1a Bin/Codec.o
                                0x27d (size before relaxing)
 .debug_str     0x000033bf     0x12f9 Bin/ISO14443-2A.o
                               0x1d48 (size before relaxing)
 .debug_str     0x000046b8      0x17d Bin/MifareUltralight.o
                                0x4f7 (size before relaxing)
 .debug_str     0x00004835      0x272 Bin/MifareClassic.o
                                0x69d (size before relaxing)
 .debug_str     0x00004aa7       0x1a Bin/ISO14443-3A.o
                                0x136 (size before relaxing)
 .debug_str     0x00004ac1       0x95 Bin/Crypto1.o
                                0x1c4 (size before relaxing)
 .debug_str     0x00004b56      0x492 Bin/HIDParser.o
                                0x5f8 (size before relaxing)
 .debug_str     0x00004fe8      0x22e Bin/ConfigDescriptors.o
                                0x436 (size before relaxing)
 .debug_str     0x00005216      0xa04 Bin/DeviceStandardReq.o
                               0x1134 (size before relaxing)
 .debug_str     0x00005c1a       0x31 Bin/Events.o
                                 0xe3 (size before relaxing)
 .debug_str     0x00005c4b       0x2b Bin/HostStandardReq.o
                                 0xdd (size before relaxing)
 .debug_str     0x00005c76       0x6d Bin/USBTask.o
                                0x3af (size before relaxing)
 .debug_str     0x00005ce3       0x4a Bin/Device_XMEGA.o
                                0x523 (size before relaxing)
 .debug_str     0x00005d2d      0x4d9 Bin/EndpointStream_XMEGA.o
                                0x8c7 (size before relaxing)
 .debug_str     0x00006206      0x2aa Bin/Endpoint_XMEGA.o
                                0xa35 (size before relaxing)
 .debug_str     0x000064b0       0x2c Bin/Host_XMEGA.o
                                 0xde (size before relaxing)
 .debug_str     0x000064dc       0x32 Bin/PipeStream_XMEGA.o
                                 0xe4 (size before relaxing)
 .debug_str     0x0000650e       0x2c Bin/Pipe_XMEGA.o
                                 0xde (size before relaxing)
 .debug_str     0x0000653a      0x1bb Bin/USBController_XMEGA.o
                                0xdc5 (size before relaxing)
 .debug_str     0x000066f5       0xaa Bin/USBInterrupt_XMEGA.o
                                0x896 (size before relaxing)
 .debug_str     0x0000679f      0x280 Bin/AudioClassDevice.o
                                0x70a (size before relaxing)
 .debug_str     0x00006a1f      0x286 Bin/CDCClassDevice.o
                                0xa5f (size before relaxing)
 .debug_str     0x00006ca5      0x248 Bin/HIDClassDevice.o
                                0xa7a (size before relaxing)
 .debug_str     0x00006eed      0x261 Bin/MassStorageClassDevice.o
                                0x85d (size before relaxing)
 .debug_str     0x0000714e      0x115 Bin/MIDIClassDevice.o
                                0x6b4 (size before relaxing)
 .debug_str     0x00007263      0x269 Bin/PrinterClassDevice.o
                                0x988 (size before relaxing)
 .debug_str     0x000074cc      0x6e5 Bin/RNDISClassDevice.o
                                0xdbd (size before relaxing)
 .debug_str     0x00007bb1       0x3b Bin/AndroidAccessoryClassHost.o
                                 0xed (size before relaxing)
 .debug_str     0x00007bec       0x30 Bin/AudioClassHost.o
                                 0xe2 (size before relaxing)
 .debug_str     0x00007c1c       0x2e Bin/CDCClassHost.o
                                 0xe0 (size before relaxing)
 .debug_str     0x00007c4a       0x2e Bin/HIDClassHost.o
                                 0xe0 (size before relaxing)
 .debug_str     0x00007c78       0x36 Bin/MassStorageClassHost.o
                                 0xe8 (size before relaxing)
 .debug_str     0x00007cae       0x2f Bin/MIDIClassHost.o
                                 0xe1 (size before relaxing)
 .debug_str     0x00007cdd       0x32 Bin/PrinterClassHost.o
                                 0xe4 (size before relaxing)
 .debug_str     0x00007d0f       0x30 Bin/RNDISClassHost.o
                                 0xe2 (size before relaxing)
 .debug_str     0x00007d3f       0x35 Bin/StillImageClassHost.o