Archive member included because of file (symbol)

c:/programme/atmel/avr tools/avr toolchain/bin/../lib/gcc/avr/4.6.2/avrxmega2\libgcc.a(_mulsi3.o)
                              Bin/Commands.o (__mulsi3)
c:/programme/atmel/avr tools/avr toolchain/bin/../lib/gcc/avr/4.6.2/avrxmega2\libgcc.a(_exit.o)
                              c:/programme/atmel/avr tools/avr toolchain/bin/../lib/gcc/avr/4.6.2/../../../../avr/lib/avrxmega2/crtx32a4u.o (exit)
c:/programme/atmel/avr tools/avr toolchain/bin/../lib/gcc/avr/4.6.2/avrxmega2\libgcc.a(_copy_data.o)
                              Bin/Chameleon-Mini.o (__do_copy_data)
c:/programme/atmel/avr tools/avr toolchain/bin/../lib/gcc/avr/4.6.2/avrxmega2\libgcc.a(_clear_bss.o)
                              Bin/Chameleon-Mini.o (__do_clear_bss)
c:/programme/atmel/avr tools/avr toolchain/bin/../lib/gcc/avr/4.6.2/../../../../avr/lib/avrxmega2\libc.a(rand.o)
                              Bin/Random.o (rand)
c:/programme/atmel/avr tools/avr toolchain/bin/../lib/gcc/avr/4.6.2/../../../../avr/lib/avrxmega2\libc.a(memcpy_P.o)
                              Bin/Configuration.o (memcpy_P)
c:/programme/atmel/avr tools/avr toolchain/bin/../lib/gcc/avr/4.6.2/../../../../avr/lib/avrxmega2\libc.a(strcmp_P.o)
                              Bin/Button.o (strcmp_P)
c:/programme/atmel/avr tools/avr toolchain/bin/../lib/gcc/avr/4.6.2/../../../../avr/lib/avrxmega2\libc.a(strncpy_P.o)
                              Bin/Button.o (strncpy_P)
c:/programme/atmel/avr tools/avr toolchain/bin/../lib/gcc/avr/4.6.2/../../../../avr/lib/avrxmega2\libc.a(memcmp.o)
                              Bin/HIDClassDevice.o (memcmp)
c:/programme/atmel/avr tools/avr toolchain/bin/../lib/gcc/avr/4.6.2/../../../../avr/lib/avrxmega2\libc.a(memcpy.o)
                              Bin/HIDClassDevice.o (memcpy)
c:/programme/atmel/avr tools/avr toolchain/bin/../lib/gcc/avr/4.6.2/../../../../avr/lib/avrxmega2\libc.a(memset.o)
                              Bin/HIDClassDevice.o (memset)
c:/programme/atmel/avr tools/avr toolchain/bin/../lib/gcc/avr/4.6.2/../../../../avr/lib/avrxmega2\libc.a(snprintf_p.o)
                              Bin/Commands.o (snprintf_P)
c:/programme/atmel/avr tools/avr toolchain/bin/../lib/gcc/avr/4.6.2/../../../../avr/lib/avrxmega2\libc.a(vfprintf_std.o)
                              c:/programme/atmel/avr tools/avr toolchain/bin/../lib/gcc/avr/4.6.2/../../../../avr/lib/avrxmega2\libc.a(snprintf_p.o) (vfprintf)
c:/programme/atmel/avr tools/avr toolchain/bin/../lib/gcc/avr/4.6.2/../../../../avr/lib/avrxmega2\libc.a(eerd_block_atxmega32a4u.o)
                              Bin/Settings.o (__eerd_block_x32a4u)
c:/programme/atmel/avr tools/avr toolchain/bin/../lib/gcc/avr/4.6.2/../../../../avr/lib/avrxmega2\libc.a(eerd_byte_atxmega32a4u.o)
                              Bin/EndpointStream_XMEGA.o (__eerd_byte_x32a4u)
c:/programme/atmel/avr tools/avr toolchain/bin/../lib/gcc/avr/4.6.2/../../../../avr/lib/avrxmega2\libc.a(eeupd_byte_atxmega32a4u.o)
                              Bin/EndpointStream_XMEGA.o (__eeupd_byte_x32a4u)
c:/programme/atmel/avr tools/avr toolchain/bin/../lib/gcc/avr/4.6.2/../../../../avr/lib/avrxmega2\libc.a(eewr_block_atxmega32a4u.o)
                              Bin/Settings.o (__eewr_block_x32a4u)
c:/programme/atmel/avr tools/avr toolchain/bin/../lib/gcc/avr/4.6.2/../../../../avr/lib/avrxmega2\libc.a(eewr_byte_atxmega32a4u.o)
                              c:/programme/atmel/avr tools/avr toolchain/bin/../lib/gcc/avr/4.6.2/../../../../avr/lib/avrxmega2\libc.a(eeupd_byte_atxmega32a4u.o) (__eewr_r18_x32a4u)
c:/programme/atmel/avr tools/avr toolchain/bin/../lib/gcc/avr/4.6.2/../../../../avr/lib/avrxmega2\libc.a(strnlen_P.o)
                              c:/programme/atmel/avr tools/avr toolchain/bin/../lib/gcc/avr/4.6.2/../../../../avr/lib/avrxmega2\libc.a(vfprintf_std.o) (strnlen_P)
c:/programme/atmel/avr tools/avr toolchain/bin/../lib/gcc/avr/4.6.2/../../../../avr/lib/avrxmega2\libc.a(strnlen.o)
                              c:/programme/atmel/avr tools/avr toolchain/bin/../lib/gcc/avr/4.6.2/../../../../avr/lib/avrxmega2\libc.a(vfprintf_std.o) (strnlen)
c:/programme/atmel/avr tools/avr toolchain/bin/../lib/gcc/avr/4.6.2/../../../../avr/lib/avrxmega2\libc.a(fputc.o)
                              c:/programme/atmel/avr tools/avr toolchain/bin/../lib/gcc/avr/4.6.2/../../../../avr/lib/avrxmega2\libc.a(vfprintf_std.o) (fputc)
c:/programme/atmel/avr tools/avr toolchain/bin/../lib/gcc/avr/4.6.2/../../../../avr/lib/avrxmega2\libc.a(ultoa_invert.o)
                              c:/programme/atmel/avr tools/avr toolchain/bin/../lib/gcc/avr/4.6.2/../../../../avr/lib/avrxmega2\libc.a(vfprintf_std.o) (__ultoa_invert)
c:/programme/atmel/avr tools/avr toolchain/bin/../lib/gcc/avr/4.6.2/avrxmega2\libgcc.a(_divmodsi4.o)
[...]
Memory Configuration

Name             Origin             Length             Attributes
text             0x00000000         0x00100000         xr
data             0x00802000         0x0000ffa0         rw !x
eeprom           0x00810000         0x00010000         rw !x
fuse             0x00820000         0x00000400         rw !x
lock             0x00830000         0x00000400         rw !x
signature        0x00840000         0x00000400         rw !x
*default*        0x00000000         0xffffffff

Linker script and memory map

LOAD c:/programme/atmel/avr tools/avr toolchain/bin/../lib/gcc/avr/4.6.2/../../../../avr/lib/avrxmega2/crtx32a4u.o
LOAD Bin/Chameleon-Mini.o
LOAD Bin/LUFADescriptors.o
LOAD Bin/System.o
LOAD Bin/Configuration.o
LOAD Bin/Random.o
LOAD Bin/Common.o
LOAD Bin/Memory.o
LOAD Bin/Button.o
LOAD Bin/Settings.o
LOAD Bin/LED.o
LOAD Bin/Terminal.o
LOAD Bin/Commands.o
LOAD Bin/XModem.o
LOAD Bin/CommandLine.o
LOAD Bin/Codec.o
LOAD Bin/ISO14443-2A.o
LOAD Bin/MifareClassic.o
LOAD Bin/ISO14443-3A.o
LOAD Bin/Crypto1.o
LOAD Bin/HIDParser.o
LOAD Bin/ConfigDescriptors.o
LOAD Bin/DeviceStandardReq.o
LOAD Bin/Events.o
LOAD Bin/HostStandardReq.o
LOAD Bin/USBTask.o
LOAD Bin/Device_XMEGA.o
LOAD Bin/EndpointStream_XMEGA.o
LOAD Bin/Endpoint_XMEGA.o
LOAD Bin/Host_XMEGA.o
LOAD Bin/PipeStream_XMEGA.o
LOAD Bin/Pipe_XMEGA.o
LOAD Bin/USBController_XMEGA.o
LOAD Bin/USBInterrupt_XMEGA.o
LOAD Bin/AudioClassDevice.o
LOAD Bin/CDCClassDevice.o
LOAD Bin/HIDClassDevice.o
LOAD Bin/MassStorageClassDevice.o
LOAD Bin/MIDIClassDevice.o
LOAD Bin/PrinterClassDevice.o
LOAD Bin/RNDISClassDevice.o
LOAD Bin/AndroidAccessoryClassHost.o
LOAD Bin/AudioClassHost.o
LOAD Bin/CDCClassHost.o
LOAD Bin/HIDClassHost.o
LOAD Bin/MassStorageClassHost.o
LOAD Bin/MIDIClassHost.o
LOAD Bin/PrinterClassHost.o
LOAD Bin/RNDISClassHost.o
LOAD Bin/StillImageClassHost.o
LOAD c:/programme/atmel/avr tools/avr toolchain/bin/../lib/gcc/avr/4.6.2/../../../../avr/lib/avrxmega2\libm.a
LOAD c:/programme/atmel/avr tools/avr toolchain/bin/../lib/gcc/avr/4.6.2/avrxmega2\libgcc.a
LOAD c:/programme/atmel/avr tools/avr toolchain/bin/../lib/gcc/avr/4.6.2/../../../../avr/lib/avrxmega2\libc.a
LOAD c:/programme/atmel/avr tools/avr toolchain/bin/../lib/gcc/avr/4.6.2/avrxmega2\libgcc.a

.hash
 *(.hash)

.dynsym
 *(.dynsym)

.dynstr
 *(.dynstr)

.gnu.version
 *(.gnu.version)

.gnu.version_d
 *(.gnu.version_d)

.gnu.version_r
 *(.gnu.version_r)

.rel.init
 *(.rel.init)

.rela.init
 *(.rela.init)

.rel.text
 *(.rel.text)
 *(.rel.text.*)
 *(.rel.gnu.linkonce.t*)

.rela.text
 *(.rela.text)
 *(.rela.text.*)
 *(.rela.gnu.linkonce.t*)

.rel.fini
 *(.rel.fini)

.rela.fini
 *(.rela.fini)

.rel.rodata
 *(.rel.rodata)
 *(.rel.rodata.*)
 *(.rel.gnu.linkonce.r*)

.rela.rodata
 *(.rela.rodata)
 *(.rela.rodata.*)
 *(.rela.gnu.linkonce.r*)

.rel.data
 *(.rel.data)
 *(.rel.data.*)
 *(.rel.gnu.linkonce.d*)

.rela.data
 *(.rela.data)
 *(.rela.data.*)
 *(.rela.gnu.linkonce.d*)

.rel.ctors
 *(.rel.ctors)

.rela.ctors
 *(.rela.ctors)

.rel.dtors
 *(.rel.dtors)

.rela.dtors
 *(.rela.dtors)

.rel.got
 *(.rel.got)

.rela.got
 *(.rela.got)

.rel.bss
 *(.rel.bss)

.rela.bss
 *(.rela.bss)

.rel.plt
 *(.rel.plt)

.rela.plt
 *(.rela.plt)

.text           0x00000000     0x52be
 *(.vectors)
 .vectors       0x00000000      0x1fc c:/programme/atmel/avr tools/avr toolchain/bin/../lib/gcc/avr/4.6.2/../../../../avr/lib/avrxmega2/crtx32a4u.o
                0x00000000                __vectors
 *(.vectors)
 *(.progmem.gcc*)
 *(.progmem*)
 .progmem.data  0x000001fc       0x8c Bin/LUFADescriptors.o
                0x000001fc                ProductString
                0x0000021a                ManufacturerString
                0x00000234                LanguageString
                0x00000238                ConfigurationDescriptor
                0x00000276                DeviceDescriptor
 .progmem.data  0x00000288       0x6f Bin/Configuration.o
 .progmem.data  0x000002f7       0xe0 Bin/Button.o
 .progmem.data  0x000003d7       0x64 Bin/Commands.o
 .progmem.data  0x0000043b      0x22c Bin/CommandLine.o
                0x0000043b                CommandTable
                0x00000668                . = ALIGN (0x2)
 *fill*         0x00000667        0x1 00
                0x00000668                __trampolines_start = .
 *(.trampolines)
 .trampolines   0x00000668        0x0 linker stubs
 *(.trampolines*)
                0x00000668                __trampolines_end = .
 *(.jumptables)
 *(.jumptables*)
 *(.lowtext)
 *(.lowtext*)
                0x00000668                __ctors_start = .
 *(.ctors)
                0x00000668                __ctors_end = .
                0x00000668                __dtors_start = .
 *(.dtors)
                0x00000668                __dtors_end = .
 SORT(*)(.ctors)
 SORT(*)(.dtors)
 *(.init0)
 .init0         0x00000668        0x0 c:/programme/atmel/avr tools/avr toolchain/bin/../lib/gcc/avr/4.6.2/../../../../avr/lib/avrxmega2/crtx32a4u.o
                0x00000668                __init
 *(.init0)
 *(.init1)
 *(.init1)
 *(.init2)
 .init2         0x00000668        0xc c:/programme/atmel/avr tools/avr toolchain/bin/../lib/gcc/avr/4.6.2/../../../../avr/lib/avrxmega2/crtx32a4u.o
 *(.init2)
 *(.init3)
 *(.init3)
 *(.init4)
 .init4         0x00000674       0x16 c:/programme/atmel/avr tools/avr toolchain/bin/../lib/gcc/avr/4.6.2/avrxmega2\libgcc.a(_copy_data.o)
                0x00000674                __do_copy_data
 .init4         0x0000068a       0x10 c:/programme/atmel/avr tools/avr toolchain/bin/../lib/gcc/avr/4.6.2/avrxmega2\libgcc.a(_clear_bss.o)
                0x0000068a                __do_clear_bss
 *(.init4)
 *(.init5)
 *(.init5)
 *(.init6)
 *(.init6)
 *(.init7)
 *(.init7)
 *(.init8)
 *(.init8)
 *(.init9)
 .init9         0x0000069a        0x6 c:/programme/atmel/avr tools/avr toolchain/bin/../lib/gcc/avr/4.6.2/../../../../avr/lib/avrxmega2/crtx32a4u.o
 *(.init9)
 *(.text)
 .text          0x000006a0        0x2 c:/programme/atmel/avr tools/avr toolchain/bin/../lib/gcc/avr/4.6.2/../../../../avr/lib/avrxmega2/crtx32a4u.o
                0x000006a0                __vector_38
                0x000006a0                __vector_104
                0x000006a0                __vector_63
                0x000006a0                __vector_28
                0x000006a0                __vector_67
                0x000006a0                __vector_1
                0x000006a0                __vector_119
                0x000006a0                __vector_32
                0x000006a0                __vector_75
                0x000006a0                __vector_71
                0x000006a0                __vector_91
                0x000006a0                __vector_62
                0x000006a0                __vector_77
                0x000006a0                __vector_102
                0x000006a0                __vector_24
                0x000006a0                __vector_12
                0x000006a0                __vector_55
                0x000006a0                __vector_69
                0x000006a0                __vector_81
                0x000006a0                __vector_90
                0x000006a0                __vector_46
                0x000006a0                __bad_interrupt
                0x000006a0                __vector_122
                0x000006a0                __vector_72
                0x000006a0                __vector_114
                0x000006a0                __vector_6
                0x000006a0                __vector_110
                0x000006a0                __vector_31
                0x000006a0                __vector_92
                0x000006a0                __vector_35
                0x000006a0                __vector_78
                0x000006a0                __vector_74
                0x000006a0                __vector_117
                0x000006a0                __vector_39
                0x000006a0                __vector_107
                0x000006a0                __vector_3
                0x000006a0                __vector_105
                0x000006a0                __vector_98
                0x000006a0                __vector_23
                0x000006a0                __vector_68
                0x000006a0                __vector_30
                0x000006a0                __vector_73
                0x000006a0                __vector_45
                0x000006a0                __vector_25
                0x000006a0                __vector_93
                0x000006a0                __vector_61
                0x000006a0                __vector_11
                0x000006a0                __vector_54
                0x000006a0                __vector_99
                0x000006a0                __vector_13
                0x000006a0                __vector_17
                0x000006a0                __vector_19
                0x000006a0                __vector_56
                0x000006a0                __vector_7
                0x000006a0                __vector_49
                0x000006a0                __vector_123
                0x000006a0                __vector_41
                0x000006a0                __vector_86
                0x000006a0                __vector_100
                0x000006a0                __vector_101
                0x000006a0                __vector_64
                0x000006a0                __vector_88
                0x000006a0                __vector_109
                0x000006a0                __vector_43
                0x000006a0                __vector_27
                0x000006a0                __vector_5
                0x000006a0                __vector_113
                0x000006a0                __vector_33
                0x000006a0                __vector_76
                0x000006a0                __vector_115
                0x000006a0                __vector_47
                0x000006a0                __vector_52
                0x000006a0                __vector_37
                0x000006a0                __vector_95
                0x000006a0                __vector_103
                0x000006a0                __vector_96
                0x000006a0                __vector_89
                0x000006a0                __vector_108
                0x000006a0                __vector_4
                0x000006a0                __vector_44
                0x000006a0                __vector_82
                0x000006a0                __vector_106
                0x000006a0                __vector_118
                0x000006a0                __vector_51
                0x000006a0                __vector_9
                0x000006a0                __vector_2
                0x000006a0                __vector_21
                0x000006a0                __vector_15
                0x000006a0                __vector_66
                0x000006a0                __vector_36
                0x000006a0                __vector_79
                0x000006a0                __vector_58
                0x000006a0                __vector_70
                0x000006a0                __vector_29
                0x000006a0                __vector_60
                0x000006a0                __vector_121
                0x000006a0                __vector_40
                0x000006a0                __vector_85
                0x000006a0                __vector_94
                0x000006a0                __vector_126
                0x000006a0                __vector_8
                0x000006a0                __vector_26
                0x000006a0                __vector_48
                0x000006a0                __vector_124
                0x000006a0                __vector_116
                0x000006a0                __vector_112
                0x000006a0                __vector_111
                0x000006a0                __vector_80
                0x000006a0                __vector_14
                0x000006a0                __vector_84
                0x000006a0                __vector_57
                0x000006a0                __vector_53
                0x000006a0                __vector_10
                0x000006a0                __vector_50
                0x000006a0                __vector_16
                0x000006a0                __vector_59
                0x000006a0                __vector_18
                0x000006a0                __vector_97
                0x000006a0                __vector_20
                0x000006a0                __vector_42
                0x000006a0                __vector_87
                0x000006a0                __vector_65
                0x000006a0                __vector_120
                0x000006a2                . = ALIGN (0x2)
 *(.text.*)
 .text.startup.main
                0x000006a2       0x72 Bin/Chameleon-Mini.o
                0x000006a2                main
 .text.CALLBACK_USB_GetDescriptor
                0x00000714       0x6c Bin/LUFADescriptors.o
                0x00000714                CALLBACK_USB_GetDescriptor
 .text.__vector_default
                0x00000780        0xc Bin/System.o
                0x00000780                __vector_default
 .text.SystemInit
                0x0000078c       0x74 Bin/System.o
                0x0000078c                SystemInit
 .text.SystemReset
                0x00000800        0xe Bin/System.o
                0x00000800                SystemReset
 .text.SystemEnterBootloader
                0x0000080e        0xc Bin/System.o
                0x0000080e                SystemEnterBootloader
 .text.SystemStartUSBClock
                0x0000081a       0x36 Bin/System.o
                0x0000081a                SystemStartUSBClock
 .text.SystemStopUSBClock
                0x00000850       0x1c Bin/System.o
                0x00000850                SystemStopUSBClock
 .text.SystemInterruptInit
                0x0000086c        0xc Bin/System.o
                0x0000086c                SystemInterruptInit
 .text.CodecInitDummy
                0x00000878        0x2 Bin/Configuration.o
 .text.CodecTaskDummy
                0x0000087a        0x2 Bin/Configuration.o
 .text.ApplicationInitDummy
                0x0000087c        0x2 Bin/Configuration.o
 .text.ApplicationResetDummy
                0x0000087e        0x2 Bin/Configuration.o
 .text.ApplicationTaskDummy
                0x00000880        0x2 Bin/Configuration.o
 .text.ApplicationProcessDummy
                0x00000882        0x6 Bin/Configuration.o
 .text.ApplicationGetUidDummy
                0x00000888        0x2 Bin/Configuration.o
 .text.ApplicationSetUidDummy
                0x0000088a        0x2 Bin/Configuration.o
 .text.ConfigurationSetById
                0x0000088c       0x52 Bin/Configuration.o
                0x0000088c                ConfigurationSetById
 .text.ConfigurationInit
                0x000008de        0xc Bin/Configuration.o
                0x000008de                ConfigurationInit
 .text.ConfigurationSetByName
                0x000008ea       0x90 Bin/Configuration.o
                0x000008ea                ConfigurationSetByName
 .text.ConfigurationGetList
                0x0000097a       0x74 Bin/Configuration.o
                0x0000097a                ConfigurationGetList
 .text.RandomInit
                0x000009ee        0x2 Bin/Random.o
                0x000009ee                RandomInit
 .text.RandomGetByte
                0x000009f0        0x6 Bin/Random.o
                0x000009f0                RandomGetByte
 .text.RandomGetBuffer
                0x000009f6       0x2e Bin/Random.o
                0x000009f6                RandomGetBuffer
 .text.RandomTick
                0x00000a24       0x10 Bin/Random.o
                0x00000a24                RandomTick
 .text.BufferToHexString
                0x00000a34       0x7a Bin/Common.o
                0x00000a34                BufferToHexString
 .text.HexStringToBuffer
                0x00000aae       0x9e Bin/Common.o
                0x00000aae                HexStringToBuffer
 .text.MemoryInit
                0x00000b4c      0x10e Bin/Memory.o
                0x00000b4c                MemoryInit
 .text.MemoryReadBlock
                0x00000c5a      0x116 Bin/Memory.o
                0x00000c5a                MemoryReadBlock
 .text.MemoryWriteBlock
                0x00000d70      0x2a8 Bin/Memory.o
                0x00000d70                MemoryWriteBlock
 .text.MemoryClear
                0x00001018       0xcc Bin/Memory.o
                0x00001018                MemoryClear
 .text.MemoryUploadBlock
                0x000010e4       0x5c Bin/Memory.o
                0x000010e4                MemoryUploadBlock
 .text.MemoryDownloadBlock
                0x00001140       0x5e Bin/Memory.o
                0x00001140                MemoryDownloadBlock
 .text.ButtonInit
                0x0000119e        0xe Bin/Button.o
                0x0000119e                ButtonInit
 .text.ButtonTick
                0x000011ac      0x1ba Bin/Button.o
                0x000011ac                ButtonTick
 .text.ButtonGetActionList
                0x00001366       0x60 Bin/Button.o
                0x00001366                ButtonGetActionList
 .text.ButtonSetActionById
                0x000013c6        0xc Bin/Button.o
                0x000013c6                ButtonSetActionById
 .text.ButtonGetActionByName
                0x000013d2       0x26 Bin/Button.o
                0x000013d2                ButtonGetActionByName
 .text.ButtonSetActionByName
                0x000013f8       0x92 Bin/Button.o
                0x000013f8                ButtonSetActionByName
 .text.SettingsLoad
                0x0000148a       0x10 Bin/Settings.o
                0x0000148a                SettingsLoad
 .text.SettingsSave
                0x0000149a       0x10 Bin/Settings.o
                0x0000149a                SettingsSave
 .text.SettingsSetActiveById
                0x000014aa       0x1e Bin/Settings.o
                0x000014aa                SettingsSetActiveById
 .text.SettingsCycle
                0x000014c8       0xda Bin/Settings.o
                0x000014c8                SettingsCycle
 .text.SettingsGetActiveById
                0x000015a2        0x6 Bin/Settings.o
                0x000015a2                SettingsGetActiveById
 .text.SettingsGetActiveByName
                0x000015a8       0x14 Bin/Settings.o
                0x000015a8                SettingsGetActiveByName
 .text.SettingsSetActiveByName
                0x000015bc       0x1e Bin/Settings.o
                0x000015bc                SettingsSetActiveByName
 .text.TerminalSendString
                0x000015da        0xa Bin/Terminal.o
                0x000015da                TerminalSendString
 .text.TerminalSendStringP
                0x000015e4       0x28 Bin/Terminal.o
                0x000015e4                TerminalSendStringP
 .text.TerminalSendBlock
                0x0000160c        0xe Bin/Terminal.o
                0x0000160c                TerminalSendBlock
 .text.TerminalInit
                0x0000161a        0xa Bin/Terminal.o
                0x0000161a                TerminalInit
 .text.TerminalTask
                0x00001624       0x42 Bin/Terminal.o
                0x00001624                TerminalTask
 .text.TerminalTick
                0x00001666       0x7e Bin/Terminal.o
                0x00001666                TerminalTick
 .text.EVENT_USB_Device_Connect
                0x000016e4        0xa Bin/Terminal.o
                0x000016e4                EVENT_USB_Device_Connect
 .text.EVENT_USB_Device_Disconnect
                0x000016ee        0xa Bin/Terminal.o
                0x000016ee                EVENT_USB_Device_Disconnect
 .text.EVENT_USB_Device_ConfigurationChanged
                0x000016f8        0x8 Bin/Terminal.o
                0x000016f8                EVENT_USB_Device_ConfigurationChanged
 .text.EVENT_USB_Device_ControlRequest
                0x00001700        0x8 Bin/Terminal.o
                0x00001700                EVENT_USB_Device_ControlRequest
 .text.CommandGetVersion
                0x00001708       0x5a Bin/Commands.o
                0x00001708                CommandGetVersion
 .text.CommandGetConfig
                0x00001762       0x4a Bin/Commands.o
                0x00001762                CommandGetConfig
 .text.CommandSetConfig
                0x000017ac       0x10 Bin/Commands.o
                0x000017ac                CommandSetConfig
 .text.CommandExecConfig
                0x000017bc        0xa Bin/Commands.o
                0x000017bc                CommandExecConfig
 .text.CommandGetUid
                0x000017c6       0x4c Bin/Commands.o
                0x000017c6                CommandGetUid
 .text.CommandSetUid
                0x00001812       0xa8 Bin/Commands.o
                0x00001812                CommandSetUid
 .text.CommandGetReadOnly
                0x000018ba       0x1e Bin/Commands.o
                0x000018ba                CommandGetReadOnly
 .text.CommandSetReadOnly
                0x000018d8       0x2c Bin/Commands.o
                0x000018d8                CommandSetReadOnly
 .text.CommandExecUpload
                0x00001904        0xa Bin/Commands.o
                0x00001904                CommandExecUpload
 .text.CommandExecDownload
                0x0000190e        0xa Bin/Commands.o
                0x0000190e                CommandExecDownload
 .text.CommandExecReset
                0x00001918       0x16 Bin/Commands.o
                0x00001918                CommandExecReset
 .text.CommandExecUpgrade
                0x0000192e       0x16 Bin/Commands.o
                0x0000192e                CommandExecUpgrade
 .text.CommandGetMemSize
                0x00001944       0x4e Bin/Commands.o
                0x00001944                CommandGetMemSize
 .text.CommandGetUidSize
                0x00001992       0x4a Bin/Commands.o
                0x00001992                CommandGetUidSize
 .text.CommandExecButton
                0x000019dc        0xa Bin/Commands.o
                0x000019dc                CommandExecButton
 .text.CommandGetButton
                0x000019e6        0xa Bin/Commands.o
                0x000019e6                CommandGetButton
 .text.CommandSetButton
                0x000019f0       0x10 Bin/Commands.o
                0x000019f0                CommandSetButton
 .text.CommandGetSetting
                0x00001a00        0xa Bin/Commands.o
                0x00001a00                CommandGetSetting
 .text.CommandSetSetting
                0x00001a0a       0x10 Bin/Commands.o
                0x00001a0a                CommandSetSetting
 .text.CommandExecClear
                0x00001a1a        0x6 Bin/Commands.o
                0x00001a1a                CommandExecClear
 .text.CommandExecHelp
                0x00001a20       0x9a Bin/Commands.o
                0x00001a20                CommandExecHelp
 .text.CommandGetRssi
                0x00001aba       0x94 Bin/Commands.o
                0x00001aba                CommandGetRssi
 .text.CalcChecksum.constprop.0
                0x00001b4e       0x14 Bin/XModem.o
 .text.XModemReceive
                0x00001b62       0x30 Bin/XModem.o
                0x00001b62                XModemReceive
 .text.XModemSend
                0x00001b92       0x26 Bin/XModem.o
                0x00001b92                XModemSend
 .text.XModemProcessByte
                0x00001bb8      0x2b2 Bin/XModem.o
                0x00001bb8                XModemProcessByte
 .text.XModemTick
                0x00001e6a       0x5c Bin/XModem.o
                0x00001e6a                XModemTick
 .text.CommandLineProcessByte
                0x00001ec6      0x346 Bin/CommandLine.o
                0x00001ec6                CommandLineProcessByte
 .text.CommandLineTick
                0x0000220c        0x2 Bin/CommandLine.o
                0x0000220c                CommandLineTick
 .text.StartDemod
                0x0000220e       0x3e Bin/ISO14443-2A.o
 .text.__vector_34
                0x0000224c       0x88 Bin/ISO14443-2A.o
                0x0000224c                __vector_34
 .text.__vector_22
                0x000022d4      0x148 Bin/ISO14443-2A.o
                0x000022d4                __vector_22
 .text.__vector_83
                0x0000241c      0x212 Bin/ISO14443-2A.o
                0x0000241c                __vector_83
 .text.ISO14443ACodecInit
                0x0000262e       0x70 Bin/ISO14443-2A.o
                0x0000262e                ISO14443ACodecInit
 .text.ISO14443ACodecTask
                0x0000269e       0xf2 Bin/ISO14443-2A.o
                0x0000269e                ISO14443ACodecTask
 .text.MifareClassicAppInit1K
                0x00002790       0x1a Bin/MifareClassic.o
                0x00002790                MifareClassicAppInit1K
 .text.MifareClassicAppInit4K
                0x000027aa       0x1a Bin/MifareClassic.o
                0x000027aa                MifareClassicAppInit4K
 .text.MifareClassicAppReset
                0x000027c4        0x8 Bin/MifareClassic.o
                0x000027c4                MifareClassicAppReset
 .text.MifareClassicAppTask
                0x000027cc        0x2 Bin/MifareClassic.o
                0x000027cc                MifareClassicAppTask
 .text.MifareClassicAppProcess
                0x000027ce      0x9bc Bin/MifareClassic.o
                0x000027ce                MifareClassicAppProcess
 .text.MifareClassicGetUid
                0x0000318a        0xc Bin/MifareClassic.o
                0x0000318a                MifareClassicGetUid
 .text.MifareClassicSetUid
                0x00003196       0x42 Bin/MifareClassic.o
                0x00003196                MifareClassicSetUid
 .text.ISO14443AAppendCRCA
                0x000031d8       0x7c Bin/ISO14443-3A.o
                0x000031d8                ISO14443AAppendCRCA
 .text.ISO14443ACheckCRCA
                0x00003254       0x9c Bin/ISO14443-3A.o
                0x00003254                ISO14443ACheckCRCA
 .text.Crypto1LFSR
                0x000032f0       0xce Bin/Crypto1.o
 .text.Crypto1FilterOutput
                0x000033be       0x68 Bin/Crypto1.o
                0x000033be                Crypto1FilterOutput
 .text.Crypto1Setup
                0x00003426      0x38c Bin/Crypto1.o
                0x00003426                Crypto1Setup
 .text.Crypto1Auth
                0x000037b2       0x7e Bin/Crypto1.o
                0x000037b2                Crypto1Auth
 .text.Crypto1Byte
                0x00003830       0x82 Bin/Crypto1.o
                0x00003830                Crypto1Byte
 .text.Crypto1Nibble
                0x000038b2       0x48 Bin/Crypto1.o
                0x000038b2                Crypto1Nibble
 .text.Crypto1PRNG
                0x000038fa       0xfc Bin/Crypto1.o
                0x000038fa                Crypto1PRNG
 .text.USB_Device_ProcessControlRequest
                0x000039f6      0x2b0 Bin/DeviceStandardReq.o
                0x000039f6                USB_Device_ProcessControlRequest
 .text.USB_Event_Stub
                0x00003ca6        0x2 Bin/Events.o
                0x00003ca6                USB_Event_Stub
                0x00003ca6                EVENT_USB_Device_Suspend
                0x00003ca6                EVENT_USB_Device_StartOfFrame
                0x00003ca6                EVENT_USB_Device_Reset
                0x00003ca6                EVENT_USB_Device_WakeUp
 .text.USB_USBTask
                0x00003ca8       0x28 Bin/USBTask.o
                0x00003ca8                USB_USBTask
 .text.Endpoint_Write_Stream_LE
                0x00003cd0       0xd8 Bin/EndpointStream_XMEGA.o
                0x00003cd0                Endpoint_Write_Stream_LE
 .text.Endpoint_Write_Control_Stream_LE
                0x00003da8      0x14a Bin/EndpointStream_XMEGA.o
                0x00003da8                Endpoint_Write_Control_Stream_LE
 .text.Endpoint_Write_Control_PStream_LE
                0x00003ef2      0x160 Bin/EndpointStream_XMEGA.o
                0x00003ef2                Endpoint_Write_Control_PStream_LE
 .text.Endpoint_ClearIN
                0x00004052       0x32 Bin/Endpoint_XMEGA.o
                0x00004052                Endpoint_ClearIN
 .text.Endpoint_ClearOUT
                0x00004084       0x1e Bin/Endpoint_XMEGA.o
                0x00004084                Endpoint_ClearOUT
 .text.Endpoint_Read_8
                0x000040a2       0x1e Bin/Endpoint_XMEGA.o
                0x000040a2                Endpoint_Read_8
 .text.Endpoint_Write_8
                0x000040c0       0x1e Bin/Endpoint_XMEGA.o
                0x000040c0                Endpoint_Write_8
 .text.Endpoint_SelectEndpoint
                0x000040de       0x78 Bin/Endpoint_XMEGA.o
                0x000040de                Endpoint_SelectEndpoint
 .text.Endpoint_StallTransaction
                0x00004156       0x38 Bin/Endpoint_XMEGA.o
                0x00004156                Endpoint_StallTransaction
 .text.Endpoint_ClearSETUP
                0x0000418e       0x58 Bin/Endpoint_XMEGA.o
                0x0000418e                Endpoint_ClearSETUP
 .text.Endpoint_IsSETUPReceived
                0x000041e6       0x30 Bin/Endpoint_XMEGA.o
                0x000041e6                Endpoint_IsSETUPReceived
 .text.Endpoint_IsOUTReceived
                0x00004216       0x30 Bin/Endpoint_XMEGA.o
                0x00004216                Endpoint_IsOUTReceived
 .text.Endpoint_IsINReady
                0x00004246       0x1a Bin/Endpoint_XMEGA.o
                0x00004246                Endpoint_IsINReady
 .text.Endpoint_ConfigureEndpoint_PRV
                0x00004260       0x9a Bin/Endpoint_XMEGA.o
                0x00004260                Endpoint_ConfigureEndpoint_PRV
 .text.Endpoint_ConfigureEndpointTable
                0x000042fa       0xd8 Bin/Endpoint_XMEGA.o
                0x000042fa                Endpoint_ConfigureEndpointTable
 .text.Endpoint_ClearEndpoints
                0x000043d2       0x70 Bin/Endpoint_XMEGA.o
                0x000043d2                Endpoint_ClearEndpoints
 .text.Endpoint_ClearStatusStage
                0x00004442       0x2c Bin/Endpoint_XMEGA.o
                0x00004442                Endpoint_ClearStatusStage
 .text.Endpoint_WaitUntilReady
                0x0000446e       0xa2 Bin/Endpoint_XMEGA.o
                0x0000446e                Endpoint_WaitUntilReady
 .text.USB_Disable
                0x00004510       0x1a Bin/USBController_XMEGA.o
                0x00004510                USB_Disable
 .text.USB_ResetInterface
                0x0000452a       0x5c Bin/USBController_XMEGA.o
                0x0000452a                USB_ResetInterface
 .text.USB_Init
                0x00004586       0x54 Bin/USBController_XMEGA.o
                0x00004586                USB_Init
 .text.USB_INT_DisableAllInterrupts
                0x000045da        0xe Bin/USBInterrupt_XMEGA.o
                0x000045da                USB_INT_DisableAllInterrupts
 .text.USB_INT_ClearAllInterrupts
                0x000045e8        0xc Bin/USBInterrupt_XMEGA.o
                0x000045e8                USB_INT_ClearAllInterrupts
 .text.__vector_125
                0x000045f4       0xe0 Bin/USBInterrupt_XMEGA.o
                0x000045f4                __vector_125
 .text.CDC_Device_ProcessControlRequest
                0x000046d4      0x156 Bin/CDCClassDevice.o
                0x000046d4                CDC_Device_ProcessControlRequest
 .text.CDC_Device_ConfigureEndpoints
                0x0000482a       0x4c Bin/CDCClassDevice.o
                0x0000482a                CDC_Device_ConfigureEndpoints
 .text.CDC_Device_SendString
                0x00004876       0x48 Bin/CDCClassDevice.o
                0x00004876                CDC_Device_SendString
 .text.CDC_Device_SendData
                0x000048be       0x44 Bin/CDCClassDevice.o
                0x000048be                CDC_Device_SendData
 .text.CDC_Device_SendByte
                0x00004902       0x56 Bin/CDCClassDevice.o
                0x00004902                CDC_Device_SendByte
 .text.CDC_Device_Flush
                0x00004958       0x92 Bin/CDCClassDevice.o
                0x00004958                CDC_Device_Flush
 .text.CDC_Device_USBTask
                0x000049ea       0x34 Bin/CDCClassDevice.o
                0x000049ea                CDC_Device_USBTask
 .text.CDC_Device_ReceiveByte
                0x00004a1e       0xca Bin/CDCClassDevice.o
                0x00004a1e                CDC_Device_ReceiveByte
 .text.CDC_Device_Event_Stub
                0x00004ae8        0x2 Bin/CDCClassDevice.o
                0x00004ae8                EVENT_CDC_Device_ControLineStateChanged
                0x00004ae8                EVENT_CDC_Device_BreakSent
                0x00004ae8                CDC_Device_Event_Stub
                0x00004ae8                EVENT_CDC_Device_LineEncodingChanged
 .text.libgcc   0x00004aea       0x3e c:/programme/atmel/avr tools/avr toolchain/bin/../lib/gcc/avr/4.6.2/avrxmega2\libgcc.a(_mulsi3.o)
                0x00004aea                __mulsi3
 .text.avr-libc
                0x00004b28       0xbc c:/programme/atmel/avr tools/avr toolchain/bin/../lib/gcc/avr/4.6.2/../../../../avr/lib/avrxmega2\libc.a(rand.o)
                0x00004bc6                rand_r
                0x00004bc8                rand
                0x00004bce                srand
 .text.avr-libc
                0x00004be4       0x12 c:/programme/atmel/avr tools/avr toolchain/bin/../lib/gcc/avr/4.6.2/../../../../avr/lib/avrxmega2\libc.a(memcpy_P.o)
                0x00004be4                memcpy_P
 .text.avr-libc
                0x00004bf6       0x12 c:/programme/atmel/avr tools/avr toolchain/bin/../lib/gcc/avr/4.6.2/../../../../avr/lib/avrxmega2\libc.a(strcmp_P.o)
                0x00004bf6                strcmp_P
 .text.avr-libc
                0x00004c08       0x1e c:/programme/atmel/avr tools/avr toolchain/bin/../lib/gcc/avr/4.6.2/../../../../avr/lib/avrxmega2\libc.a(strncpy_P.o)
                0x00004c08                strncpy_P
 .text.avr-libc
                0x00004c26       0x12 c:/programme/atmel/avr tools/avr toolchain/bin/../lib/gcc/avr/4.6.2/../../../../avr/lib/avrxmega2\libc.a(memcpy.o)
                0x00004c26                memcpy
 .text.avr-libc
                0x00004c38       0x5a c:/programme/atmel/avr tools/avr toolchain/bin/../lib/gcc/avr/4.6.2/../../../../avr/lib/avrxmega2\libc.a(snprintf_p.o)
                0x00004c38                snprintf_P
 .text.avr-libc
                0x00004c92      0x39e c:/programme/atmel/avr tools/avr toolchain/bin/../lib/gcc/avr/4.6.2/../../../../avr/lib/avrxmega2\libc.a(vfprintf_std.o)
                0x00004c92                vfprintf
 .text.avr-libc
                0x00005030       0x16 c:/programme/atmel/avr tools/avr toolchain/bin/../lib/gcc/avr/4.6.2/../../../../avr/lib/avrxmega2\libc.a(eerd_block_atxmega32a4u.o)
                0x00005030                __eerd_block_x32a4u
 .text.avr-libc
                0x00005046       0x12 c:/programme/atmel/avr tools/avr toolchain/bin/../lib/gcc/avr/4.6.2/../../../../avr/lib/avrxmega2\libc.a(eewr_block_atxmega32a4u.o)
                0x00005046                __eewr_block_x32a4u
 .text.avr-libc
                0x00005058       0x46 c:/programme/atmel/avr tools/avr toolchain/bin/../lib/gcc/avr/4.6.2/../../../../avr/lib/avrxmega2\libc.a(eewr_byte_atxmega32a4u.o)
                0x00005058                __eewr_byte_x32a4u
                0x0000505a                __eewr_r18_x32a4u
 .text.avr-libc
                0x0000509e       0x16 c:/programme/atmel/avr tools/avr toolchain/bin/../lib/gcc/avr/4.6.2/../../../../avr/lib/avrxmega2\libc.a(strnlen_P.o)
                0x0000509e                strnlen_P
 .text.avr-libc
                0x000050b4       0x16 c:/programme/atmel/avr tools/avr toolchain/bin/../lib/gcc/avr/4.6.2/../../../../avr/lib/avrxmega2\libc.a(strnlen.o)
                0x000050b4                strnlen
 .text.avr-libc
                0x000050ca       0x58 c:/programme/atmel/avr tools/avr toolchain/bin/../lib/gcc/avr/4.6.2/../../../../avr/lib/avrxmega2\libc.a(fputc.o)
                0x000050ca                fputc
 .text.avr-libc
                0x00005122       0xbc c:/programme/atmel/avr tools/avr toolchain/bin/../lib/gcc/avr/4.6.2/../../../../avr/lib/avrxmega2\libc.a(ultoa_invert.o)
                0x00005122                __ultoa_invert
 .text.libgcc   0x000051de       0x36 c:/programme/atmel/avr tools/avr toolchain/bin/../lib/gcc/avr/4.6.2/avrxmega2\libgcc.a(_divmodsi4.o)
                0x000051de                __divmodsi4
 .text.libgcc   0x00005214       0x32 c:/programme/atmel/avr tools/avr toolchain/bin/../lib/gcc/avr/4.6.2/avrxmega2\libgcc.a(_prologue.o)
                0x00005214                __prologue_saves__
 .text.libgcc   0x00005246       0x30 c:/programme/atmel/avr tools/avr toolchain/bin/../lib/gcc/avr/4.6.2/avrxmega2\libgcc.a(_epilogue.o)
                0x00005246                __epilogue_restores__
 .text.libgcc   0x00005276       0x44 c:/programme/atmel/avr tools/avr toolchain/bin/../lib/gcc/avr/4.6.2/avrxmega2\libgcc.a(_udivmodsi4.o)
                0x00005276                __udivmodsi4
                0x000052ba                . = ALIGN (0x2)
 *(.fini9)
 .fini9         0x000052ba        0x0 c:/programme/atmel/avr tools/avr toolchain/bin/../lib/gcc/avr/4.6.2/avrxmega2\libgcc.a(_exit.o)
                0x000052ba                _exit
                0x000052ba                exit
 *(.fini9)
 *(.fini8)
 *(.fini8)
 *(.fini7)
 *(.fini7)
 *(.fini6)
 *(.fini6)
 *(.fini5)
 *(.fini5)
 *(.fini4)
 *(.fini4)
 *(.fini3)
 *(.fini3)
 *(.fini2)
 *(.fini2)
 *(.fini1)
 *(.fini1)
 *(.fini0)
 .fini0         0x000052ba        0x4 c:/programme/atmel/avr tools/avr toolchain/bin/../lib/gcc/avr/4.6.2/avrxmega2\libgcc.a(_exit.o)
 *(.fini0)
                0x000052be                _etext = .

.data           0x00802000       0xa2 load address 0x000052be
                0x00802000                PROVIDE (__data_start, .)
 *(.data)
 .data          0x00802000        0x0 c:/programme/atmel/avr tools/avr toolchain/bin/../lib/gcc/avr/4.6.2/../../../../avr/lib/avrxmega2/crtx32a4u.o
 .data          0x00802000        0x0 Bin/Chameleon-Mini.o
 .data          0x00802000        0x0 Bin/LUFADescriptors.o
 .data          0x00802000        0x0 Bin/System.o
 .data          0x00802000        0x0 Bin/Configuration.o
 .data          0x00802000        0x0 Bin/Random.o
 .data          0x00802000        0x0 Bin/Common.o
 .data          0x00802000        0x0 Bin/Memory.o
 .data          0x00802000        0x0 Bin/Button.o
 .data          0x00802000        0x0 Bin/Settings.o
 .data          0x00802000        0x0 Bin/LED.o
 .data          0x00802000       0x1c Bin/Terminal.o
                0x00802000                TerminalHandle
 .data          0x0080201c        0x1 Bin/Commands.o
 .data          0x0080201d        0x0 Bin/XModem.o
 .data          0x0080201d        0x0 Bin/CommandLine.o
 .data          0x0080201d        0x0 Bin/Codec.o
 .data          0x0080201d        0x0 Bin/ISO14443-2A.o
 .data          0x0080201d        0x0 Bin/MifareClassic.o
 .data          0x0080201d        0x0 Bin/ISO14443-3A.o
 .data          0x0080201d       0x70 Bin/Crypto1.o
 .data          0x0080208d        0x0 Bin/HIDParser.o
 .data          0x0080208d        0x0 Bin/ConfigDescriptors.o
 .data          0x0080208d        0x0 Bin/DeviceStandardReq.o
 .data          0x0080208d        0x0 Bin/Events.o
 .data          0x0080208d        0x0 Bin/HostStandardReq.o
 .data          0x0080208d        0x0 Bin/USBTask.o
 .data          0x0080208d        0x0 Bin/Device_XMEGA.o
 .data          0x0080208d        0x0 Bin/EndpointStream_XMEGA.o
 .data          0x0080208d        0x0 Bin/Endpoint_XMEGA.o
 .data          0x0080208d        0x0 Bin/Host_XMEGA.o
 .data          0x0080208d        0x0 Bin/PipeStream_XMEGA.o
 .data          0x0080208d        0x0 Bin/Pipe_XMEGA.o
 .data          0x0080208d        0x0 Bin/USBController_XMEGA.o
 .data          0x0080208d        0x0 Bin/USBInterrupt_XMEGA.o
 .data          0x0080208d        0x0 Bin/AudioClassDevice.o
 .data          0x0080208d        0x8 Bin/CDCClassDevice.o
 .data          0x00802095        0x0 Bin/HIDClassDevice.o
 .data          0x00802095        0x0 Bin/MassStorageClassDevice.o
 .data          0x00802095        0x0 Bin/MIDIClassDevice.o
 .data          0x00802095        0x0 Bin/PrinterClassDevice.o
 .data          0x00802095        0x8 Bin/RNDISClassDevice.o
 .data          0x0080209d        0x0 Bin/AndroidAccessoryClassHost.o
 .data          0x0080209d        0x0 Bin/AudioClassHost.o
 .data          0x0080209d        0x0 Bin/CDCClassHost.o
 .data          0x0080209d        0x0 Bin/HIDClassHost.o
 .data          0x0080209d        0x0 Bin/MassStorageClassHost.o
 .data          0x0080209d        0x0 Bin/MIDIClassHost.o
 .data          0x0080209d        0x0 Bin/PrinterClassHost.o
 .data          0x0080209d        0x0 Bin/RNDISClassHost.o
 .data          0x0080209d        0x0 Bin/StillImageClassHost.o
 .data          0x0080209d        0x0 c:/programme/atmel/avr tools/avr toolchain/bin/../lib/gcc/avr/4.6.2/avrxmega2\libgcc.a(_mulsi3.o)
 .data          0x0080209d        0x0 c:/programme/atmel/avr tools/avr toolchain/bin/../lib/gcc/avr/4.6.2/avrxmega2\libgcc.a(_exit.o)
 .data          0x0080209d        0x0 c:/programme/atmel/avr tools/avr toolchain/bin/../lib/gcc/avr/4.6.2/avrxmega2\libgcc.a(_copy_data.o)
 .data          0x0080209d        0x0 c:/programme/atmel/avr tools/avr toolchain/bin/../lib/gcc/avr/4.6.2/avrxmega2\libgcc.a(_clear_bss.o)
 .data          0x0080209d        0x4 c:/programme/atmel/avr tools/avr toolchain/bin/../lib/gcc/avr/4.6.2/../../../../avr/lib/avrxmega2\libc.a(rand.o)
 .data          0x008020a1        0x0 c:/programme/atmel/avr tools/avr toolchain/bin/../lib/gcc/avr/4.6.2/../../../../avr/lib/avrxmega2\libc.a(memcpy_P.o)
 .data          0x008020a1        0x0 c:/programme/atmel/avr tools/avr toolchain/bin/../lib/gcc/avr/4.6.2/../../../../avr/lib/avrxmega2\libc.a(strcmp_P.o)
 .data          0x008020a1        0x0 c:/programme/atmel/avr tools/avr toolchain/bin/../lib/gcc/avr/4.6.2/../../../../avr/lib/avrxmega2\libc.a(strncpy_P.o)
 .data          0x008020a1        0x0 c:/programme/atmel/avr tools/avr toolchain/bin/../lib/gcc/avr/4.6.2/../../../../avr/lib/avrxmega2\libc.a(memcmp.o)
 .data          0x008020a1        0x0 c:/programme/atmel/avr tools/avr toolchain/bin/../lib/gcc/avr/4.6.2/../../../../avr/lib/avrxmega2\libc.a(memcpy.o)
 .data          0x008020a1        0x0 c:/programme/atmel/avr tools/avr toolchain/bin/../lib/gcc/avr/4.6.2/../../../../avr/lib/avrxmega2\libc.a(memset.o)
 .data          0x008020a1        0x0 c:/programme/atmel/avr tools/avr toolchain/bin/../lib/gcc/avr/4.6.2/../../../../avr/lib/avrxmega2\libc.a(snprintf_p.o)
 .data          0x008020a1        0x0 c:/programme/atmel/avr tools/avr toolchain/bin/../lib/gcc/avr/4.6.2/../../../../avr/lib/avrxmega2\libc.a(vfprintf_std.o)
 .data          0x008020a1        0x0 c:/programme/atmel/avr tools/avr toolchain/bin/../lib/gcc/avr/4.6.2/../../../../avr/lib/avrxmega2\libc.a(eerd_block_atxmega32a4u.o)
 .data          0x008020a1        0x0 c:/programme/atmel/avr tools/avr toolchain/bin/../lib/gcc/avr/4.6.2/../../../../avr/lib/avrxmega2\libc.a(eerd_byte_atxmega32a4u.o)
 .data          0x008020a1        0x0 c:/programme/atmel/avr tools/avr toolchain/bin/../lib/gcc/avr/4.6.2/../../../../avr/lib/avrxmega2\libc.a(eeupd_byte_atxmega32a4u.o)
 .data          0x008020a1        0x0 c:/programme/atmel/avr tools/avr toolchain/bin/../lib/gcc/avr/4.6.2/../../../../avr/lib/avrxmega2\libc.a(eewr_block_atxmega32a4u.o)
 .data          0x008020a1        0x0 c:/programme/atmel/avr tools/avr toolchain/bin/../lib/gcc/avr/4.6.2/../../../../avr/lib/avrxmega2\libc.a(eewr_byte_atxmega32a4u.o)
 .data          0x008020a1        0x0 c:/programme/atmel/avr tools/avr toolchain/bin/../lib/gcc/avr/4.6.2/../../../../avr/lib/avrxmega2\libc.a(strnlen_P.o)
 .data          0x008020a1        0x0 c:/programme/atmel/avr tools/avr toolchain/bin/../lib/gcc/avr/4.6.2/../../../../avr/lib/avrxmega2\libc.a(strnlen.o)
 .data          0x008020a1        0x0 c:/programme/atmel/avr tools/avr toolchain/bin/../lib/gcc/avr/4.6.2/../../../../avr/lib/avrxmega2\libc.a(fputc.o)
 .data          0x008020a1        0x0 c:/programme/atmel/avr tools/avr toolchain/bin/../lib/gcc/avr/4.6.2/../../../../avr/lib/avrxmega2\libc.a(ultoa_invert.o)
 .data          0x008020a1        0x0 c:/programme/atmel/avr tools/avr toolchain/bin/../lib/gcc/avr/4.6.2/avrxmega2\libgcc.a(_divmodsi4.o)
 .data          0x008020a1        0x0 c:/programme/atmel/avr tools/avr toolchain/bin/../lib/gcc/avr/4.6.2/avrxmega2\libgcc.a(_prologue.o)
 .data          0x008020a1        0x0 c:/programme/atmel/avr tools/avr toolchain/bin/../lib/gcc/avr/4.6.2/avrxmega2\libgcc.a(_epilogue.o)
 .data          0x008020a1        0x0 c:/programme/atmel/avr tools/avr toolchain/bin/../lib/gcc/avr/4.6.2/avrxmega2\libgcc.a(_udivmodsi4.o)
 *(.data*)
 *(.rodata)
 *(.rodata*)
 *(.gnu.linkonce.d*)
                0x008020a2                . = ALIGN (0x2)
 *fill*         0x008020a1        0x1 00
                0x008020a2                _edata = .
                0x008020a2                PROVIDE (__data_end, .)

.bss            0x008020a2      0x60b
                0x008020a2                PROVIDE (__bss_start, .)
 *(.bss)
 .bss           0x008020a2        0x1 Bin/Button.o
 .bss           0x008020a3        0x1 Bin/LED.o
                0x008020a3                LEDPulseMask
 .bss           0x008020a4        0x1 Bin/Terminal.o
                0x008020a4                TerminalState
 .bss           0x008020a5        0xe Bin/XModem.o
 .bss           0x008020b3        0x2 Bin/CommandLine.o
 .bss           0x008020b5       0x10 Bin/ISO14443-2A.o
 .bss           0x008020c5       0x1d Bin/MifareClassic.o
 .bss           0x008020e2        0x6 Bin/Crypto1.o
 *(.bss*)
 *(COMMON)
 COMMON         0x008020e8       0x25 Bin/Configuration.o
                0x008020e8                ActiveConfiguration
 COMMON         0x0080210d       0x13 Bin/Settings.o
                0x0080210d                GlobalSettings
 COMMON         0x00802120      0x100 Bin/Terminal.o
                0x00802120                TerminalBuffer
 COMMON         0x00802220      0x100 Bin/Codec.o
                0x00802220                CodecBuffer
 COMMON         0x00802320        0x3 Bin/DeviceStandardReq.o
                0x00802320                USB_Device_ConfigurationNumber
                0x00802321                USB_Device_CurrentlySelfPowered
                0x00802322                USB_Device_RemoteWakeupEnabled
 COMMON         0x00802323        0xa Bin/USBTask.o
                0x00802323                USB_IsInitialized
                0x00802324                USB_DeviceState
                0x00802325                USB_ControlRequest
 COMMON         0x0080232d      0x31d Bin/Endpoint_XMEGA.o
                0x0080232d                USB_Endpoint_SelectedFIFO
                0x0080232f                USB_Endpoint_SelectedHandle
                0x00802331                USB_Endpoint_SelectedEndpoint
                0x00802332                USB_Endpoint_FIFOs
 COMMON         0x0080264a       0x63 Bin/USBController_XMEGA.o
                0x0080264a                USB_EndpointTable
                0x008026ad                PROVIDE (__bss_end, .)
                0x000052be                __data_load_start = LOADADDR (.data)
                0x00005360                __data_load_end = (__data_load_start + SIZEOF (.data))

.noinit         0x008026ad        0x0
                0x008026ad                PROVIDE (__noinit_start, .)
 *(.noinit*)
                0x008026ad                PROVIDE (__noinit_end, .)
                0x008026ad                _end = .
                0x008026ad                PROVIDE (__heap_start, .)

.eeprom         0x00810000       0x13
 *(.eeprom*)
 .eeprom        0x00810000       0x13 Bin/Settings.o
                0x00810000                StoredSettings
                0x00810013                __eeprom_end = .

.fuse
 *(.fuse)
 *(.lfuse)
 *(.hfuse)
 *(.efuse)

.lock
 *(.lock*)

.signature
 *(.signature*)

.stab           0x00000000     0x14d0
 *(.stab)
 .stab          0x00000000      0x6cc c:/programme/atmel/avr tools/avr toolchain/bin/../lib/gcc/avr/4.6.2/../../../../avr/lib/avrxmega2/crtx32a4u.o
 .stab          0x000006cc       0x84 c:/programme/atmel/avr tools/avr toolchain/bin/../lib/gcc/avr/4.6.2/../../../../avr/lib/avrxmega2\libc.a(memcpy_P.o)
                                 0x90 (size before relaxing)
 .stab          0x00000750       0x84 c:/programme/atmel/avr tools/avr toolchain/bin/../lib/gcc/avr/4.6.2/../../../../avr/lib/avrxmega2\libc.a(strcmp_P.o)
                                 0x90 (size before relaxing)
 .stab          0x000007d4       0xcc c:/programme/atmel/avr tools/avr toolchain/bin/../lib/gcc/avr/4.6.2/../../../../avr/lib/avrxmega2\libc.a(strncpy_P.o)
                                 0xd8 (size before relaxing)
 .stab          0x000008a0       0xb4 c:/programme/atmel/avr tools/avr toolchain/bin/../lib/gcc/avr/4.6.2/../../../../avr/lib/avrxmega2\libc.a(memcmp.o)
                                 0xc0 (size before relaxing)
 .stab          0x00000954       0x84 c:/programme/atmel/avr tools/avr toolchain/bin/../lib/gcc/avr/4.6.2/../../../../avr/lib/avrxmega2\libc.a(memcpy.o)
                                 0x90 (size before relaxing)
 .stab          0x000009d8       0x6c c:/programme/atmel/avr tools/avr toolchain/bin/../lib/gcc/avr/4.6.2/../../../../avr/lib/avrxmega2\libc.a(memset.o)
                                 0x78 (size before relaxing)
 .stab          0x00000a44       0xb4 c:/programme/atmel/avr tools/avr toolchain/bin/../lib/gcc/avr/4.6.2/../../../../avr/lib/avrxmega2\libc.a(eerd_block_atxmega32a4u.o)
                                 0xc0 (size before relaxing)
 .stab          0x00000af8       0xfc c:/programme/atmel/avr tools/avr toolchain/bin/../lib/gcc/avr/4.6.2/../../../../avr/lib/avrxmega2\libc.a(eerd_byte_atxmega32a4u.o)
                                0x108 (size before relaxing)
 .stab          0x00000bf4       0xa8 c:/programme/atmel/avr tools/avr toolchain/bin/../lib/gcc/avr/4.6.2/../../../../avr/lib/avrxmega2\libc.a(eeupd_byte_atxmega32a4u.o)
                                 0xb4 (size before relaxing)
 .stab          0x00000c9c       0x9c c:/programme/atmel/avr tools/avr toolchain/bin/../lib/gcc/avr/4.6.2/../../../../avr/lib/avrxmega2\libc.a(eewr_block_atxmega32a4u.o)
                                 0xa8 (size before relaxing)
 .stab          0x00000d38      0x1e0 c:/programme/atmel/avr tools/avr toolchain/bin/../lib/gcc/avr/4.6.2/../../../../avr/lib/avrxmega2\libc.a(eewr_byte_atxmega32a4u.o)
                                0x1ec (size before relaxing)
 .stab          0x00000f18       0x9c c:/programme/atmel/avr tools/avr toolchain/bin/../lib/gcc/avr/4.6.2/../../../../avr/lib/avrxmega2\libc.a(strnlen_P.o)
                                 0xa8 (size before relaxing)
 .stab          0x00000fb4       0x9c c:/programme/atmel/avr tools/avr toolchain/bin/../lib/gcc/avr/4.6.2/../../../../avr/lib/avrxmega2\libc.a(strnlen.o)
                                 0xa8 (size before relaxing)
 .stab          0x00001050      0x480 c:/programme/atmel/avr tools/avr toolchain/bin/../lib/gcc/avr/4.6.2/../../../../avr/lib/avrxmega2\libc.a(ultoa_invert.o)
                                0x48c (size before relaxing)

.stabstr        0x00000000      0x601
 *(.stabstr)
 .stabstr       0x00000000      0x601 c:/programme/atmel/avr tools/avr toolchain/bin/../lib/gcc/avr/4.6.2/../../../../avr/lib/avrxmega2/crtx32a4u.o

.stab.excl
 *(.stab.excl)

.stab.exclstr
 *(.stab.exclstr)

.stab.index
 *(.stab.index)

.stab.indexstr
 *(.stab.indexstr)

.comment
 *(.comment)

.debug
 *(.debug)

.line
 *(.line)

.debug_srcinfo
 *(.debug_srcinfo)

.debug_sfnames
 *(.debug_sfnames)

.debug_aranges  0x00000000      0xb78
 *(.debug_aranges)
 .debug_aranges
                0x00000000       0x20 Bin/Chameleon-Mini.o
 .debug_aranges
                0x00000020       0x20 Bin/LUFADescriptors.o
 .debug_aranges
                0x00000040       0x50 Bin/System.o
 .debug_aranges
                0x00000090       0x78 Bin/Configuration.o
 .debug_aranges
                0x00000108       0x38 Bin/Random.o
 .debug_aranges
                0x00000140       0x28 Bin/Common.o
 .debug_aranges
                0x00000168       0x48 Bin/Memory.o
 .debug_aranges
                0x000001b0       0x48 Bin/Button.o
 .debug_aranges
                0x000001f8       0x50 Bin/Settings.o
 .debug_aranges
                0x00000248       0x68 Bin/Terminal.o
 .debug_aranges
                0x000002b0       0xc8 Bin/Commands.o
 .debug_aranges
                0x00000378       0x40 Bin/XModem.o
 .debug_aranges
                0x000003b8       0x30 Bin/CommandLine.o
 .debug_aranges
                0x000003e8       0x48 Bin/ISO14443-2A.o
 .debug_aranges
                0x00000430       0x50 Bin/MifareClassic.o
 .debug_aranges
                0x00000480       0x28 Bin/ISO14443-3A.o
 .debug_aranges
                0x000004a8       0x50 Bin/Crypto1.o
 .debug_aranges
                0x000004f8       0x38 Bin/HIDParser.o
 .debug_aranges
                0x00000530       0x38 Bin/ConfigDescriptors.o
 .debug_aranges
                0x00000568       0x20 Bin/DeviceStandardReq.o
 .debug_aranges
                0x00000588       0x20 Bin/Events.o
 .debug_aranges
                0x000005a8       0x20 Bin/USBTask.o
 .debug_aranges
                0x000005c8       0x20 Bin/Device_XMEGA.o
 .debug_aranges
                0x000005e8       0xc8 Bin/EndpointStream_XMEGA.o
 .debug_aranges
                0x000006b0       0x90 Bin/Endpoint_XMEGA.o
 .debug_aranges
                0x00000740       0x30 Bin/USBController_XMEGA.o
 .debug_aranges
                0x00000770       0x30 Bin/USBInterrupt_XMEGA.o
 .debug_aranges
                0x000007a0       0x30 Bin/AudioClassDevice.o
 .debug_aranges
                0x000007d0       0x98 Bin/CDCClassDevice.o
 .debug_aranges
                0x00000868       0x30 Bin/HIDClassDevice.o
 .debug_aranges
                0x00000898       0x30 Bin/MassStorageClassDevice.o
 .debug_aranges
                0x000008c8       0x40 Bin/MIDIClassDevice.o
 .debug_aranges
                0x00000908       0x90 Bin/PrinterClassDevice.o
 .debug_aranges
                0x00000998       0x48 Bin/RNDISClassDevice.o
 .debug_aranges
                0x000009e0       0x20 c:/programme/atmel/avr tools/avr toolchain/bin/../lib/gcc/avr/4.6.2/avrxmega2\libgcc.a(_mulsi3.o)
 .debug_aranges
                0x00000a00       0x20 c:/programme/atmel/avr tools/avr toolchain/bin/../lib/gcc/avr/4.6.2/avrxmega2\libgcc.a(_exit.o)
 .debug_aranges
                0x00000a20       0x20 c:/programme/atmel/avr tools/avr toolchain/bin/../lib/gcc/avr/4.6.2/avrxmega2\libgcc.a(_copy_data.o)
 .debug_aranges
                0x00000a40       0x20 c:/programme/atmel/avr tools/avr toolchain/bin/../lib/gcc/avr/4.6.2/avrxmega2\libgcc.a(_clear_bss.o)
 .debug_aranges
                0x00000a60       0x38 c:/programme/atmel/avr tools/avr toolchain/bin/../lib/gcc/avr/4.6.2/../../../../avr/lib/avrxmega2\libc.a(rand.o)
 .debug_aranges
                0x00000a98       0x20 c:/programme/atmel/avr tools/avr toolchain/bin/../lib/gcc/avr/4.6.2/../../../../avr/lib/avrxmega2\libc.a(snprintf_p.o)
 .debug_aranges
                0x00000ab8       0x20 c:/programme/atmel/avr tools/avr toolchain/bin/../lib/gcc/avr/4.6.2/../../../../avr/lib/avrxmega2\libc.a(vfprintf_std.o)
 .debug_aranges
                0x00000ad8       0x20 c:/programme/atmel/avr tools/avr toolchain/bin/../lib/gcc/avr/4.6.2/../../../../avr/lib/avrxmega2\libc.a(fputc.o)
 .debug_aranges
                0x00000af8       0x20 c:/programme/atmel/avr tools/avr toolchain/bin/../lib/gcc/avr/4.6.2/avrxmega2\libgcc.a(_divmodsi4.o)
 .debug_aranges
                0x00000b18       0x20 c:/programme/atmel/avr tools/avr toolchain/bin/../lib/gcc/avr/4.6.2/avrxmega2\libgcc.a(_prologue.o)
 .debug_aranges
                0x00000b38       0x20 c:/programme/atmel/avr tools/avr toolchain/bin/../lib/gcc/avr/4.6.2/avrxmega2\libgcc.a(_epilogue.o)
 .debug_aranges
                0x00000b58       0x20 c:/programme/atmel/avr tools/avr toolchain/bin/../lib/gcc/avr/4.6.2/avrxmega2\libgcc.a(_udivmodsi4.o)

.debug_pubnames
 *(.debug_pubnames)

.debug_info     0x00000000    0x159d0
 *(.debug_info)
 .debug_info    0x00000000     0x12ec Bin/Chameleon-Mini.o
 .debug_info    0x000012ec      0x9cb Bin/LUFADescriptors.o
 .debug_info    0x00001cb7      0xdc3 Bin/System.o
 .debug_info    0x00002a7a      0x5c0 Bin/Configuration.o
 .debug_info    0x0000303a      0x106 Bin/Random.o
 .debug_info    0x00003140      0x1ad Bin/Common.o
 .debug_info    0x000032ed      0xf4c Bin/Memory.o
 .debug_info    0x00004239      0x7e1 Bin/Button.o
 .debug_info    0x00004a1a      0x40e Bin/Settings.o
 .debug_info    0x00004e28       0x88 Bin/LED.o
 .debug_info    0x00004eb0      0x8f9 Bin/Terminal.o
 .debug_info    0x000057a9     0x13fd Bin/Commands.o
 .debug_info    0x00006ba6      0x89d Bin/XModem.o
 .debug_info    0x00007443      0x953 Bin/CommandLine.o
 .debug_info    0x00007d96      0x1ff Bin/Codec.o
 .debug_info    0x00007f95     0x185a Bin/ISO14443-2A.o
 .debug_info    0x000097ef      0x8eb Bin/MifareClassic.o
 .debug_info    0x0000a0da      0x170 Bin/ISO14443-3A.o
 .debug_info    0x0000a24a      0x3b3 Bin/Crypto1.o
 .debug_info    0x0000a5fd      0x6f4 Bin/HIDParser.o
 .debug_info    0x0000acf1      0x5a4 Bin/ConfigDescriptors.o
 .debug_info    0x0000b295      0xf1b Bin/DeviceStandardReq.o
 .debug_info    0x0000c1b0       0x77 Bin/Events.o
 .debug_info    0x0000c227       0x5e Bin/HostStandardReq.o
 .debug_info    0x0000c285      0x3f2 Bin/USBTask.o
 .debug_info    0x0000c677      0x680 Bin/Device_XMEGA.o
 .debug_info    0x0000ccf7     0x1100 Bin/EndpointStream_XMEGA.o
 .debug_info    0x0000ddf7      0xc66 Bin/Endpoint_XMEGA.o
 .debug_info    0x0000ea5d       0x5e Bin/Host_XMEGA.o
 .debug_info    0x0000eabb       0x5e Bin/PipeStream_XMEGA.o
 .debug_info    0x0000eb19       0x5e Bin/Pipe_XMEGA.o
 .debug_info    0x0000eb77      0xd06 Bin/USBController_XMEGA.o
 .debug_info    0x0000f87d      0x9ee Bin/USBInterrupt_XMEGA.o
 .debug_info    0x0001026b      0x6f4 Bin/AudioClassDevice.o
 .debug_info    0x0001095f      0xb5b Bin/CDCClassDevice.o
 .debug_info    0x000114ba      0xb21 Bin/HIDClassDevice.o
 .debug_info    0x00011fdb      0x7dd Bin/MassStorageClassDevice.o
 .debug_info    0x000127b8      0x60f Bin/MIDIClassDevice.o
 .debug_info    0x00012dc7      0xab2 Bin/PrinterClassDevice.o
 .debug_info    0x00013879      0xf61 Bin/RNDISClassDevice.o
 .debug_info    0x000147da       0x5e Bin/AndroidAccessoryClassHost.o
 .debug_info    0x00014838       0x5e Bin/AudioClassHost.o
 .debug_info    0x00014896       0x5e Bin/CDCClassHost.o
 .debug_info    0x000148f4       0x5e Bin/HIDClassHost.o
 .debug_info    0x00014952       0x5e Bin/MassStorageClassHost.o
 .debug_info    0x000149b0       0x5e Bin/MIDIClassHost.o
 .debug_info    0x00014a0e       0x5e Bin/PrinterClassHost.o
 .debug_info    0x00014a6c       0x5e Bin/RNDISClassHost.o
 .debug_info    0x00014aca       0x5e Bin/StillImageClassHost.o
 .debug_info    0x00014b28       0xe2 c:/programme/atmel/avr tools/avr toolchain/bin/../lib/gcc/avr/4.6.2/avrxmega2\libgcc.a(_mulsi3.o)
 .debug_info    0x00014c0a       0xe2 c:/programme/atmel/avr tools/avr toolchain/bin/../lib/gcc/avr/4.6.2/avrxmega2\libgcc.a(_exit.o)
 .debug_info    0x00014cec       0xe2 c:/programme/atmel/avr tools/avr toolchain/bin/../lib/gcc/avr/4.6.2/avrxmega2\libgcc.a(_copy_data.o)
 .debug_info    0x00014dce       0xe2 c:/programme/atmel/avr tools/avr toolchain/bin/../lib/gcc/avr/4.6.2/avrxmega2\libgcc.a(_clear_bss.o)
 .debug_info    0x00014eb0      0x120 c:/programme/atmel/avr tools/avr toolchain/bin/../lib/gcc/avr/4.6.2/../../../../avr/lib/avrxmega2\libc.a(rand.o)
 .debug_info    0x00014fd0      0x1cf c:/programme/atmel/avr tools/avr toolchain/bin/../lib/gcc/avr/4.6.2/../../../../avr/lib/avrxmega2\libc.a(snprintf_p.o)
 .debug_info    0x0001519f      0x342 c:/programme/atmel/avr tools/avr toolchain/bin/../lib/gcc/avr/4.6.2/../../../../avr/lib/avrxmega2\libc.a(vfprintf_std.o)
 .debug_info    0x000154e1      0x167 c:/programme/atmel/avr tools/avr toolchain/bin/../lib/gcc/avr/4.6.2/../../../../avr/lib/avrxmega2\libc.a(fputc.o)
 .debug_info    0x00015648       0xe2 c:/programme/atmel/avr tools/avr toolchain/bin/../lib/gcc/avr/4.6.2/avrxmega2\libgcc.a(_divmodsi4.o)
 .debug_info    0x0001572a       0xe2 c:/programme/atmel/avr tools/avr toolchain/bin/../lib/gcc/avr/4.6.2/avrxmega2\libgcc.a(_prologue.o)
 .debug_info    0x0001580c       0xe2 c:/programme/atmel/avr tools/avr toolchain/bin/../lib/gcc/avr/4.6.2/avrxmega2\libgcc.a(_epilogue.o)
 .debug_info    0x000158ee       0xe2 c:/programme/atmel/avr tools/avr toolchain/bin/../lib/gcc/avr/4.6.2/avrxmega2\libgcc.a(_udivmodsi4.o)
 *(.gnu.linkonce.wi.*)

.debug_abbrev   0x00000000     0x4a41
 *(.debug_abbrev)
 .debug_abbrev  0x00000000      0x1b3 Bin/Chameleon-Mini.o
 .debug_abbrev  0x000001b3      0x1b8 Bin/LUFADescriptors.o
 .debug_abbrev  0x0000036b      0x13e Bin/System.o
 .debug_abbrev  0x000004a9      0x20e Bin/Configuration.o
 .debug_abbrev  0x000006b7       0xaa Bin/Random.o
 .debug_abbrev  0x00000761       0xa2 Bin/Common.o
 .debug_abbrev  0x00000803      0x260 Bin/Memory.o
 .debug_abbrev  0x00000a63      0x224 Bin/Button.o
 .debug_abbrev  0x00000c87      0x171 Bin/Settings.o
 .debug_abbrev  0x00000df8       0x59 Bin/LED.o
 .debug_abbrev  0x00000e51      0x277 Bin/Terminal.o
 .debug_abbrev  0x000010c8      0x2c9 Bin/Commands.o
 .debug_abbrev  0x00001391      0x259 Bin/XModem.o
 .debug_abbrev  0x000015ea      0x253 Bin/CommandLine.o
 .debug_abbrev  0x0000183d       0xc8 Bin/Codec.o
 .debug_abbrev  0x00001905      0x2a8 Bin/ISO14443-2A.o
 .debug_abbrev  0x00001bad      0x29a Bin/MifareClassic.o
 .debug_abbrev  0x00001e47       0xa0 Bin/ISO14443-3A.o
 .debug_abbrev  0x00001ee7      0x17d Bin/Crypto1.o
 .debug_abbrev  0x00002064      0x1d4 Bin/HIDParser.o
 .debug_abbrev  0x00002238      0x1ef Bin/ConfigDescriptors.o
 .debug_abbrev  0x00002427      0x2bd Bin/DeviceStandardReq.o
 .debug_abbrev  0x000026e4       0x41 Bin/Events.o
 .debug_abbrev  0x00002725       0x2a Bin/HostStandardReq.o
 .debug_abbrev  0x0000274f      0x1a3 Bin/USBTask.o
 .debug_abbrev  0x000028f2      0x11b Bin/Device_XMEGA.o
 .debug_abbrev  0x00002a0d      0x1b0 Bin/EndpointStream_XMEGA.o
 .debug_abbrev  0x00002bbd      0x299 Bin/Endpoint_XMEGA.o
 .debug_abbrev  0x00002e56       0x2a Bin/Host_XMEGA.o
 .debug_abbrev  0x00002e80       0x2a Bin/PipeStream_XMEGA.o
 .debug_abbrev  0x00002eaa       0x2a Bin/Pipe_XMEGA.o
 .debug_abbrev  0x00002ed4      0x2a7 Bin/USBController_XMEGA.o
 .debug_abbrev  0x0000317b      0x202 Bin/USBInterrupt_XMEGA.o
 .debug_abbrev  0x0000337d      0x1c8 Bin/AudioClassDevice.o
 .debug_abbrev  0x00003545      0x33b Bin/CDCClassDevice.o
 .debug_abbrev  0x00003880      0x1ef Bin/HIDClassDevice.o
 .debug_abbrev  0x00003a6f      0x24f Bin/MassStorageClassDevice.o
 .debug_abbrev  0x00003cbe      0x1bb Bin/MIDIClassDevice.o
 .debug_abbrev  0x00003e79      0x2ec Bin/PrinterClassDevice.o
 .debug_abbrev  0x00004165      0x2af Bin/RNDISClassDevice.o
 .debug_abbrev  0x00004414       0x2a Bin/AndroidAccessoryClassHost.o
 .debug_abbrev  0x0000443e       0x2a Bin/AudioClassHost.o
 .debug_abbrev  0x00004468       0x2a Bin/CDCClassHost.o
 .debug_abbrev  0x00004492       0x2a Bin/HIDClassHost.o
 .debug_abbrev  0x000044bc       0x2a Bin/MassStorageClassHost.o
 .debug_abbrev  0x000044e6       0x2a Bin/MIDIClassHost.o
 .debug_abbrev  0x00004510       0x2a Bin/PrinterClassHost.o
 .debug_abbrev  0x0000453a       0x2a Bin/RNDISClassHost.o
 .debug_abbrev  0x00004564       0x2a Bin/StillImageClassHost.o
 .debug_abbrev  0x0000458e       0x14 c:/programme/atmel/avr tools/avr toolchain/bin/../lib/gcc/avr/4.6.2/avrxmega2\libgcc.a(_mulsi3.o)
 .debug_abbrev  0x000045a2       0x14 c:/programme/atmel/avr tools/avr toolchain/bin/../lib/gcc/avr/4.6.2/avrxmega2\libgcc.a(_exit.o)
 .debug_abbrev  0x000045b6       0x14 c:/programme/atmel/avr tools/avr toolchain/bin/../lib/gcc/avr/4.6.2/avrxmega2\libgcc.a(_copy_data.o)
 .debug_abbrev  0x000045ca       0x14 c:/programme/atmel/avr tools/avr toolchain/bin/../lib/gcc/avr/4.6.2/avrxmega2\libgcc.a(_clear_bss.o)
 .debug_abbrev  0x000045de       0xcd c:/programme/atmel/avr tools/avr toolchain/bin/../lib/gcc/avr/4.6.2/../../../../avr/lib/avrxmega2\libc.a(rand.o)
 .debug_abbrev  0x000046ab      0x10c c:/programme/atmel/avr tools/avr toolchain/bin/../lib/gcc/avr/4.6.2/../../../../avr/lib/avrxmega2\libc.a(snprintf_p.o)
 .debug_abbrev  0x000047b7      0x161 c:/programme/atmel/avr tools/avr toolchain/bin/../lib/gcc/avr/4.6.2/../../../../avr/lib/avrxmega2\libc.a(vfprintf_std.o)
 .debug_abbrev  0x00004918       0xd9 c:/programme/atmel/avr tools/avr toolchain/bin/../lib/gcc/avr/4.6.2/../../../../avr/lib/avrxmega2\libc.a(fputc.o)
 .debug_abbrev  0x000049f1       0x14 c:/programme/atmel/avr tools/avr toolchain/bin/../lib/gcc/avr/4.6.2/avrxmega2\libgcc.a(_divmodsi4.o)
 .debug_abbrev  0x00004a05       0x14 c:/programme/atmel/avr tools/avr toolchain/bin/../lib/gcc/avr/4.6.2/avrxmega2\libgcc.a(_prologue.o)
 .debug_abbrev  0x00004a19       0x14 c:/programme/atmel/avr tools/avr toolchain/bin/../lib/gcc/avr/4.6.2/avrxmega2\libgcc.a(_epilogue.o)
 .debug_abbrev  0x00004a2d       0x14 c:/programme/atmel/avr tools/avr toolchain/bin/../lib/gcc/avr/4.6.2/avrxmega2\libgcc.a(_udivmodsi4.o)

.debug_line     0x00000000     0x75a6
 *(.debug_line)
 .debug_line    0x00000000      0x2f5 Bin/Chameleon-Mini.o
 .debug_line    0x000002f5      0x2a0 Bin/LUFADescriptors.o
 .debug_line    0x00000595      0x1aa Bin/System.o
 .debug_line    0x0000073f      0x21c Bin/Configuration.o
 .debug_line    0x0000095b       0xdd Bin/Random.o
 .debug_line    0x00000a38      0x16a Bin/Common.o
 .debug_line    0x00000ba2      0x354 Bin/Memory.o
 .debug_line    0x00000ef6      0x28c Bin/Button.o
 .debug_line    0x00001182      0x16b Bin/Settings.o
 .debug_line    0x000012ed       0x94 Bin/LED.o
 .debug_line    0x00001381      0x344 Bin/Terminal.o
 .debug_line    0x000016c5      0x532 Bin/Commands.o
 .debug_line    0x00001bf7      0x3b7 Bin/XModem.o
 .debug_line    0x00001fae      0x2e7 Bin/CommandLine.o
 .debug_line    0x00002295       0xaf Bin/Codec.o
 .debug_line    0x00002344      0x302 Bin/ISO14443-2A.o
 .debug_line    0x00002646      0x394 Bin/MifareClassic.o
 .debug_line    0x000029da       0xfa Bin/ISO14443-3A.o
 .debug_line    0x00002ad4      0x293 Bin/Crypto1.o
 .debug_line    0x00002d67      0x2ce Bin/HIDParser.o
 .debug_line    0x00003035      0x23d Bin/ConfigDescriptors.o
 .debug_line    0x00003272      0x331 Bin/DeviceStandardReq.o
 .debug_line    0x000035a3       0x4f Bin/Events.o
 .debug_line    0x000035f2       0x1a Bin/HostStandardReq.o
 .debug_line    0x0000360c      0x1c8 Bin/USBTask.o
 .debug_line    0x000037d4      0x180 Bin/Device_XMEGA.o
 .debug_line    0x00003954      0xae0 Bin/EndpointStream_XMEGA.o
 .debug_line    0x00004434      0x4b2 Bin/Endpoint_XMEGA.o
 .debug_line    0x000048e6       0x1a Bin/Host_XMEGA.o
 .debug_line    0x00004900       0x1a Bin/PipeStream_XMEGA.o
 .debug_line    0x0000491a       0x1a Bin/Pipe_XMEGA.o
 .debug_line    0x00004934      0x30c Bin/USBController_XMEGA.o
 .debug_line    0x00004c40      0x2f6 Bin/USBInterrupt_XMEGA.o
 .debug_line    0x00004f36      0x31b Bin/AudioClassDevice.o
 .debug_line    0x00005251      0x504 Bin/CDCClassDevice.o
 .debug_line    0x00005755      0x3ae Bin/HIDClassDevice.o
 .debug_line    0x00005b03      0x390 Bin/MassStorageClassDevice.o
 .debug_line    0x00005e93      0x317 Bin/MIDIClassDevice.o
 .debug_line    0x000061aa      0x4cd Bin/PrinterClassDevice.o
 .debug_line    0x00006677      0x406 Bin/RNDISClassDevice.o
 .debug_line    0x00006a7d       0x1a Bin/AndroidAccessoryClassHost.o
 .debug_line    0x00006a97       0x1a Bin/AudioClassHost.o
 .debug_line    0x00006ab1       0x1a Bin/CDCClassHost.o
 .debug_line    0x00006acb       0x1a Bin/HIDClassHost.o
 .debug_line    0x00006ae5       0x1a Bin/MassStorageClassHost.o
 .debug_line    0x00006aff       0x1a Bin/MIDIClassHost.o
 .debug_line    0x00006b19       0x1a Bin/PrinterClassHost.o
 .debug_line    0x00006b33       0x1a Bin/RNDISClassHost.o
 .debug_line    0x00006b4d       0x1a Bin/StillImageClassHost.o
 .debug_line    0x00006b67       0xa5 c:/programme/atmel/avr tools/avr toolchain/bin/../lib/gcc/avr/4.6.2/avrxmega2\libgcc.a(_mulsi3.o)
 .debug_line    0x00006c0c       0x88 c:/programme/atmel/avr tools/avr toolchain/bin/../lib/gcc/avr/4.6.2/avrxmega2\libgcc.a(_exit.o)
 .debug_line    0x00006c94       0x91 c:/programme/atmel/avr tools/avr toolchain/bin/../lib/gcc/avr/4.6.2/avrxmega2\libgcc.a(_copy_data.o)
 .debug_line    0x00006d25       0x8e c:/programme/atmel/avr tools/avr toolchain/bin/../lib/gcc/avr/4.6.2/avrxmega2\libgcc.a(_clear_bss.o)
 .debug_line    0x00006db3       0x91 c:/programme/atmel/avr tools/avr toolchain/bin/../lib/gcc/avr/4.6.2/../../../../avr/lib/avrxmega2\libc.a(rand.o)
 .debug_line    0x00006e44      0x169 c:/programme/atmel/avr tools/avr toolchain/bin/../lib/gcc/avr/4.6.2/../../../../avr/lib/avrxmega2\libc.a(snprintf_p.o)
 .debug_line    0x00006fad      0x290 c:/programme/atmel/avr tools/avr toolchain/bin/../lib/gcc/avr/4.6.2/../../../../avr/lib/avrxmega2\libc.a(vfprintf_std.o)
 .debug_line    0x0000723d       0xe1 c:/programme/atmel/avr tools/avr toolchain/bin/../lib/gcc/avr/4.6.2/../../../../avr/lib/avrxmega2\libc.a(fputc.o)
 .debug_line    0x0000731e       0xa1 c:/programme/atmel/avr tools/avr toolchain/bin/../lib/gcc/avr/4.6.2/avrxmega2\libgcc.a(_divmodsi4.o)
 .debug_line    0x000073bf       0xa1 c:/programme/atmel/avr tools/avr toolchain/bin/../lib/gcc/avr/4.6.2/avrxmega2\libgcc.a(_prologue.o)
 .debug_line    0x00007460       0x9e c:/programme/atmel/avr tools/avr toolchain/bin/../lib/gcc/avr/4.6.2/avrxmega2\libgcc.a(_epilogue.o)
 .debug_line    0x000074fe       0xa8 c:/programme/atmel/avr tools/avr toolchain/bin/../lib/gcc/avr/4.6.2/avrxmega2\libgcc.a(_udivmodsi4.o)

.debug_frame    0x00000000     0x1e1c
 *(.debug_frame)
 .debug_frame   0x00000000       0x24 Bin/Chameleon-Mini.o
 .debug_frame   0x00000024       0x24 Bin/LUFADescriptors.o
 .debug_frame   0x00000048       0x90 Bin/System.o
 .debug_frame   0x000000d8       0xf4 Bin/Configuration.o
 .debug_frame   0x000001cc       0x68 Bin/Random.o
 .debug_frame   0x00000234       0x4c Bin/Common.o
 .debug_frame   0x00000280      0x120 Bin/Memory.o
 .debug_frame   0x000003a0       0xac Bin/Button.o
 .debug_frame   0x0000044c       0x90 Bin/Settings.o
 .debug_frame   0x000004dc       0xcc Bin/Terminal.o
 .debug_frame   0x000005a8      0x1fc Bin/Commands.o
 .debug_frame   0x000007a4       0x6c Bin/XModem.o
 .debug_frame   0x00000810       0x54 Bin/CommandLine.o
 .debug_frame   0x00000864       0xf8 Bin/ISO14443-2A.o
 .debug_frame   0x0000095c       0xd4 Bin/MifareClassic.o
 .debug_frame   0x00000a30       0x6c Bin/ISO14443-3A.o
 .debug_frame   0x00000a9c      0x13c Bin/Crypto1.o
 .debug_frame   0x00000bd8      0x124 Bin/HIDParser.o
 .debug_frame   0x00000cfc       0xbc Bin/ConfigDescriptors.o
 .debug_frame   0x00000db8       0x38 Bin/DeviceStandardReq.o
 .debug_frame   0x00000df0       0x24 Bin/Events.o
 .debug_frame   0x00000e14       0x2c Bin/USBTask.o
 .debug_frame   0x00000e40       0x24 Bin/Device_XMEGA.o
 .debug_frame   0x00000e64      0x52c Bin/EndpointStream_XMEGA.o
 .debug_frame   0x00001390      0x15c Bin/Endpoint_XMEGA.o
 .debug_frame   0x000014ec       0x5c Bin/USBController_XMEGA.o
 .debug_frame   0x00001548       0x8c Bin/USBInterrupt_XMEGA.o
 .debug_frame   0x000015d4       0xa8 Bin/AudioClassDevice.o
 .debug_frame   0x0000167c      0x1c4 Bin/CDCClassDevice.o
 .debug_frame   0x00001840       0xf4 Bin/HIDClassDevice.o
 .debug_frame   0x00001934       0x80 Bin/MassStorageClassDevice.o
 .debug_frame   0x000019b4       0x9c Bin/MIDIClassDevice.o
 .debug_frame   0x00001a50      0x198 Bin/PrinterClassDevice.o
 .debug_frame   0x00001be8       0xf8 Bin/RNDISClassDevice.o
 .debug_frame   0x00001ce0       0x88 c:/programme/atmel/avr tools/avr toolchain/bin/../lib/gcc/avr/4.6.2/../../../../avr/lib/avrxmega2\libc.a(rand.o)
 .debug_frame   0x00001d68       0x30 c:/programme/atmel/avr tools/avr toolchain/bin/../lib/gcc/avr/4.6.2/../../../../avr/lib/avrxmega2\libc.a(snprintf_p.o)
 .debug_frame   0x00001d98       0x4c c:/programme/atmel/avr tools/avr toolchain/bin/../lib/gcc/avr/4.6.2/../../../../avr/lib/avrxmega2\libc.a(vfprintf_std.o)
 .debug_frame   0x00001de4       0x38 c:/programme/atmel/avr tools/avr toolchain/bin/../lib/gcc/avr/4.6.2/../../../../avr/lib/avrxmega2\libc.a(fputc.o)

.debug_str      0x00000000     0x76b2
 *(.debug_str)
 .debug_str     0x00000000      0xc5b Bin/Chameleon-Mini.o
                                0xd20 (size before relaxing)
 .debug_str     0x00000c5b      0x8cc Bin/LUFADescriptors.o
                                0xb47 (size before relaxing)
 .debug_str     0x00001527      0x767 Bin/System.o
                                0xb73 (size before relaxing)
 .debug_str     0x00001c8e      0x2d0 Bin/Configuration.o
                                0x56f (size before relaxing)
 .debug_str     0x00001f5e       0x3d Bin/Random.o
                                0x155 (size before relaxing)
 .debug_str     0x00001f9b       0x56 Bin/Common.o
                                0x17d (size before relaxing)
 .debug_str     0x00001ff1      0x2a5 Bin/Memory.o
                                0x78e (size before relaxing)
 .debug_str     0x00002296      0x1c7 Bin/Button.o
                                0x683 (size before relaxing)
 .debug_str     0x0000245d       0xb3 Bin/Settings.o
                                0x48c (size before relaxing)
 .debug_str     0x00002510        0x6 Bin/LED.o
                                0x10b (size before relaxing)
 .debug_str     0x00002516      0x1b0 Bin/Terminal.o
                                0x623 (size before relaxing)
 .debug_str     0x000026c6      0x3b9 Bin/Commands.o
                                0xba0 (size before relaxing)
 .debug_str     0x00002a7f      0x192 Bin/XModem.o
                                0x537 (size before relaxing)
 .debug_str     0x00002c11       0xe8 Bin/CommandLine.o
                                0x50a (size before relaxing)
 .debug_str     0x00002cf9       0x1a Bin/Codec.o
                                0x27b (size before relaxing)
 .debug_str     0x00002d13     0x12b9 Bin/ISO14443-2A.o
                               0x1a4a (size before relaxing)
 .debug_str     0x00003fcc      0x236 Bin/MifareClassic.o
                                0x4dd (size before relaxing)
 .debug_str     0x00004202       0x41 Bin/ISO14443-3A.o
                                0x174 (size before relaxing)
 .debug_str     0x00004243       0xe8 Bin/Crypto1.o
                                0x202 (size before relaxing)
 .debug_str     0x0000432b      0x474 Bin/HIDParser.o
                                0x60f (size before relaxing)
 .debug_str     0x0000479f      0x22e Bin/ConfigDescriptors.o
                                0x45b (size before relaxing)
 .debug_str     0x000049cd      0x8f1 Bin/DeviceStandardReq.o
                                0xfe5 (size before relaxing)
 .debug_str     0x000052be       0x31 Bin/Events.o
                                0x121 (size before relaxing)
 .debug_str     0x000052ef       0x2b Bin/HostStandardReq.o
                                0x11b (size before relaxing)
 .debug_str     0x0000531a       0x79 Bin/USBTask.o
                                0x382 (size before relaxing)
 .debug_str     0x00005393       0x4a Bin/Device_XMEGA.o
                                0x53f (size before relaxing)
 .debug_str     0x000053dd      0x4c6 Bin/EndpointStream_XMEGA.o
                                0x802 (size before relaxing)
 .debug_str     0x000058a3      0x3a9 Bin/Endpoint_XMEGA.o
                                0xa5a (size before relaxing)
 .debug_str     0x00005c4c       0x2c Bin/Host_XMEGA.o
                                0x11c (size before relaxing)
 .debug_str     0x00005c78       0x32 Bin/PipeStream_XMEGA.o
                                0x122 (size before relaxing)
 .debug_str     0x00005caa       0x2c Bin/Pipe_XMEGA.o
                                0x11c (size before relaxing)
 .debug_str     0x00005cd6      0x198 Bin/USBController_XMEGA.o
                                0xd93 (size before relaxing)
 .debug_str     0x00005e6e       0xad Bin/USBInterrupt_XMEGA.o
                                0x81a (size before relaxing)
 .debug_str     0x00005f1b      0x236 Bin/AudioClassDevice.o
                                0x609 (size before relaxing)
 .debug_str     0x00006151      0x32d Bin/CDCClassDevice.o
                                0x95a (size before relaxing)
 .debug_str     0x0000647e      0x1ea Bin/HIDClassDevice.o
                                0x91a (size before relaxing)
 .debug_str     0x00006668      0x23a Bin/MassStorageClassDevice.o
                                0x727 (size before relaxing)
 .debug_str     0x000068a2      0x115 Bin/MIDIClassDevice.o
                                0x622 (size before relaxing)
 .debug_str     0x000069b7      0x269 Bin/PrinterClassDevice.o
                                0x862 (size before relaxing)
 .debug_str     0x00006c20      0x6e5 Bin/RNDISClassDevice.o
                                0xc75 (size before relaxing)
 .debug_str     0x00007305       0x3b Bin/AndroidAccessoryClassHost.o
                                0x12b (size before relaxing)
 .debug_str     0x00007340       0x30 Bin/AudioClassHost.o
                                0x120 (size before relaxing)
 .debug_str     0x00007370       0x2e Bin/CDCClassHost.o
                                0x11e (size before relaxing)
 .debug_str     0x0000739e       0x2e Bin/HIDClassHost.o
                                0x11e (size before relaxing)
 .debug_str     0x000073cc       0x36 Bin/MassStorageClassHost.o
                                0x126 (size before relaxing)
 .debug_str     0x00007402       0x2f Bin/MIDIClassHost.o
                                0x11f (size before relaxing)
 .debug_str     0x00007431       0x32 Bin/PrinterClassHost.o
                                0x122 (size before relaxing)
 .debug_str     0x00007463       0x30 Bin/RNDISClassHost.o
                                0x120 (size before relaxing)
 .debug_str     0x00007493       0x35 Bin/StillImageClassHost.o
                                0x125 (size before relaxing)
 .debug_str     0x000074c8       0x6f c:/programme/atmel/avr tools/avr toolchain/bin/../lib/gcc/avr/4.6.2/../../../../avr/lib/avrxmega2\libc.a(rand.o)
                                 0xa8 (size before relaxing)
 .debug_str     0x00007537       0x88 c:/programme/atmel/avr tools/avr toolchain/bin/../lib/gcc/avr/4.6.2/../../../../avr/lib/avrxmega2\libc.a(snprintf_p.o)
                                0x12e (size before relaxing)
 .debug_str     0x000075bf       0x9d c:/programme/atmel/avr tools/avr toolchain/bin/../lib/gcc/avr/4.6.2/../../../../avr/lib/avrxmega2\libc.a(vfprintf_std.o)
                                0x16b (size before relaxing)
 .debug_str     0x0000765c       0x56 c:/programme/atmel/avr tools/avr toolchain/bin/../lib/gcc/avr/4.6.2/../../../../avr/lib/avrxmega2\libc.a(fputc.o)
                                 0xfb (size before relaxing)

.debug_loc      0x00000000     0xb6e8
 *(.debug_loc)
 .debug_loc     0x00000000      0x225 Bin/LUFADescriptors.o
 .debug_loc     0x00000225       0x2f Bin/System.o
 .debug_loc     0x00000254      0x2a8 Bin/Configuration.o
 .debug_loc     0x000004fc       0xc4 Bin/Random.o
 .debug_loc     0x000005c0      0x2fa Bin/Common.o
 .debug_loc     0x000008ba      0x8a1 Bin/Memory.o
 .debug_loc     0x0000115b      0x6c6 Bin/Button.o
 .debug_loc     0x00001821      0x185 Bin/Settings.o
 .debug_loc     0x000019a6      0x1dc Bin/Terminal.o
 .debug_loc     0x00001b82      0x5cc Bin/Commands.o
 .debug_loc     0x0000214e      0x226 Bin/XModem.o
 .debug_loc     0x00002374      0x628 Bin/CommandLine.o
 .debug_loc     0x0000299c      0x437 Bin/ISO14443-2A.o
 .debug_loc     0x00002dd3      0xa90 Bin/MifareClassic.o
 .debug_loc     0x00003863      0x309 Bin/ISO14443-3A.o
 .debug_loc     0x00003b6c      0x960 Bin/Crypto1.o
 .debug_loc     0x000044cc      0xced Bin/HIDParser.o
 .debug_loc     0x000051b9      0x4e4 Bin/ConfigDescriptors.o
 .debug_loc     0x0000569d      0x294 Bin/DeviceStandardReq.o
 .debug_loc     0x00005931       0x22 Bin/USBTask.o
 .debug_loc     0x00005953     0x279d Bin/EndpointStream_XMEGA.o
 .debug_loc     0x000080f0      0x50b Bin/Endpoint_XMEGA.o
 .debug_loc     0x000085fb       0xa3 Bin/USBController_XMEGA.o
 .debug_loc     0x0000869e      0x200 Bin/USBInterrupt_XMEGA.o
 .debug_loc     0x0000889e      0x2c6 Bin/AudioClassDevice.o
 .debug_loc     0x00008b64      0x7e8 Bin/CDCClassDevice.o
 .debug_loc     0x0000934c      0x49d Bin/HIDClassDevice.o
 .debug_loc     0x000097e9      0x283 Bin/MassStorageClassDevice.o
 .debug_loc     0x00009a6c      0x27c Bin/MIDIClassDevice.o
 .debug_loc     0x00009ce8      0x6cd Bin/PrinterClassDevice.o
 .debug_loc     0x0000a3b5      0xbd5 Bin/RNDISClassDevice.o
 .debug_loc     0x0000af8a      0x167 c:/programme/atmel/avr tools/avr toolchain/bin/../lib/gcc/avr/4.6.2/../../../../avr/lib/avrxmega2\libc.a(rand.o)
 .debug_loc     0x0000b0f1       0x63 c:/programme/atmel/avr tools/avr toolchain/bin/../lib/gcc/avr/4.6.2/../../../../avr/lib/avrxmega2\libc.a(snprintf_p.o)
 .debug_loc     0x0000b154      0x4fb c:/programme/atmel/avr tools/avr toolchain/bin/../lib/gcc/avr/4.6.2/../../../../avr/lib/avrxmega2\libc.a(vfprintf_std.o)
 .debug_loc     0x0000b64f       0x99 c:/programme/atmel/avr tools/avr toolchain/bin/../lib/gcc/avr/4.6.2/../../../../avr/lib/avrxmega2\libc.a(fputc.o)

.debug_macinfo
 *(.debug_macinfo)
OUTPUT(Chameleon-Mini.elf elf32-avr)
LOAD linker stubs

.debug_ranges   0x00000000     0x1ae0
 .debug_ranges  0x00000000       0x40 Bin/Chameleon-Mini.o
 .debug_ranges  0x00000040       0x10 Bin/LUFADescriptors.o
 .debug_ranges  0x00000050       0x40 Bin/System.o
 .debug_ranges  0x00000090       0xb8 Bin/Configuration.o
 .debug_ranges  0x00000148       0x28 Bin/Random.o
 .debug_ranges  0x00000170       0x50 Bin/Common.o
 .debug_ranges  0x000001c0      0x208 Bin/Memory.o
 .debug_ranges  0x000003c8       0xf8 Bin/Button.o
 .debug_ranges  0x000004c0       0x40 Bin/Settings.o
 .debug_ranges  0x00000500       0xc8 Bin/Terminal.o
 .debug_ranges  0x000005c8      0x128 Bin/Commands.o
 .debug_ranges  0x000006f0       0x30 Bin/XModem.o
 .debug_ranges  0x00000720      0x150 Bin/CommandLine.o
 .debug_ranges  0x00000870       0xb8 Bin/ISO14443-2A.o
 .debug_ranges  0x00000928      0x1b0 Bin/MifareClassic.o
 .debug_ranges  0x00000ad8       0x18 Bin/ISO14443-3A.o
 .debug_ranges  0x00000af0       0x88 Bin/Crypto1.o
 .debug_ranges  0x00000b78      0x120 Bin/HIDParser.o
 .debug_ranges  0x00000c98       0x40 Bin/ConfigDescriptors.o
 .debug_ranges  0x00000cd8      0x1d8 Bin/DeviceStandardReq.o
 .debug_ranges  0x00000eb0       0x10 Bin/Events.o
 .debug_ranges  0x00000ec0       0x50 Bin/USBTask.o
 .debug_ranges  0x00000f10       0x10 Bin/Device_XMEGA.o
 .debug_ranges  0x00000f20      0x5d8 Bin/EndpointStream_XMEGA.o
 .debug_ranges  0x000014f8      0x110 Bin/Endpoint_XMEGA.o
 .debug_ranges  0x00001608       0x20 Bin/USBController_XMEGA.o
 .debug_ranges  0x00001628       0x20 Bin/USBInterrupt_XMEGA.o
 .debug_ranges  0x00001648       0x38 Bin/AudioClassDevice.o
 .debug_ranges  0x00001680      0x100 Bin/CDCClassDevice.o
 .debug_ranges  0x00001780       0x38 Bin/HIDClassDevice.o
 .debug_ranges  0x000017b8       0x98 Bin/MassStorageClassDevice.o
 .debug_ranges  0x00001850       0x48 Bin/MIDIClassDevice.o
 .debug_ranges  0x00001898      0x128 Bin/PrinterClassDevice.o
 .debug_ranges  0x000019c0       0xc8 Bin/RNDISClassDevice.o
 .debug_ranges  0x00001a88       0x28 c:/programme/atmel/avr tools/avr toolchain/bin/../lib/gcc/avr/4.6.2/../../../../avr/lib/avrxmega2\libc.a(rand.o)
 .debug_ranges  0x00001ab0       0x10 c:/programme/atmel/avr tools/avr toolchain/bin/../lib/gcc/avr/4.6.2/../../../../avr/lib/avrxmega2\libc.a(snprintf_p.o)
 .debug_ranges  0x00001ac0       0x10 c:/programme/atmel/avr tools/avr toolchain/bin/../lib/gcc/avr/4.6.2/../../../../avr/lib/avrxmega2\libc.a(vfprintf_std.o)
 .debug_ranges  0x00001ad0       0x10 c:/programme/atmel/avr tools/avr toolchain/bin/../lib/gcc/avr/4.6.2/../../../../avr/lib/avrxmega2\libc.a(fputc.o)

Cross Reference Table

Symbol                                            File
ActiveConfiguration                               Bin/MifareClassic.o
                                                  Bin/ISO14443-2A.o
                                                  Bin/Commands.o
                                                  Bin/Button.o
                                                  Bin/Configuration.o
                                                  Bin/Chameleon-Mini.o
Audio_Device_ConfigureEndpoints                   Bin/AudioClassDevice.o
Audio_Device_Event_Stub                           Bin/AudioClassDevice.o
Audio_Device_ProcessControlRequest                Bin/AudioClassDevice.o
BufferToHexString                                 Bin/Common.o
                                                  Bin/Commands.o
ButtonGetActionByName                             Bin/Button.o
                                                  Bin/Commands.o
ButtonGetActionList                               Bin/Button.o
                                                  Bin/Commands.o
ButtonInit                                        Bin/Button.o
                                                  Bin/Chameleon-Mini.o
ButtonSetActionById                               Bin/Button.o
ButtonSetActionByName                             Bin/Button.o
                                                  Bin/Commands.o
ButtonTick                                        Bin/Button.o
                                                  Bin/Chameleon-Mini.o
CALLBACK_Audio_Device_GetSetEndpointProperty      Bin/AudioClassDevice.o
CALLBACK_Audio_Device_GetSetInterfaceProperty     Bin/AudioClassDevice.o
CALLBACK_HIDParser_FilterHIDReportItem            Bin/HIDParser.o
CALLBACK_HID_Device_CreateHIDReport               Bin/HIDClassDevice.o
CALLBACK_HID_Device_ProcessHIDReport              Bin/HIDClassDevice.o
CALLBACK_MS_Device_SCSICommandReceived            Bin/MassStorageClassDevice.o
CALLBACK_USB_GetDescriptor                        Bin/LUFADescriptors.o
                                                  Bin/DeviceStandardReq.o
CDC_Device_BytesReceived                          Bin/CDCClassDevice.o
CDC_Device_ConfigureEndpoints                     Bin/CDCClassDevice.o
                                                  Bin/Terminal.o
CDC_Device_CreateBlockingStream                   Bin/CDCClassDevice.o
CDC_Device_CreateStream                           Bin/CDCClassDevice.o
CDC_Device_Event_Stub                             Bin/CDCClassDevice.o
CDC_Device_Flush                                  Bin/CDCClassDevice.o
CDC_Device_ProcessControlRequest                  Bin/CDCClassDevice.o
                                                  Bin/Terminal.o
CDC_Device_ReceiveByte                            Bin/CDCClassDevice.o
                                                  Bin/Terminal.o
CDC_Device_SendByte                               Bin/CDCClassDevice.o
                                                  Bin/XModem.o
                                                  Bin/Terminal.o
CDC_Device_SendControlLineStateChange             Bin/CDCClassDevice.o
CDC_Device_SendData                               Bin/CDCClassDevice.o
                                                  Bin/Terminal.o
CDC_Device_SendString                             Bin/CDCClassDevice.o
                                                  Bin/Terminal.o
CDC_Device_USBTask                                Bin/CDCClassDevice.o
                                                  Bin/Terminal.o
CodecBuffer                                       Bin/ISO14443-2A.o
                                                  Bin/Codec.o
CommandExecButton                                 Bin/Commands.o
                                                  Bin/CommandLine.o
CommandExecClear                                  Bin/Commands.o
                                                  Bin/CommandLine.o
CommandExecConfig                                 Bin/Commands.o
                                                  Bin/CommandLine.o
CommandExecDownload                               Bin/Commands.o
                                                  Bin/CommandLine.o
CommandExecHelp                                   Bin/Commands.o
                                                  Bin/CommandLine.o
CommandExecReset                                  Bin/Commands.o
                                                  Bin/CommandLine.o
CommandExecUpgrade                                Bin/Commands.o
                                                  Bin/CommandLine.o
CommandExecUpload                                 Bin/Commands.o
                                                  Bin/CommandLine.o
CommandGetButton                                  Bin/Commands.o
                                                  Bin/CommandLine.o
CommandGetConfig                                  Bin/Commands.o
                                                  Bin/CommandLine.o
CommandGetMemSize                                 Bin/Commands.o
                                                  Bin/CommandLine.o
CommandGetReadOnly                                Bin/Commands.o
                                                  Bin/CommandLine.o
CommandGetRssi                                    Bin/Commands.o
                                                  Bin/CommandLine.o
CommandGetSetting                                 Bin/Commands.o
                                                  Bin/CommandLine.o
CommandGetUid                                     Bin/Commands.o
                                                  Bin/CommandLine.o
CommandGetUidSize                                 Bin/Commands.o
                                                  Bin/CommandLine.o
CommandGetVersion                                 Bin/Commands.o
                                                  Bin/CommandLine.o
CommandLineInit                                   Bin/CommandLine.o
CommandLineProcessByte                            Bin/CommandLine.o
                                                  Bin/Terminal.o
CommandLineTick                                   Bin/CommandLine.o
                                                  Bin/Terminal.o
CommandSetButton                                  Bin/Commands.o
                                                  Bin/CommandLine.o
CommandSetConfig                                  Bin/Commands.o
                                                  Bin/CommandLine.o
CommandSetReadOnly                                Bin/Commands.o
                                                  Bin/CommandLine.o
CommandSetSetting                                 Bin/Commands.o
                                                  Bin/CommandLine.o
CommandSetUid                                     Bin/Commands.o
                                                  Bin/CommandLine.o
CommandTable                                      Bin/CommandLine.o
                                                  Bin/Commands.o
ConfigurationDescriptor                           Bin/LUFADescriptors.o
ConfigurationGetList                              Bin/Configuration.o
                                                  Bin/Commands.o
ConfigurationInit                                 Bin/Configuration.o
                                                  Bin/Settings.o
                                                  Bin/Chameleon-Mini.o
ConfigurationSetById                              Bin/Configuration.o
ConfigurationSetByName                            Bin/Configuration.o
                                                  Bin/Commands.o
Crypto1Auth                                       Bin/Crypto1.o
                                                  Bin/MifareClassic.o
Crypto1Byte                                       Bin/Crypto1.o
                                                  Bin/MifareClassic.o
Crypto1FilterOutput                               Bin/Crypto1.o
                                                  Bin/MifareClassic.o
Crypto1Nibble                                     Bin/Crypto1.o
                                                  Bin/MifareClassic.o
Crypto1PRNG                                       Bin/Crypto1.o
                                                  Bin/MifareClassic.o