Archive member included because of file (symbol)

c:/programme/atmel/avr tools/avr toolchain/bin/../lib/gcc/avr/4.7.2/avrxmega2\libgcc.a(_exit.o)
                              c:/programme/atmel/avr tools/avr toolchain/bin/../lib/gcc/avr/4.7.2/../../../../avr/lib/avrxmega2/crtx32a4u.o (exit)
c:/programme/atmel/avr tools/avr toolchain/bin/../lib/gcc/avr/4.7.2/avrxmega2\libgcc.a(_tablejump.o)
                              Bin/HIDParser.o (__tablejump2__)
c:/programme/atmel/avr tools/avr toolchain/bin/../lib/gcc/avr/4.7.2/avrxmega2\libgcc.a(_copy_data.o)
                              Bin/Terminal.o (__do_copy_data)
c:/programme/atmel/avr tools/avr toolchain/bin/../lib/gcc/avr/4.7.2/avrxmega2\libgcc.a(_clear_bss.o)
                              Bin/Configuration.o (__do_clear_bss)
c:/programme/atmel/avr tools/avr toolchain/bin/../lib/gcc/avr/4.7.2/avrxmega2\libgcc.a(_mulshisi3.o)
                              Bin/Commands.o (__mulshisi3)
c:/programme/atmel/avr tools/avr toolchain/bin/../lib/gcc/avr/4.7.2/avrxmega2\libgcc.a(_muluhisi3.o)
                              c:/programme/atmel/avr tools/avr toolchain/bin/../lib/gcc/avr/4.7.2/avrxmega2\libgcc.a(_mulshisi3.o) (__muluhisi3)
c:/programme/atmel/avr tools/avr toolchain/bin/../lib/gcc/avr/4.7.2/avrxmega2\libgcc.a(_umulhisi3.o)
                              c:/programme/atmel/avr tools/avr toolchain/bin/../lib/gcc/avr/4.7.2/avrxmega2\libgcc.a(_muluhisi3.o) (__umulhisi3)
c:/programme/atmel/avr tools/avr toolchain/bin/../lib/gcc/avr/4.7.2/../../../../avr/lib/avrxmega2\libc.a(rand.o)
                              Bin/Random.o (rand)
c:/programme/atmel/avr tools/avr toolchain/bin/../lib/gcc/avr/4.7.2/../../../../avr/lib/avrxmega2\libc.a(memcpy_P.o)
                              Bin/Configuration.o (memcpy_P)
c:/programme/atmel/avr tools/avr toolchain/bin/../lib/gcc/avr/4.7.2/../../../../avr/lib/avrxmega2\libc.a(strcmp_P.o)
                              Bin/Button.o (strcmp_P)
c:/programme/atmel/avr tools/avr toolchain/bin/../lib/gcc/avr/4.7.2/../../../../avr/lib/avrxmega2\libc.a(strncpy_P.o)
                              Bin/Button.o (strncpy_P)
c:/programme/atmel/avr tools/avr toolchain/bin/../lib/gcc/avr/4.7.2/../../../../avr/lib/avrxmega2\libc.a(memcmp.o)
                              Bin/HIDClassDevice.o (memcmp)
c:/programme/atmel/avr tools/avr toolchain/bin/../lib/gcc/avr/4.7.2/../../../../avr/lib/avrxmega2\libc.a(memcpy.o)
                              Bin/HIDClassDevice.o (memcpy)
c:/programme/atmel/avr tools/avr toolchain/bin/../lib/gcc/avr/4.7.2/../../../../avr/lib/avrxmega2\libc.a(memset.o)
                              Bin/HIDClassDevice.o (memset)
c:/programme/atmel/avr tools/avr toolchain/bin/../lib/gcc/avr/4.7.2/../../../../avr/lib/avrxmega2\libc.a(snprintf_p.o)
                              Bin/Commands.o (snprintf_P)
c:/programme/atmel/avr tools/avr toolchain/bin/../lib/gcc/avr/4.7.2/../../../../avr/lib/avrxmega2\libc.a(vfprintf_std.o)
                              c:/programme/atmel/avr tools/avr toolchain/bin/../lib/gcc/avr/4.7.2/../../../../avr/lib/avrxmega2\libc.a(snprintf_p.o) (vfprintf)
c:/programme/atmel/avr tools/avr toolchain/bin/../lib/gcc/avr/4.7.2/../../../../avr/lib/avrxmega2\libc.a(eerd_block_atxmega32a4u.o)
                              Bin/Settings.o (__eerd_block_x32a4u)
c:/programme/atmel/avr tools/avr toolchain/bin/../lib/gcc/avr/4.7.2/../../../../avr/lib/avrxmega2\libc.a(eerd_byte_atxmega32a4u.o)
                              Bin/EndpointStream_XMEGA.o (__eerd_byte_x32a4u)
c:/programme/atmel/avr tools/avr toolchain/bin/../lib/gcc/avr/4.7.2/../../../../avr/lib/avrxmega2\libc.a(eeupd_byte_atxmega32a4u.o)
                              Bin/EndpointStream_XMEGA.o (__eeupd_byte_x32a4u)
c:/programme/atmel/avr tools/avr toolchain/bin/../lib/gcc/avr/4.7.2/../../../../avr/lib/avrxmega2\libc.a(eewr_block_atxmega32a4u.o)
                              Bin/Settings.o (__eewr_block_x32a4u)
c:/programme/atmel/avr tools/avr toolchain/bin/../lib/gcc/avr/4.7.2/../../../../avr/lib/avrxmega2\libc.a(eewr_byte_atxmega32a4u.o)
                              c:/programme/atmel/avr tools/avr toolchain/bin/../lib/gcc/avr/4.7.2/../../../../avr/lib/avrxmega2\libc.a(eeupd_byte_atxmega32a4u.o) (__eewr_r18_x32a4u)
c:/programme/atmel/avr tools/avr toolchain/bin/../lib/gcc/avr/4.7.2/../../../../avr/lib/avrxmega2\libc.a(strnlen_P.o)
                              c:/programme/atmel/avr tools/avr toolchain/bin/../lib/gcc/avr/4.7.2/../../../../avr/lib/avrxmega2\libc.a(vfprintf_std.o) (strnlen_P)
c:/programme/atmel/avr tools/avr toolchain/bin/../lib/gcc/avr/4.7.2/../../../../avr/lib/avrxmega2\libc.a(strnlen.o)
                              c:/programme/atmel/avr tools/avr toolchain/bin/../lib/gcc/avr/4.7.2/../../../../avr/lib/avrxmega2\libc.a(vfprintf_std.o) (strnlen)
c:/programme/atmel/avr tools/avr toolchain/bin/../lib/gcc/avr/4.7.2/../../../../avr/lib/avrxmega2\libc.a(fputc.o)
[...]
Memory Configuration

Name             Origin             Length             Attributes
text             0x00000000         0x00100000         xr
data             0x00802000         0x0000ffa0         rw !x
eeprom           0x00810000         0x00010000         rw !x
fuse             0x00820000         0x00000400         rw !x
lock             0x00830000         0x00000400         rw !x
signature        0x00840000         0x00000400         rw !x
user_signatures  0x00850000         0x00000400         rw !x
*default*        0x00000000         0xffffffff

Linker script and memory map

LOAD c:/programme/atmel/avr tools/avr toolchain/bin/../lib/gcc/avr/4.7.2/../../../../avr/lib/avrxmega2/crtx32a4u.o
LOAD Bin/Chameleon-Mini.o
LOAD Bin/LUFADescriptors.o
LOAD Bin/System.o
LOAD Bin/Configuration.o
LOAD Bin/Random.o
LOAD Bin/Common.o
LOAD Bin/Memory.o
LOAD Bin/Button.o
LOAD Bin/Settings.o
LOAD Bin/LED.o
LOAD Bin/Terminal.o
LOAD Bin/Commands.o
LOAD Bin/XModem.o
LOAD Bin/CommandLine.o
LOAD Bin/Codec.o
LOAD Bin/ISO14443-2A.o
LOAD Bin/MifareClassic.o
LOAD Bin/ISO14443-3A.o
LOAD Bin/Crypto1.o
LOAD Bin/HIDParser.o
LOAD Bin/ConfigDescriptors.o
LOAD Bin/DeviceStandardReq.o
LOAD Bin/Events.o
LOAD Bin/HostStandardReq.o
LOAD Bin/USBTask.o
LOAD Bin/Device_XMEGA.o
LOAD Bin/EndpointStream_XMEGA.o
LOAD Bin/Endpoint_XMEGA.o
LOAD Bin/Host_XMEGA.o
LOAD Bin/PipeStream_XMEGA.o
LOAD Bin/Pipe_XMEGA.o
LOAD Bin/USBController_XMEGA.o
LOAD Bin/USBInterrupt_XMEGA.o
LOAD Bin/AudioClassDevice.o
LOAD Bin/CDCClassDevice.o
LOAD Bin/HIDClassDevice.o
LOAD Bin/MassStorageClassDevice.o
LOAD Bin/MIDIClassDevice.o
LOAD Bin/PrinterClassDevice.o
LOAD Bin/RNDISClassDevice.o
LOAD Bin/AndroidAccessoryClassHost.o
LOAD Bin/AudioClassHost.o
LOAD Bin/CDCClassHost.o
LOAD Bin/HIDClassHost.o
LOAD Bin/MassStorageClassHost.o
LOAD Bin/MIDIClassHost.o
LOAD Bin/PrinterClassHost.o
LOAD Bin/RNDISClassHost.o
LOAD Bin/StillImageClassHost.o
LOAD c:/programme/atmel/avr tools/avr toolchain/bin/../lib/gcc/avr/4.7.2/../../../../avr/lib/avrxmega2\libm.a
LOAD c:/programme/atmel/avr tools/avr toolchain/bin/../lib/gcc/avr/4.7.2/avrxmega2\libgcc.a
LOAD c:/programme/atmel/avr tools/avr toolchain/bin/../lib/gcc/avr/4.7.2/../../../../avr/lib/avrxmega2\libc.a
LOAD c:/programme/atmel/avr tools/avr toolchain/bin/../lib/gcc/avr/4.7.2/avrxmega2\libgcc.a

.hash
 *(.hash)

.dynsym
 *(.dynsym)

.dynstr
 *(.dynstr)

.gnu.version
 *(.gnu.version)

.gnu.version_d
 *(.gnu.version_d)

.gnu.version_r
 *(.gnu.version_r)

.rel.init
 *(.rel.init)

.rela.init
 *(.rela.init)

.rel.text
 *(.rel.text)
 *(.rel.text.*)
 *(.rel.gnu.linkonce.t*)

.rela.text
 *(.rela.text)
 *(.rela.text.*)
 *(.rela.gnu.linkonce.t*)

.rel.fini
 *(.rel.fini)

.rela.fini
 *(.rela.fini)

.rel.rodata
 *(.rel.rodata)
 *(.rel.rodata.*)
 *(.rel.gnu.linkonce.r*)

.rela.rodata
 *(.rela.rodata)
 *(.rela.rodata.*)
 *(.rela.gnu.linkonce.r*)

.rel.data
 *(.rel.data)
 *(.rel.data.*)
 *(.rel.gnu.linkonce.d*)

.rela.data
 *(.rela.data)
 *(.rela.data.*)
 *(.rela.gnu.linkonce.d*)

.rel.ctors
 *(.rel.ctors)

.rela.ctors
 *(.rela.ctors)

.rel.dtors
 *(.rel.dtors)

.rela.dtors
 *(.rela.dtors)

.rel.got
 *(.rel.got)

.rela.got
 *(.rela.got)

.rel.bss
 *(.rel.bss)

.rela.bss
 *(.rela.bss)

.rel.plt
 *(.rel.plt)

.rela.plt
 *(.rela.plt)

.text           0x00000000     0x4ef0
 *(.vectors)
 .vectors       0x00000000      0x1fc c:/programme/atmel/avr tools/avr toolchain/bin/../lib/gcc/avr/4.7.2/../../../../avr/lib/avrxmega2/crtx32a4u.o
                0x00000000                __vectors
 *(.vectors)
 *(.progmem.gcc*)
 *(.progmem*)
 .progmem.data  0x000001fc       0x8c Bin/LUFADescriptors.o
                0x000001fc                ProductString
                0x0000021a                ManufacturerString
                0x00000234                LanguageString
                0x00000238                ConfigurationDescriptor
                0x00000276                DeviceDescriptor
 .progmem.data  0x00000288       0x6f Bin/Configuration.o
 .progmem.data  0x000002f7       0xe0 Bin/Button.o
 .progmem.data  0x000003d7       0x64 Bin/Commands.o
 .progmem.data  0x0000043b      0x22c Bin/CommandLine.o
                0x0000043b                CommandTable
                0x00000668                . = ALIGN (0x2)
 *fill*         0x00000667        0x1 
                0x00000668                __trampolines_start = .
 *(.trampolines)
 .trampolines   0x00000668        0x0 linker stubs
 *(.trampolines*)
                0x00000668                __trampolines_end = .
 *(.jumptables)
 *(.jumptables*)
 *(.lowtext)
 *(.lowtext*)
                0x00000668                __ctors_start = .
 *(.ctors)
                0x00000668                __ctors_end = .
                0x00000668                __dtors_start = .
 *(.dtors)
                0x00000668                __dtors_end = .
 SORT(*)(.ctors)
 SORT(*)(.dtors)
 *(.init0)
 .init0         0x00000668        0x0 c:/programme/atmel/avr tools/avr toolchain/bin/../lib/gcc/avr/4.7.2/../../../../avr/lib/avrxmega2/crtx32a4u.o
                0x00000668                __init
 *(.init0)
 *(.init1)
 *(.init1)
 *(.init2)
 .init2         0x00000668        0xc c:/programme/atmel/avr tools/avr toolchain/bin/../lib/gcc/avr/4.7.2/../../../../avr/lib/avrxmega2/crtx32a4u.o
 *(.init2)
 *(.init3)
 *(.init3)
 *(.init4)
 .init4         0x00000674       0x16 c:/programme/atmel/avr tools/avr toolchain/bin/../lib/gcc/avr/4.7.2/avrxmega2\libgcc.a(_copy_data.o)
                0x00000674                __do_copy_data
 .init4         0x0000068a       0x10 c:/programme/atmel/avr tools/avr toolchain/bin/../lib/gcc/avr/4.7.2/avrxmega2\libgcc.a(_clear_bss.o)
                0x0000068a                __do_clear_bss
 *(.init4)
 *(.init5)
 *(.init5)
 *(.init6)
 *(.init6)
 *(.init7)
 *(.init7)
 *(.init8)
 *(.init8)
 *(.init9)
 .init9         0x0000069a        0x6 c:/programme/atmel/avr tools/avr toolchain/bin/../lib/gcc/avr/4.7.2/../../../../avr/lib/avrxmega2/crtx32a4u.o
 *(.init9)
 *(.text)
 .text          0x000006a0        0x2 c:/programme/atmel/avr tools/avr toolchain/bin/../lib/gcc/avr/4.7.2/../../../../avr/lib/avrxmega2/crtx32a4u.o
                0x000006a0                __vector_38
                0x000006a0                __vector_104
                0x000006a0                __vector_63
                0x000006a0                __vector_28
                0x000006a0                __vector_67
                0x000006a0                __vector_1
                0x000006a0                __vector_119
                0x000006a0                __vector_32
                0x000006a0                __vector_75
                0x000006a0                __vector_71
                0x000006a0                __vector_91
                0x000006a0                __vector_62
                0x000006a0                __vector_77
                0x000006a0                __vector_102
                0x000006a0                __vector_24
                0x000006a0                __vector_12
                0x000006a0                __vector_55
                0x000006a0                __vector_69
                0x000006a0                __vector_81
                0x000006a0                __vector_90
                0x000006a0                __vector_46
                0x000006a0                __bad_interrupt
                0x000006a0                __vector_122
                0x000006a0                __vector_72
                0x000006a0                __vector_114
                0x000006a0                __vector_6
                0x000006a0                __vector_110
                0x000006a0                __vector_31
                0x000006a0                __vector_92
                0x000006a0                __vector_35
                0x000006a0                __vector_78
                0x000006a0                __vector_74
                0x000006a0                __vector_117
                0x000006a0                __vector_39
                0x000006a0                __vector_107
                0x000006a0                __vector_3
                0x000006a0                __vector_105
                0x000006a0                __vector_98
                0x000006a0                __vector_23
                0x000006a0                __vector_68
                0x000006a0                __vector_30
                0x000006a0                __vector_73
                0x000006a0                __vector_45
                0x000006a0                __vector_25
                0x000006a0                __vector_93
                0x000006a0                __vector_61
                0x000006a0                __vector_11
                0x000006a0                __vector_54
                0x000006a0                __vector_99
                0x000006a0                __vector_13
                0x000006a0                __vector_17
                0x000006a0                __vector_19
                0x000006a0                __vector_56
                0x000006a0                __vector_7
                0x000006a0                __vector_49
                0x000006a0                __vector_123
                0x000006a0                __vector_41
                0x000006a0                __vector_86
                0x000006a0                __vector_100
                0x000006a0                __vector_101
                0x000006a0                __vector_64
                0x000006a0                __vector_88
                0x000006a0                __vector_109
                0x000006a0                __vector_43
                0x000006a0                __vector_27
                0x000006a0                __vector_5
                0x000006a0                __vector_113
                0x000006a0                __vector_33
                0x000006a0                __vector_76
                0x000006a0                __vector_115
                0x000006a0                __vector_47
                0x000006a0                __vector_52
                0x000006a0                __vector_37
                0x000006a0                __vector_95
                0x000006a0                __vector_103
                0x000006a0                __vector_96
                0x000006a0                __vector_89
                0x000006a0                __vector_108
                0x000006a0                __vector_4
                0x000006a0                __vector_44
                0x000006a0                __vector_82
                0x000006a0                __vector_106
                0x000006a0                __vector_118
                0x000006a0                __vector_51
                0x000006a0                __vector_9
                0x000006a0                __vector_2
                0x000006a0                __vector_21
                0x000006a0                __vector_15
                0x000006a0                __vector_66
                0x000006a0                __vector_36
                0x000006a0                __vector_79
                0x000006a0                __vector_58
                0x000006a0                __vector_70
                0x000006a0                __vector_29
                0x000006a0                __vector_60
                0x000006a0                __vector_121
                0x000006a0                __vector_40
                0x000006a0                __vector_85
                0x000006a0                __vector_94
                0x000006a0                __vector_126
                0x000006a0                __vector_8
                0x000006a0                __vector_26
                0x000006a0                __vector_48
                0x000006a0                __vector_124
                0x000006a0                __vector_116
                0x000006a0                __vector_112
                0x000006a0                __vector_111
                0x000006a0                __vector_80
                0x000006a0                __vector_14
                0x000006a0                __vector_84
                0x000006a0                __vector_57
                0x000006a0                __vector_53
                0x000006a0                __vector_10
                0x000006a0                __vector_50
                0x000006a0                __vector_16
                0x000006a0                __vector_59
                0x000006a0                __vector_18
                0x000006a0                __vector_97
                0x000006a0                __vector_20
                0x000006a0                __vector_42
                0x000006a0                __vector_87
                0x000006a0                __vector_65
                0x000006a0                __vector_120
                0x000006a2                . = ALIGN (0x2)
 *(.text.*)
 .text.startup.main
                0x000006a2       0x6e Bin/Chameleon-Mini.o
                0x000006a2                main
 .text.CALLBACK_USB_GetDescriptor
                0x00000710       0x82 Bin/LUFADescriptors.o
                0x00000710                CALLBACK_USB_GetDescriptor
 .text.__vector_default
                0x00000792        0xc Bin/System.o
                0x00000792                __vector_default
 .text.SystemInit
                0x0000079e       0x6e Bin/System.o
                0x0000079e                SystemInit
 .text.SystemReset
                0x0000080c        0xe Bin/System.o
                0x0000080c                SystemReset
 .text.SystemEnterBootloader
                0x0000081a        0xc Bin/System.o
                0x0000081a                SystemEnterBootloader
 .text.SystemStartUSBClock
                0x00000826       0x32 Bin/System.o
                0x00000826                SystemStartUSBClock
 .text.SystemStopUSBClock
                0x00000858       0x1c Bin/System.o
                0x00000858                SystemStopUSBClock
 .text.SystemInterruptInit
                0x00000874        0xc Bin/System.o
                0x00000874                SystemInterruptInit
 .text.CodecInitDummy
                0x00000880        0x2 Bin/Configuration.o
 .text.CodecTaskDummy
                0x00000882        0x2 Bin/Configuration.o
 .text.ApplicationInitDummy
                0x00000884        0x2 Bin/Configuration.o
 .text.ApplicationResetDummy
                0x00000886        0x2 Bin/Configuration.o
 .text.ApplicationTaskDummy
                0x00000888        0x2 Bin/Configuration.o
 .text.ApplicationProcessDummy
                0x0000088a        0x6 Bin/Configuration.o
 .text.ApplicationGetUidDummy
                0x00000890        0x2 Bin/Configuration.o
 .text.ApplicationSetUidDummy
                0x00000892        0x2 Bin/Configuration.o
 .text.ConfigurationSetById
                0x00000894       0x36 Bin/Configuration.o
                0x00000894                ConfigurationSetById
 .text.ConfigurationInit
                0x000008ca        0xc Bin/Configuration.o
                0x000008ca                ConfigurationInit
 .text.ConfigurationSetByName
                0x000008d6       0x82 Bin/Configuration.o
                0x000008d6                ConfigurationSetByName
 .text.ConfigurationGetList
                0x00000958       0x5e Bin/Configuration.o
                0x00000958                ConfigurationGetList
 .text.RandomInit
                0x000009b6        0x2 Bin/Random.o
                0x000009b6                RandomInit
 .text.RandomGetByte
                0x000009b8        0x6 Bin/Random.o
                0x000009b8                RandomGetByte
 .text.RandomGetBuffer
                0x000009be       0x1e Bin/Random.o
                0x000009be                RandomGetBuffer
 .text.RandomTick
                0x000009dc       0x10 Bin/Random.o
                0x000009dc                RandomTick
 .text.BufferToHexString
                0x000009ec       0x84 Bin/Common.o
                0x000009ec                BufferToHexString
 .text.HexStringToBuffer
                0x00000a70       0x8c Bin/Common.o
                0x00000a70                HexStringToBuffer
 .text.MemoryInit
                0x00000afc       0xfc Bin/Memory.o
                0x00000afc                MemoryInit
 .text.MemoryReadBlock
                0x00000bf8      0x10a Bin/Memory.o
                0x00000bf8                MemoryReadBlock
 .text.MemoryWriteBlock
                0x00000d02      0x286 Bin/Memory.o
                0x00000d02                MemoryWriteBlock
 .text.MemoryClear
                0x00000f88       0xb6 Bin/Memory.o
                0x00000f88                MemoryClear
 .text.MemoryUploadBlock
                0x0000103e       0x70 Bin/Memory.o
                0x0000103e                MemoryUploadBlock
 .text.MemoryDownloadBlock
                0x000010ae       0x72 Bin/Memory.o
                0x000010ae                MemoryDownloadBlock
 .text.ButtonInit
                0x00001120        0xe Bin/Button.o
                0x00001120                ButtonInit
 .text.ButtonTick
                0x0000112e      0x1b6 Bin/Button.o
                0x0000112e                ButtonTick
 .text.ButtonGetActionList
                0x000012e4       0x64 Bin/Button.o
                0x000012e4                ButtonGetActionList
 .text.ButtonSetActionById
                0x00001348        0xc Bin/Button.o
                0x00001348                ButtonSetActionById
 .text.ButtonGetActionByName
                0x00001354       0x1c Bin/Button.o
                0x00001354                ButtonGetActionByName
 .text.ButtonSetActionByName
                0x00001370       0x92 Bin/Button.o
                0x00001370                ButtonSetActionByName
 .text.SettingsLoad
                0x00001402       0x10 Bin/Settings.o
                0x00001402                SettingsLoad
 .text.SettingsSave
                0x00001412       0x10 Bin/Settings.o
                0x00001412                SettingsSave
 .text.SettingsSetActiveById
                0x00001422       0x1e Bin/Settings.o
                0x00001422                SettingsSetActiveById
 .text.SettingsCycle
                0x00001440       0xda Bin/Settings.o
                0x00001440                SettingsCycle
 .text.SettingsGetActiveById
                0x0000151a        0x6 Bin/Settings.o
                0x0000151a                SettingsGetActiveById
 .text.SettingsGetActiveByName
                0x00001520       0x14 Bin/Settings.o
                0x00001520                SettingsGetActiveByName
 .text.SettingsSetActiveByName
                0x00001534       0x1a Bin/Settings.o
                0x00001534                SettingsSetActiveByName
 .text.TerminalSendString
                0x0000154e        0xa Bin/Terminal.o
                0x0000154e                TerminalSendString
 .text.TerminalSendStringP
                0x00001558       0x28 Bin/Terminal.o
                0x00001558                TerminalSendStringP
 .text.TerminalSendBlock
                0x00001580        0xc Bin/Terminal.o
                0x00001580                TerminalSendBlock
 .text.TerminalInit
                0x0000158c        0xa Bin/Terminal.o
                0x0000158c                TerminalInit
 .text.TerminalTask
                0x00001596       0x3e Bin/Terminal.o
                0x00001596                TerminalTask
 .text.TerminalTick
                0x000015d4       0x7c Bin/Terminal.o
                0x000015d4                TerminalTick
 .text.EVENT_USB_Device_Connect
                0x00001650        0xa Bin/Terminal.o
                0x00001650                EVENT_USB_Device_Connect
 .text.EVENT_USB_Device_Disconnect
                0x0000165a        0xa Bin/Terminal.o
                0x0000165a                EVENT_USB_Device_Disconnect
 .text.EVENT_USB_Device_ConfigurationChanged
                0x00001664        0x8 Bin/Terminal.o
                0x00001664                EVENT_USB_Device_ConfigurationChanged
 .text.EVENT_USB_Device_ControlRequest
                0x0000166c        0x8 Bin/Terminal.o
                0x0000166c                EVENT_USB_Device_ControlRequest
 .text.CommandGetVersion
                0x00001674       0x3c Bin/Commands.o
                0x00001674                CommandGetVersion
 .text.CommandGetConfig
                0x000016b0       0x2c Bin/Commands.o
                0x000016b0                CommandGetConfig
 .text.CommandSetConfig
                0x000016dc       0x10 Bin/Commands.o
                0x000016dc                CommandSetConfig
 .text.CommandExecConfig
                0x000016ec        0xa Bin/Commands.o
                0x000016ec                CommandExecConfig
 .text.CommandGetUid
                0x000016f6       0x4c Bin/Commands.o
                0x000016f6                CommandGetUid
 .text.CommandSetUid
                0x00001742       0xae Bin/Commands.o
                0x00001742                CommandSetUid
 .text.CommandGetReadOnly
                0x000017f0       0x24 Bin/Commands.o
                0x000017f0                CommandGetReadOnly
 .text.CommandSetReadOnly
                0x00001814       0x28 Bin/Commands.o
                0x00001814                CommandSetReadOnly
 .text.CommandExecUpload
                0x0000183c        0xa Bin/Commands.o
                0x0000183c                CommandExecUpload
 .text.CommandExecDownload
                0x00001846        0xa Bin/Commands.o
                0x00001846                CommandExecDownload
 .text.CommandExecReset
                0x00001850       0x16 Bin/Commands.o
                0x00001850                CommandExecReset
 .text.CommandExecUpgrade
                0x00001866       0x16 Bin/Commands.o
                0x00001866                CommandExecUpgrade
 .text.CommandGetMemSize
                0x0000187c       0x30 Bin/Commands.o
                0x0000187c                CommandGetMemSize
 .text.CommandGetUidSize
                0x000018ac       0x2c Bin/Commands.o
                0x000018ac                CommandGetUidSize
 .text.CommandExecButton
                0x000018d8        0xa Bin/Commands.o
                0x000018d8                CommandExecButton
 .text.CommandGetButton
                0x000018e2        0xa Bin/Commands.o
                0x000018e2                CommandGetButton
 .text.CommandSetButton
                0x000018ec       0x10 Bin/Commands.o
                0x000018ec                CommandSetButton
 .text.CommandGetSetting
                0x000018fc        0xa Bin/Commands.o
                0x000018fc                CommandGetSetting
 .text.CommandSetSetting
                0x00001906       0x10 Bin/Commands.o
                0x00001906                CommandSetSetting
 .text.CommandExecClear
                0x00001916        0x6 Bin/Commands.o
                0x00001916                CommandExecClear
 .text.CommandExecHelp
                0x0000191c       0x98 Bin/Commands.o
                0x0000191c                CommandExecHelp
 .text.CommandGetRssi
                0x000019b4       0x68 Bin/Commands.o
                0x000019b4                CommandGetRssi
 .text.CalcChecksum.constprop.0
                0x00001a1c       0x14 Bin/XModem.o
 .text.XModemReceive
                0x00001a30       0x30 Bin/XModem.o
                0x00001a30                XModemReceive
 .text.XModemSend
                0x00001a60       0x26 Bin/XModem.o
                0x00001a60                XModemSend
 .text.XModemProcessByte
                0x00001a86      0x284 Bin/XModem.o
                0x00001a86                XModemProcessByte
 .text.XModemTick
                0x00001d0a       0x5c Bin/XModem.o
                0x00001d0a                XModemTick
 .text.CommandLineProcessByte
                0x00001d66      0x342 Bin/CommandLine.o
                0x00001d66                CommandLineProcessByte
 .text.CommandLineTick
                0x000020a8        0x2 Bin/CommandLine.o
                0x000020a8                CommandLineTick
 .text.StartDemod
                0x000020aa       0x3c Bin/ISO14443-2A.o
 .text.__vector_34
                0x000020e6       0x88 Bin/ISO14443-2A.o
                0x000020e6                __vector_34
 .text.__vector_22
                0x0000216e      0x148 Bin/ISO14443-2A.o
                0x0000216e                __vector_22
 .text.__vector_83
                0x000022b6      0x1e2 Bin/ISO14443-2A.o
                0x000022b6                __vector_83
 .text.ISO14443ACodecInit
                0x00002498       0x6e Bin/ISO14443-2A.o
                0x00002498                ISO14443ACodecInit
 .text.ISO14443ACodecTask
                0x00002506       0xfc Bin/ISO14443-2A.o
                0x00002506                ISO14443ACodecTask
 .text.MifareClassicAppInit1K
                0x00002602       0x1a Bin/MifareClassic.o
                0x00002602                MifareClassicAppInit1K
 .text.MifareClassicAppInit4K
                0x0000261c       0x1a Bin/MifareClassic.o
                0x0000261c                MifareClassicAppInit4K
 .text.MifareClassicAppReset
                0x00002636        0x8 Bin/MifareClassic.o
                0x00002636                MifareClassicAppReset
 .text.MifareClassicAppTask
                0x0000263e        0x2 Bin/MifareClassic.o
                0x0000263e                MifareClassicAppTask
 .text.MifareClassicAppProcess
                0x00002640      0x8fa Bin/MifareClassic.o
                0x00002640                MifareClassicAppProcess
 .text.MifareClassicGetUid
                0x00002f3a        0xc Bin/MifareClassic.o
                0x00002f3a                MifareClassicGetUid
 .text.MifareClassicSetUid
                0x00002f46       0x40 Bin/MifareClassic.o
                0x00002f46                MifareClassicSetUid
 .text.ISO14443AAppendCRCA
                0x00002f86       0x5e Bin/ISO14443-3A.o
                0x00002f86                ISO14443AAppendCRCA
 .text.ISO14443ACheckCRCA
                0x00002fe4       0x7e Bin/ISO14443-3A.o
                0x00002fe4                ISO14443ACheckCRCA
 .text.Crypto1LFSR
                0x00003062       0x8c Bin/Crypto1.o
 .text.Crypto1FilterOutput
                0x000030ee       0x68 Bin/Crypto1.o
                0x000030ee                Crypto1FilterOutput
 .text.Crypto1Setup
                0x00003156      0x340 Bin/Crypto1.o
                0x00003156                Crypto1Setup
 .text.Crypto1Auth
                0x00003496       0x52 Bin/Crypto1.o
                0x00003496                Crypto1Auth
 .text.Crypto1Byte
                0x000034e8       0x82 Bin/Crypto1.o
                0x000034e8                Crypto1Byte
 .text.Crypto1Nibble
                0x0000356a       0x48 Bin/Crypto1.o
                0x0000356a                Crypto1Nibble
 .text.Crypto1PRNG
                0x000035b2       0xb6 Bin/Crypto1.o
                0x000035b2                Crypto1PRNG
 .text.USB_Device_ProcessControlRequest
                0x00003668      0x296 Bin/DeviceStandardReq.o
                0x00003668                USB_Device_ProcessControlRequest
 .text.USB_Event_Stub
                0x000038fe        0x2 Bin/Events.o
                0x000038fe                USB_Event_Stub
                0x000038fe                EVENT_USB_Device_Suspend
                0x000038fe                EVENT_USB_Device_StartOfFrame
                0x000038fe                EVENT_USB_Device_Reset
                0x000038fe                EVENT_USB_Device_WakeUp
 .text.USB_USBTask
                0x00003900       0x2a Bin/USBTask.o
                0x00003900                USB_USBTask
 .text.Endpoint_Write_Stream_LE
                0x0000392a       0xd8 Bin/EndpointStream_XMEGA.o
                0x0000392a                Endpoint_Write_Stream_LE
 .text.Endpoint_Write_Control_Stream_LE
                0x00003a02      0x142 Bin/EndpointStream_XMEGA.o
                0x00003a02                Endpoint_Write_Control_Stream_LE
 .text.Endpoint_Write_Control_PStream_LE
                0x00003b44      0x13e Bin/EndpointStream_XMEGA.o
                0x00003b44                Endpoint_Write_Control_PStream_LE
 .text.Endpoint_ClearIN
                0x00003c82       0x32 Bin/Endpoint_XMEGA.o
                0x00003c82                Endpoint_ClearIN
 .text.Endpoint_ClearOUT
                0x00003cb4       0x1e Bin/Endpoint_XMEGA.o
                0x00003cb4                Endpoint_ClearOUT
 .text.Endpoint_Read_8
                0x00003cd2       0x1e Bin/Endpoint_XMEGA.o
                0x00003cd2                Endpoint_Read_8
 .text.Endpoint_Write_8
                0x00003cf0       0x1e Bin/Endpoint_XMEGA.o
                0x00003cf0                Endpoint_Write_8
 .text.Endpoint_SelectEndpoint
                0x00003d0e       0x72 Bin/Endpoint_XMEGA.o
                0x00003d0e                Endpoint_SelectEndpoint
 .text.Endpoint_StallTransaction
                0x00003d80       0x38 Bin/Endpoint_XMEGA.o
                0x00003d80                Endpoint_StallTransaction
 .text.Endpoint_ClearSETUP
                0x00003db8       0x58 Bin/Endpoint_XMEGA.o
                0x00003db8                Endpoint_ClearSETUP
 .text.Endpoint_IsSETUPReceived
                0x00003e10       0x32 Bin/Endpoint_XMEGA.o
                0x00003e10                Endpoint_IsSETUPReceived
 .text.Endpoint_IsOUTReceived
                0x00003e42       0x32 Bin/Endpoint_XMEGA.o
                0x00003e42                Endpoint_IsOUTReceived
 .text.Endpoint_IsINReady
                0x00003e74       0x18 Bin/Endpoint_XMEGA.o
                0x00003e74                Endpoint_IsINReady
 .text.Endpoint_ConfigureEndpoint_PRV
                0x00003e8c       0x9a Bin/Endpoint_XMEGA.o
                0x00003e8c                Endpoint_ConfigureEndpoint_PRV
 .text.Endpoint_ConfigureEndpointTable
                0x00003f26       0xec Bin/Endpoint_XMEGA.o
                0x00003f26                Endpoint_ConfigureEndpointTable
 .text.Endpoint_ClearEndpoints
                0x00004012       0x70 Bin/Endpoint_XMEGA.o
                0x00004012                Endpoint_ClearEndpoints
 .text.Endpoint_ClearStatusStage
                0x00004082       0x2c Bin/Endpoint_XMEGA.o
                0x00004082                Endpoint_ClearStatusStage
 .text.Endpoint_WaitUntilReady
                0x000040ae       0xa6 Bin/Endpoint_XMEGA.o
                0x000040ae                Endpoint_WaitUntilReady
 .text.USB_Disable
                0x00004154       0x1a Bin/USBController_XMEGA.o
                0x00004154                USB_Disable
 .text.USB_ResetInterface
                0x0000416e       0x5c Bin/USBController_XMEGA.o
                0x0000416e                USB_ResetInterface
 .text.USB_Init
                0x000041ca       0x52 Bin/USBController_XMEGA.o
                0x000041ca                USB_Init
 .text.USB_INT_DisableAllInterrupts
                0x0000421c        0xe Bin/USBInterrupt_XMEGA.o
                0x0000421c                USB_INT_DisableAllInterrupts
 .text.USB_INT_ClearAllInterrupts
                0x0000422a        0xc Bin/USBInterrupt_XMEGA.o
                0x0000422a                USB_INT_ClearAllInterrupts
 .text.__vector_125
                0x00004236       0xda Bin/USBInterrupt_XMEGA.o
                0x00004236                __vector_125
 .text.CDC_Device_ConfigureEndpoints
                0x00004310       0x4a Bin/CDCClassDevice.o
                0x00004310                CDC_Device_ConfigureEndpoints
 .text.CDC_Device_SendString
                0x0000435a       0x52 Bin/CDCClassDevice.o
                0x0000435a                CDC_Device_SendString
 .text.CDC_Device_SendData
                0x000043ac       0x54 Bin/CDCClassDevice.o
                0x000043ac                CDC_Device_SendData
 .text.CDC_Device_SendByte
                0x00004400       0x6e Bin/CDCClassDevice.o
                0x00004400                CDC_Device_SendByte
 .text.CDC_Device_Flush
                0x0000446e       0x90 Bin/CDCClassDevice.o
                0x0000446e                CDC_Device_Flush
 .text.CDC_Device_USBTask
                0x000044fe       0x36 Bin/CDCClassDevice.o
                0x000044fe                CDC_Device_USBTask
 .text.CDC_Device_ReceiveByte
                0x00004534       0xbe Bin/CDCClassDevice.o
                0x00004534                CDC_Device_ReceiveByte
 .text.CDC_Device_Event_Stub
                0x000045f2        0x2 Bin/CDCClassDevice.o
                0x000045f2                EVENT_CDC_Device_ControLineStateChanged
                0x000045f2                EVENT_CDC_Device_BreakSent
                0x000045f2                CDC_Device_Event_Stub
                0x000045f2                EVENT_CDC_Device_LineEncodingChanged
 .text.CDC_Device_ProcessControlRequest
                0x000045f4      0x13a Bin/CDCClassDevice.o
                0x000045f4                CDC_Device_ProcessControlRequest
 .text.libgcc.mul
                0x0000472e        0xc c:/programme/atmel/avr tools/avr toolchain/bin/../lib/gcc/avr/4.7.2/avrxmega2\libgcc.a(_mulshisi3.o)
                0x0000472e                __mulshisi3
                0x00004732                __mulohisi3
 .text.libgcc.mul
                0x0000473a       0x14 c:/programme/atmel/avr tools/avr toolchain/bin/../lib/gcc/avr/4.7.2/avrxmega2\libgcc.a(_muluhisi3.o)
                0x0000473a                __muluhisi3
 .text.libgcc.mul
                0x0000474e       0x18 c:/programme/atmel/avr tools/avr toolchain/bin/../lib/gcc/avr/4.7.2/avrxmega2\libgcc.a(_umulhisi3.o)
                0x0000474e                __umulhisi3
 .text.avr-libc
                0x00004766       0xb4 c:/programme/atmel/avr tools/avr toolchain/bin/../lib/gcc/avr/4.7.2/../../../../avr/lib/avrxmega2\libc.a(rand.o)
                0x000047fc                rand_r
                0x000047fe                rand
                0x00004804                srand
 .text.avr-libc
                0x0000481a       0x12 c:/programme/atmel/avr tools/avr toolchain/bin/../lib/gcc/avr/4.7.2/../../../../avr/lib/avrxmega2\libc.a(memcpy_P.o)
                0x0000481a                memcpy_P
 .text.avr-libc
                0x0000482c       0x12 c:/programme/atmel/avr tools/avr toolchain/bin/../lib/gcc/avr/4.7.2/../../../../avr/lib/avrxmega2\libc.a(strcmp_P.o)
                0x0000482c                strcmp_P
 .text.avr-libc
                0x0000483e       0x1e c:/programme/atmel/avr tools/avr toolchain/bin/../lib/gcc/avr/4.7.2/../../../../avr/lib/avrxmega2\libc.a(strncpy_P.o)
                0x0000483e                strncpy_P
 .text.avr-libc
                0x0000485c       0x12 c:/programme/atmel/avr tools/avr toolchain/bin/../lib/gcc/avr/4.7.2/../../../../avr/lib/avrxmega2\libc.a(memcpy.o)
                0x0000485c                memcpy
 .text.avr-libc
                0x0000486e       0x5a c:/programme/atmel/avr tools/avr toolchain/bin/../lib/gcc/avr/4.7.2/../../../../avr/lib/avrxmega2\libc.a(snprintf_p.o)
                0x0000486e                snprintf_P
 .text.avr-libc
                0x000048c8      0x39a c:/programme/atmel/avr tools/avr toolchain/bin/../lib/gcc/avr/4.7.2/../../../../avr/lib/avrxmega2\libc.a(vfprintf_std.o)
                0x000048c8                vfprintf
 .text.avr-libc
                0x00004c62       0x16 c:/programme/atmel/avr tools/avr toolchain/bin/../lib/gcc/avr/4.7.2/../../../../avr/lib/avrxmega2\libc.a(eerd_block_atxmega32a4u.o)
                0x00004c62                __eerd_block_x32a4u
 .text.avr-libc
                0x00004c78       0x12 c:/programme/atmel/avr tools/avr toolchain/bin/../lib/gcc/avr/4.7.2/../../../../avr/lib/avrxmega2\libc.a(eewr_block_atxmega32a4u.o)
                0x00004c78                __eewr_block_x32a4u
 .text.avr-libc
                0x00004c8a       0x46 c:/programme/atmel/avr tools/avr toolchain/bin/../lib/gcc/avr/4.7.2/../../../../avr/lib/avrxmega2\libc.a(eewr_byte_atxmega32a4u.o)
                0x00004c8a                __eewr_byte_x32a4u
                0x00004c8c                __eewr_r18_x32a4u
 .text.avr-libc
                0x00004cd0       0x16 c:/programme/atmel/avr tools/avr toolchain/bin/../lib/gcc/avr/4.7.2/../../../../avr/lib/avrxmega2\libc.a(strnlen_P.o)
                0x00004cd0                strnlen_P
 .text.avr-libc
                0x00004ce6       0x16 c:/programme/atmel/avr tools/avr toolchain/bin/../lib/gcc/avr/4.7.2/../../../../avr/lib/avrxmega2\libc.a(strnlen.o)
                0x00004ce6                strnlen
 .text.avr-libc
                0x00004cfc       0x58 c:/programme/atmel/avr tools/avr toolchain/bin/../lib/gcc/avr/4.7.2/../../../../avr/lib/avrxmega2\libc.a(fputc.o)
                0x00004cfc                fputc
 .text.avr-libc
                0x00004d54       0xbc c:/programme/atmel/avr tools/avr toolchain/bin/../lib/gcc/avr/4.7.2/../../../../avr/lib/avrxmega2\libc.a(ultoa_invert.o)
                0x00004d54                __ultoa_invert
 .text.libgcc.div
                0x00004e10       0x36 c:/programme/atmel/avr tools/avr toolchain/bin/../lib/gcc/avr/4.7.2/avrxmega2\libgcc.a(_divmodsi4.o)
                0x00004e10                __divmodsi4
 .text.libgcc.prologue
                0x00004e46       0x32 c:/programme/atmel/avr tools/avr toolchain/bin/../lib/gcc/avr/4.7.2/avrxmega2\libgcc.a(_prologue.o)
                0x00004e46                __prologue_saves__
 .text.libgcc.prologue
                0x00004e78       0x30 c:/programme/atmel/avr tools/avr toolchain/bin/../lib/gcc/avr/4.7.2/avrxmega2\libgcc.a(_epilogue.o)
                0x00004e78                __epilogue_restores__
 .text.libgcc.div
                0x00004ea8       0x44 c:/programme/atmel/avr tools/avr toolchain/bin/../lib/gcc/avr/4.7.2/avrxmega2\libgcc.a(_udivmodsi4.o)
                0x00004ea8                __udivmodsi4
                0x00004eec                . = ALIGN (0x2)
 *(.fini9)
 .fini9         0x00004eec        0x0 c:/programme/atmel/avr tools/avr toolchain/bin/../lib/gcc/avr/4.7.2/avrxmega2\libgcc.a(_exit.o)
                0x00004eec                _exit
                0x00004eec                exit
 *(.fini9)
 *(.fini8)
 *(.fini8)
 *(.fini7)
 *(.fini7)
 *(.fini6)
 *(.fini6)
 *(.fini5)
 *(.fini5)
 *(.fini4)
 *(.fini4)
 *(.fini3)
 *(.fini3)
 *(.fini2)
 *(.fini2)
 *(.fini1)
 *(.fini1)
 *(.fini0)
 .fini0         0x00004eec        0x4 c:/programme/atmel/avr tools/avr toolchain/bin/../lib/gcc/avr/4.7.2/avrxmega2\libgcc.a(_exit.o)
 *(.fini0)
                0x00004ef0                _etext = .

.data           0x00802000       0x92 load address 0x00004ef0
                0x00802000                PROVIDE (__data_start, .)
 *(.data)
 .data          0x00802000        0x0 c:/programme/atmel/avr tools/avr toolchain/bin/../lib/gcc/avr/4.7.2/../../../../avr/lib/avrxmega2/crtx32a4u.o
 .data          0x00802000        0x0 Bin/Chameleon-Mini.o
 .data          0x00802000        0x0 Bin/LUFADescriptors.o
 .data          0x00802000        0x0 Bin/System.o
 .data          0x00802000        0x0 Bin/Configuration.o
 .data          0x00802000        0x0 Bin/Random.o
 .data          0x00802000        0x0 Bin/Common.o
 .data          0x00802000        0x0 Bin/Memory.o
 .data          0x00802000        0x0 Bin/Button.o
 .data          0x00802000        0x0 Bin/Settings.o
 .data          0x00802000        0x0 Bin/LED.o
 .data          0x00802000       0x1c Bin/Terminal.o
                0x00802000                TerminalHandle
 .data          0x0080201c        0x0 Bin/Commands.o
 .data          0x0080201c        0x0 Bin/XModem.o
 .data          0x0080201c        0x0 Bin/CommandLine.o
 .data          0x0080201c        0x0 Bin/Codec.o
 .data          0x0080201c        0x0 Bin/ISO14443-2A.o
 .data          0x0080201c        0x0 Bin/MifareClassic.o
 .data          0x0080201c        0x0 Bin/ISO14443-3A.o
 .data          0x0080201c        0x0 Bin/Crypto1.o
 .data          0x0080201c        0x0 Bin/HIDParser.o
 .data          0x0080201c        0x0 Bin/ConfigDescriptors.o
 .data          0x0080201c        0x0 Bin/DeviceStandardReq.o
 .data          0x0080201c        0x0 Bin/Events.o
 .data          0x0080201c        0x0 Bin/HostStandardReq.o
 .data          0x0080201c        0x0 Bin/USBTask.o
 .data          0x0080201c        0x0 Bin/Device_XMEGA.o
 .data          0x0080201c        0x0 Bin/EndpointStream_XMEGA.o
 .data          0x0080201c        0x0 Bin/Endpoint_XMEGA.o
 .data          0x0080201c        0x0 Bin/Host_XMEGA.o
 .data          0x0080201c        0x0 Bin/PipeStream_XMEGA.o
 .data          0x0080201c        0x0 Bin/Pipe_XMEGA.o
 .data          0x0080201c        0x0 Bin/USBController_XMEGA.o
 .data          0x0080201c        0x0 Bin/USBInterrupt_XMEGA.o
 .data          0x0080201c        0x0 Bin/AudioClassDevice.o
 .data          0x0080201c        0x0 Bin/CDCClassDevice.o
 .data          0x0080201c        0x0 Bin/HIDClassDevice.o
 .data          0x0080201c        0x0 Bin/MassStorageClassDevice.o
 .data          0x0080201c        0x0 Bin/MIDIClassDevice.o
 .data          0x0080201c        0x0 Bin/PrinterClassDevice.o
 .data          0x0080201c        0x0 Bin/RNDISClassDevice.o
 .data          0x0080201c        0x0 Bin/AndroidAccessoryClassHost.o
 .data          0x0080201c        0x0 Bin/AudioClassHost.o
 .data          0x0080201c        0x0 Bin/CDCClassHost.o
 .data          0x0080201c        0x0 Bin/HIDClassHost.o
 .data          0x0080201c        0x0 Bin/MassStorageClassHost.o
 .data          0x0080201c        0x0 Bin/MIDIClassHost.o
 .data          0x0080201c        0x0 Bin/PrinterClassHost.o
 .data          0x0080201c        0x0 Bin/RNDISClassHost.o
 .data          0x0080201c        0x0 Bin/StillImageClassHost.o
 .data          0x0080201c        0x0 c:/programme/atmel/avr tools/avr toolchain/bin/../lib/gcc/avr/4.7.2/avrxmega2\libgcc.a(_exit.o)
 .data          0x0080201c        0x0 c:/programme/atmel/avr tools/avr toolchain/bin/../lib/gcc/avr/4.7.2/avrxmega2\libgcc.a(_tablejump.o)
 .data          0x0080201c        0x0 c:/programme/atmel/avr tools/avr toolchain/bin/../lib/gcc/avr/4.7.2/avrxmega2\libgcc.a(_copy_data.o)
 .data          0x0080201c        0x0 c:/programme/atmel/avr tools/avr toolchain/bin/../lib/gcc/avr/4.7.2/avrxmega2\libgcc.a(_clear_bss.o)
 .data          0x0080201c        0x0 c:/programme/atmel/avr tools/avr toolchain/bin/../lib/gcc/avr/4.7.2/avrxmega2\libgcc.a(_mulshisi3.o)
 .data          0x0080201c        0x0 c:/programme/atmel/avr tools/avr toolchain/bin/../lib/gcc/avr/4.7.2/avrxmega2\libgcc.a(_muluhisi3.o)
 .data          0x0080201c        0x0 c:/programme/atmel/avr tools/avr toolchain/bin/../lib/gcc/avr/4.7.2/avrxmega2\libgcc.a(_umulhisi3.o)
 .data          0x0080201c        0x4 c:/programme/atmel/avr tools/avr toolchain/bin/../lib/gcc/avr/4.7.2/../../../../avr/lib/avrxmega2\libc.a(rand.o)
 .data          0x00802020        0x0 c:/programme/atmel/avr tools/avr toolchain/bin/../lib/gcc/avr/4.7.2/../../../../avr/lib/avrxmega2\libc.a(memcpy_P.o)
 .data          0x00802020        0x0 c:/programme/atmel/avr tools/avr toolchain/bin/../lib/gcc/avr/4.7.2/../../../../avr/lib/avrxmega2\libc.a(strcmp_P.o)
 .data          0x00802020        0x0 c:/programme/atmel/avr tools/avr toolchain/bin/../lib/gcc/avr/4.7.2/../../../../avr/lib/avrxmega2\libc.a(strncpy_P.o)
 .data          0x00802020        0x0 c:/programme/atmel/avr tools/avr toolchain/bin/../lib/gcc/avr/4.7.2/../../../../avr/lib/avrxmega2\libc.a(memcmp.o)
 .data          0x00802020        0x0 c:/programme/atmel/avr tools/avr toolchain/bin/../lib/gcc/avr/4.7.2/../../../../avr/lib/avrxmega2\libc.a(memcpy.o)
 .data          0x00802020        0x0 c:/programme/atmel/avr tools/avr toolchain/bin/../lib/gcc/avr/4.7.2/../../../../avr/lib/avrxmega2\libc.a(memset.o)
 .data          0x00802020        0x0 c:/programme/atmel/avr tools/avr toolchain/bin/../lib/gcc/avr/4.7.2/../../../../avr/lib/avrxmega2\libc.a(snprintf_p.o)
 .data          0x00802020        0x0 c:/programme/atmel/avr tools/avr toolchain/bin/../lib/gcc/avr/4.7.2/../../../../avr/lib/avrxmega2\libc.a(vfprintf_std.o)
 .data          0x00802020        0x0 c:/programme/atmel/avr tools/avr toolchain/bin/../lib/gcc/avr/4.7.2/../../../../avr/lib/avrxmega2\libc.a(eerd_block_atxmega32a4u.o)
 .data          0x00802020        0x0 c:/programme/atmel/avr tools/avr toolchain/bin/../lib/gcc/avr/4.7.2/../../../../avr/lib/avrxmega2\libc.a(eerd_byte_atxmega32a4u.o)
 .data          0x00802020        0x0 c:/programme/atmel/avr tools/avr toolchain/bin/../lib/gcc/avr/4.7.2/../../../../avr/lib/avrxmega2\libc.a(eeupd_byte_atxmega32a4u.o)
 .data          0x00802020        0x0 c:/programme/atmel/avr tools/avr toolchain/bin/../lib/gcc/avr/4.7.2/../../../../avr/lib/avrxmega2\libc.a(eewr_block_atxmega32a4u.o)
 .data          0x00802020        0x0 c:/programme/atmel/avr tools/avr toolchain/bin/../lib/gcc/avr/4.7.2/../../../../avr/lib/avrxmega2\libc.a(eewr_byte_atxmega32a4u.o)
 .data          0x00802020        0x0 c:/programme/atmel/avr tools/avr toolchain/bin/../lib/gcc/avr/4.7.2/../../../../avr/lib/avrxmega2\libc.a(strnlen_P.o)
 .data          0x00802020        0x0 c:/programme/atmel/avr tools/avr toolchain/bin/../lib/gcc/avr/4.7.2/../../../../avr/lib/avrxmega2\libc.a(strnlen.o)
 .data          0x00802020        0x0 c:/programme/atmel/avr tools/avr toolchain/bin/../lib/gcc/avr/4.7.2/../../../../avr/lib/avrxmega2\libc.a(fputc.o)
 .data          0x00802020        0x0 c:/programme/atmel/avr tools/avr toolchain/bin/../lib/gcc/avr/4.7.2/../../../../avr/lib/avrxmega2\libc.a(ultoa_invert.o)
 .data          0x00802020        0x0 c:/programme/atmel/avr tools/avr toolchain/bin/../lib/gcc/avr/4.7.2/avrxmega2\libgcc.a(_divmodsi4.o)
 .data          0x00802020        0x0 c:/programme/atmel/avr tools/avr toolchain/bin/../lib/gcc/avr/4.7.2/avrxmega2\libgcc.a(_prologue.o)
 .data          0x00802020        0x0 c:/programme/atmel/avr tools/avr toolchain/bin/../lib/gcc/avr/4.7.2/avrxmega2\libgcc.a(_epilogue.o)
 .data          0x00802020        0x0 c:/programme/atmel/avr tools/avr toolchain/bin/../lib/gcc/avr/4.7.2/avrxmega2\libgcc.a(_udivmodsi4.o)
 *(.data*)
 *(.rodata)
 .rodata        0x00802020       0x70 Bin/Crypto1.o
 *(.rodata*)
 .rodata.str1.1
                0x00802090        0x1 Bin/Commands.o
 *(.gnu.linkonce.d*)
                0x00802092                . = ALIGN (0x2)
 *fill*         0x00802091        0x1 
                0x00802092                _edata = .
                0x00802092                PROVIDE (__data_end, .)

.bss            0x00802092      0x60b
                0x00802092                PROVIDE (__bss_start, .)
 *(.bss)
 .bss           0x00802092        0x1 Bin/Button.o
 .bss           0x00802093        0x1 Bin/LED.o
                0x00802093                LEDPulseMask
 .bss           0x00802094        0x1 Bin/Terminal.o
                0x00802094                TerminalState
 .bss           0x00802095        0xe Bin/XModem.o
 .bss           0x008020a3        0x2 Bin/CommandLine.o
 .bss           0x008020a5       0x10 Bin/ISO14443-2A.o
 .bss           0x008020b5       0x1d Bin/MifareClassic.o
 .bss           0x008020d2        0x6 Bin/Crypto1.o
 *(.bss*)
 *(COMMON)
 COMMON         0x008020d8       0x25 Bin/Configuration.o
                0x008020d8                ActiveConfiguration
 COMMON         0x008020fd       0x13 Bin/Settings.o
                0x008020fd                GlobalSettings
 COMMON         0x00802110      0x100 Bin/Terminal.o
                0x00802110                TerminalBuffer
 COMMON         0x00802210      0x100 Bin/Codec.o
                0x00802210                CodecBuffer
 COMMON         0x00802310        0x3 Bin/DeviceStandardReq.o
                0x00802310                USB_Device_ConfigurationNumber
                0x00802311                USB_Device_CurrentlySelfPowered
                0x00802312                USB_Device_RemoteWakeupEnabled
 COMMON         0x00802313        0xa Bin/USBTask.o
                0x00802313                USB_IsInitialized
                0x00802314                USB_DeviceState
                0x00802315                USB_ControlRequest
 COMMON         0x0080231d      0x31d Bin/Endpoint_XMEGA.o
                0x0080231d                USB_Endpoint_SelectedFIFO
                0x0080231f                USB_Endpoint_SelectedHandle
                0x00802321                USB_Endpoint_SelectedEndpoint
                0x00802322                USB_Endpoint_FIFOs
 COMMON         0x0080263a       0x63 Bin/USBController_XMEGA.o
                0x0080263a                USB_EndpointTable
                0x0080269d                PROVIDE (__bss_end, .)
                0x00004ef0                __data_load_start = LOADADDR (.data)
                0x00004f82                __data_load_end = (__data_load_start + SIZEOF (.data))

.noinit         0x0080269d        0x0
                0x0080269d                PROVIDE (__noinit_start, .)
 *(.noinit*)
                0x0080269d                PROVIDE (__noinit_end, .)
                0x0080269d                _end = .
                0x0080269d                PROVIDE (__heap_start, .)

.eeprom         0x00810000       0x13
 *(.eeprom*)
 .eeprom        0x00810000       0x13 Bin/Settings.o
                0x00810000                StoredSettings
                0x00810013                __eeprom_end = .

.fuse
 *(.fuse)
 *(.lfuse)
 *(.hfuse)
 *(.efuse)

.lock
 *(.lock*)

.signature
 *(.signature*)

.user_signatures
 *(.user_signatures*)

.stab           0x00000000     0x14d0
 *(.stab)
 .stab          0x00000000      0x6cc c:/programme/atmel/avr tools/avr toolchain/bin/../lib/gcc/avr/4.7.2/../../../../avr/lib/avrxmega2/crtx32a4u.o
 .stab          0x000006cc       0x84 c:/programme/atmel/avr tools/avr toolchain/bin/../lib/gcc/avr/4.7.2/../../../../avr/lib/avrxmega2\libc.a(memcpy_P.o)
                                 0x90 (size before relaxing)
 .stab          0x00000750       0x84 c:/programme/atmel/avr tools/avr toolchain/bin/../lib/gcc/avr/4.7.2/../../../../avr/lib/avrxmega2\libc.a(strcmp_P.o)
                                 0x90 (size before relaxing)
 .stab          0x000007d4       0xcc c:/programme/atmel/avr tools/avr toolchain/bin/../lib/gcc/avr/4.7.2/../../../../avr/lib/avrxmega2\libc.a(strncpy_P.o)
                                 0xd8 (size before relaxing)
 .stab          0x000008a0       0xb4 c:/programme/atmel/avr tools/avr toolchain/bin/../lib/gcc/avr/4.7.2/../../../../avr/lib/avrxmega2\libc.a(memcmp.o)
                                 0xc0 (size before relaxing)
 .stab          0x00000954       0x84 c:/programme/atmel/avr tools/avr toolchain/bin/../lib/gcc/avr/4.7.2/../../../../avr/lib/avrxmega2\libc.a(memcpy.o)
                                 0x90 (size before relaxing)
 .stab          0x000009d8       0x6c c:/programme/atmel/avr tools/avr toolchain/bin/../lib/gcc/avr/4.7.2/../../../../avr/lib/avrxmega2\libc.a(memset.o)
                                 0x78 (size before relaxing)
 .stab          0x00000a44       0xb4 c:/programme/atmel/avr tools/avr toolchain/bin/../lib/gcc/avr/4.7.2/../../../../avr/lib/avrxmega2\libc.a(eerd_block_atxmega32a4u.o)
                                 0xc0 (size before relaxing)
 .stab          0x00000af8       0xfc c:/programme/atmel/avr tools/avr toolchain/bin/../lib/gcc/avr/4.7.2/../../../../avr/lib/avrxmega2\libc.a(eerd_byte_atxmega32a4u.o)
                                0x108 (size before relaxing)
 .stab          0x00000bf4       0xa8 c:/programme/atmel/avr tools/avr toolchain/bin/../lib/gcc/avr/4.7.2/../../../../avr/lib/avrxmega2\libc.a(eeupd_byte_atxmega32a4u.o)
                                 0xb4 (size before relaxing)
 .stab          0x00000c9c       0x9c c:/programme/atmel/avr tools/avr toolchain/bin/../lib/gcc/avr/4.7.2/../../../../avr/lib/avrxmega2\libc.a(eewr_block_atxmega32a4u.o)
                                 0xa8 (size before relaxing)
 .stab          0x00000d38      0x1e0 c:/programme/atmel/avr tools/avr toolchain/bin/../lib/gcc/avr/4.7.2/../../../../avr/lib/avrxmega2\libc.a(eewr_byte_atxmega32a4u.o)
                                0x1ec (size before relaxing)
 .stab          0x00000f18       0x9c c:/programme/atmel/avr tools/avr toolchain/bin/../lib/gcc/avr/4.7.2/../../../../avr/lib/avrxmega2\libc.a(strnlen_P.o)
                                 0xa8 (size before relaxing)
 .stab          0x00000fb4       0x9c c:/programme/atmel/avr tools/avr toolchain/bin/../lib/gcc/avr/4.7.2/../../../../avr/lib/avrxmega2\libc.a(strnlen.o)
                                 0xa8 (size before relaxing)
 .stab          0x00001050      0x480 c:/programme/atmel/avr tools/avr toolchain/bin/../lib/gcc/avr/4.7.2/../../../../avr/lib/avrxmega2\libc.a(ultoa_invert.o)
                                0x48c (size before relaxing)

.stabstr        0x00000000      0x70f
 *(.stabstr)
 .stabstr       0x00000000      0x70f c:/programme/atmel/avr tools/avr toolchain/bin/../lib/gcc/avr/4.7.2/../../../../avr/lib/avrxmega2/crtx32a4u.o

.stab.excl
 *(.stab.excl)

.stab.exclstr
 *(.stab.exclstr)

.stab.index
 *(.stab.index)

.stab.indexstr
 *(.stab.indexstr)

.comment        0x00000000       0x2f
 *(.comment)
 .comment       0x00000000       0x2f Bin/Chameleon-Mini.o
                                 0x30 (size before relaxing)
 .comment       0x00000000       0x30 Bin/LUFADescriptors.o
 .comment       0x00000000       0x30 Bin/System.o
 .comment       0x00000000       0x30 Bin/Configuration.o
 .comment       0x00000000       0x30 Bin/Random.o
 .comment       0x00000000       0x30 Bin/Common.o
 .comment       0x00000000       0x30 Bin/Memory.o
 .comment       0x00000000       0x30 Bin/Button.o
 .comment       0x00000000       0x30 Bin/Settings.o
 .comment       0x00000000       0x30 Bin/LED.o
 .comment       0x00000000       0x30 Bin/Terminal.o
 .comment       0x00000000       0x30 Bin/Commands.o
 .comment       0x00000000       0x30 Bin/XModem.o
 .comment       0x00000000       0x30 Bin/CommandLine.o
 .comment       0x00000000       0x30 Bin/Codec.o
 .comment       0x00000000       0x30 Bin/ISO14443-2A.o
 .comment       0x00000000       0x30 Bin/MifareClassic.o
 .comment       0x00000000       0x30 Bin/ISO14443-3A.o
 .comment       0x00000000       0x30 Bin/Crypto1.o
 .comment       0x00000000       0x30 Bin/HIDParser.o
 .comment       0x00000000       0x30 Bin/ConfigDescriptors.o
 .comment       0x00000000       0x30 Bin/DeviceStandardReq.o
 .comment       0x00000000       0x30 Bin/Events.o
 .comment       0x00000000       0x30 Bin/HostStandardReq.o
 .comment       0x00000000       0x30 Bin/USBTask.o
 .comment       0x00000000       0x30 Bin/Device_XMEGA.o
 .comment       0x00000000       0x30 Bin/EndpointStream_XMEGA.o
 .comment       0x00000000       0x30 Bin/Endpoint_XMEGA.o
 .comment       0x00000000       0x30 Bin/Host_XMEGA.o
 .comment       0x00000000       0x30 Bin/PipeStream_XMEGA.o
 .comment       0x00000000       0x30 Bin/Pipe_XMEGA.o
 .comment       0x00000000       0x30 Bin/USBController_XMEGA.o
 .comment       0x00000000       0x30 Bin/USBInterrupt_XMEGA.o
 .comment       0x00000000       0x30 Bin/AudioClassDevice.o
 .comment       0x00000000       0x30 Bin/CDCClassDevice.o
 .comment       0x00000000       0x30 Bin/HIDClassDevice.o
 .comment       0x00000000       0x30 Bin/MassStorageClassDevice.o
 .comment       0x00000000       0x30 Bin/MIDIClassDevice.o
 .comment       0x00000000       0x30 Bin/PrinterClassDevice.o
 .comment       0x00000000       0x30 Bin/RNDISClassDevice.o
 .comment       0x00000000       0x30 Bin/AndroidAccessoryClassHost.o
 .comment       0x00000000       0x30 Bin/AudioClassHost.o
 .comment       0x00000000       0x30 Bin/CDCClassHost.o
 .comment       0x00000000       0x30 Bin/HIDClassHost.o
 .comment       0x00000000       0x30 Bin/MassStorageClassHost.o
 .comment       0x00000000       0x30 Bin/MIDIClassHost.o
 .comment       0x00000000       0x30 Bin/PrinterClassHost.o
 .comment       0x00000000       0x30 Bin/RNDISClassHost.o
 .comment       0x00000000       0x30 Bin/StillImageClassHost.o
 .comment       0x00000000       0x30 c:/programme/atmel/avr tools/avr toolchain/bin/../lib/gcc/avr/4.7.2/../../../../avr/lib/avrxmega2\libc.a(rand.o)
 .comment       0x00000000       0x30 c:/programme/atmel/avr tools/avr toolchain/bin/../lib/gcc/avr/4.7.2/../../../../avr/lib/avrxmega2\libc.a(snprintf_p.o)
 .comment       0x00000000       0x30 c:/programme/atmel/avr tools/avr toolchain/bin/../lib/gcc/avr/4.7.2/../../../../avr/lib/avrxmega2\libc.a(vfprintf_std.o)
 .comment       0x00000000       0x30 c:/programme/atmel/avr tools/avr toolchain/bin/../lib/gcc/avr/4.7.2/../../../../avr/lib/avrxmega2\libc.a(fputc.o)

.debug
 *(.debug)

.line
 *(.line)

.debug_srcinfo
 *(.debug_srcinfo)

.debug_sfnames
 *(.debug_sfnames)

.debug_aranges  0x00000000      0xbe0
 *(.debug_aranges)
 .debug_aranges
                0x00000000       0x20 Bin/Chameleon-Mini.o
 .debug_aranges
                0x00000020       0x20 Bin/LUFADescriptors.o
 .debug_aranges
                0x00000040       0x50 Bin/System.o
 .debug_aranges
                0x00000090       0x78 Bin/Configuration.o
 .debug_aranges
                0x00000108       0x38 Bin/Random.o
 .debug_aranges
                0x00000140       0x28 Bin/Common.o
 .debug_aranges
                0x00000168       0x48 Bin/Memory.o
 .debug_aranges
                0x000001b0       0x48 Bin/Button.o
 .debug_aranges
                0x000001f8       0x50 Bin/Settings.o
 .debug_aranges
                0x00000248       0x18 Bin/LED.o
 .debug_aranges
                0x00000260       0x68 Bin/Terminal.o
 .debug_aranges
                0x000002c8       0xc8 Bin/Commands.o
 .debug_aranges
                0x00000390       0x40 Bin/XModem.o
 .debug_aranges
                0x000003d0       0x30 Bin/CommandLine.o
 .debug_aranges
                0x00000400       0x18 Bin/Codec.o
 .debug_aranges
                0x00000418       0x48 Bin/ISO14443-2A.o
 .debug_aranges
                0x00000460       0x50 Bin/MifareClassic.o
 .debug_aranges
                0x000004b0       0x28 Bin/ISO14443-3A.o
 .debug_aranges
                0x000004d8       0x50 Bin/Crypto1.o
 .debug_aranges
                0x00000528       0x38 Bin/HIDParser.o
 .debug_aranges
                0x00000560       0x38 Bin/ConfigDescriptors.o
 .debug_aranges
                0x00000598       0x20 Bin/DeviceStandardReq.o
 .debug_aranges
                0x000005b8       0x20 Bin/Events.o
 .debug_aranges
                0x000005d8       0x18 Bin/HostStandardReq.o
 .debug_aranges
                0x000005f0       0x20 Bin/USBTask.o
 .debug_aranges
                0x00000610       0x20 Bin/Device_XMEGA.o
 .debug_aranges
                0x00000630       0xc8 Bin/EndpointStream_XMEGA.o
 .debug_aranges
                0x000006f8       0x90 Bin/Endpoint_XMEGA.o
 .debug_aranges
                0x00000788       0x18 Bin/Host_XMEGA.o
 .debug_aranges
                0x000007a0       0x18 Bin/PipeStream_XMEGA.o
 .debug_aranges
                0x000007b8       0x18 Bin/Pipe_XMEGA.o
 .debug_aranges
                0x000007d0       0x30 Bin/USBController_XMEGA.o
 .debug_aranges
                0x00000800       0x30 Bin/USBInterrupt_XMEGA.o
 .debug_aranges
                0x00000830       0x30 Bin/AudioClassDevice.o
 .debug_aranges
                0x00000860       0x98 Bin/CDCClassDevice.o
 .debug_aranges
                0x000008f8       0x30 Bin/HIDClassDevice.o
 .debug_aranges
                0x00000928       0x30 Bin/MassStorageClassDevice.o
 .debug_aranges
                0x00000958       0x40 Bin/MIDIClassDevice.o
 .debug_aranges
                0x00000998       0x90 Bin/PrinterClassDevice.o
 .debug_aranges
                0x00000a28       0x48 Bin/RNDISClassDevice.o
 .debug_aranges
                0x00000a70       0x18 Bin/AndroidAccessoryClassHost.o
 .debug_aranges
                0x00000a88       0x18 Bin/AudioClassHost.o
 .debug_aranges
                0x00000aa0       0x18 Bin/CDCClassHost.o
 .debug_aranges
                0x00000ab8       0x18 Bin/HIDClassHost.o
 .debug_aranges
                0x00000ad0       0x18 Bin/MassStorageClassHost.o
 .debug_aranges
                0x00000ae8       0x18 Bin/MIDIClassHost.o
 .debug_aranges
                0x00000b00       0x18 Bin/PrinterClassHost.o
 .debug_aranges
                0x00000b18       0x18 Bin/RNDISClassHost.o
 .debug_aranges
                0x00000b30       0x18 Bin/StillImageClassHost.o
 .debug_aranges
                0x00000b48       0x38 c:/programme/atmel/avr tools/avr toolchain/bin/../lib/gcc/avr/4.7.2/../../../../avr/lib/avrxmega2\libc.a(rand.o)
 .debug_aranges
                0x00000b80       0x20 c:/programme/atmel/avr tools/avr toolchain/bin/../lib/gcc/avr/4.7.2/../../../../avr/lib/avrxmega2\libc.a(snprintf_p.o)
 .debug_aranges
                0x00000ba0       0x20 c:/programme/atmel/avr tools/avr toolchain/bin/../lib/gcc/avr/4.7.2/../../../../avr/lib/avrxmega2\libc.a(vfprintf_std.o)
 .debug_aranges
                0x00000bc0       0x20 c:/programme/atmel/avr tools/avr toolchain/bin/../lib/gcc/avr/4.7.2/../../../../avr/lib/avrxmega2\libc.a(fputc.o)

.debug_pubnames
 *(.debug_pubnames)

.debug_info     0x00000000    0x19186
 *(.debug_info)
 .debug_info    0x00000000     0x1381 Bin/Chameleon-Mini.o
 .debug_info    0x00001381      0x962 Bin/LUFADescriptors.o
 .debug_info    0x00001ce3      0xde5 Bin/System.o
 .debug_info    0x00002ac8      0x64a Bin/Configuration.o
 .debug_info    0x00003112      0x161 Bin/Random.o
 .debug_info    0x00003273      0x1b3 Bin/Common.o
 .debug_info    0x00003426      0xfb2 Bin/Memory.o
 .debug_info    0x000043d8      0xa19 Bin/Button.o
 .debug_info    0x00004df1      0x4e3 Bin/Settings.o
 .debug_info    0x000052d4       0x7a Bin/LED.o
 .debug_info    0x0000534e      0xb73 Bin/Terminal.o
 .debug_info    0x00005ec1     0x17f3 Bin/Commands.o
 .debug_info    0x000076b4      0x9a3 Bin/XModem.o
 .debug_info    0x00008057      0xb66 Bin/CommandLine.o
 .debug_info    0x00008bbd      0x1f1 Bin/Codec.o
 .debug_info    0x00008dae     0x187e Bin/ISO14443-2A.o
 .debug_info    0x0000a62c     0x101c Bin/MifareClassic.o
 .debug_info    0x0000b648      0x179 Bin/ISO14443-3A.o
 .debug_info    0x0000b7c1      0x53a Bin/Crypto1.o
 .debug_info    0x0000bcfb      0x72e Bin/HIDParser.o
 .debug_info    0x0000c429      0x5ed Bin/ConfigDescriptors.o
 .debug_info    0x0000ca16     0x11d6 Bin/DeviceStandardReq.o
 .debug_info    0x0000dbec       0x7f Bin/Events.o
 .debug_info    0x0000dc6b       0x5d Bin/HostStandardReq.o
 .debug_info    0x0000dcc8      0x435 Bin/USBTask.o
 .debug_info    0x0000e0fd      0x670 Bin/Device_XMEGA.o
 .debug_info    0x0000e76d     0x19be Bin/EndpointStream_XMEGA.o
 .debug_info    0x0001012b      0xcff Bin/Endpoint_XMEGA.o
 .debug_info    0x00010e2a       0x5d Bin/Host_XMEGA.o
 .debug_info    0x00010e87       0x5d Bin/PipeStream_XMEGA.o
 .debug_info    0x00010ee4       0x5d Bin/Pipe_XMEGA.o
 .debug_info    0x00010f41      0xd40 Bin/USBController_XMEGA.o
 .debug_info    0x00011c81      0xa7b Bin/USBInterrupt_XMEGA.o
 .debug_info    0x000126fc      0xa9d Bin/AudioClassDevice.o
 .debug_info    0x00013199      0xf93 Bin/CDCClassDevice.o
 .debug_info    0x0001412c      0xf91 Bin/HIDClassDevice.o
 .debug_info    0x000150bd      0xaa0 Bin/MassStorageClassDevice.o
 .debug_info    0x00015b5d      0x7c6 Bin/MIDIClassDevice.o
 .debug_info    0x00016323      0xddd Bin/PrinterClassDevice.o
 .debug_info    0x00017100     0x1311 Bin/RNDISClassDevice.o
 .debug_info    0x00018411       0x5d Bin/AndroidAccessoryClassHost.o
 .debug_info    0x0001846e       0x5d Bin/AudioClassHost.o
 .debug_info    0x000184cb       0x5d Bin/CDCClassHost.o
 .debug_info    0x00018528       0x5d Bin/HIDClassHost.o
 .debug_info    0x00018585       0x5d Bin/MassStorageClassHost.o
 .debug_info    0x000185e2       0x5d Bin/MIDIClassHost.o
 .debug_info    0x0001863f       0x5d Bin/PrinterClassHost.o
 .debug_info    0x0001869c       0x5d Bin/RNDISClassHost.o
 .debug_info    0x000186f9       0x5d Bin/StillImageClassHost.o
 .debug_info    0x00018756      0x157 c:/programme/atmel/avr tools/avr toolchain/bin/../lib/gcc/avr/4.7.2/../../../../avr/lib/avrxmega2\libc.a(rand.o)
 .debug_info    0x000188ad      0x21c c:/programme/atmel/avr tools/avr toolchain/bin/../lib/gcc/avr/4.7.2/../../../../avr/lib/avrxmega2\libc.a(snprintf_p.o)
 .debug_info    0x00018ac9      0x549 c:/programme/atmel/avr tools/avr toolchain/bin/../lib/gcc/avr/4.7.2/../../../../avr/lib/avrxmega2\libc.a(vfprintf_std.o)
 .debug_info    0x00019012      0x174 c:/programme/atmel/avr tools/avr toolchain/bin/../lib/gcc/avr/4.7.2/../../../../avr/lib/avrxmega2\libc.a(fputc.o)
 *(.gnu.linkonce.wi.*)

.debug_abbrev   0x00000000     0x597c
 *(.debug_abbrev)
 .debug_abbrev  0x00000000      0x1d2 Bin/Chameleon-Mini.o
 .debug_abbrev  0x000001d2      0x1bb Bin/LUFADescriptors.o
 .debug_abbrev  0x0000038d      0x144 Bin/System.o
 .debug_abbrev  0x000004d1      0x25f Bin/Configuration.o
 .debug_abbrev  0x00000730       0xfb Bin/Random.o
 .debug_abbrev  0x0000082b       0xb2 Bin/Common.o
 .debug_abbrev  0x000008dd      0x2bc Bin/Memory.o
 .debug_abbrev  0x00000b99      0x2b7 Bin/Button.o
 .debug_abbrev  0x00000e50      0x1cb Bin/Settings.o
 .debug_abbrev  0x0000101b       0x44 Bin/LED.o
 .debug_abbrev  0x0000105f      0x33a Bin/Terminal.o
 .debug_abbrev  0x00001399      0x38e Bin/Commands.o
 .debug_abbrev  0x00001727      0x2d7 Bin/XModem.o
 .debug_abbrev  0x000019fe      0x2db Bin/CommandLine.o
 .debug_abbrev  0x00001cd9       0xc4 Bin/Codec.o
 .debug_abbrev  0x00001d9d      0x2db Bin/ISO14443-2A.o
 .debug_abbrev  0x00002078      0x321 Bin/MifareClassic.o
 .debug_abbrev  0x00002399       0xa6 Bin/ISO14443-3A.o
 .debug_abbrev  0x0000243f      0x1bd Bin/Crypto1.o
 .debug_abbrev  0x000025fc      0x20a Bin/HIDParser.o
 .debug_abbrev  0x00002806      0x248 Bin/ConfigDescriptors.o
 .debug_abbrev  0x00002a4e      0x37e Bin/DeviceStandardReq.o
 .debug_abbrev  0x00002dcc       0x44 Bin/Events.o
 .debug_abbrev  0x00002e10       0x26 Bin/HostStandardReq.o
 .debug_abbrev  0x00002e36      0x21d Bin/USBTask.o
 .debug_abbrev  0x00003053      0x11e Bin/Device_XMEGA.o
 .debug_abbrev  0x00003171      0x252 Bin/EndpointStream_XMEGA.o
 .debug_abbrev  0x000033c3      0x300 Bin/Endpoint_XMEGA.o
 .debug_abbrev  0x000036c3       0x26 Bin/Host_XMEGA.o
 .debug_abbrev  0x000036e9       0x26 Bin/PipeStream_XMEGA.o
 .debug_abbrev  0x0000370f       0x26 Bin/Pipe_XMEGA.o
 .debug_abbrev  0x00003735      0x306 Bin/USBController_XMEGA.o
 .debug_abbrev  0x00003a3b      0x266 Bin/USBInterrupt_XMEGA.o
 .debug_abbrev  0x00003ca1      0x28b Bin/AudioClassDevice.o
 .debug_abbrev  0x00003f2c      0x439 Bin/CDCClassDevice.o
 .debug_abbrev  0x00004365      0x2de Bin/HIDClassDevice.o
 .debug_abbrev  0x00004643      0x338 Bin/MassStorageClassDevice.o
 .debug_abbrev  0x0000497b      0x287 Bin/MIDIClassDevice.o
 .debug_abbrev  0x00004c02      0x3e1 Bin/PrinterClassDevice.o
 .debug_abbrev  0x00004fe3      0x36d Bin/RNDISClassDevice.o
 .debug_abbrev  0x00005350       0x26 Bin/AndroidAccessoryClassHost.o
 .debug_abbrev  0x00005376       0x26 Bin/AudioClassHost.o
 .debug_abbrev  0x0000539c       0x26 Bin/CDCClassHost.o
 .debug_abbrev  0x000053c2       0x26 Bin/HIDClassHost.o
 .debug_abbrev  0x000053e8       0x26 Bin/MassStorageClassHost.o
 .debug_abbrev  0x0000540e       0x26 Bin/MIDIClassHost.o
 .debug_abbrev  0x00005434       0x26 Bin/PrinterClassHost.o
 .debug_abbrev  0x0000545a       0x26 Bin/RNDISClassHost.o
 .debug_abbrev  0x00005480       0x26 Bin/StillImageClassHost.o
 .debug_abbrev  0x000054a6       0xd6 c:/programme/atmel/avr tools/avr toolchain/bin/../lib/gcc/avr/4.7.2/../../../../avr/lib/avrxmega2\libc.a(rand.o)
 .debug_abbrev  0x0000557c      0x139 c:/programme/atmel/avr tools/avr toolchain/bin/../lib/gcc/avr/4.7.2/../../../../avr/lib/avrxmega2\libc.a(snprintf_p.o)
 .debug_abbrev  0x000056b5      0x1d6 c:/programme/atmel/avr tools/avr toolchain/bin/../lib/gcc/avr/4.7.2/../../../../avr/lib/avrxmega2\libc.a(vfprintf_std.o)
 .debug_abbrev  0x0000588b       0xf1 c:/programme/atmel/avr tools/avr toolchain/bin/../lib/gcc/avr/4.7.2/../../../../avr/lib/avrxmega2\libc.a(fputc.o)

.debug_line     0x00000000     0xb338
 *(.debug_line)
 .debug_line    0x00000000      0x390 Bin/Chameleon-Mini.o
 .debug_line    0x00000390      0x30a Bin/LUFADescriptors.o
 .debug_line    0x0000069a      0x251 Bin/System.o
 .debug_line    0x000008eb      0x39e Bin/Configuration.o
 .debug_line    0x00000c89      0x119 Bin/Random.o
 .debug_line    0x00000da2      0x219 Bin/Common.o
 .debug_line    0x00000fbb      0x7a5 Bin/Memory.o
 .debug_line    0x00001760      0x430 Bin/Button.o
 .debug_line    0x00001b90      0x2e7 Bin/Settings.o
 .debug_line    0x00001e77       0x8b Bin/LED.o
 .debug_line    0x00001f02      0x457 Bin/Terminal.o
 .debug_line    0x00002359      0x7ea Bin/Commands.o
 .debug_line    0x00002b43      0x50b Bin/XModem.o
 .debug_line    0x0000304e      0x3db Bin/CommandLine.o
 .debug_line    0x00003429       0xaf Bin/Codec.o
 .debug_line    0x000034d8      0x636 Bin/ISO14443-2A.o
 .debug_line    0x00003b0e      0x734 Bin/MifareClassic.o
 .debug_line    0x00004242      0x1a8 Bin/ISO14443-3A.o
 .debug_line    0x000043ea      0x72c Bin/Crypto1.o
 .debug_line    0x00004b16      0x638 Bin/HIDParser.o
 .debug_line    0x0000514e      0x2c5 Bin/ConfigDescriptors.o
 .debug_line    0x00005413      0x4d2 Bin/DeviceStandardReq.o
 .debug_line    0x000058e5       0x4f Bin/Events.o
 .debug_line    0x00005934       0x1a Bin/HostStandardReq.o
 .debug_line    0x0000594e      0x209 Bin/USBTask.o
 .debug_line    0x00005b57      0x185 Bin/Device_XMEGA.o
 .debug_line    0x00005cdc     0x1655 Bin/EndpointStream_XMEGA.o
 .debug_line    0x00007331      0x6fd Bin/Endpoint_XMEGA.o
 .debug_line    0x00007a2e       0x1a Bin/Host_XMEGA.o
 .debug_line    0x00007a48       0x1a Bin/PipeStream_XMEGA.o
 .debug_line    0x00007a62       0x1a Bin/Pipe_XMEGA.o
 .debug_line    0x00007a7c      0x3b1 Bin/USBController_XMEGA.o
 .debug_line    0x00007e2d      0x3b0 Bin/USBInterrupt_XMEGA.o
 .debug_line    0x000081dd      0x453 Bin/AudioClassDevice.o
 .debug_line    0x00008630      0x832 Bin/CDCClassDevice.o
 .debug_line    0x00008e62      0x598 Bin/HIDClassDevice.o
 .debug_line    0x000093fa      0x50f Bin/MassStorageClassDevice.o
 .debug_line    0x00009909      0x402 Bin/MIDIClassDevice.o
 .debug_line    0x00009d0b      0x775 Bin/PrinterClassDevice.o
 .debug_line    0x0000a480      0x72a Bin/RNDISClassDevice.o
 .debug_line    0x0000abaa       0x1a Bin/AndroidAccessoryClassHost.o
 .debug_line    0x0000abc4       0x1a Bin/AudioClassHost.o
 .debug_line    0x0000abde       0x1a Bin/CDCClassHost.o
 .debug_line    0x0000abf8       0x1a Bin/HIDClassHost.o
 .debug_line    0x0000ac12       0x1a Bin/MassStorageClassHost.o
 .debug_line    0x0000ac2c       0x1a Bin/MIDIClassHost.o
 .debug_line    0x0000ac46       0x1a Bin/PrinterClassHost.o
 .debug_line    0x0000ac60       0x1a Bin/RNDISClassHost.o
 .debug_line    0x0000ac7a       0x1a Bin/StillImageClassHost.o
 .debug_line    0x0000ac94       0xa1 c:/programme/atmel/avr tools/avr toolchain/bin/../lib/gcc/avr/4.7.2/../../../../avr/lib/avrxmega2\libc.a(rand.o)
 .debug_line    0x0000ad35      0x1a6 c:/programme/atmel/avr tools/avr toolchain/bin/../lib/gcc/avr/4.7.2/../../../../avr/lib/avrxmega2\libc.a(snprintf_p.o)
 .debug_line    0x0000aedb      0x359 c:/programme/atmel/avr tools/avr toolchain/bin/../lib/gcc/avr/4.7.2/../../../../avr/lib/avrxmega2\libc.a(vfprintf_std.o)
 .debug_line    0x0000b234      0x104 c:/programme/atmel/avr tools/avr toolchain/bin/../lib/gcc/avr/4.7.2/../../../../avr/lib/avrxmega2\libc.a(fputc.o)

.debug_frame    0x00000000     0x1e88
 *(.debug_frame)
 .debug_frame   0x00000000       0x24 Bin/Chameleon-Mini.o
 .debug_frame   0x00000024       0x24 Bin/LUFADescriptors.o
 .debug_frame   0x00000048       0x90 Bin/System.o
 .debug_frame   0x000000d8       0xf4 Bin/Configuration.o
 .debug_frame   0x000001cc       0x64 Bin/Random.o
 .debug_frame   0x00000230       0x40 Bin/Common.o
 .debug_frame   0x00000270      0x134 Bin/Memory.o
 .debug_frame   0x000003a4       0xac Bin/Button.o
 .debug_frame   0x00000450       0x90 Bin/Settings.o
 .debug_frame   0x000004e0       0xcc Bin/Terminal.o
 .debug_frame   0x000005ac      0x28c Bin/Commands.o
 .debug_frame   0x00000838       0x6c Bin/XModem.o
 .debug_frame   0x000008a4       0x54 Bin/CommandLine.o
 .debug_frame   0x000008f8       0xf8 Bin/ISO14443-2A.o
 .debug_frame   0x000009f0       0xe0 Bin/MifareClassic.o
 .debug_frame   0x00000ad0       0x34 Bin/ISO14443-3A.o
 .debug_frame   0x00000b04      0x13c Bin/Crypto1.o
 .debug_frame   0x00000c40      0x11c Bin/HIDParser.o
 .debug_frame   0x00000d5c       0xd0 Bin/ConfigDescriptors.o
 .debug_frame   0x00000e2c       0x40 Bin/DeviceStandardReq.o
 .debug_frame   0x00000e6c       0x24 Bin/Events.o
 .debug_frame   0x00000e90       0x2c Bin/USBTask.o
 .debug_frame   0x00000ebc       0x24 Bin/Device_XMEGA.o
 .debug_frame   0x00000ee0      0x4f8 Bin/EndpointStream_XMEGA.o
 .debug_frame   0x000013d8      0x160 Bin/Endpoint_XMEGA.o
 .debug_frame   0x00001538       0x5c Bin/USBController_XMEGA.o
 .debug_frame   0x00001594       0x8c Bin/USBInterrupt_XMEGA.o
 .debug_frame   0x00001620       0xa4 Bin/AudioClassDevice.o
 .debug_frame   0x000016c4      0x1e0 Bin/CDCClassDevice.o
 .debug_frame   0x000018a4       0xf0 Bin/HIDClassDevice.o
 .debug_frame   0x00001994       0x80 Bin/MassStorageClassDevice.o
 .debug_frame   0x00001a14       0xa4 Bin/MIDIClassDevice.o
 .debug_frame   0x00001ab8      0x194 Bin/PrinterClassDevice.o
 .debug_frame   0x00001c4c      0x100 Bin/RNDISClassDevice.o
 .debug_frame   0x00001d4c       0x88 c:/programme/atmel/avr tools/avr toolchain/bin/../lib/gcc/avr/4.7.2/../../../../avr/lib/avrxmega2\libc.a(rand.o)
 .debug_frame   0x00001dd4       0x30 c:/programme/atmel/avr tools/avr toolchain/bin/../lib/gcc/avr/4.7.2/../../../../avr/lib/avrxmega2\libc.a(snprintf_p.o)
 .debug_frame   0x00001e04       0x4c c:/programme/atmel/avr tools/avr toolchain/bin/../lib/gcc/avr/4.7.2/../../../../avr/lib/avrxmega2\libc.a(vfprintf_std.o)
 .debug_frame   0x00001e50       0x38 c:/programme/atmel/avr tools/avr toolchain/bin/../lib/gcc/avr/4.7.2/../../../../avr/lib/avrxmega2\libc.a(fputc.o)

.debug_str      0x00000000     0x77fe
 *(.debug_str)
 .debug_str     0x00000000      0xccd Bin/Chameleon-Mini.o
                                0xd92 (size before relaxing)
 .debug_str     0x00000ccd      0x8cc Bin/LUFADescriptors.o
                                0xb1d (size before relaxing)
 .debug_str     0x00001599      0x748 Bin/System.o
                                0xb52 (size before relaxing)
 .debug_str     0x00001ce1      0x2ce Bin/Configuration.o
                                0x53c (size before relaxing)
 .debug_str     0x00001faf       0x27 Bin/Random.o
                                0x117 (size before relaxing)
 .debug_str     0x00001fd6       0x56 Bin/Common.o
                                0x13a (size before relaxing)
 .debug_str     0x0000202c      0x21f Bin/Memory.o
                                0x6dc (size before relaxing)
 .debug_str     0x0000224b      0x1d2 Bin/Button.o
                                0x682 (size before relaxing)
 .debug_str     0x0000241d       0xc0 Bin/Settings.o
                                0x48a (size before relaxing)
 .debug_str     0x000024dd        0x6 Bin/LED.o
                                 0xc8 (size before relaxing)
 .debug_str     0x000024e3      0x295 Bin/Terminal.o
                                0x72c (size before relaxing)
 .debug_str     0x00002778      0x3f0 Bin/Commands.o
                                0xcd2 (size before relaxing)
 .debug_str     0x00002b68      0x149 Bin/XModem.o
                                0x533 (size before relaxing)
 .debug_str     0x00002cb1       0xc1 Bin/CommandLine.o
                                0x510 (size before relaxing)
 .debug_str     0x00002d72       0x1a Bin/Codec.o
                                0x238 (size before relaxing)
 .debug_str     0x00002d8c     0x12b9 Bin/ISO14443-2A.o
                               0x1a20 (size before relaxing)
 .debug_str     0x00004045      0x2b0 Bin/MifareClassic.o
                                0x545 (size before relaxing)
 .debug_str     0x000042f5       0x1a Bin/ISO14443-3A.o
                                0x131 (size before relaxing)
 .debug_str     0x0000430f       0x95 Bin/Crypto1.o
                                0x1bf (size before relaxing)
 .debug_str     0x000043a4      0x48d Bin/HIDParser.o
                                0x5f3 (size before relaxing)
 .debug_str     0x00004831      0x22e Bin/ConfigDescriptors.o
                                0x431 (size before relaxing)
 .debug_str     0x00004a5f      0xa04 Bin/DeviceStandardReq.o
                               0x112f (size before relaxing)
 .debug_str     0x00005463       0x31 Bin/Events.o
                                 0xde (size before relaxing)
 .debug_str     0x00005494       0x2b Bin/HostStandardReq.o
                                 0xd8 (size before relaxing)
 .debug_str     0x000054bf       0x6d Bin/USBTask.o
                                0x3aa (size before relaxing)
 .debug_str     0x0000552c       0x4a Bin/Device_XMEGA.o
                                0x51e (size before relaxing)
 .debug_str     0x00005576      0x4d9 Bin/EndpointStream_XMEGA.o
                                0x8c2 (size before relaxing)
 .debug_str     0x00005a4f      0x2aa Bin/Endpoint_XMEGA.o
                                0xa30 (size before relaxing)
 .debug_str     0x00005cf9       0x2c Bin/Host_XMEGA.o
                                 0xd9 (size before relaxing)
 .debug_str     0x00005d25       0x32 Bin/PipeStream_XMEGA.o
                                 0xdf (size before relaxing)
 .debug_str     0x00005d57       0x2c Bin/Pipe_XMEGA.o
                                 0xd9 (size before relaxing)
 .debug_str     0x00005d83      0x1bb Bin/USBController_XMEGA.o
                                0xdc0 (size before relaxing)
 .debug_str     0x00005f3e       0xaa Bin/USBInterrupt_XMEGA.o
                                0x891 (size before relaxing)
 .debug_str     0x00005fe8      0x280 Bin/AudioClassDevice.o
                                0x705 (size before relaxing)
 .debug_str     0x00006268      0x286 Bin/CDCClassDevice.o
                                0xa5a (size before relaxing)
 .debug_str     0x000064ee      0x248 Bin/HIDClassDevice.o
                                0xa75 (size before relaxing)
 .debug_str     0x00006736      0x261 Bin/MassStorageClassDevice.o
                                0x858 (size before relaxing)
 .debug_str     0x00006997      0x115 Bin/MIDIClassDevice.o
                                0x6af (size before relaxing)
 .debug_str     0x00006aac      0x269 Bin/PrinterClassDevice.o
                                0x983 (size before relaxing)
 .debug_str     0x00006d15      0x6e5 Bin/RNDISClassDevice.o
                                0xdb8 (size before relaxing)
 .debug_str     0x000073fa       0x3b Bin/AndroidAccessoryClassHost.o
                                 0xe8 (size before relaxing)
 .debug_str     0x00007435       0x30 Bin/AudioClassHost.o
                                 0xdd (size before relaxing)
 .debug_str     0x00007465       0x2e Bin/CDCClassHost.o
                                 0xdb (size before relaxing)
 .debug_str     0x00007493       0x2e Bin/HIDClassHost.o
                                 0xdb (size before relaxing)
 .debug_str     0x000074c1       0x36 Bin/MassStorageClassHost.o
                                 0xe3 (size before relaxing)
 .debug_str     0x000074f7       0x2f Bin/MIDIClassHost.o
                                 0xdc (size before relaxing)
 .debug_str     0x00007526       0x32 Bin/PrinterClassHost.o
                                 0xdf (size before relaxing)
 .debug_str     0x00007558       0x30 Bin/RNDISClassHost.o
                                 0xdd (size before relaxing)
 .debug_str     0x00007588       0x35 Bin/StillImageClassHost.o
                                 0xe2 (size before relaxing)
 .debug_str     0x000075bd       0x81 c:/programme/atmel/avr tools/avr toolchain/bin/../lib/gcc/avr/4.7.2/../../../../avr/lib/avrxmega2\libc.a(rand.o)
                                 0xba (size before relaxing)
 .debug_str     0x0000763e       0x91 c:/programme/atmel/avr tools/avr toolchain/bin/../lib/gcc/avr/4.7.2/../../../../avr/lib/avrxmega2\libc.a(snprintf_p.o)
                                0x149 (size before relaxing)
 .debug_str     0x000076cf       0xcd c:/programme/atmel/avr tools/avr toolchain/bin/../lib/gcc/avr/4.7.2/../../../../avr/lib/avrxmega2\libc.a(vfprintf_std.o)
                                0x1ad (size before relaxing)
 .debug_str     0x0000779c       0x62 c:/programme/atmel/avr tools/avr toolchain/bin/../lib/gcc/avr/4.7.2/../../../../avr/lib/avrxmega2\libc.a(fputc.o)
                                0x10d (size before relaxing)

.debug_loc      0x00000000     0xce27
 *(.debug_loc)
 .debug_loc     0x00000000      0x277 Bin/LUFADescriptors.o
 .debug_loc     0x00000277       0x2f Bin/System.o
 .debug_loc     0x000002a6      0x3cf Bin/Configuration.o
 .debug_loc     0x00000675       0xaa Bin/Random.o
 .debug_loc     0x0000071f      0x319 Bin/Common.o
 .debug_loc     0x00000a38      0xa25 Bin/Memory.o
 .debug_loc     0x0000145d      0x69c Bin/Button.o
 .debug_loc     0x00001af9      0x1b1 Bin/Settings.o
 .debug_loc     0x00001caa      0x1f9 Bin/Terminal.o
 .debug_loc     0x00001ea3      0x9b7 Bin/Commands.o
 .debug_loc     0x0000285a      0x313 Bin/XModem.o
 .debug_loc     0x00002b6d      0x6be Bin/CommandLine.o
 .debug_loc     0x0000322b      0x4a5 Bin/ISO14443-2A.o
 .debug_loc     0x000036d0      0xb6a Bin/MifareClassic.o
 .debug_loc     0x0000423a      0x231 Bin/ISO14443-3A.o
 .debug_loc     0x0000446b      0xa3a Bin/Crypto1.o
 .debug_loc     0x00004ea5      0xc34 Bin/HIDParser.o
 .debug_loc     0x00005ad9      0x536 Bin/ConfigDescriptors.o
 .debug_loc     0x0000600f      0x2d9 Bin/DeviceStandardReq.o
 .debug_loc     0x000062e8       0x22 Bin/USBTask.o
 .debug_loc     0x0000630a     0x2bf0 Bin/EndpointStream_XMEGA.o
 .debug_loc     0x00008efa      0x581 Bin/Endpoint_XMEGA.o
 .debug_loc     0x0000947b       0xa3 Bin/USBController_XMEGA.o
 .debug_loc     0x0000951e      0x200 Bin/USBInterrupt_XMEGA.o
 .debug_loc     0x0000971e      0x3ad Bin/AudioClassDevice.o
 .debug_loc     0x00009acb      0x9f6 Bin/CDCClassDevice.o
 .debug_loc     0x0000a4c1      0x473 Bin/HIDClassDevice.o
 .debug_loc     0x0000a934      0x303 Bin/MassStorageClassDevice.o
 .debug_loc     0x0000ac37      0x35f Bin/MIDIClassDevice.o
 .debug_loc     0x0000af96      0x8b8 Bin/PrinterClassDevice.o
 .debug_loc     0x0000b84e      0xd6d Bin/RNDISClassDevice.o
 .debug_loc     0x0000c5bb      0x1e8 c:/programme/atmel/avr tools/avr toolchain/bin/../lib/gcc/avr/4.7.2/../../../../avr/lib/avrxmega2\libc.a(rand.o)
 .debug_loc     0x0000c7a3       0x74 c:/programme/atmel/avr tools/avr toolchain/bin/../lib/gcc/avr/4.7.2/../../../../avr/lib/avrxmega2\libc.a(snprintf_p.o)
 .debug_loc     0x0000c817      0x51d c:/programme/atmel/avr tools/avr toolchain/bin/../lib/gcc/avr/4.7.2/../../../../avr/lib/avrxmega2\libc.a(vfprintf_std.o)
 .debug_loc     0x0000cd34       0xf3 c:/programme/atmel/avr tools/avr toolchain/bin/../lib/gcc/avr/4.7.2/../../../../avr/lib/avrxmega2\libc.a(fputc.o)

.debug_macinfo
 *(.debug_macinfo)

.debug_pubtypes
 *(.debug_pubtypes)

.debug_ranges   0x00000000     0x1a08
 *(.debug_ranges)
 .debug_ranges  0x00000000       0x28 Bin/Chameleon-Mini.o
 .debug_ranges  0x00000028       0x10 Bin/LUFADescriptors.o
 .debug_ranges  0x00000038       0x40 Bin/System.o
 .debug_ranges  0x00000078       0xb0 Bin/Configuration.o
 .debug_ranges  0x00000128       0x28 Bin/Random.o
 .debug_ranges  0x00000150       0x48 Bin/Common.o
 .debug_ranges  0x00000198      0x2b8 Bin/Memory.o
 .debug_ranges  0x00000450       0xf8 Bin/Button.o
 .debug_ranges  0x00000548       0x40 Bin/Settings.o
 .debug_ranges  0x00000588       0xd0 Bin/Terminal.o
 .debug_ranges  0x00000658      0x118 Bin/Commands.o
 .debug_ranges  0x00000770       0x48 Bin/XModem.o
 .debug_ranges  0x000007b8      0x100 Bin/CommandLine.o
 .debug_ranges  0x000008b8       0xc0 Bin/ISO14443-2A.o
 .debug_ranges  0x00000978      0x1c8 Bin/MifareClassic.o
 .debug_ranges  0x00000b40       0x18 Bin/ISO14443-3A.o
 .debug_ranges  0x00000b58       0x70 Bin/Crypto1.o
 .debug_ranges  0x00000bc8      0x150 Bin/HIDParser.o
 .debug_ranges  0x00000d18       0x40 Bin/ConfigDescriptors.o
 .debug_ranges  0x00000d58      0x138 Bin/DeviceStandardReq.o
 .debug_ranges  0x00000e90       0x10 Bin/Events.o
 .debug_ranges  0x00000ea0       0x60 Bin/USBTask.o
 .debug_ranges  0x00000f00       0x10 Bin/Device_XMEGA.o
 .debug_ranges  0x00000f10      0x4a8 Bin/EndpointStream_XMEGA.o
 .debug_ranges  0x000013b8      0x188 Bin/Endpoint_XMEGA.o
 .debug_ranges  0x00001540       0x20 Bin/USBController_XMEGA.o
 .debug_ranges  0x00001560       0x20 Bin/USBInterrupt_XMEGA.o
 .debug_ranges  0x00001580       0x38 Bin/AudioClassDevice.o
 .debug_ranges  0x000015b8      0x100 Bin/CDCClassDevice.o
 .debug_ranges  0x000016b8       0x20 Bin/HIDClassDevice.o
 .debug_ranges  0x000016d8       0xa0 Bin/MassStorageClassDevice.o
 .debug_ranges  0x00001778       0x48 Bin/MIDIClassDevice.o
 .debug_ranges  0x000017c0      0x128 Bin/PrinterClassDevice.o
 .debug_ranges  0x000018e8       0xc8 Bin/RNDISClassDevice.o
 .debug_ranges  0x000019b0       0x28 c:/programme/atmel/avr tools/avr toolchain/bin/../lib/gcc/avr/4.7.2/../../../../avr/lib/avrxmega2\libc.a(rand.o)
 .debug_ranges  0x000019d8       0x10 c:/programme/atmel/avr tools/avr toolchain/bin/../lib/gcc/avr/4.7.2/../../../../avr/lib/avrxmega2\libc.a(snprintf_p.o)
 .debug_ranges  0x000019e8       0x10 c:/programme/atmel/avr tools/avr toolchain/bin/../lib/gcc/avr/4.7.2/../../../../avr/lib/avrxmega2\libc.a(vfprintf_std.o)
 .debug_ranges  0x000019f8       0x10 c:/programme/atmel/avr tools/avr toolchain/bin/../lib/gcc/avr/4.7.2/../../../../avr/lib/avrxmega2\libc.a(fputc.o)

.debug_macro
 *(.debug_macro)
OUTPUT(Chameleon-Mini.elf elf32-avr)
LOAD linker stubs

Cross Reference Table

Symbol                                            File
ActiveConfiguration                               Bin/MifareClassic.o
                                                  Bin/ISO14443-2A.o
                                                  Bin/Commands.o
                                                  Bin/Button.o
                                                  Bin/Configuration.o
                                                  Bin/Chameleon-Mini.o
Audio_Device_ConfigureEndpoints                   Bin/AudioClassDevice.o
Audio_Device_Event_Stub                           Bin/AudioClassDevice.o
Audio_Device_ProcessControlRequest                Bin/AudioClassDevice.o
BufferToHexString                                 Bin/Common.o
                                                  Bin/Commands.o
ButtonGetActionByName                             Bin/Button.o
                                                  Bin/Commands.o
ButtonGetActionList                               Bin/Button.o
                                                  Bin/Commands.o
ButtonInit                                        Bin/Button.o
                                                  Bin/Chameleon-Mini.o
ButtonSetActionById                               Bin/Button.o
ButtonSetActionByName                             Bin/Button.o
                                                  Bin/Commands.o
ButtonTick                                        Bin/Button.o
                                                  Bin/Chameleon-Mini.o
CALLBACK_Audio_Device_GetSetEndpointProperty      Bin/AudioClassDevice.o
CALLBACK_Audio_Device_GetSetInterfaceProperty     Bin/AudioClassDevice.o
CALLBACK_HIDParser_FilterHIDReportItem            Bin/HIDParser.o
CALLBACK_HID_Device_CreateHIDReport               Bin/HIDClassDevice.o
CALLBACK_HID_Device_ProcessHIDReport              Bin/HIDClassDevice.o
CALLBACK_MS_Device_SCSICommandReceived            Bin/MassStorageClassDevice.o
CALLBACK_USB_GetDescriptor                        Bin/LUFADescriptors.o
                                                  Bin/DeviceStandardReq.o
CDC_Device_BytesReceived                          Bin/CDCClassDevice.o
CDC_Device_ConfigureEndpoints                     Bin/CDCClassDevice.o
                                                  Bin/Terminal.o
CDC_Device_CreateBlockingStream                   Bin/CDCClassDevice.o
CDC_Device_CreateStream                           Bin/CDCClassDevice.o
CDC_Device_Event_Stub                             Bin/CDCClassDevice.o
CDC_Device_Flush                                  Bin/CDCClassDevice.o
CDC_Device_ProcessControlRequest                  Bin/CDCClassDevice.o
                                                  Bin/Terminal.o
CDC_Device_ReceiveByte                            Bin/CDCClassDevice.o
                                                  Bin/Terminal.o
CDC_Device_SendByte                               Bin/CDCClassDevice.o
                                                  Bin/XModem.o
                                                  Bin/Terminal.o
CDC_Device_SendControlLineStateChange             Bin/CDCClassDevice.o
CDC_Device_SendData                               Bin/CDCClassDevice.o
                                                  Bin/Terminal.o
CDC_Device_SendString                             Bin/CDCClassDevice.o
                                                  Bin/Terminal.o
CDC_Device_USBTask                                Bin/CDCClassDevice.o
                                                  Bin/Terminal.o
CodecBuffer                                       Bin/ISO14443-2A.o
                                                  Bin/Codec.o
CommandExecButton                                 Bin/Commands.o
                                                  Bin/CommandLine.o
CommandExecClear                                  Bin/Commands.o
                                                  Bin/CommandLine.o
CommandExecConfig                                 Bin/Commands.o
                                                  Bin/CommandLine.o
CommandExecDownload                               Bin/Commands.o
                                                  Bin/CommandLine.o
CommandExecHelp                                   Bin/Commands.o
                                                  Bin/CommandLine.o
CommandExecReset                                  Bin/Commands.o
                                                  Bin/CommandLine.o
CommandExecUpgrade                                Bin/Commands.o
                                                  Bin/CommandLine.o
CommandExecUpload                                 Bin/Commands.o
                                                  Bin/CommandLine.o
CommandGetButton                                  Bin/Commands.o
                                                  Bin/CommandLine.o
CommandGetConfig                                  Bin/Commands.o
                                                  Bin/CommandLine.o
CommandGetMemSize                                 Bin/Commands.o
                                                  Bin/CommandLine.o
CommandGetReadOnly                                Bin/Commands.o
                                                  Bin/CommandLine.o
CommandGetRssi                                    Bin/Commands.o
                                                  Bin/CommandLine.o
CommandGetSetting                                 Bin/Commands.o
                                                  Bin/CommandLine.o
CommandGetUid                                     Bin/Commands.o
                                                  Bin/CommandLine.o
CommandGetUidSize                                 Bin/Commands.o
                                                  Bin/CommandLine.o
CommandGetVersion                                 Bin/Commands.o
                                                  Bin/CommandLine.o
CommandLineInit                                   Bin/CommandLine.o
CommandLineProcessByte                            Bin/CommandLine.o
                                                  Bin/Terminal.o
CommandLineTick                                   Bin/CommandLine.o
                                                  Bin/Terminal.o
CommandSetButton                                  Bin/Commands.o
                                                  Bin/CommandLine.o
CommandSetConfig                                  Bin/Commands.o
                                                  Bin/CommandLine.o
CommandSetReadOnly                                Bin/Commands.o
                                                  Bin/CommandLine.o
CommandSetSetting                                 Bin/Commands.o
                                                  Bin/CommandLine.o
CommandSetUid                                     Bin/Commands.o
                                                  Bin/CommandLine.o