Archive member included because of file (symbol)

/home/sk/avr8-gnu-toolchain-linux_x86/bin/../lib/gcc/avr/4.8.1/avrxmega2/libgcc.a(_exit.o)
                              /home/sk/avr8-gnu-toolchain-linux_x86/bin/../lib/gcc/avr/4.8.1/../../../../avr/lib/avrxmega2/crtx32a4u.o (exit)
/home/sk/avr8-gnu-toolchain-linux_x86/bin/../lib/gcc/avr/4.8.1/avrxmega2/libgcc.a(_tablejump.o)
                              Bin/XModem.o (__tablejump2__)
/home/sk/avr8-gnu-toolchain-linux_x86/bin/../lib/gcc/avr/4.8.1/avrxmega2/libgcc.a(_copy_data.o)
                              Bin/Terminal.o (__do_copy_data)
/home/sk/avr8-gnu-toolchain-linux_x86/bin/../lib/gcc/avr/4.8.1/avrxmega2/libgcc.a(_clear_bss.o)
                              Bin/Configuration.o (__do_clear_bss)
/home/sk/avr8-gnu-toolchain-linux_x86/bin/../lib/gcc/avr/4.8.1/avrxmega2/libgcc.a(_mulshisi3.o)
                              Bin/Commands.o (__mulshisi3)
/home/sk/avr8-gnu-toolchain-linux_x86/bin/../lib/gcc/avr/4.8.1/avrxmega2/libgcc.a(_muluhisi3.o)
                              /home/sk/avr8-gnu-toolchain-linux_x86/bin/../lib/gcc/avr/4.8.1/avrxmega2/libgcc.a(_mulshisi3.o) (__muluhisi3)
/home/sk/avr8-gnu-toolchain-linux_x86/bin/../lib/gcc/avr/4.8.1/avrxmega2/libgcc.a(_umulhisi3.o)
                              /home/sk/avr8-gnu-toolchain-linux_x86/bin/../lib/gcc/avr/4.8.1/avrxmega2/libgcc.a(_muluhisi3.o) (__umulhisi3)
/home/sk/avr8-gnu-toolchain-linux_x86/bin/../lib/gcc/avr/4.8.1/../../../../avr/lib/avrxmega2/libc.a(rand.o)
                              Bin/Random.o (rand)
/home/sk/avr8-gnu-toolchain-linux_x86/bin/../lib/gcc/avr/4.8.1/../../../../avr/lib/avrxmega2/libc.a(memcpy_P.o)
                              Bin/Configuration.o (memcpy_P)
/home/sk/avr8-gnu-toolchain-linux_x86/bin/../lib/gcc/avr/4.8.1/../../../../avr/lib/avrxmega2/libc.a(strcmp_P.o)
                              Bin/Button.o (strcmp_P)
/home/sk/avr8-gnu-toolchain-linux_x86/bin/../lib/gcc/avr/4.8.1/../../../../avr/lib/avrxmega2/libc.a(strncpy_P.o)
                              Bin/Button.o (strncpy_P)
/home/sk/avr8-gnu-toolchain-linux_x86/bin/../lib/gcc/avr/4.8.1/../../../../avr/lib/avrxmega2/libc.a(memcmp.o)
                              Bin/HIDClassDevice.o (memcmp)
/home/sk/avr8-gnu-toolchain-linux_x86/bin/../lib/gcc/avr/4.8.1/../../../../avr/lib/avrxmega2/libc.a(memcpy.o)
                              Bin/HIDClassDevice.o (memcpy)
/home/sk/avr8-gnu-toolchain-linux_x86/bin/../lib/gcc/avr/4.8.1/../../../../avr/lib/avrxmega2/libc.a(memset.o)
                              Bin/HIDClassDevice.o (memset)
/home/sk/avr8-gnu-toolchain-linux_x86/bin/../lib/gcc/avr/4.8.1/../../../../avr/lib/avrxmega2/libc.a(snprintf_p.o)
                              Bin/Commands.o (snprintf_P)
/home/sk/avr8-gnu-toolchain-linux_x86/bin/../lib/gcc/avr/4.8.1/../../../../avr/lib/avrxmega2/libc.a(vfprintf_std.o)
                              /home/sk/avr8-gnu-toolchain-linux_x86/bin/../lib/gcc/avr/4.8.1/../../../../avr/lib/avrxmega2/libc.a(snprintf_p.o) (vfprintf)
/home/sk/avr8-gnu-toolchain-linux_x86/bin/../lib/gcc/avr/4.8.1/../../../../avr/lib/avrxmega2/libc.a(eerd_block_atxmega32a4u.o)
                              Bin/Settings.o (__eerd_block_x32a4u)
/home/sk/avr8-gnu-toolchain-linux_x86/bin/../lib/gcc/avr/4.8.1/../../../../avr/lib/avrxmega2/libc.a(eerd_byte_atxmega32a4u.o)
                              Bin/EndpointStream_XMEGA.o (__eerd_byte_x32a4u)
/home/sk/avr8-gnu-toolchain-linux_x86/bin/../lib/gcc/avr/4.8.1/../../../../avr/lib/avrxmega2/libc.a(eeupd_byte_atxmega32a4u.o)
                              Bin/EndpointStream_XMEGA.o (__eeupd_byte_x32a4u)
/home/sk/avr8-gnu-toolchain-linux_x86/bin/../lib/gcc/avr/4.8.1/../../../../avr/lib/avrxmega2/libc.a(eewr_block_atxmega32a4u.o)
                              Bin/Settings.o (__eewr_block_x32a4u)
/home/sk/avr8-gnu-toolchain-linux_x86/bin/../lib/gcc/avr/4.8.1/../../../../avr/lib/avrxmega2/libc.a(eewr_byte_atxmega32a4u.o)
                              /home/sk/avr8-gnu-toolchain-linux_x86/bin/../lib/gcc/avr/4.8.1/../../../../avr/lib/avrxmega2/libc.a(eeupd_byte_atxmega32a4u.o) (__eewr_r18_x32a4u)
/home/sk/avr8-gnu-toolchain-linux_x86/bin/../lib/gcc/avr/4.8.1/../../../../avr/lib/avrxmega2/libc.a(strnlen_P.o)
                              /home/sk/avr8-gnu-toolchain-linux_x86/bin/../lib/gcc/avr/4.8.1/../../../../avr/lib/avrxmega2/libc.a(vfprintf_std.o) (strnlen_P)
/home/sk/avr8-gnu-toolchain-linux_x86/bin/../lib/gcc/avr/4.8.1/../../../../avr/lib/avrxmega2/libc.a(strnlen.o)
                              /home/sk/avr8-gnu-toolchain-linux_x86/bin/../lib/gcc/avr/4.8.1/../../../../avr/lib/avrxmega2/libc.a(vfprintf_std.o) (strnlen)
/home/sk/avr8-gnu-toolchain-linux_x86/bin/../lib/gcc/avr/4.8.1/../../../../avr/lib/avrxmega2/libc.a(fputc.o)
                              /home/sk/avr8-gnu-toolchain-linux_x86/bin/../lib/gcc/avr/4.8.1/../../../../avr/lib/avrxmega2/libc.a(vfprintf_std.o) (fputc)
[...]
Memory Configuration

Name             Origin             Length             Attributes
text             0x00000000         0x00100000         xr
data             0x00802000         0x0000ffa0         rw !x
eeprom           0x00810000         0x00010000         rw !x
fuse             0x00820000         0x00000400         rw !x
lock             0x00830000         0x00000400         rw !x
signature        0x00840000         0x00000400         rw !x
user_signatures  0x00850000         0x00000400         rw !x
*default*        0x00000000         0xffffffff

Linker script and memory map

LOAD /home/sk/avr8-gnu-toolchain-linux_x86/bin/../lib/gcc/avr/4.8.1/../../../../avr/lib/avrxmega2/crtx32a4u.o
LOAD Bin/Chameleon-Mini.o
LOAD Bin/LUFADescriptors.o
LOAD Bin/System.o
LOAD Bin/Configuration.o
LOAD Bin/Random.o
LOAD Bin/Common.o
LOAD Bin/Memory.o
LOAD Bin/Button.o
LOAD Bin/Settings.o
LOAD Bin/LED.o
LOAD Bin/Terminal.o
LOAD Bin/Commands.o
LOAD Bin/XModem.o
LOAD Bin/CommandLine.o
LOAD Bin/Codec.o
LOAD Bin/ISO14443-2A.o
LOAD Bin/MifareClassic.o
LOAD Bin/ISO14443-3A.o
LOAD Bin/Crypto1.o
LOAD Bin/HIDParser.o
LOAD Bin/ConfigDescriptors.o
LOAD Bin/DeviceStandardReq.o
LOAD Bin/Events.o
LOAD Bin/HostStandardReq.o
LOAD Bin/USBTask.o
LOAD Bin/Device_XMEGA.o
LOAD Bin/EndpointStream_XMEGA.o
LOAD Bin/Endpoint_XMEGA.o
LOAD Bin/Host_XMEGA.o
LOAD Bin/PipeStream_XMEGA.o
LOAD Bin/Pipe_XMEGA.o
LOAD Bin/USBController_XMEGA.o
LOAD Bin/USBInterrupt_XMEGA.o
LOAD Bin/AudioClassDevice.o
LOAD Bin/CDCClassDevice.o
LOAD Bin/HIDClassDevice.o
LOAD Bin/MassStorageClassDevice.o
LOAD Bin/MIDIClassDevice.o
LOAD Bin/PrinterClassDevice.o
LOAD Bin/RNDISClassDevice.o
LOAD Bin/AndroidAccessoryClassHost.o
LOAD Bin/AudioClassHost.o
LOAD Bin/CDCClassHost.o
LOAD Bin/HIDClassHost.o
LOAD Bin/MassStorageClassHost.o
LOAD Bin/MIDIClassHost.o
LOAD Bin/PrinterClassHost.o
LOAD Bin/RNDISClassHost.o
LOAD Bin/StillImageClassHost.o
LOAD /home/sk/avr8-gnu-toolchain-linux_x86/bin/../lib/gcc/avr/4.8.1/../../../../avr/lib/avrxmega2/libm.a
START GROUP
LOAD /home/sk/avr8-gnu-toolchain-linux_x86/bin/../lib/gcc/avr/4.8.1/avrxmega2/libgcc.a
LOAD /home/sk/avr8-gnu-toolchain-linux_x86/bin/../lib/gcc/avr/4.8.1/../../../../avr/lib/avrxmega2/libm.a
LOAD /home/sk/avr8-gnu-toolchain-linux_x86/bin/../lib/gcc/avr/4.8.1/../../../../avr/lib/avrxmega2/libc.a
END GROUP

.hash
 *(.hash)

.dynsym
 *(.dynsym)

.dynstr
 *(.dynstr)

.gnu.version
 *(.gnu.version)

.gnu.version_d
 *(.gnu.version_d)

.gnu.version_r
 *(.gnu.version_r)

.rel.init
 *(.rel.init)

.rela.init
 *(.rela.init)

.rel.text
 *(.rel.text)
 *(.rel.text.*)
 *(.rel.gnu.linkonce.t*)

.rela.text
 *(.rela.text)
 *(.rela.text.*)
 *(.rela.gnu.linkonce.t*)

.rel.fini
 *(.rel.fini)

.rela.fini
 *(.rela.fini)

.rel.rodata
 *(.rel.rodata)
 *(.rel.rodata.*)
 *(.rel.gnu.linkonce.r*)

.rela.rodata
 *(.rela.rodata)
 *(.rela.rodata.*)
 *(.rela.gnu.linkonce.r*)

.rel.data
 *(.rel.data)
 *(.rel.data.*)
 *(.rel.gnu.linkonce.d*)

.rela.data
 *(.rela.data)
 *(.rela.data.*)
 *(.rela.gnu.linkonce.d*)

.rel.ctors
 *(.rel.ctors)

.rela.ctors
 *(.rela.ctors)

.rel.dtors
 *(.rel.dtors)

.rela.dtors
 *(.rela.dtors)

.rel.got
 *(.rel.got)

.rela.got
 *(.rela.got)

.rel.bss
 *(.rel.bss)

.rela.bss
 *(.rela.bss)

.rel.plt
 *(.rel.plt)

.rela.plt
 *(.rela.plt)

.text           0x00000000     0x4e9a
 *(.vectors)
 .vectors       0x00000000      0x1fc /home/sk/avr8-gnu-toolchain-linux_x86/bin/../lib/gcc/avr/4.8.1/../../../../avr/lib/avrxmega2/crtx32a4u.o
                0x00000000                __vectors
 *(.vectors)
 *(.progmem.gcc*)
 .progmem.gcc_sw_table.XModemProcessByte
                0x000001fc       0x12 Bin/XModem.o
 .progmem.gcc_sw_table.__vector_83
                0x0000020e       0x16 Bin/ISO14443-2A.o
 .progmem.gcc_sw_table.MifareClassicAppProcess
                0x00000224       0x14 Bin/MifareClassic.o
 .progmem.gcc_sw_table.USB_Device_ProcessControlRequest
                0x00000238       0x14 Bin/DeviceStandardReq.o
                0x0000024c                . = ALIGN (0x2)
                0x0000024c                __trampolines_start = .
 *(.trampolines)
 .trampolines   0x0000024c        0x0 linker stubs
 *(.trampolines*)
                0x0000024c                __trampolines_end = .
 *(.progmem*)
 .progmem.data  0x0000024c       0x8c Bin/LUFADescriptors.o
                0x0000024c                ProductString
                0x0000026a                ManufacturerString
                0x00000284                LanguageString
                0x00000288                ConfigurationDescriptor
                0x000002c6                DeviceDescriptor
 .progmem.data  0x000002d8       0x6f Bin/Configuration.o
 .progmem.data  0x00000347      0x120 Bin/Button.o
 .progmem.data  0x00000467       0x64 Bin/Commands.o
 .progmem.data  0x000004cb      0x22c Bin/CommandLine.o
                0x00000597                CommandTable
                0x000006f8                . = ALIGN (0x2)
 *fill*         0x000006f7        0x1 
 *(.jumptables)
 *(.jumptables*)
 *(.lowtext)
 *(.lowtext*)
                0x000006f8                __ctors_start = .
 *(.ctors)
                0x000006f8                __ctors_end = .
                0x000006f8                __dtors_start = .
 *(.dtors)
                0x000006f8                __dtors_end = .
 SORT(*)(.ctors)
 SORT(*)(.dtors)
 *(.init0)
 .init0         0x000006f8        0x0 /home/sk/avr8-gnu-toolchain-linux_x86/bin/../lib/gcc/avr/4.8.1/../../../../avr/lib/avrxmega2/crtx32a4u.o
                0x000006f8                __init
 *(.init0)
 *(.init1)
 *(.init1)
 *(.init2)
 .init2         0x000006f8        0xc /home/sk/avr8-gnu-toolchain-linux_x86/bin/../lib/gcc/avr/4.8.1/../../../../avr/lib/avrxmega2/crtx32a4u.o
 *(.init2)
 *(.init3)
 *(.init3)
 *(.init4)
 .init4         0x00000704       0x16 /home/sk/avr8-gnu-toolchain-linux_x86/bin/../lib/gcc/avr/4.8.1/avrxmega2/libgcc.a(_copy_data.o)
                0x00000704                __do_copy_data
 .init4         0x0000071a       0x10 /home/sk/avr8-gnu-toolchain-linux_x86/bin/../lib/gcc/avr/4.8.1/avrxmega2/libgcc.a(_clear_bss.o)
                0x0000071a                __do_clear_bss
 *(.init4)
 *(.init5)
 *(.init5)
 *(.init6)
 *(.init6)
 *(.init7)
 *(.init7)
 *(.init8)
 *(.init8)
 *(.init9)
 .init9         0x0000072a        0x6 /home/sk/avr8-gnu-toolchain-linux_x86/bin/../lib/gcc/avr/4.8.1/../../../../avr/lib/avrxmega2/crtx32a4u.o
 *(.init9)
 *(.text)
 .text          0x00000730        0x2 /home/sk/avr8-gnu-toolchain-linux_x86/bin/../lib/gcc/avr/4.8.1/../../../../avr/lib/avrxmega2/crtx32a4u.o
                0x00000730                __vector_38
                0x00000730                __vector_104
                0x00000730                __vector_63
                0x00000730                __vector_28
                0x00000730                __vector_67
                0x00000730                __vector_1
                0x00000730                __vector_119
                0x00000730                __vector_32
                0x00000730                __vector_75
                0x00000730                __vector_71
                0x00000730                __vector_91
                0x00000730                __vector_62
                0x00000730                __vector_77
                0x00000730                __vector_102
                0x00000730                __vector_24
                0x00000730                __vector_12
                0x00000730                __vector_55
                0x00000730                __vector_69
                0x00000730                __vector_81
                0x00000730                __vector_90
                0x00000730                __vector_46
                0x00000730                __bad_interrupt
                0x00000730                __vector_122
                0x00000730                __vector_72
                0x00000730                __vector_114
                0x00000730                __vector_6
                0x00000730                __vector_110
                0x00000730                __vector_31
                0x00000730                __vector_92
                0x00000730                __vector_35
                0x00000730                __vector_78
                0x00000730                __vector_74
                0x00000730                __vector_117
                0x00000730                __vector_39
                0x00000730                __vector_107
                0x00000730                __vector_3
                0x00000730                __vector_105
                0x00000730                __vector_98
                0x00000730                __vector_23
                0x00000730                __vector_68
                0x00000730                __vector_30
                0x00000730                __vector_73
                0x00000730                __vector_45
                0x00000730                __vector_25
                0x00000730                __vector_93
                0x00000730                __vector_61
                0x00000730                __vector_11
                0x00000730                __vector_54
                0x00000730                __vector_99
                0x00000730                __vector_13
                0x00000730                __vector_17
                0x00000730                __vector_19
                0x00000730                __vector_56
                0x00000730                __vector_7
                0x00000730                __vector_49
                0x00000730                __vector_123
                0x00000730                __vector_41
                0x00000730                __vector_86
                0x00000730                __vector_100
                0x00000730                __vector_101
                0x00000730                __vector_64
                0x00000730                __vector_88
                0x00000730                __vector_109
                0x00000730                __vector_43
                0x00000730                __vector_27
                0x00000730                __vector_5
                0x00000730                __vector_113
                0x00000730                __vector_33
                0x00000730                __vector_76
                0x00000730                __vector_115
                0x00000730                __vector_47
                0x00000730                __vector_52
                0x00000730                __vector_37
                0x00000730                __vector_95
                0x00000730                __vector_103
                0x00000730                __vector_96
                0x00000730                __vector_89
                0x00000730                __vector_108
                0x00000730                __vector_4
                0x00000730                __vector_44
                0x00000730                __vector_82
                0x00000730                __vector_106
                0x00000730                __vector_118
                0x00000730                __vector_51
                0x00000730                __vector_9
                0x00000730                __vector_2
                0x00000730                __vector_21
                0x00000730                __vector_15
                0x00000730                __vector_66
                0x00000730                __vector_36
                0x00000730                __vector_79
                0x00000730                __vector_58
                0x00000730                __vector_70
                0x00000730                __vector_29
                0x00000730                __vector_60
                0x00000730                __vector_121
                0x00000730                __vector_40
                0x00000730                __vector_85
                0x00000730                __vector_94
                0x00000730                __vector_126
                0x00000730                __vector_8
                0x00000730                __vector_26
                0x00000730                __vector_48
                0x00000730                __vector_124
                0x00000730                __vector_116
                0x00000730                __vector_112
                0x00000730                __vector_111
                0x00000730                __vector_80
                0x00000730                __vector_14
                0x00000730                __vector_84
                0x00000730                __vector_57
                0x00000730                __vector_53
                0x00000730                __vector_10
                0x00000730                __vector_50
                0x00000730                __vector_16
                0x00000730                __vector_59
                0x00000730                __vector_18
                0x00000730                __vector_97
                0x00000730                __vector_20
                0x00000730                __vector_42
                0x00000730                __vector_87
                0x00000730                __vector_65
                0x00000730                __vector_120
                0x00000732                . = ALIGN (0x2)
 *(.text.*)
 .text.startup.main
                0x00000732       0x76 Bin/Chameleon-Mini.o
                0x00000732                main
 .text.CALLBACK_USB_GetDescriptor
                0x000007a8       0x7c Bin/LUFADescriptors.o
                0x000007a8                CALLBACK_USB_GetDescriptor
 .text.__vector_default
                0x00000824        0xc Bin/System.o
                0x00000824                __vector_default
 .text.SystemInit
                0x00000830       0x6e Bin/System.o
                0x00000830                SystemInit
 .text.SystemReset
                0x0000089e        0xe Bin/System.o
                0x0000089e                SystemReset
 .text.SystemEnterBootloader
                0x000008ac        0xc Bin/System.o
                0x000008ac                SystemEnterBootloader
 .text.SystemStartUSBClock
                0x000008b8       0x32 Bin/System.o
                0x000008b8                SystemStartUSBClock
 .text.SystemStopUSBClock
                0x000008ea       0x1c Bin/System.o
                0x000008ea                SystemStopUSBClock
 .text.SystemInterruptInit
                0x00000906        0xc Bin/System.o
                0x00000906                SystemInterruptInit
 .text.CodecInitDummy
                0x00000912        0x2 Bin/Configuration.o
 .text.CodecTaskDummy
                0x00000914        0x2 Bin/Configuration.o
 .text.ApplicationInitDummy
                0x00000916        0x2 Bin/Configuration.o
 .text.ApplicationResetDummy
                0x00000918        0x2 Bin/Configuration.o
 .text.ApplicationTaskDummy
                0x0000091a        0x2 Bin/Configuration.o
 .text.ApplicationProcessDummy
                0x0000091c        0x6 Bin/Configuration.o
 .text.ApplicationGetUidDummy
                0x00000922        0x2 Bin/Configuration.o
 .text.ApplicationSetUidDummy
                0x00000924        0x2 Bin/Configuration.o
 .text.ConfigurationSetById
                0x00000926       0x36 Bin/Configuration.o
                0x00000926                ConfigurationSetById
 .text.ConfigurationInit
                0x0000095c        0xc Bin/Configuration.o
                0x0000095c                ConfigurationInit
 .text.ConfigurationSetByName
                0x00000968       0x7a Bin/Configuration.o
                0x00000968                ConfigurationSetByName
 .text.ConfigurationGetList
                0x000009e2       0x74 Bin/Configuration.o
                0x000009e2                ConfigurationGetList
 .text.RandomInit
                0x00000a56        0x2 Bin/Random.o
                0x00000a56                RandomInit
 .text.RandomGetByte
                0x00000a58        0x6 Bin/Random.o
                0x00000a58                RandomGetByte
 .text.RandomGetBuffer
                0x00000a5e       0x20 Bin/Random.o
                0x00000a5e                RandomGetBuffer
 .text.RandomTick
                0x00000a7e       0x10 Bin/Random.o
                0x00000a7e                RandomTick
 .text.BufferToHexString
                0x00000a8e       0x86 Bin/Common.o
                0x00000a8e                BufferToHexString
 .text.HexStringToBuffer
                0x00000b14       0x94 Bin/Common.o
                0x00000b14                HexStringToBuffer
 .text.MemoryReadBlock
                0x00000ba8       0x30 Bin/Memory.o
                0x00000ba8                MemoryReadBlock
 .text.MemoryWriteBlock
                0x00000bd8       0x2e Bin/Memory.o
                0x00000bd8                MemoryWriteBlock
 .text.MemoryClear
                0x00000c06       0x16 Bin/Memory.o
                0x00000c06                MemoryClear
 .text.MemoryRecall
                0x00000c1c       0xec Bin/Memory.o
                0x00000c1c                MemoryRecall
 .text.MemoryInit
                0x00000d08       0xfc Bin/Memory.o
                0x00000d08                MemoryInit
 .text.MemoryStore
                0x00000e04      0x27a Bin/Memory.o
                0x00000e04                MemoryStore
 .text.MemoryUploadBlock
                0x0000107e      0x392 Bin/Memory.o
                0x0000107e                MemoryUploadBlock
 .text.MemoryDownloadBlock
                0x00001410       0x7a Bin/Memory.o
                0x00001410                MemoryDownloadBlock
 .text.ButtonInit
                0x0000148a        0xe Bin/Button.o
                0x0000148a                ButtonInit
 .text.ButtonTick
                0x00001498      0x1ba Bin/Button.o
                0x00001498                ButtonTick
 .text.ButtonGetActionList
                0x00001652       0x72 Bin/Button.o
                0x00001652                ButtonGetActionList
 .text.ButtonGetActionByName
                0x000016c4       0x1c Bin/Button.o
                0x000016c4                ButtonGetActionByName
 .text.ButtonSetActionByName
                0x000016e0       0xc0 Bin/Button.o
                0x000016e0                ButtonSetActionByName
 .text.SettingsLoad
                0x000017a0       0x10 Bin/Settings.o
                0x000017a0                SettingsLoad
 .text.SettingsSave
                0x000017b0       0x10 Bin/Settings.o
                0x000017b0                SettingsSave
 .text.SettingsSetActiveById
                0x000017c0       0x3c Bin/Settings.o
                0x000017c0                SettingsSetActiveById
 .text.SettingsCycle
                0x000017fc       0xda Bin/Settings.o
                0x000017fc                SettingsCycle
 .text.SettingsGetActiveByName
                0x000018d6        0xe Bin/Settings.o
                0x000018d6                SettingsGetActiveByName
 .text.SettingsSetActiveByName
                0x000018e4       0x1a Bin/Settings.o
                0x000018e4                SettingsSetActiveByName
 .text.TerminalSendString
                0x000018fe        0xa Bin/Terminal.o
                0x000018fe                TerminalSendString
 .text.TerminalSendStringP
                0x00001908       0x28 Bin/Terminal.o
                0x00001908                TerminalSendStringP
 .text.TerminalSendBlock
                0x00001930        0xc Bin/Terminal.o
                0x00001930                TerminalSendBlock
 .text.TerminalInit
                0x0000193c        0xa Bin/Terminal.o
                0x0000193c                TerminalInit
 .text.TerminalTask
                0x00001946       0x3e Bin/Terminal.o
                0x00001946                TerminalTask
 .text.TerminalTick
                0x00001984       0x80 Bin/Terminal.o
                0x00001984                TerminalTick
 .text.EVENT_USB_Device_Connect
                0x00001a04        0xa Bin/Terminal.o
                0x00001a04                EVENT_USB_Device_Connect
 .text.EVENT_USB_Device_Disconnect
                0x00001a0e        0xa Bin/Terminal.o
                0x00001a0e                EVENT_USB_Device_Disconnect
 .text.EVENT_USB_Device_ConfigurationChanged
                0x00001a18        0x8 Bin/Terminal.o
                0x00001a18                EVENT_USB_Device_ConfigurationChanged
 .text.EVENT_USB_Device_ControlRequest
                0x00001a20        0x8 Bin/Terminal.o
                0x00001a20                EVENT_USB_Device_ControlRequest
 .text.CommandGetVersion
                0x00001a28       0x3c Bin/Commands.o
                0x00001a28                CommandGetVersion
 .text.CommandGetConfig
                0x00001a64       0x2c Bin/Commands.o
                0x00001a64                CommandGetConfig
 .text.CommandSetConfig
                0x00001a90       0x12 Bin/Commands.o
                0x00001a90                CommandSetConfig
 .text.CommandExecConfig
                0x00001aa2        0xc Bin/Commands.o
                0x00001aa2                CommandExecConfig
 .text.CommandGetUid
                0x00001aae       0x54 Bin/Commands.o
                0x00001aae                CommandGetUid
 .text.CommandSetUid
                0x00001b02       0xa4 Bin/Commands.o
                0x00001b02                CommandSetUid
 .text.CommandGetReadOnly
                0x00001ba6       0x24 Bin/Commands.o
                0x00001ba6                CommandGetReadOnly
 .text.CommandSetReadOnly
                0x00001bca       0x28 Bin/Commands.o
                0x00001bca                CommandSetReadOnly
 .text.CommandExecUpload
                0x00001bf2        0xa Bin/Commands.o
                0x00001bf2                CommandExecUpload
 .text.CommandExecDownload
                0x00001bfc        0xa Bin/Commands.o
                0x00001bfc                CommandExecDownload
 .text.CommandExecReset
                0x00001c06       0x16 Bin/Commands.o
                0x00001c06                CommandExecReset
 .text.CommandExecUpgrade
                0x00001c1c       0x16 Bin/Commands.o
                0x00001c1c                CommandExecUpgrade
 .text.CommandGetMemSize
                0x00001c32       0x30 Bin/Commands.o
                0x00001c32                CommandGetMemSize
 .text.CommandGetUidSize
                0x00001c62       0x2c Bin/Commands.o
                0x00001c62                CommandGetUidSize
 .text.CommandExecButton
                0x00001c8e        0xa Bin/Commands.o
                0x00001c8e                CommandExecButton
 .text.CommandGetButton
                0x00001c98        0xa Bin/Commands.o
                0x00001c98                CommandGetButton
 .text.CommandSetButton
                0x00001ca2       0x10 Bin/Commands.o
                0x00001ca2                CommandSetButton
 .text.CommandGetSetting
                0x00001cb2        0xa Bin/Commands.o
                0x00001cb2                CommandGetSetting
 .text.CommandSetSetting
                0x00001cbc       0x10 Bin/Commands.o
                0x00001cbc                CommandSetSetting
 .text.CommandExecClear
                0x00001ccc        0x8 Bin/Commands.o
                0x00001ccc                CommandExecClear
 .text.CommandExecHelp
                0x00001cd4       0x94 Bin/Commands.o
                0x00001cd4                CommandExecHelp
 .text.CommandGetRssi
                0x00001d68       0x68 Bin/Commands.o
                0x00001d68                CommandGetRssi
 .text.XModemReceive
                0x00001dd0       0x30 Bin/XModem.o
                0x00001dd0                XModemReceive
 .text.XModemSend
                0x00001e00       0x26 Bin/XModem.o
                0x00001e00                XModemSend
 .text.XModemProcessByte
                0x00001e26      0x2c2 Bin/XModem.o
                0x00001e26                XModemProcessByte
 .text.XModemTick
                0x000020e8       0x5c Bin/XModem.o
                0x000020e8                XModemTick
 .text.CommandLineProcessByte
                0x00002144      0x34c Bin/CommandLine.o
                0x00002144                CommandLineProcessByte
 .text.CommandLineTick
                0x00002490        0x2 Bin/CommandLine.o
                0x00002490                CommandLineTick
 .text.StartDemod
                0x00002492       0x3c Bin/ISO14443-2A.o
 .text.__vector_34
                0x000024ce       0x88 Bin/ISO14443-2A.o
                0x000024ce                __vector_34
 .text.__vector_22
                0x00002556      0x174 Bin/ISO14443-2A.o
                0x00002556                __vector_22
 .text.__vector_83
                0x000026ca      0x1bc Bin/ISO14443-2A.o
                0x000026ca                __vector_83
 .text.ISO14443ACodecInit
                0x00002886       0x6e Bin/ISO14443-2A.o
                0x00002886                ISO14443ACodecInit
 .text.ISO14443ACodecTask
                0x000028f4       0xf6 Bin/ISO14443-2A.o
                0x000028f4                ISO14443ACodecTask
 .text.MifareClassicAppInit1K
                0x000029ea       0x1a Bin/MifareClassic.o
                0x000029ea                MifareClassicAppInit1K
 .text.MifareClassicAppInit4K
                0x00002a04       0x1a Bin/MifareClassic.o
                0x00002a04                MifareClassicAppInit4K
 .text.MifareClassicAppReset
                0x00002a1e        0x8 Bin/MifareClassic.o
                0x00002a1e                MifareClassicAppReset
 .text.MifareClassicAppTask
                0x00002a26        0x2 Bin/MifareClassic.o
                0x00002a26                MifareClassicAppTask
 .text.MifareClassicAppProcess
                0x00002a28      0x7a6 Bin/MifareClassic.o
                0x00002a28                MifareClassicAppProcess
 .text.MifareClassicGetUid
                0x000031ce        0xc Bin/MifareClassic.o
                0x000031ce                MifareClassicGetUid
 .text.MifareClassicSetUid
                0x000031da       0x40 Bin/MifareClassic.o
                0x000031da                MifareClassicSetUid
 .text.ISO14443AAppendCRCA
                0x0000321a       0x5c Bin/ISO14443-3A.o
                0x0000321a                ISO14443AAppendCRCA
 .text.ISO14443ACheckCRCA
                0x00003276       0x7c Bin/ISO14443-3A.o
                0x00003276                ISO14443ACheckCRCA
 .text.Crypto1LFSR
                0x000032f2       0x8c Bin/Crypto1.o
 .text.Crypto1FilterOutput
                0x0000337e       0x64 Bin/Crypto1.o
                0x0000337e                Crypto1FilterOutput
 .text.Crypto1Setup
                0x000033e2      0x19a Bin/Crypto1.o
                0x000033e2                Crypto1Setup
 .text.Crypto1Auth
                0x0000357c       0x4a Bin/Crypto1.o
                0x0000357c                Crypto1Auth
 .text.Crypto1Byte
                0x000035c6       0x26 Bin/Crypto1.o
                0x000035c6                Crypto1Byte
 .text.Crypto1Nibble
                0x000035ec       0x26 Bin/Crypto1.o
                0x000035ec                Crypto1Nibble
 .text.Crypto1PRNG
                0x00003612       0xa0 Bin/Crypto1.o
                0x00003612                Crypto1PRNG
 .text.USB_Device_ProcessControlRequest
                0x000036b2      0x240 Bin/DeviceStandardReq.o
                0x000036b2                USB_Device_ProcessControlRequest
 .text.USB_Event_Stub
                0x000038f2        0x2 Bin/Events.o
                0x000038f2                EVENT_USB_Device_WakeUp
                0x000038f2                USB_Event_Stub
                0x000038f2                EVENT_USB_Device_Suspend
                0x000038f2                EVENT_USB_Device_StartOfFrame
                0x000038f2                EVENT_USB_Device_Reset
 .text.USB_USBTask
                0x000038f4       0x2a Bin/USBTask.o
                0x000038f4                USB_USBTask
 .text.Endpoint_Write_Stream_LE
                0x0000391e       0xc8 Bin/EndpointStream_XMEGA.o
                0x0000391e                Endpoint_Write_Stream_LE
 .text.Endpoint_Write_Control_Stream_LE
                0x000039e6      0x12a Bin/EndpointStream_XMEGA.o
                0x000039e6                Endpoint_Write_Control_Stream_LE
 .text.Endpoint_Write_Control_PStream_LE
                0x00003b10      0x158 Bin/EndpointStream_XMEGA.o
                0x00003b10                Endpoint_Write_Control_PStream_LE
 .text.Endpoint_ClearIN
                0x00003c68       0x32 Bin/Endpoint_XMEGA.o
                0x00003c68                Endpoint_ClearIN
 .text.Endpoint_ClearOUT
                0x00003c9a       0x1e Bin/Endpoint_XMEGA.o
                0x00003c9a                Endpoint_ClearOUT
 .text.Endpoint_Read_8
                0x00003cb8       0x20 Bin/Endpoint_XMEGA.o
                0x00003cb8                Endpoint_Read_8
 .text.Endpoint_Write_8
                0x00003cd8       0x20 Bin/Endpoint_XMEGA.o
                0x00003cd8                Endpoint_Write_8
 .text.Endpoint_SelectEndpoint
                0x00003cf8       0x72 Bin/Endpoint_XMEGA.o
                0x00003cf8                Endpoint_SelectEndpoint
 .text.Endpoint_IsINReady
                0x00003d6a       0x18 Bin/Endpoint_XMEGA.o
                0x00003d6a                Endpoint_IsINReady
 .text.Endpoint_IsOUTReceived
                0x00003d82       0x32 Bin/Endpoint_XMEGA.o
                0x00003d82                Endpoint_IsOUTReceived
 .text.Endpoint_IsSETUPReceived
                0x00003db4       0x32 Bin/Endpoint_XMEGA.o
                0x00003db4                Endpoint_IsSETUPReceived
 .text.Endpoint_ClearSETUP
                0x00003de6       0x58 Bin/Endpoint_XMEGA.o
                0x00003de6                Endpoint_ClearSETUP
 .text.Endpoint_StallTransaction
                0x00003e3e       0x38 Bin/Endpoint_XMEGA.o
                0x00003e3e                Endpoint_StallTransaction
 .text.Endpoint_ConfigureEndpoint_PRV
                0x00003e76       0x96 Bin/Endpoint_XMEGA.o
                0x00003e76                Endpoint_ConfigureEndpoint_PRV
 .text.Endpoint_ConfigureEndpointTable
                0x00003f0c       0xd8 Bin/Endpoint_XMEGA.o
                0x00003f0c                Endpoint_ConfigureEndpointTable
 .text.Endpoint_ClearEndpoints
                0x00003fe4       0x70 Bin/Endpoint_XMEGA.o
                0x00003fe4                Endpoint_ClearEndpoints
 .text.Endpoint_ClearStatusStage
                0x00004054       0x2c Bin/Endpoint_XMEGA.o
                0x00004054                Endpoint_ClearStatusStage
 .text.Endpoint_WaitUntilReady
                0x00004080       0xa6 Bin/Endpoint_XMEGA.o
                0x00004080                Endpoint_WaitUntilReady
 .text.USB_Disable
                0x00004126       0x1a Bin/USBController_XMEGA.o
                0x00004126                USB_Disable
 .text.USB_ResetInterface
                0x00004140       0x5c Bin/USBController_XMEGA.o
                0x00004140                USB_ResetInterface
 .text.USB_Init
                0x0000419c       0x50 Bin/USBController_XMEGA.o
                0x0000419c                USB_Init
 .text.USB_INT_DisableAllInterrupts
                0x000041ec        0xe Bin/USBInterrupt_XMEGA.o
                0x000041ec                USB_INT_DisableAllInterrupts
 .text.USB_INT_ClearAllInterrupts
                0x000041fa        0xc Bin/USBInterrupt_XMEGA.o
                0x000041fa                USB_INT_ClearAllInterrupts
 .text.__vector_125
                0x00004206       0xda Bin/USBInterrupt_XMEGA.o
                0x00004206                __vector_125
 .text.CDC_Device_ConfigureEndpoints
                0x000042e0       0x4a Bin/CDCClassDevice.o
                0x000042e0                CDC_Device_ConfigureEndpoints
 .text.CDC_Device_SendString
                0x0000432a       0x4a Bin/CDCClassDevice.o
                0x0000432a                CDC_Device_SendString
 .text.CDC_Device_SendData
                0x00004374       0x54 Bin/CDCClassDevice.o
                0x00004374                CDC_Device_SendData
 .text.CDC_Device_SendByte
                0x000043c8       0x6a Bin/CDCClassDevice.o
                0x000043c8                CDC_Device_SendByte
 .text.CDC_Device_Flush
                0x00004432       0x7c Bin/CDCClassDevice.o
                0x00004432                CDC_Device_Flush
 .text.CDC_Device_USBTask
                0x000044ae       0x36 Bin/CDCClassDevice.o
                0x000044ae                CDC_Device_USBTask
 .text.CDC_Device_ReceiveByte
                0x000044e4       0xb8 Bin/CDCClassDevice.o
                0x000044e4                CDC_Device_ReceiveByte
 .text.CDC_Device_Event_Stub
                0x0000459c        0x2 Bin/CDCClassDevice.o
                0x0000459c                EVENT_CDC_Device_LineEncodingChanged
                0x0000459c                EVENT_CDC_Device_ControLineStateChanged
                0x0000459c                EVENT_CDC_Device_BreakSent
                0x0000459c                CDC_Device_Event_Stub
 .text.CDC_Device_ProcessControlRequest
                0x0000459e      0x134 Bin/CDCClassDevice.o
                0x0000459e                CDC_Device_ProcessControlRequest
 .text.libgcc   0x000046d2        0xc /home/sk/avr8-gnu-toolchain-linux_x86/bin/../lib/gcc/avr/4.8.1/avrxmega2/libgcc.a(_tablejump.o)
                0x000046d2                __tablejump2__
                0x000046d6                __tablejump__
 .text.libgcc.mul
                0x000046de        0xc /home/sk/avr8-gnu-toolchain-linux_x86/bin/../lib/gcc/avr/4.8.1/avrxmega2/libgcc.a(_mulshisi3.o)
                0x000046de                __mulshisi3
                0x000046e2                __mulohisi3
 .text.libgcc.mul
                0x000046ea       0x14 /home/sk/avr8-gnu-toolchain-linux_x86/bin/../lib/gcc/avr/4.8.1/avrxmega2/libgcc.a(_muluhisi3.o)
                0x000046ea                __muluhisi3
 .text.libgcc.mul
                0x000046fe       0x1e /home/sk/avr8-gnu-toolchain-linux_x86/bin/../lib/gcc/avr/4.8.1/avrxmega2/libgcc.a(_umulhisi3.o)
                0x000046fe                __umulhisi3
 .text.avr-libc
                0x0000471c       0xae /home/sk/avr8-gnu-toolchain-linux_x86/bin/../lib/gcc/avr/4.8.1/../../../../avr/lib/avrxmega2/libc.a(rand.o)
                0x000047ac                rand_r
                0x000047ae                rand
                0x000047b4                srand
 .text.avr-libc
                0x000047ca       0x12 /home/sk/avr8-gnu-toolchain-linux_x86/bin/../lib/gcc/avr/4.8.1/../../../../avr/lib/avrxmega2/libc.a(memcpy_P.o)
                0x000047ca                memcpy_P
 .text.avr-libc
                0x000047dc       0x12 /home/sk/avr8-gnu-toolchain-linux_x86/bin/../lib/gcc/avr/4.8.1/../../../../avr/lib/avrxmega2/libc.a(strcmp_P.o)
                0x000047dc                strcmp_P
 .text.avr-libc
                0x000047ee       0x1e /home/sk/avr8-gnu-toolchain-linux_x86/bin/../lib/gcc/avr/4.8.1/../../../../avr/lib/avrxmega2/libc.a(strncpy_P.o)
                0x000047ee                strncpy_P
 .text.avr-libc
                0x0000480c       0x12 /home/sk/avr8-gnu-toolchain-linux_x86/bin/../lib/gcc/avr/4.8.1/../../../../avr/lib/avrxmega2/libc.a(memcpy.o)
                0x0000480c                memcpy
 .text.avr-libc
                0x0000481e       0x5a /home/sk/avr8-gnu-toolchain-linux_x86/bin/../lib/gcc/avr/4.8.1/../../../../avr/lib/avrxmega2/libc.a(snprintf_p.o)
                0x0000481e                snprintf_P
 .text.avr-libc
                0x00004878      0x386 /home/sk/avr8-gnu-toolchain-linux_x86/bin/../lib/gcc/avr/4.8.1/../../../../avr/lib/avrxmega2/libc.a(vfprintf_std.o)
                0x00004878                vfprintf
 .text.avr-libc
                0x00004bfe       0x16 /home/sk/avr8-gnu-toolchain-linux_x86/bin/../lib/gcc/avr/4.8.1/../../../../avr/lib/avrxmega2/libc.a(eerd_block_atxmega32a4u.o)
                0x00004bfe                __eerd_block_x32a4u
 .text.avr-libc
                0x00004c14       0x12 /home/sk/avr8-gnu-toolchain-linux_x86/bin/../lib/gcc/avr/4.8.1/../../../../avr/lib/avrxmega2/libc.a(eewr_block_atxmega32a4u.o)
                0x00004c14                __eewr_block_x32a4u
 .text.avr-libc
                0x00004c26       0x46 /home/sk/avr8-gnu-toolchain-linux_x86/bin/../lib/gcc/avr/4.8.1/../../../../avr/lib/avrxmega2/libc.a(eewr_byte_atxmega32a4u.o)
                0x00004c26                __eewr_byte_x32a4u
                0x00004c28                __eewr_r18_x32a4u
 .text.avr-libc
                0x00004c6c       0x16 /home/sk/avr8-gnu-toolchain-linux_x86/bin/../lib/gcc/avr/4.8.1/../../../../avr/lib/avrxmega2/libc.a(strnlen_P.o)
                0x00004c6c                strnlen_P
 .text.avr-libc
                0x00004c82       0x16 /home/sk/avr8-gnu-toolchain-linux_x86/bin/../lib/gcc/avr/4.8.1/../../../../avr/lib/avrxmega2/libc.a(strnlen.o)
                0x00004c82                strnlen
 .text.avr-libc
                0x00004c98       0x64 /home/sk/avr8-gnu-toolchain-linux_x86/bin/../lib/gcc/avr/4.8.1/../../../../avr/lib/avrxmega2/libc.a(fputc.o)
                0x00004c98                fputc
 .text.avr-libc
                0x00004cfc       0xbc /home/sk/avr8-gnu-toolchain-linux_x86/bin/../lib/gcc/avr/4.8.1/../../../../avr/lib/avrxmega2/libc.a(ultoa_invert.o)
                0x00004cfc                __ultoa_invert
 .text.libgcc.div
                0x00004db8       0x28 /home/sk/avr8-gnu-toolchain-linux_x86/bin/../lib/gcc/avr/4.8.1/avrxmega2/libgcc.a(_divmodsi4.o)
                0x00004db8                __divmodsi4
 .text.libgcc.div
                0x00004de0       0x10 /home/sk/avr8-gnu-toolchain-linux_x86/bin/../lib/gcc/avr/4.8.1/avrxmega2/libgcc.a(_negsi2.o)
                0x00004de0                __negsi2
 .text.libgcc.prologue
                0x00004df0       0x32 /home/sk/avr8-gnu-toolchain-linux_x86/bin/../lib/gcc/avr/4.8.1/avrxmega2/libgcc.a(_prologue.o)
                0x00004df0                __prologue_saves__
 .text.libgcc.prologue
                0x00004e22       0x30 /home/sk/avr8-gnu-toolchain-linux_x86/bin/../lib/gcc/avr/4.8.1/avrxmega2/libgcc.a(_epilogue.o)
                0x00004e22                __epilogue_restores__
 .text.libgcc.div
                0x00004e52       0x44 /home/sk/avr8-gnu-toolchain-linux_x86/bin/../lib/gcc/avr/4.8.1/avrxmega2/libgcc.a(_udivmodsi4.o)
                0x00004e52                __udivmodsi4
                0x00004e96                . = ALIGN (0x2)
 *(.fini9)
 .fini9         0x00004e96        0x0 /home/sk/avr8-gnu-toolchain-linux_x86/bin/../lib/gcc/avr/4.8.1/avrxmega2/libgcc.a(_exit.o)
                0x00004e96                exit
                0x00004e96                _exit
 *(.fini9)
 *(.fini8)
 *(.fini8)
 *(.fini7)
 *(.fini7)
 *(.fini6)
 *(.fini6)
 *(.fini5)
 *(.fini5)
 *(.fini4)
 *(.fini4)
 *(.fini3)
 *(.fini3)
 *(.fini2)
 *(.fini2)
 *(.fini1)
 *(.fini1)
 *(.fini0)
 .fini0         0x00004e96        0x4 /home/sk/avr8-gnu-toolchain-linux_x86/bin/../lib/gcc/avr/4.8.1/avrxmega2/libgcc.a(_exit.o)
 *(.fini0)
                0x00004e9a                _etext = .

.data           0x00802000       0x92 load address 0x00004e9a
                0x00802000                PROVIDE (__data_start, .)
 *(.data)
 .data          0x00802000        0x0 /home/sk/avr8-gnu-toolchain-linux_x86/bin/../lib/gcc/avr/4.8.1/../../../../avr/lib/avrxmega2/crtx32a4u.o
 .data          0x00802000        0x0 Bin/Chameleon-Mini.o
 .data          0x00802000        0x0 Bin/LUFADescriptors.o
 .data          0x00802000        0x0 Bin/System.o
 .data          0x00802000        0x0 Bin/Configuration.o
 .data          0x00802000        0x0 Bin/Random.o
 .data          0x00802000        0x0 Bin/Common.o
 .data          0x00802000        0x0 Bin/Memory.o
 .data          0x00802000        0x0 Bin/Button.o
 .data          0x00802000        0x0 Bin/Settings.o
 .data          0x00802000        0x0 Bin/LED.o
 .data          0x00802000       0x1c Bin/Terminal.o
                0x00802001                TerminalHandle
 .data          0x0080201c        0x0 Bin/Commands.o
 .data          0x0080201c        0x0 Bin/XModem.o
 .data          0x0080201c        0x0 Bin/CommandLine.o
 .data          0x0080201c        0x0 Bin/Codec.o
 .data          0x0080201c        0x0 Bin/ISO14443-2A.o
 .data          0x0080201c        0x0 Bin/MifareClassic.o
 .data          0x0080201c        0x0 Bin/ISO14443-3A.o
 .data          0x0080201c        0x0 Bin/Crypto1.o
 .data          0x0080201c        0x0 Bin/HIDParser.o
 .data          0x0080201c        0x0 Bin/ConfigDescriptors.o
 .data          0x0080201c        0x0 Bin/DeviceStandardReq.o
 .data          0x0080201c        0x0 Bin/Events.o
 .data          0x0080201c        0x0 Bin/HostStandardReq.o
 .data          0x0080201c        0x0 Bin/USBTask.o
 .data          0x0080201c        0x0 Bin/Device_XMEGA.o
 .data          0x0080201c        0x0 Bin/EndpointStream_XMEGA.o
 .data          0x0080201c        0x0 Bin/Endpoint_XMEGA.o
 .data          0x0080201c        0x0 Bin/Host_XMEGA.o
 .data          0x0080201c        0x0 Bin/PipeStream_XMEGA.o
 .data          0x0080201c        0x0 Bin/Pipe_XMEGA.o
 .data          0x0080201c        0x0 Bin/USBController_XMEGA.o
 .data          0x0080201c        0x0 Bin/USBInterrupt_XMEGA.o
 .data          0x0080201c        0x0 Bin/AudioClassDevice.o
 .data          0x0080201c        0x0 Bin/CDCClassDevice.o
 .data          0x0080201c        0x0 Bin/HIDClassDevice.o
 .data          0x0080201c        0x0 Bin/MassStorageClassDevice.o
 .data          0x0080201c        0x0 Bin/MIDIClassDevice.o
 .data          0x0080201c        0x0 Bin/PrinterClassDevice.o
 .data          0x0080201c        0x0 Bin/RNDISClassDevice.o
 .data          0x0080201c        0x0 Bin/AndroidAccessoryClassHost.o
 .data          0x0080201c        0x0 Bin/AudioClassHost.o
 .data          0x0080201c        0x0 Bin/CDCClassHost.o
 .data          0x0080201c        0x0 Bin/HIDClassHost.o
 .data          0x0080201c        0x0 Bin/MassStorageClassHost.o
 .data          0x0080201c        0x0 Bin/MIDIClassHost.o
 .data          0x0080201c        0x0 Bin/PrinterClassHost.o
 .data          0x0080201c        0x0 Bin/RNDISClassHost.o
 .data          0x0080201c        0x0 Bin/StillImageClassHost.o
 .data          0x0080201c        0x0 /home/sk/avr8-gnu-toolchain-linux_x86/bin/../lib/gcc/avr/4.8.1/avrxmega2/libgcc.a(_exit.o)
 .data          0x0080201c        0x0 /home/sk/avr8-gnu-toolchain-linux_x86/bin/../lib/gcc/avr/4.8.1/avrxmega2/libgcc.a(_tablejump.o)
 .data          0x0080201c        0x0 /home/sk/avr8-gnu-toolchain-linux_x86/bin/../lib/gcc/avr/4.8.1/avrxmega2/libgcc.a(_copy_data.o)
 .data          0x0080201c        0x0 /home/sk/avr8-gnu-toolchain-linux_x86/bin/../lib/gcc/avr/4.8.1/avrxmega2/libgcc.a(_clear_bss.o)
 .data          0x0080201c        0x0 /home/sk/avr8-gnu-toolchain-linux_x86/bin/../lib/gcc/avr/4.8.1/avrxmega2/libgcc.a(_mulshisi3.o)
 .data          0x0080201c        0x0 /home/sk/avr8-gnu-toolchain-linux_x86/bin/../lib/gcc/avr/4.8.1/avrxmega2/libgcc.a(_muluhisi3.o)
 .data          0x0080201c        0x0 /home/sk/avr8-gnu-toolchain-linux_x86/bin/../lib/gcc/avr/4.8.1/avrxmega2/libgcc.a(_umulhisi3.o)
 .data          0x0080201c        0x4 /home/sk/avr8-gnu-toolchain-linux_x86/bin/../lib/gcc/avr/4.8.1/../../../../avr/lib/avrxmega2/libc.a(rand.o)
 .data          0x00802020        0x0 /home/sk/avr8-gnu-toolchain-linux_x86/bin/../lib/gcc/avr/4.8.1/../../../../avr/lib/avrxmega2/libc.a(memcpy_P.o)
 .data          0x00802020        0x0 /home/sk/avr8-gnu-toolchain-linux_x86/bin/../lib/gcc/avr/4.8.1/../../../../avr/lib/avrxmega2/libc.a(strcmp_P.o)
 .data          0x00802020        0x0 /home/sk/avr8-gnu-toolchain-linux_x86/bin/../lib/gcc/avr/4.8.1/../../../../avr/lib/avrxmega2/libc.a(strncpy_P.o)
 .data          0x00802020        0x0 /home/sk/avr8-gnu-toolchain-linux_x86/bin/../lib/gcc/avr/4.8.1/../../../../avr/lib/avrxmega2/libc.a(memcmp.o)
 .data          0x00802020        0x0 /home/sk/avr8-gnu-toolchain-linux_x86/bin/../lib/gcc/avr/4.8.1/../../../../avr/lib/avrxmega2/libc.a(memcpy.o)
 .data          0x00802020        0x0 /home/sk/avr8-gnu-toolchain-linux_x86/bin/../lib/gcc/avr/4.8.1/../../../../avr/lib/avrxmega2/libc.a(memset.o)
 .data          0x00802020        0x0 /home/sk/avr8-gnu-toolchain-linux_x86/bin/../lib/gcc/avr/4.8.1/../../../../avr/lib/avrxmega2/libc.a(snprintf_p.o)
 .data          0x00802020        0x0 /home/sk/avr8-gnu-toolchain-linux_x86/bin/../lib/gcc/avr/4.8.1/../../../../avr/lib/avrxmega2/libc.a(vfprintf_std.o)
 .data          0x00802020        0x0 /home/sk/avr8-gnu-toolchain-linux_x86/bin/../lib/gcc/avr/4.8.1/../../../../avr/lib/avrxmega2/libc.a(eerd_block_atxmega32a4u.o)
 .data          0x00802020        0x0 /home/sk/avr8-gnu-toolchain-linux_x86/bin/../lib/gcc/avr/4.8.1/../../../../avr/lib/avrxmega2/libc.a(eerd_byte_atxmega32a4u.o)
 .data          0x00802020        0x0 /home/sk/avr8-gnu-toolchain-linux_x86/bin/../lib/gcc/avr/4.8.1/../../../../avr/lib/avrxmega2/libc.a(eeupd_byte_atxmega32a4u.o)
 .data          0x00802020        0x0 /home/sk/avr8-gnu-toolchain-linux_x86/bin/../lib/gcc/avr/4.8.1/../../../../avr/lib/avrxmega2/libc.a(eewr_block_atxmega32a4u.o)
 .data          0x00802020        0x0 /home/sk/avr8-gnu-toolchain-linux_x86/bin/../lib/gcc/avr/4.8.1/../../../../avr/lib/avrxmega2/libc.a(eewr_byte_atxmega32a4u.o)
 .data          0x00802020        0x0 /home/sk/avr8-gnu-toolchain-linux_x86/bin/../lib/gcc/avr/4.8.1/../../../../avr/lib/avrxmega2/libc.a(strnlen_P.o)
 .data          0x00802020        0x0 /home/sk/avr8-gnu-toolchain-linux_x86/bin/../lib/gcc/avr/4.8.1/../../../../avr/lib/avrxmega2/libc.a(strnlen.o)
 .data          0x00802020        0x0 /home/sk/avr8-gnu-toolchain-linux_x86/bin/../lib/gcc/avr/4.8.1/../../../../avr/lib/avrxmega2/libc.a(fputc.o)
 .data          0x00802020        0x0 /home/sk/avr8-gnu-toolchain-linux_x86/bin/../lib/gcc/avr/4.8.1/../../../../avr/lib/avrxmega2/libc.a(ultoa_invert.o)
 .data          0x00802020        0x0 /home/sk/avr8-gnu-toolchain-linux_x86/bin/../lib/gcc/avr/4.8.1/avrxmega2/libgcc.a(_divmodsi4.o)
 .data          0x00802020        0x0 /home/sk/avr8-gnu-toolchain-linux_x86/bin/../lib/gcc/avr/4.8.1/avrxmega2/libgcc.a(_negsi2.o)
 .data          0x00802020        0x0 /home/sk/avr8-gnu-toolchain-linux_x86/bin/../lib/gcc/avr/4.8.1/avrxmega2/libgcc.a(_prologue.o)
 .data          0x00802020        0x0 /home/sk/avr8-gnu-toolchain-linux_x86/bin/../lib/gcc/avr/4.8.1/avrxmega2/libgcc.a(_epilogue.o)
 .data          0x00802020        0x0 /home/sk/avr8-gnu-toolchain-linux_x86/bin/../lib/gcc/avr/4.8.1/avrxmega2/libgcc.a(_udivmodsi4.o)
 *(.data*)
 *(.rodata)
 .rodata        0x00802020       0x70 Bin/Crypto1.o
 *(.rodata*)
 .rodata.str1.1
                0x00802090        0x1 Bin/Commands.o
 *(.gnu.linkonce.d*)
                0x00802092                . = ALIGN (0x2)
 *fill*         0x00802091        0x1 
                0x00802092                _edata = .
                0x00802092                PROVIDE (__data_end, .)

.bss            0x00802092      0xa0b
                0x00802092                PROVIDE (__bss_start, .)
 *(.bss)
 .bss           0x00802092      0x400 Bin/Memory.o
 .bss           0x00802492        0x1 Bin/Button.o
 .bss           0x00802493        0x1 Bin/LED.o
                0x00802493                LEDPulseMask
 .bss           0x00802494        0x1 Bin/Terminal.o
                0x00802494                TerminalState
 .bss           0x00802495        0xe Bin/XModem.o
 .bss           0x008024a3        0x2 Bin/CommandLine.o
 .bss           0x008024a5       0x10 Bin/ISO14443-2A.o
 .bss           0x008024b5       0x1d Bin/MifareClassic.o
 .bss           0x008024d2        0x6 Bin/Crypto1.o
 *(.bss*)
 *(COMMON)
 COMMON         0x008024d8       0x25 Bin/Configuration.o
                0x008024d8                ActiveConfiguration
 COMMON         0x008024fd       0x13 Bin/Settings.o
                0x008024fd                GlobalSettings
 COMMON         0x00802510      0x100 Bin/Terminal.o
                0x00802510                TerminalBuffer
 COMMON         0x00802610      0x100 Bin/Codec.o
                0x00802610                CodecBuffer
 COMMON         0x00802710        0x3 Bin/DeviceStandardReq.o
                0x00802710                USB_Device_ConfigurationNumber
                0x00802711                USB_Device_CurrentlySelfPowered
                0x00802712                USB_Device_RemoteWakeupEnabled
 COMMON         0x00802713        0xa Bin/USBTask.o
                0x00802713                USB_IsInitialized
                0x00802714                USB_DeviceState
                0x00802715                USB_ControlRequest
 COMMON         0x0080271d      0x31d Bin/Endpoint_XMEGA.o
                0x0080271d                USB_Endpoint_SelectedFIFO
                0x0080271f                USB_Endpoint_SelectedHandle
                0x00802721                USB_Endpoint_SelectedEndpoint
                0x00802722                USB_Endpoint_FIFOs
 COMMON         0x00802a3a       0x63 Bin/USBController_XMEGA.o
                0x00802a3a                USB_EndpointTable
                0x00802a9d                PROVIDE (__bss_end, .)
                0x00004e9a                __data_load_start = LOADADDR (.data)
                0x00004f2c                __data_load_end = (__data_load_start + SIZEOF (.data))

.noinit         0x00802a9d        0x0
                0x00802a9d                PROVIDE (__noinit_start, .)
 *(.noinit*)
                0x00802a9d                PROVIDE (__noinit_end, .)
                0x00802a9d                _end = .
                0x00802a9d                PROVIDE (__heap_start, .)

.eeprom         0x00810000       0x13
 *(.eeprom*)
 .eeprom        0x00810000       0x13 Bin/Settings.o
                0x00810000                StoredSettings
                0x00810013                __eeprom_end = .

.fuse
 *(.fuse)
 *(.lfuse)
 *(.hfuse)
 *(.efuse)

.lock
 *(.lock*)

.signature
 *(.signature*)

.user_signatures
 *(.user_signatures*)

.stab
 *(.stab)

.stabstr
 *(.stabstr)

.stab.excl
 *(.stab.excl)

.stab.exclstr
 *(.stab.exclstr)

.stab.index
 *(.stab.index)

.stab.indexstr
 *(.stab.indexstr)

.comment        0x00000000       0x5c
 *(.comment)
 .comment       0x00000000       0x30 Bin/Chameleon-Mini.o
                                 0x31 (size before relaxing)
 .comment       0x00000000       0x31 Bin/LUFADescriptors.o
 .comment       0x00000000       0x31 Bin/System.o
 .comment       0x00000000       0x31 Bin/Configuration.o
 .comment       0x00000000       0x31 Bin/Random.o
 .comment       0x00000000       0x31 Bin/Common.o
 .comment       0x00000000       0x31 Bin/Memory.o
 .comment       0x00000000       0x31 Bin/Button.o
 .comment       0x00000000       0x31 Bin/Settings.o
 .comment       0x00000000       0x31 Bin/LED.o
 .comment       0x00000000       0x31 Bin/Terminal.o
 .comment       0x00000000       0x31 Bin/Commands.o
 .comment       0x00000000       0x31 Bin/XModem.o
 .comment       0x00000000       0x31 Bin/CommandLine.o
 .comment       0x00000000       0x31 Bin/Codec.o
 .comment       0x00000000       0x31 Bin/ISO14443-2A.o
 .comment       0x00000000       0x31 Bin/MifareClassic.o
 .comment       0x00000000       0x31 Bin/ISO14443-3A.o
 .comment       0x00000000       0x31 Bin/Crypto1.o
 .comment       0x00000000       0x31 Bin/HIDParser.o
 .comment       0x00000000       0x31 Bin/ConfigDescriptors.o
 .comment       0x00000000       0x31 Bin/DeviceStandardReq.o
 .comment       0x00000000       0x31 Bin/Events.o
 .comment       0x00000000       0x31 Bin/HostStandardReq.o
 .comment       0x00000000       0x31 Bin/USBTask.o
 .comment       0x00000000       0x31 Bin/Device_XMEGA.o
 .comment       0x00000000       0x31 Bin/EndpointStream_XMEGA.o
 .comment       0x00000000       0x31 Bin/Endpoint_XMEGA.o
 .comment       0x00000000       0x31 Bin/Host_XMEGA.o
 .comment       0x00000000       0x31 Bin/PipeStream_XMEGA.o
 .comment       0x00000000       0x31 Bin/Pipe_XMEGA.o
 .comment       0x00000000       0x31 Bin/USBController_XMEGA.o
 .comment       0x00000000       0x31 Bin/USBInterrupt_XMEGA.o
 .comment       0x00000000       0x31 Bin/AudioClassDevice.o
 .comment       0x00000000       0x31 Bin/CDCClassDevice.o
 .comment       0x00000000       0x31 Bin/HIDClassDevice.o
 .comment       0x00000000       0x31 Bin/MassStorageClassDevice.o
 .comment       0x00000000       0x31 Bin/MIDIClassDevice.o
 .comment       0x00000000       0x31 Bin/PrinterClassDevice.o
 .comment       0x00000000       0x31 Bin/RNDISClassDevice.o
 .comment       0x00000000       0x31 Bin/AndroidAccessoryClassHost.o
 .comment       0x00000000       0x31 Bin/AudioClassHost.o
 .comment       0x00000000       0x31 Bin/CDCClassHost.o
 .comment       0x00000000       0x31 Bin/HIDClassHost.o
 .comment       0x00000000       0x31 Bin/MassStorageClassHost.o
 .comment       0x00000000       0x31 Bin/MIDIClassHost.o
 .comment       0x00000000       0x31 Bin/PrinterClassHost.o
 .comment       0x00000000       0x31 Bin/RNDISClassHost.o
 .comment       0x00000000       0x31 Bin/StillImageClassHost.o
 .comment       0x00000000       0x31 /home/sk/avr8-gnu-toolchain-linux_x86/bin/../lib/gcc/avr/4.8.1/../../../../avr/lib/avrxmega2/libc.a(rand.o)
 .comment       0x00000000       0x31 /home/sk/avr8-gnu-toolchain-linux_x86/bin/../lib/gcc/avr/4.8.1/../../../../avr/lib/avrxmega2/libc.a(snprintf_p.o)
 .comment       0x00000030       0x2c /home/sk/avr8-gnu-toolchain-linux_x86/bin/../lib/gcc/avr/4.8.1/../../../../avr/lib/avrxmega2/libc.a(vfprintf_std.o)
                                 0x2d (size before relaxing)
 .comment       0x00000000       0x31 /home/sk/avr8-gnu-toolchain-linux_x86/bin/../lib/gcc/avr/4.8.1/../../../../avr/lib/avrxmega2/libc.a(fputc.o)

.note.gnu.build-id
 *(.note.gnu.build-id)

.debug
 *(.debug)

.line
 *(.line)

.debug_srcinfo
 *(.debug_srcinfo)

.debug_sfnames
 *(.debug_sfnames)

.debug_aranges  0x00000000      0xb50
 *(.debug_aranges)
 .debug_aranges
                0x00000000       0x20 Bin/Chameleon-Mini.o
 .debug_aranges
                0x00000020       0x20 Bin/LUFADescriptors.o
 .debug_aranges
                0x00000040       0x50 Bin/System.o
 .debug_aranges
                0x00000090       0x78 Bin/Configuration.o
 .debug_aranges
                0x00000108       0x38 Bin/Random.o
 .debug_aranges
                0x00000140       0x28 Bin/Common.o
 .debug_aranges
                0x00000168       0x58 Bin/Memory.o
 .debug_aranges
                0x000001c0       0x48 Bin/Button.o
 .debug_aranges
                0x00000208       0x50 Bin/Settings.o
 .debug_aranges
                0x00000258       0x18 Bin/LED.o
 .debug_aranges
                0x00000270       0x68 Bin/Terminal.o
 .debug_aranges
                0x000002d8       0xc8 Bin/Commands.o
 .debug_aranges
                0x000003a0       0x38 Bin/XModem.o
 .debug_aranges
                0x000003d8       0x30 Bin/CommandLine.o
 .debug_aranges
                0x00000408       0x18 Bin/Codec.o
 .debug_aranges
                0x00000420       0x48 Bin/ISO14443-2A.o
 .debug_aranges
                0x00000468       0x50 Bin/MifareClassic.o
 .debug_aranges
                0x000004b8       0x28 Bin/ISO14443-3A.o
 .debug_aranges
                0x000004e0       0x50 Bin/Crypto1.o
 .debug_aranges
                0x00000530       0x38 Bin/HIDParser.o
 .debug_aranges
                0x00000568       0x38 Bin/ConfigDescriptors.o
 .debug_aranges
                0x000005a0       0x20 Bin/DeviceStandardReq.o
 .debug_aranges
                0x000005c0       0x20 Bin/Events.o
 .debug_aranges
                0x000005e0       0x18 Bin/HostStandardReq.o
 .debug_aranges
                0x000005f8       0x20 Bin/USBTask.o
 .debug_aranges
                0x00000618       0x20 Bin/Device_XMEGA.o
 .debug_aranges
                0x00000638       0xc8 Bin/EndpointStream_XMEGA.o
 .debug_aranges
                0x00000700       0x90 Bin/Endpoint_XMEGA.o
 .debug_aranges
                0x00000790       0x18 Bin/Host_XMEGA.o
 .debug_aranges
                0x000007a8       0x18 Bin/PipeStream_XMEGA.o
 .debug_aranges
                0x000007c0       0x18 Bin/Pipe_XMEGA.o
 .debug_aranges
                0x000007d8       0x30 Bin/USBController_XMEGA.o
 .debug_aranges
                0x00000808       0x30 Bin/USBInterrupt_XMEGA.o
 .debug_aranges
                0x00000838       0x30 Bin/AudioClassDevice.o
 .debug_aranges
                0x00000868       0x98 Bin/CDCClassDevice.o
 .debug_aranges
                0x00000900       0x30 Bin/HIDClassDevice.o
 .debug_aranges
                0x00000930       0x30 Bin/MassStorageClassDevice.o
 .debug_aranges
                0x00000960       0x40 Bin/MIDIClassDevice.o
 .debug_aranges
                0x000009a0       0x90 Bin/PrinterClassDevice.o
 .debug_aranges
                0x00000a30       0x48 Bin/RNDISClassDevice.o
 .debug_aranges
                0x00000a78       0x18 Bin/AndroidAccessoryClassHost.o
 .debug_aranges
                0x00000a90       0x18 Bin/AudioClassHost.o
 .debug_aranges
                0x00000aa8       0x18 Bin/CDCClassHost.o
 .debug_aranges
                0x00000ac0       0x18 Bin/HIDClassHost.o
 .debug_aranges
                0x00000ad8       0x18 Bin/MassStorageClassHost.o
 .debug_aranges
                0x00000af0       0x18 Bin/MIDIClassHost.o
 .debug_aranges
                0x00000b08       0x18 Bin/PrinterClassHost.o
 .debug_aranges
                0x00000b20       0x18 Bin/RNDISClassHost.o
 .debug_aranges
                0x00000b38       0x18 Bin/StillImageClassHost.o

.debug_pubnames
 *(.debug_pubnames)

.debug_info     0x00000000    0x189de
 *(.debug_info .gnu.linkonce.wi.*)
 .debug_info    0x00000000     0x1381 Bin/Chameleon-Mini.o
 .debug_info    0x00001381      0x962 Bin/LUFADescriptors.o
 .debug_info    0x00001ce3      0xea8 Bin/System.o
 .debug_info    0x00002b8b      0x657 Bin/Configuration.o
 .debug_info    0x000031e2      0x177 Bin/Random.o
 .debug_info    0x00003359      0x1b3 Bin/Common.o
 .debug_info    0x0000350c     0x1264 Bin/Memory.o
 .debug_info    0x00004770      0xa98 Bin/Button.o
 .debug_info    0x00005208      0x514 Bin/Settings.o
 .debug_info    0x0000571c       0x7a Bin/LED.o
 .debug_info    0x00005796      0xb73 Bin/Terminal.o
 .debug_info    0x00006309     0x1806 Bin/Commands.o
 .debug_info    0x00007b0f      0xa2b Bin/XModem.o
 .debug_info    0x0000853a      0xb77 Bin/CommandLine.o
 .debug_info    0x000090b1      0x1f1 Bin/Codec.o
 .debug_info    0x000092a2     0x187e Bin/ISO14443-2A.o
 .debug_info    0x0000ab20      0xee1 Bin/MifareClassic.o
 .debug_info    0x0000ba01      0x179 Bin/ISO14443-3A.o
 .debug_info    0x0000bb7a      0x42a Bin/Crypto1.o
 .debug_info    0x0000bfa4      0x73c Bin/HIDParser.o
 .debug_info    0x0000c6e0      0x5ed Bin/ConfigDescriptors.o
 .debug_info    0x0000cccd     0x119b Bin/DeviceStandardReq.o
 .debug_info    0x0000de68       0x7f Bin/Events.o
 .debug_info    0x0000dee7       0x5d Bin/HostStandardReq.o
 .debug_info    0x0000df44      0x433 Bin/USBTask.o
 .debug_info    0x0000e377      0x670 Bin/Device_XMEGA.o
 .debug_info    0x0000e9e7     0x198f Bin/EndpointStream_XMEGA.o
 .debug_info    0x00010376      0xd09 Bin/Endpoint_XMEGA.o
 .debug_info    0x0001107f       0x5d Bin/Host_XMEGA.o
 .debug_info    0x000110dc       0x5d Bin/PipeStream_XMEGA.o
 .debug_info    0x00011139       0x5d Bin/Pipe_XMEGA.o
 .debug_info    0x00011196      0xd3e Bin/USBController_XMEGA.o
 .debug_info    0x00011ed4      0xa7b Bin/USBInterrupt_XMEGA.o
 .debug_info    0x0001294f      0xab1 Bin/AudioClassDevice.o
 .debug_info    0x00013400      0xf9f Bin/CDCClassDevice.o
 .debug_info    0x0001439f      0xf94 Bin/HIDClassDevice.o
 .debug_info    0x00015333      0xa9e Bin/MassStorageClassDevice.o
 .debug_info    0x00015dd1      0x7c4 Bin/MIDIClassDevice.o
 .debug_info    0x00016595      0xded Bin/PrinterClassDevice.o
 .debug_info    0x00017382     0x1317 Bin/RNDISClassDevice.o
 .debug_info    0x00018699       0x5d Bin/AndroidAccessoryClassHost.o
 .debug_info    0x000186f6       0x5d Bin/AudioClassHost.o
 .debug_info    0x00018753       0x5d Bin/CDCClassHost.o
 .debug_info    0x000187b0       0x5d Bin/HIDClassHost.o
 .debug_info    0x0001880d       0x5d Bin/MassStorageClassHost.o
 .debug_info    0x0001886a       0x5d Bin/MIDIClassHost.o
 .debug_info    0x000188c7       0x5d Bin/PrinterClassHost.o
 .debug_info    0x00018924       0x5d Bin/RNDISClassHost.o
 .debug_info    0x00018981       0x5d Bin/StillImageClassHost.o

.debug_abbrev   0x00000000     0x553d
 *(.debug_abbrev)
 .debug_abbrev  0x00000000      0x1d2 Bin/Chameleon-Mini.o
 .debug_abbrev  0x000001d2      0x1bb Bin/LUFADescriptors.o
 .debug_abbrev  0x0000038d      0x144 Bin/System.o
 .debug_abbrev  0x000004d1      0x250 Bin/Configuration.o
 .debug_abbrev  0x00000721      0x113 Bin/Random.o
 .debug_abbrev  0x00000834       0xb2 Bin/Common.o
 .debug_abbrev  0x000008e6      0x331 Bin/Memory.o
 .debug_abbrev  0x00000c17      0x2ea Bin/Button.o
 .debug_abbrev  0x00000f01      0x1e1 Bin/Settings.o
 .debug_abbrev  0x000010e2       0x44 Bin/LED.o
 .debug_abbrev  0x00001126      0x33a Bin/Terminal.o
 .debug_abbrev  0x00001460      0x397 Bin/Commands.o
 .debug_abbrev  0x000017f7      0x2ce Bin/XModem.o
 .debug_abbrev  0x00001ac5      0x2d2 Bin/CommandLine.o
 .debug_abbrev  0x00001d97       0xc4 Bin/Codec.o
 .debug_abbrev  0x00001e5b      0x2db Bin/ISO14443-2A.o
 .debug_abbrev  0x00002136      0x314 Bin/MifareClassic.o
 .debug_abbrev  0x0000244a       0xa6 Bin/ISO14443-3A.o
 .debug_abbrev  0x000024f0      0x1a9 Bin/Crypto1.o
 .debug_abbrev  0x00002699      0x22d Bin/HIDParser.o
 .debug_abbrev  0x000028c6      0x248 Bin/ConfigDescriptors.o
 .debug_abbrev  0x00002b0e      0x38d Bin/DeviceStandardReq.o
 .debug_abbrev  0x00002e9b       0x44 Bin/Events.o
 .debug_abbrev  0x00002edf       0x26 Bin/HostStandardReq.o
 .debug_abbrev  0x00002f05      0x21b Bin/USBTask.o
 .debug_abbrev  0x00003120      0x11e Bin/Device_XMEGA.o
 .debug_abbrev  0x0000323e      0x252 Bin/EndpointStream_XMEGA.o
 .debug_abbrev  0x00003490      0x300 Bin/Endpoint_XMEGA.o
 .debug_abbrev  0x00003790       0x26 Bin/Host_XMEGA.o
 .debug_abbrev  0x000037b6       0x26 Bin/PipeStream_XMEGA.o
 .debug_abbrev  0x000037dc       0x26 Bin/Pipe_XMEGA.o
 .debug_abbrev  0x00003802      0x2f7 Bin/USBController_XMEGA.o
 .debug_abbrev  0x00003af9      0x266 Bin/USBInterrupt_XMEGA.o
 .debug_abbrev  0x00003d5f      0x280 Bin/AudioClassDevice.o
 .debug_abbrev  0x00003fdf      0x41d Bin/CDCClassDevice.o
 .debug_abbrev  0x000043fc      0x2d1 Bin/HIDClassDevice.o
 .debug_abbrev  0x000046cd      0x338 Bin/MassStorageClassDevice.o
 .debug_abbrev  0x00004a05      0x285 Bin/MIDIClassDevice.o
 .debug_abbrev  0x00004c8a      0x3c7 Bin/PrinterClassDevice.o
 .debug_abbrev  0x00005051      0x396 Bin/RNDISClassDevice.o
 .debug_abbrev  0x000053e7       0x26 Bin/AndroidAccessoryClassHost.o
 .debug_abbrev  0x0000540d       0x26 Bin/AudioClassHost.o
 .debug_abbrev  0x00005433       0x26 Bin/CDCClassHost.o
 .debug_abbrev  0x00005459       0x26 Bin/HIDClassHost.o
 .debug_abbrev  0x0000547f       0x26 Bin/MassStorageClassHost.o
 .debug_abbrev  0x000054a5       0x26 Bin/MIDIClassHost.o
 .debug_abbrev  0x000054cb       0x26 Bin/PrinterClassHost.o
 .debug_abbrev  0x000054f1       0x26 Bin/RNDISClassHost.o
 .debug_abbrev  0x00005517       0x26 Bin/StillImageClassHost.o

.debug_line     0x00000000     0xa17f
 *(.debug_line .debug_line.* .debug_line_end)
 .debug_line    0x00000000      0x33c Bin/Chameleon-Mini.o
 .debug_line    0x0000033c      0x2aa Bin/LUFADescriptors.o
 .debug_line    0x000005e6      0x1fd Bin/System.o
 .debug_line    0x000007e3      0x338 Bin/Configuration.o
 .debug_line    0x00000b1b       0xef Bin/Random.o
 .debug_line    0x00000c0a      0x1fb Bin/Common.o
 .debug_line    0x00000e05      0x932 Bin/Memory.o
 .debug_line    0x00001737      0x3f4 Bin/Button.o
 .debug_line    0x00001b2b      0x2a5 Bin/Settings.o
 .debug_line    0x00001dd0       0x61 Bin/LED.o
 .debug_line    0x00001e31      0x403 Bin/Terminal.o
 .debug_line    0x00002234      0x787 Bin/Commands.o
 .debug_line    0x000029bb      0x4a8 Bin/XModem.o
 .debug_line    0x00002e63      0x36d Bin/CommandLine.o
 .debug_line    0x000031d0       0x85 Bin/Codec.o
 .debug_line    0x00003255      0x5f6 Bin/ISO14443-2A.o
 .debug_line    0x0000384b      0x6d0 Bin/MifareClassic.o
 .debug_line    0x00003f1b      0x152 Bin/ISO14443-3A.o
 .debug_line    0x0000406d      0x444 Bin/Crypto1.o
 .debug_line    0x000044b1      0x6d1 Bin/HIDParser.o
 .debug_line    0x00004b82      0x289 Bin/ConfigDescriptors.o
 .debug_line    0x00004e0b      0x469 Bin/DeviceStandardReq.o
 .debug_line    0x00005274       0x4f Bin/Events.o
 .debug_line    0x000052c3       0x1a Bin/HostStandardReq.o
 .debug_line    0x000052dd      0x1b5 Bin/USBTask.o
 .debug_line    0x00005492      0x131 Bin/Device_XMEGA.o
 .debug_line    0x000055c3     0x153a Bin/EndpointStream_XMEGA.o
 .debug_line    0x00006afd      0x69a Bin/Endpoint_XMEGA.o
 .debug_line    0x00007197       0x1a Bin/Host_XMEGA.o
 .debug_line    0x000071b1       0x1a Bin/PipeStream_XMEGA.o
 .debug_line    0x000071cb       0x1a Bin/Pipe_XMEGA.o
 .debug_line    0x000071e5      0x357 Bin/USBController_XMEGA.o
 .debug_line    0x0000753c      0x35c Bin/USBInterrupt_XMEGA.o
 .debug_line    0x00007898      0x401 Bin/AudioClassDevice.o
 .debug_line    0x00007c99      0x826 Bin/CDCClassDevice.o
 .debug_line    0x000084bf      0x538 Bin/HIDClassDevice.o
 .debug_line    0x000089f7      0x4b5 Bin/MassStorageClassDevice.o
 .debug_line    0x00008eac      0x3ba Bin/MIDIClassDevice.o
 .debug_line    0x00009266      0x763 Bin/PrinterClassDevice.o
 .debug_line    0x000099c9      0x6cc Bin/RNDISClassDevice.o
 .debug_line    0x0000a095       0x1a Bin/AndroidAccessoryClassHost.o
 .debug_line    0x0000a0af       0x1a Bin/AudioClassHost.o
 .debug_line    0x0000a0c9       0x1a Bin/CDCClassHost.o
 .debug_line    0x0000a0e3       0x1a Bin/HIDClassHost.o
 .debug_line    0x0000a0fd       0x1a Bin/MassStorageClassHost.o
 .debug_line    0x0000a117       0x1a Bin/MIDIClassHost.o
 .debug_line    0x0000a131       0x1a Bin/PrinterClassHost.o
 .debug_line    0x0000a14b       0x1a Bin/RNDISClassHost.o
 .debug_line    0x0000a165       0x1a Bin/StillImageClassHost.o

.debug_frame    0x00000000     0x1d28
 *(.debug_frame)
 .debug_frame   0x00000000       0x24 Bin/Chameleon-Mini.o
 .debug_frame   0x00000024       0x24 Bin/LUFADescriptors.o
 .debug_frame   0x00000048       0x90 Bin/System.o
 .debug_frame   0x000000d8       0xfc Bin/Configuration.o
 .debug_frame   0x000001d4       0x64 Bin/Random.o
 .debug_frame   0x00000238       0x40 Bin/Common.o
 .debug_frame   0x00000278      0x170 Bin/Memory.o
 .debug_frame   0x000003e8       0xb4 Bin/Button.o
 .debug_frame   0x0000049c       0x94 Bin/Settings.o
 .debug_frame   0x00000530       0xcc Bin/Terminal.o
 .debug_frame   0x000005fc      0x288 Bin/Commands.o
 .debug_frame   0x00000884       0x5c Bin/XModem.o
 .debug_frame   0x000008e0       0x54 Bin/CommandLine.o
 .debug_frame   0x00000934      0x110 Bin/ISO14443-2A.o
 .debug_frame   0x00000a44       0xdc Bin/MifareClassic.o
 .debug_frame   0x00000b20       0x34 Bin/ISO14443-3A.o
 .debug_frame   0x00000b54      0x13c Bin/Crypto1.o
 .debug_frame   0x00000c90      0x11c Bin/HIDParser.o
 .debug_frame   0x00000dac       0xd0 Bin/ConfigDescriptors.o
 .debug_frame   0x00000e7c       0x40 Bin/DeviceStandardReq.o
 .debug_frame   0x00000ebc       0x24 Bin/Events.o
 .debug_frame   0x00000ee0       0x2c Bin/USBTask.o
 .debug_frame   0x00000f0c       0x24 Bin/Device_XMEGA.o
 .debug_frame   0x00000f30      0x4a0 Bin/EndpointStream_XMEGA.o
 .debug_frame   0x000013d0      0x15c Bin/Endpoint_XMEGA.o
 .debug_frame   0x0000152c       0x50 Bin/USBController_XMEGA.o
 .debug_frame   0x0000157c       0x8c Bin/USBInterrupt_XMEGA.o
 .debug_frame   0x00001608       0xa4 Bin/AudioClassDevice.o
 .debug_frame   0x000016ac      0x1e0 Bin/CDCClassDevice.o
 .debug_frame   0x0000188c       0xf0 Bin/HIDClassDevice.o
 .debug_frame   0x0000197c       0x80 Bin/MassStorageClassDevice.o
 .debug_frame   0x000019fc       0x94 Bin/MIDIClassDevice.o
 .debug_frame   0x00001a90      0x194 Bin/PrinterClassDevice.o
 .debug_frame   0x00001c24      0x104 Bin/RNDISClassDevice.o

.debug_str      0x00000000     0x76e1
 *(.debug_str)
 .debug_str     0x00000000      0xd8c Bin/Chameleon-Mini.o
                                0xe51 (size before relaxing)
 .debug_str     0x00000d8c      0x8cc Bin/LUFADescriptors.o
                                0xbd9 (size before relaxing)
 .debug_str     0x00001658      0x764 Bin/System.o
                                0xc54 (size before relaxing)
 .debug_str     0x00001dbc      0x2ff Bin/Configuration.o
                                0x629 (size before relaxing)
 .debug_str     0x000020bb       0x2c Bin/Random.o
                                0x1d3 (size before relaxing)
 .debug_str     0x000020e7       0x56 Bin/Common.o
                                0x1f6 (size before relaxing)
 .debug_str     0x0000213d      0x22d Bin/Memory.o
                                0x7de (size before relaxing)
 .debug_str     0x0000236a      0x1d2 Bin/Button.o
                                0x788 (size before relaxing)
 .debug_str     0x0000253c       0xc0 Bin/Settings.o
                                0x590 (size before relaxing)
 .debug_str     0x000025fc        0x6 Bin/LED.o
                                0x184 (size before relaxing)
 .debug_str     0x00002602      0x295 Bin/Terminal.o
                                0x7e8 (size before relaxing)
 .debug_str     0x00002897      0x3f0 Bin/Commands.o
                                0xd8e (size before relaxing)
 .debug_str     0x00002c87      0x149 Bin/XModem.o
                                0x5ef (size before relaxing)
 .debug_str     0x00002dd0       0xc1 Bin/CommandLine.o
                                0x5cc (size before relaxing)
 .debug_str     0x00002e91       0x1a Bin/Codec.o
                                0x2f4 (size before relaxing)
 .debug_str     0x00002eab     0x12b9 Bin/ISO14443-2A.o
                               0x1adc (size before relaxing)
 .debug_str     0x00004164      0x2b0 Bin/MifareClassic.o
                                0x601 (size before relaxing)
 .debug_str     0x00004414       0x1a Bin/ISO14443-3A.o
                                0x1ed (size before relaxing)
 .debug_str     0x0000442e       0x95 Bin/Crypto1.o
                                0x27b (size before relaxing)
 .debug_str     0x000044c3      0x492 Bin/HIDParser.o
                                0x6af (size before relaxing)
 .debug_str     0x00004955      0x22e Bin/ConfigDescriptors.o
                                0x4ed (size before relaxing)
 .debug_str     0x00004b83      0xa04 Bin/DeviceStandardReq.o
                               0x11eb (size before relaxing)
 .debug_str     0x00005587       0x31 Bin/Events.o
                                0x19a (size before relaxing)
 .debug_str     0x000055b8       0x2b Bin/HostStandardReq.o
                                0x194 (size before relaxing)
 .debug_str     0x000055e3       0x6d Bin/USBTask.o
                                0x466 (size before relaxing)
 .debug_str     0x00005650       0x4a Bin/Device_XMEGA.o
                                0x5da (size before relaxing)
 .debug_str     0x0000569a      0x4d9 Bin/EndpointStream_XMEGA.o
                                0x97e (size before relaxing)
 .debug_str     0x00005b73      0x2aa Bin/Endpoint_XMEGA.o
                                0xaec (size before relaxing)
 .debug_str     0x00005e1d       0x2c Bin/Host_XMEGA.o
                                0x195 (size before relaxing)
 .debug_str     0x00005e49       0x32 Bin/PipeStream_XMEGA.o
                                0x19b (size before relaxing)
 .debug_str     0x00005e7b       0x2c Bin/Pipe_XMEGA.o
                                0x195 (size before relaxing)
 .debug_str     0x00005ea7      0x1bb Bin/USBController_XMEGA.o
                                0xe7c (size before relaxing)
 .debug_str     0x00006062       0xaa Bin/USBInterrupt_XMEGA.o
                                0x94d (size before relaxing)
 .debug_str     0x0000610c      0x280 Bin/AudioClassDevice.o
                                0x7c1 (size before relaxing)
 .debug_str     0x0000638c      0x286 Bin/CDCClassDevice.o
                                0xb16 (size before relaxing)
 .debug_str     0x00006612      0x248 Bin/HIDClassDevice.o
                                0xb31 (size before relaxing)
 .debug_str     0x0000685a      0x261 Bin/MassStorageClassDevice.o
                                0x914 (size before relaxing)
 .debug_str     0x00006abb      0x115 Bin/MIDIClassDevice.o
                                0x76b (size before relaxing)
 .debug_str     0x00006bd0      0x269 Bin/PrinterClassDevice.o
                                0xa3f (size before relaxing)
 .debug_str     0x00006e39      0x6e5 Bin/RNDISClassDevice.o
                                0xe74 (size before relaxing)
 .debug_str     0x0000751e       0x3b Bin/AndroidAccessoryClassHost.o
                                0x1a4 (size before relaxing)
 .debug_str     0x00007559       0x30 Bin/AudioClassHost.o
                                0x199 (size before relaxing)
 .debug_str     0x00007589       0x2e Bin/CDCClassHost.o
                                0x197 (size before relaxing)
 .debug_str     0x000075b7       0x2e Bin/HIDClassHost.o
                                0x197 (size before relaxing)
 .debug_str     0x000075e5       0x36 Bin/MassStorageClassHost.o
                                0x19f (size before relaxing)
 .debug_str     0x0000761b       0x2f Bin/MIDIClassHost.o
                                0x198 (size before relaxing)
 .debug_str     0x0000764a       0x32 Bin/PrinterClassHost.o
                                0x19b (size before relaxing)
 .debug_str     0x0000767c       0x30 Bin/RNDISClassHost.o
                                0x199 (size before relaxing)
 .debug_str     0x000076ac       0x35 Bin/StillImageClassHost.o
                                0x19e (size before relaxing)

.debug_loc      0x00000000     0xc84e
 *(.debug_loc)
 .debug_loc     0x00000000      0x253 Bin/LUFADescriptors.o
 .debug_loc     0x00000253       0x2f Bin/System.o
 .debug_loc     0x00000282      0x4e7 Bin/Configuration.o
 .debug_loc     0x00000769       0xde Bin/Random.o
 .debug_loc     0x00000847      0x34b Bin/Common.o
 .debug_loc     0x00000b92      0xcbd Bin/Memory.o
 .debug_loc     0x0000184f      0x810 Bin/Button.o
 .debug_loc     0x0000205f      0x1a6 Bin/Settings.o
 .debug_loc     0x00002205      0x214 Bin/Terminal.o
 .debug_loc     0x00002419      0xa5a Bin/Commands.o
 .debug_loc     0x00002e73      0x390 Bin/XModem.o
 .debug_loc     0x00003203      0x670 Bin/CommandLine.o
 .debug_loc     0x00003873      0x4a4 Bin/ISO14443-2A.o
 .debug_loc     0x00003d17      0x972 Bin/MifareClassic.o
 .debug_loc     0x00004689      0x317 Bin/ISO14443-3A.o
 .debug_loc     0x000049a0      0x7ad Bin/Crypto1.o
 .debug_loc     0x0000514d      0xf2d Bin/HIDParser.o
 .debug_loc     0x0000607a      0x592 Bin/ConfigDescriptors.o
 .debug_loc     0x0000660c      0x2d8 Bin/DeviceStandardReq.o
 .debug_loc     0x000068e4       0x22 Bin/USBTask.o
 .debug_loc     0x00006906     0x2acb Bin/EndpointStream_XMEGA.o
 .debug_loc     0x000093d1      0x58b Bin/Endpoint_XMEGA.o
 .debug_loc     0x0000995c       0x80 Bin/USBController_XMEGA.o
 .debug_loc     0x000099dc      0x200 Bin/USBInterrupt_XMEGA.o
 .debug_loc     0x00009bdc      0x37f Bin/AudioClassDevice.o
 .debug_loc     0x00009f5b      0xa0b Bin/CDCClassDevice.o
 .debug_loc     0x0000a966      0x3e7 Bin/HIDClassDevice.o
 .debug_loc     0x0000ad4d      0x29f Bin/MassStorageClassDevice.o
 .debug_loc     0x0000afec      0x33c Bin/MIDIClassDevice.o
 .debug_loc     0x0000b328      0x8cd Bin/PrinterClassDevice.o
 .debug_loc     0x0000bbf5      0xc59 Bin/RNDISClassDevice.o

.debug_macinfo
 *(.debug_macinfo)

.debug_weaknames
 *(.debug_weaknames)

.debug_funcnames
 *(.debug_funcnames)

.debug_typenames
 *(.debug_typenames)

.debug_varnames
 *(.debug_varnames)

.debug_pubtypes
 *(.debug_pubtypes)

.debug_ranges   0x00000000     0x16c8
 *(.debug_ranges)
 .debug_ranges  0x00000000       0x28 Bin/Chameleon-Mini.o
 .debug_ranges  0x00000028       0x10 Bin/LUFADescriptors.o
 .debug_ranges  0x00000038       0x40 Bin/System.o
 .debug_ranges  0x00000078       0xb8 Bin/Configuration.o
 .debug_ranges  0x00000130       0x28 Bin/Random.o
 .debug_ranges  0x00000158       0x48 Bin/Common.o
 .debug_ranges  0x000001a0      0x298 Bin/Memory.o
 .debug_ranges  0x00000438       0xa0 Bin/Button.o
 .debug_ranges  0x000004d8       0x40 Bin/Settings.o
 .debug_ranges  0x00000518       0xb8 Bin/Terminal.o
 .debug_ranges  0x000005d0       0xf0 Bin/Commands.o
 .debug_ranges  0x000006c0       0x40 Bin/XModem.o
 .debug_ranges  0x00000700       0xc0 Bin/CommandLine.o
 .debug_ranges  0x000007c0       0xc0 Bin/ISO14443-2A.o
 .debug_ranges  0x00000880      0x158 Bin/MifareClassic.o
 .debug_ranges  0x000009d8       0x18 Bin/ISO14443-3A.o
 .debug_ranges  0x000009f0       0x40 Bin/Crypto1.o
 .debug_ranges  0x00000a30      0x108 Bin/HIDParser.o
 .debug_ranges  0x00000b38       0x40 Bin/ConfigDescriptors.o
 .debug_ranges  0x00000b78       0xf0 Bin/DeviceStandardReq.o
 .debug_ranges  0x00000c68       0x10 Bin/Events.o
 .debug_ranges  0x00000c78       0x38 Bin/USBTask.o
 .debug_ranges  0x00000cb0       0x10 Bin/Device_XMEGA.o
 .debug_ranges  0x00000cc0      0x4f0 Bin/EndpointStream_XMEGA.o
 .debug_ranges  0x000011b0       0xf8 Bin/Endpoint_XMEGA.o
 .debug_ranges  0x000012a8       0x20 Bin/USBController_XMEGA.o
 .debug_ranges  0x000012c8       0x20 Bin/USBInterrupt_XMEGA.o
 .debug_ranges  0x000012e8       0x38 Bin/AudioClassDevice.o
 .debug_ranges  0x00001320      0x100 Bin/CDCClassDevice.o
 .debug_ranges  0x00001420       0x20 Bin/HIDClassDevice.o
 .debug_ranges  0x00001440       0x80 Bin/MassStorageClassDevice.o
 .debug_ranges  0x000014c0       0x48 Bin/MIDIClassDevice.o
 .debug_ranges  0x00001508      0x128 Bin/PrinterClassDevice.o
 .debug_ranges  0x00001630       0x98 Bin/RNDISClassDevice.o

.debug_macro
 *(.debug_macro)
OUTPUT(Chameleon-Mini.elf elf32-avr)
LOAD linker stubs

Cross Reference Table

Symbol                                            File
ActiveConfiguration                               Bin/Configuration.o
                                                  Bin/MifareClassic.o
                                                  Bin/ISO14443-2A.o
                                                  Bin/Commands.o
                                                  Bin/Button.o
                                                  Bin/Chameleon-Mini.o
Audio_Device_ConfigureEndpoints                   Bin/AudioClassDevice.o
Audio_Device_Event_Stub                           Bin/AudioClassDevice.o
Audio_Device_ProcessControlRequest                Bin/AudioClassDevice.o
BufferToHexString                                 Bin/Common.o
                                                  Bin/Commands.o
ButtonGetActionByName                             Bin/Button.o
                                                  Bin/Commands.o
ButtonGetActionList                               Bin/Button.o
                                                  Bin/Commands.o
ButtonInit                                        Bin/Button.o
                                                  Bin/Chameleon-Mini.o
ButtonSetActionById                               Bin/Button.o
ButtonSetActionByName                             Bin/Button.o
                                                  Bin/Commands.o
ButtonTick                                        Bin/Button.o
                                                  Bin/Chameleon-Mini.o
CALLBACK_Audio_Device_GetSetEndpointProperty      Bin/AudioClassDevice.o
CALLBACK_Audio_Device_GetSetInterfaceProperty     Bin/AudioClassDevice.o
CALLBACK_HIDParser_FilterHIDReportItem            Bin/HIDParser.o
CALLBACK_HID_Device_CreateHIDReport               Bin/HIDClassDevice.o
CALLBACK_HID_Device_ProcessHIDReport              Bin/HIDClassDevice.o
CALLBACK_MS_Device_SCSICommandReceived            Bin/MassStorageClassDevice.o
CALLBACK_USB_GetDescriptor                        Bin/LUFADescriptors.o
                                                  Bin/DeviceStandardReq.o
CDC_Device_BytesReceived                          Bin/CDCClassDevice.o
CDC_Device_ConfigureEndpoints                     Bin/CDCClassDevice.o
                                                  Bin/Terminal.o
CDC_Device_CreateBlockingStream                   Bin/CDCClassDevice.o
CDC_Device_CreateStream                           Bin/CDCClassDevice.o
CDC_Device_Event_Stub                             Bin/CDCClassDevice.o
CDC_Device_Flush                                  Bin/CDCClassDevice.o
CDC_Device_ProcessControlRequest                  Bin/CDCClassDevice.o
                                                  Bin/Terminal.o
CDC_Device_ReceiveByte                            Bin/CDCClassDevice.o
                                                  Bin/Terminal.o
CDC_Device_SendByte                               Bin/CDCClassDevice.o
                                                  Bin/XModem.o
                                                  Bin/Terminal.o
CDC_Device_SendControlLineStateChange             Bin/CDCClassDevice.o
CDC_Device_SendData                               Bin/CDCClassDevice.o
                                                  Bin/Terminal.o
CDC_Device_SendString                             Bin/CDCClassDevice.o
                                                  Bin/Terminal.o
CDC_Device_USBTask                                Bin/CDCClassDevice.o
                                                  Bin/Terminal.o
CodecBuffer                                       Bin/Codec.o
                                                  Bin/ISO14443-2A.o
CommandExecButton                                 Bin/Commands.o
                                                  Bin/CommandLine.o
CommandExecClear                                  Bin/Commands.o
                                                  Bin/CommandLine.o
CommandExecConfig                                 Bin/Commands.o
                                                  Bin/CommandLine.o
CommandExecDownload                               Bin/Commands.o
                                                  Bin/CommandLine.o
CommandExecHelp                                   Bin/Commands.o
                                                  Bin/CommandLine.o
CommandExecReset                                  Bin/Commands.o
                                                  Bin/CommandLine.o
CommandExecUpgrade                                Bin/Commands.o
                                                  Bin/CommandLine.o
CommandExecUpload                                 Bin/Commands.o
                                                  Bin/CommandLine.o
CommandGetButton                                  Bin/Commands.o
                                                  Bin/CommandLine.o
CommandGetConfig                                  Bin/Commands.o
                                                  Bin/CommandLine.o
CommandGetMemSize                                 Bin/Commands.o
                                                  Bin/CommandLine.o
CommandGetReadOnly                                Bin/Commands.o
                                                  Bin/CommandLine.o
CommandGetRssi                                    Bin/Commands.o
                                                  Bin/CommandLine.o
CommandGetSetting                                 Bin/Commands.o
                                                  Bin/CommandLine.o
CommandGetUid                                     Bin/Commands.o
                                                  Bin/CommandLine.o
CommandGetUidSize                                 Bin/Commands.o
                                                  Bin/CommandLine.o
CommandGetVersion                                 Bin/Commands.o
                                                  Bin/CommandLine.o
CommandLineInit                                   Bin/CommandLine.o
CommandLineProcessByte                            Bin/CommandLine.o
                                                  Bin/Terminal.o
CommandLineTick                                   Bin/CommandLine.o
                                                  Bin/Terminal.o
CommandSetButton                                  Bin/Commands.o
                                                  Bin/CommandLine.o
CommandSetConfig                                  Bin/Commands.o
                                                  Bin/CommandLine.o
CommandSetReadOnly                                Bin/Commands.o
                                                  Bin/CommandLine.o
CommandSetSetting                                 Bin/Commands.o
                                                  Bin/CommandLine.o
CommandSetUid                                     Bin/Commands.o
                                                  Bin/CommandLine.o
CommandTable                                      Bin/CommandLine.o
                                                  Bin/Commands.o
ConfigurationDescriptor                           Bin/LUFADescriptors.o
ConfigurationGetList                              Bin/Configuration.o
                                                  Bin/Commands.o
ConfigurationInit                                 Bin/Configuration.o
                                                  Bin/Settings.o
                                                  Bin/Chameleon-Mini.o
ConfigurationSetById                              Bin/Configuration.o
ConfigurationSetByName                            Bin/Configuration.o
                                                  Bin/Commands.o
Crypto1Auth                                       Bin/Crypto1.o
                                                  Bin/MifareClassic.o
Crypto1Byte                                       Bin/Crypto1.o
                                                  Bin/MifareClassic.o
Crypto1FilterOutput                               Bin/Crypto1.o
                                                  Bin/MifareClassic.o
Crypto1Nibble                                     Bin/Crypto1.o
                                                  Bin/MifareClassic.o
Crypto1PRNG                                       Bin/Crypto1.o
                                                  Bin/MifareClassic.o
Crypto1Setup                                      Bin/Crypto1.o
                                                  Bin/MifareClassic.o
DeviceDescriptor                                  Bin/LUFADescriptors.o
EVENT_Audio_Device_StreamStartStop                Bin/AudioClassDevice.o
EVENT_CDC_Device_BreakSent                        Bin/CDCClassDevice.o
EVENT_CDC_Device_ControLineStateChanged           Bin/CDCClassDevice.o
EVENT_CDC_Device_LineEncodingChanged              Bin/CDCClassDevice.o
EVENT_PRNT_Device_SoftReset                       Bin/PrinterClassDevice.o
EVENT_USB_Device_ConfigurationChanged             Bin/Terminal.o
                                                  Bin/DeviceStandardReq.o
EVENT_USB_Device_Connect                          Bin/Terminal.o
                                                  Bin/USBInterrupt_XMEGA.o
EVENT_USB_Device_ControlRequest                   Bin/Terminal.o
                                                  Bin/DeviceStandardReq.o
EVENT_USB_Device_Disconnect                       Bin/Terminal.o
                                                  Bin/USBInterrupt_XMEGA.o
EVENT_USB_Device_Reset                            Bin/Events.o
                                                  Bin/USBInterrupt_XMEGA.o
EVENT_USB_Device_StartOfFrame                     Bin/Events.o
                                                  Bin/USBInterrupt_XMEGA.o
EVENT_USB_Device_Suspend                          Bin/Events.o
EVENT_USB_Device_WakeUp                           Bin/Events.o
Endpoint_ClearEndpoints                           Bin/Endpoint_XMEGA.o
                                                  Bin/USBInterrupt_XMEGA.o
Endpoint_ClearIN                                  Bin/Endpoint_XMEGA.o
                                                  Bin/RNDISClassDevice.o
                                                  Bin/PrinterClassDevice.o
                                                  Bin/MIDIClassDevice.o
                                                  Bin/MassStorageClassDevice.o
                                                  Bin/HIDClassDevice.o
                                                  Bin/CDCClassDevice.o
                                                  Bin/AudioClassDevice.o
                                                  Bin/EndpointStream_XMEGA.o
                                                  Bin/DeviceStandardReq.o
Endpoint_ClearOUT                                 Bin/Endpoint_XMEGA.o
                                                  Bin/RNDISClassDevice.o
                                                  Bin/PrinterClassDevice.o
                                                  Bin/MIDIClassDevice.o
                                                  Bin/MassStorageClassDevice.o
                                                  Bin/HIDClassDevice.o
                                                  Bin/CDCClassDevice.o
                                                  Bin/AudioClassDevice.o
                                                  Bin/EndpointStream_XMEGA.o
                                                  Bin/DeviceStandardReq.o
Endpoint_ClearSETUP                               Bin/Endpoint_XMEGA.o
                                                  Bin/RNDISClassDevice.o
                                                  Bin/PrinterClassDevice.o
                                                  Bin/MassStorageClassDevice.o
                                                  Bin/HIDClassDevice.o
                                                  Bin/CDCClassDevice.o
                                                  Bin/AudioClassDevice.o
                                                  Bin/DeviceStandardReq.o
Endpoint_ClearStatusStage                         Bin/Endpoint_XMEGA.o
                                                  Bin/PrinterClassDevice.o
                                                  Bin/MassStorageClassDevice.o
                                                  Bin/HIDClassDevice.o
                                                  Bin/CDCClassDevice.o
                                                  Bin/AudioClassDevice.o
                                                  Bin/DeviceStandardReq.o
Endpoint_ConfigureEndpointTable                   Bin/Endpoint_XMEGA.o
                                                  Bin/RNDISClassDevice.o
                                                  Bin/PrinterClassDevice.o
                                                  Bin/MIDIClassDevice.o
                                                  Bin/MassStorageClassDevice.o
                                                  Bin/HIDClassDevice.o
                                                  Bin/CDCClassDevice.o
                                                  Bin/AudioClassDevice.o
Endpoint_ConfigureEndpoint_PRV                    Bin/Endpoint_XMEGA.o
                                                  Bin/USBInterrupt_XMEGA.o
                                                  Bin/USBController_XMEGA.o
Endpoint_Discard_Stream                           Bin/EndpointStream_XMEGA.o
Endpoint_IsINReady                                Bin/Endpoint_XMEGA.o
                                                  Bin/RNDISClassDevice.o
                                                  Bin/PrinterClassDevice.o
                                                  Bin/MIDIClassDevice.o
                                                  Bin/MassStorageClassDevice.o
                                                  Bin/HIDClassDevice.o
                                                  Bin/CDCClassDevice.o
                                                  Bin/EndpointStream_XMEGA.o
                                                  Bin/DeviceStandardReq.o
Endpoint_IsOUTReceived                            Bin/Endpoint_XMEGA.o
                                                  Bin/RNDISClassDevice.o
                                                  Bin/PrinterClassDevice.o
                                                  Bin/MassStorageClassDevice.o
                                                  Bin/CDCClassDevice.o
                                                  Bin/EndpointStream_XMEGA.o
Endpoint_IsSETUPReceived                          Bin/Endpoint_XMEGA.o
                                                  Bin/RNDISClassDevice.o
                                                  Bin/PrinterClassDevice.o
                                                  Bin/MassStorageClassDevice.o
                                                  Bin/HIDClassDevice.o
                                                  Bin/CDCClassDevice.o
                                                  Bin/AudioClassDevice.o
                                                  Bin/EndpointStream_XMEGA.o
                                                  Bin/USBTask.o
                                                  Bin/DeviceStandardReq.o
Endpoint_Null_Stream                              Bin/EndpointStream_XMEGA.o
Endpoint_Read_8                                   Bin/Endpoint_XMEGA.o
                                                  Bin/PrinterClassDevice.o
                                                  Bin/CDCClassDevice.o
                                                  Bin/EndpointStream_XMEGA.o
                                                  Bin/DeviceStandardReq.o
Endpoint_Read_Control_EStream_BE                  Bin/EndpointStream_XMEGA.o
Endpoint_Read_Control_EStream_LE                  Bin/EndpointStream_XMEGA.o
Endpoint_Read_Control_Stream_BE                   Bin/EndpointStream_XMEGA.o
Endpoint_Read_Control_Stream_LE                   Bin/EndpointStream_XMEGA.o
                                                  Bin/RNDISClassDevice.o
                                                  Bin/HIDClassDevice.o
                                                  Bin/AudioClassDevice.o
Endpoint_Read_EStream_BE                          Bin/EndpointStream_XMEGA.o
Endpoint_Read_EStream_LE                          Bin/EndpointStream_XMEGA.o